tiny_mu 0.832
tiny_var 0.4244
tiny_sd 0.651
tiny_se30 0.119
tiny_hw30 0.233
tiny_skew 1.26
tiny_mle_var_n5 0.34
s1_mean_a 0.808
s1_mean_b 1.108
s1_se10 0.206
shrink_mse_xbar 1.0
shrink_mse_half 0.5
shrink_c_opt 0.5
ent_H 0.8324
sv_mean 5.0
sv_ss 32.0
sv_mle 4.0
sv_unb 4.571
sv_s 2.138
sv_se 0.756
t7 2.365
sv_ci_lo 3.21
sv_ci_hi 6.79
sv_s_bias_n2_normal 0.798
t4 2.776
t29 2.045
t9 2.262
se500 0.02236
se2000 0.01118
hw500_2se 0.0447
hw500_196 0.0438
be_C 0.4748
replication_capture 0.834
anim {'normal30': {'cov_t': 95, 'cov_z': 93, 'miss_low_t': 1, 'tcrit': 2.0452}, 'tiny30': {'cov_t': 99, 'cov_z': 99, 'miss_low_t': 0, 'tcrit': 2.0452}, 'lognormal5': {'cov_t': 82, 'cov_z': 75, 'miss_low_t': 18, 'tcrit': 2.7764}}
logn_skew 6.18
boot_tiny30_mean_chk 0.7747
boot_lognormal10_mean_chk 1.1664
boot_distinct_n3 10
boot_distinct_n30 59132290782430712
boot_p_left_out 0.362
boot_p_left_out_inf 0.368
coin_one 0.01074
coin_two 0.0215
mcn1_chi 0.4545
mcn1_p 0.5
mcn2_chi 5.0
mcn2_p 0.0253
mcn2_cc 4.356
mcn2_cc_p 0.0369
mcn2_exact 0.0357
chi_crit 3.84
paired_se 0.01483
paired_hw 0.0291
unpaired_se 0.0316
unpaired_hw196 0.062
unpaired_hw2 0.0632
z80 0.8416
n_power 31.4
power_n30_d05 0.782
perm_mean 0.1525
perm_count 16
perm_p 0.0625
perm_t 2.353
perm_t_p 0.0508
fwer20 0.6415
bonf20 0.0025
mc_raw 7
mc_bonf 1
mc_holm 1
mc_bh 4
markov_tiny 0.3457
markov_true 0.09
cheb_tiny_bound 0.25
hoeff500 0.1642
hoeff_n 737.8
cheb500 0.2
clt500 0.0253
exact500 0.0283
gen_single 0.0136
gen_million 0.0296
cos_sd_1024 0.0312
ens_rho0 0.1
ens_rho05 0.55
dd_samplewise_n30 1.195
dd_samplewise_n55 6.54
dd_samplewise_n80 1.829
dd_samplewise_n200 0.63
bayes_post_mean 0.833
bayes_ci_lo 0.587
bayes_ci_hi 0.977
bayes_p_gt_half 0.9941
bf_ev1 0.0909
bf_ev0 0.00977
bf10 9.31
bf_post_h0 0.097
overlap_sep 3.92
overlap_needed 2.77
overlap_p 0.0056
