/Users/khalid/technical_knowledge_base/technical_knowledge_base/reference/papers/clip/src/train.py:285: UserWarning: Converting a tensor with requires_grad=True to a scalar may lead to unexpected behavior.
Consider using tensor.detach() first. (Triggered internally at /Users/runner/work/pytorch/pytorch/torch/csrc/autograd/generated/python_variable_methods.cpp:821.)
  if hasattr(m, 't'): rec.append(round(float(m.t.exp()), 2))
clip images 10240 val zero-shot 0.03 loss None secs 4
clip images 25088 val zero-shot 0.1395 loss 5.5669 secs 8
clip images 50176 val zero-shot 0.1715 loss 4.3398 secs 15
clip images 100096 val zero-shot 0.201 loss 4.0056 secs 28
clip images 200192 val zero-shot 0.221 loss 3.8283 secs 56
clip images 400128 val zero-shot 0.458 loss 3.39 secs 109
clip images 600064 val zero-shot 0.696 loss 3.1193 secs 162
clip images 800000 val zero-shot 0.7675 loss 2.8731 secs 215
clip images 1000192 val zero-shot 0.8005 loss 2.7438 secs 267
clip params 41761 test {'bare': {'photo': 0.8438, 'drawing': 0.7812}, 'photo': {'photo': 0.8454, 'drawing': 0.7672}, 'drawing': {'photo': 0.8142, 'drawing': 0.7838}, 'ensemble': {'photo': 0.8452, 'drawing': 0.782}} secs 318
bowcon images 10240 val zero-shot 0.028 loss None secs 2
bowcon images 25088 val zero-shot 0.102 loss 5.9247 secs 5
bowcon images 50176 val zero-shot 0.191 loss 4.8851 secs 10
bowcon images 100096 val zero-shot 0.338 loss 3.9726 secs 20
bowcon images 200192 val zero-shot 0.5145 loss 3.4709 secs 38
bowcon images 400128 val zero-shot 0.7085 loss 3.0585 secs 73
bowcon images 600064 val zero-shot 0.8 loss 2.8664 secs 109
bowcon images 800000 val zero-shot 0.8305 loss 2.7215 secs 145
bowcon images 1000192 val zero-shot 0.8815 loss 2.615 secs 180
bowcon params 24225 test {'bare': {'photo': 0.904, 'drawing': 0.8882}, 'photo': {'photo': 0.9016, 'drawing': 0.8868}, 'drawing': {'photo': 0.8968, 'drawing': 0.8868}, 'ensemble': {'photo': 0.9016, 'drawing': 0.8864}} secs 216
bowpred images 10240 val zero-shot 0.0295 loss None secs 2
bowpred images 25088 val zero-shot 0.036 loss 4.1397 secs 5
bowpred images 50176 val zero-shot 0.2005 loss 3.791 secs 9
bowpred images 100096 val zero-shot 0.258 loss 3.5254 secs 18
bowpred images 200192 val zero-shot 0.535 loss 3.4269 secs 36
bowpred images 400128 val zero-shot 0.7205 loss 3.3172 secs 70
bowpred images 600064 val zero-shot 0.7975 loss 3.2683 secs 105
bowpred images 800000 val zero-shot 0.8545 loss 3.2355 secs 140
bowpred images 1000192 val zero-shot 0.8765 loss 3.208 secs 175
bowpred params 22178 test {'bare': {'photo': 0.8858, 'drawing': 0.8732}, 'photo': {'photo': 0.8858, 'drawing': 0.8732}, 'drawing': {'photo': 0.8858, 'drawing': 0.8732}, 'ensemble': {'photo': 0.8858, 'drawing': 0.8732}} secs 209
lm images 10240 val zero-shot 0.031 loss None secs 6
lm images 25088 val zero-shot 0.031 loss 4.1247 secs 13
lm images 50176 val zero-shot 0.034 loss 2.4773 secs 23
lm images 100096 val zero-shot 0.154 loss 1.551 secs 40
lm images 200192 val zero-shot 0.1655 loss 1.3841 secs 71
lm images 400128 val zero-shot 0.166 loss 1.3627 secs 128
lm images 600064 val zero-shot 0.335 loss 1.309 secs 187
lm images 800000 val zero-shot 0.523 loss 1.2488 secs 245
lm images 1000192 val zero-shot 0.5645 loss 1.2221 secs 302
lm params 46242 test {'bare': {'photo': 0.5598, 'drawing': 0.5644}, 'photo': {'photo': 0.5638, 'drawing': 0.5638}, 'drawing': {'photo': 0.5636, 'drawing': 0.5606}, 'ensemble': {'photo': 0.5638, 'drawing': 0.562}} secs 357
sup images 10240 val zero-shot 0.0335 loss None secs 3
sup images 25088 val zero-shot 0.088 loss 3.669 secs 6
sup images 50176 val zero-shot 0.2565 loss 2.4635 secs 10
sup images 100096 val zero-shot 0.401 loss 1.2774 secs 19
sup images 200192 val zero-shot 0.583 loss 0.61 secs 36
sup images 400128 val zero-shot 0.672 loss 0.2068 secs 71
sup images 600064 val zero-shot 0.6875 loss 0.1194 secs 105
sup images 800000 val zero-shot 0.7015 loss 0.0585 secs 141
sup images 1000192 val zero-shot 0.707 loss 0.0276 secs 176
sup params 21188 test {'label': {'photo': 0.9956, 'drawing': 0.0432}} secs 210
clipphoto images 10240 val zero-shot 0.027 loss None secs 3
clipphoto images 25088 val zero-shot 0.156 loss 5.5743 secs 7
clipphoto images 50176 val zero-shot 0.2225 loss 4.3802 secs 13
clipphoto images 100096 val zero-shot 0.355 loss 3.8183 secs 27
clipphoto images 200192 val zero-shot 0.516 loss 3.471 secs 53
clipphoto images 400128 val zero-shot 0.641 loss 2.8966 secs 106
clipphoto images 600064 val zero-shot 0.7015 loss 2.7773 secs 159
clipphoto images 800000 val zero-shot 0.717 loss 2.6712 secs 212
clipphoto images 1000192 val zero-shot 0.7145 loss 2.6114 secs 263
clipphoto params 41761 test {'bare': {'photo': 0.975, 'drawing': 0.0874}, 'photo': {'photo': 0.9762, 'drawing': 0.0882}, 'drawing': {'photo': 0.9764, 'drawing': 0.0886}, 'ensemble': {'photo': 0.977, 'drawing': 0.0892}} secs 315
