  "fp32 exp(88.72)": float(np.exp(np.float32(88.72))), "fp32 exp(88.73)": float(np.exp(np.float32(88.73))),
fp16 10 {'naive_relerr': 0.00011365368889381697, 'pairwise_relerr': 0.000595988856394406, 'kahan_relerr': 0.00011365368889381697, 'acc32_relerr': 0.0, 'torch_sum_relerr': 0.00011365368889381697, 'numpy_sum_relerr': 0.00011365368889381697}
fp16 100 {'naive_relerr': 0.0014565406915054608, 'pairwise_relerr': 0.0002534021782011507, 'kahan_relerr': 0.0002534021782011507, 'acc32_relerr': 0.0, 'torch_sum_relerr': 0.0002534021782011507, 'numpy_sum_relerr': 0.0002534021782011507}
fp16 1000 {'naive_relerr': 0.006957717851143017, 'pairwise_relerr': 0.0007806699901722033, 'kahan_relerr': 0.0001866284899921992, 'acc32_relerr': 5.350428757623229e-08, 'torch_sum_relerr': 0.0001866284899921992, 'numpy_sum_relerr': 0.0001866284899921992}
fp16 10000 {'naive_relerr': 0.5899157878110337, 'pairwise_relerr': 0.0003812129375368856, 'kahan_relerr': 0.0003812129375368856, 'acc32_relerr': 1.9444536839677716e-07, 'torch_sum_relerr': 0.0003812129375368856, 'numpy_sum_relerr': 0.0003812129375368856}
fp16 100000 {'naive_relerr': 0.9590051220750808, 'pairwise_relerr': 0.00010930561251810886, 'kahan_relerr': 0.00010930561251810886, 'acc32_relerr': 3.981629201942675e-06, 'torch_sum_relerr': 0.0005312393550587533, 'numpy_sum_relerr': 0.00010930561251810886}
fp16 1000000 {'naive_relerr': 0.9959053038574703, 'pairwise_relerr': inf, 'kahan_relerr': nan, 'acc32_relerr': 7.821568895957173e-06, 'torch_sum_relerr': inf, 'numpy_sum_relerr': inf}
bf16 10 {'naive_relerr': 0.0005102153996317575, 'pairwise_relerr': 0.0005102153996317575, 'kahan_relerr': 0.0005102153996317575, 'acc32_relerr': 0.0, 'torch_sum_relerr': 0.0005102153996317575, 'numpy_sum_relerr': None}
bf16 100 {'naive_relerr': 0.012209413156155424, 'pairwise_relerr': 0.0014690924270358645, 'kahan_relerr': 0.0014690924270358645, 'acc32_relerr': 0.0, 'torch_sum_relerr': 0.0014690924270358645, 'numpy_sum_relerr': None}
bf16 1000 {'naive_relerr': 0.5047141104864213, 'pairwise_relerr': 0.0016893789491929758, 'kahan_relerr': 0.0016893789491929758, 'acc32_relerr': 4.981726041759038e-08, 'torch_sum_relerr': 0.0016893789491929758, 'numpy_sum_relerr': None}
bf16 10000 {'naive_relerr': 0.9487401909042148, 'pairwise_relerr': 0.0004337226321875296, 'kahan_relerr': 0.0004337226321875296, 'acc32_relerr': 1.8207813789260104e-07, 'torch_sum_relerr': 0.0004337226321875296, 'numpy_sum_relerr': None}
bf16 100000 {'naive_relerr': 0.9948756321899377, 'pairwise_relerr': 0.0007482770378419165, 'kahan_relerr': 0.0007482770378419165, 'acc32_relerr': 1.971819847723299e-06, 'torch_sum_relerr': 0.004376090772220433, 'numpy_sum_relerr': None}
bf16 1000000 {'naive_relerr': 0.9994881629009779, 'pairwise_relerr': 0.000893982708802041, 'kahan_relerr': 0.8689697026503347, 'acc32_relerr': 2.6069360914607725e-06, 'torch_sum_relerr': 0.000893982708802041, 'numpy_sum_relerr': None}
fp32 10 {'naive_relerr': 4.398533134538358e-09, 'pairwise_relerr': 4.398533134538358e-09, 'kahan_relerr': 4.398533134538358e-09, 'torch_sum_relerr': 4.398533134538358e-09, 'numpy_sum_relerr': 4.398533134538358e-09}
fp32 100 {'naive_relerr': 7.393120883897271e-09, 'pairwise_relerr': 7.393120883897271e-09, 'kahan_relerr': 7.393120883897271e-09, 'torch_sum_relerr': 6.21811999442319e-08, 'numpy_sum_relerr': 7.393120883897271e-09}
fp32 1000 {'naive_relerr': 1.8310209138817768e-07, 'pairwise_relerr': 6.502430493274923e-08, 'kahan_relerr': 5.305348152267924e-08, 'torch_sum_relerr': 6.502430493274923e-08, 'numpy_sum_relerr': 6.502430493274923e-08}
fp32 10000 {'naive_relerr': 1.2871455483989394e-07, 'pairwise_relerr': 3.0943063535501315e-08, 'kahan_relerr': 3.0943063535501315e-08, 'torch_sum_relerr': 3.0943063535501315e-08, 'numpy_sum_relerr': 3.0943063535501315e-08}
fp32 100000 {'naive_relerr': 4.085930067450678e-06, 'pairwise_relerr': 5.822353190658594e-08, 'kahan_relerr': 1.9968045439777542e-08, 'torch_sum_relerr': 5.822353190658594e-08, 'numpy_sum_relerr': 1.9968045439777542e-08}
fp32 1000000 {'naive_relerr': 7.422231218561104e-06, 'pairwise_relerr': 4.957950327431846e-08, 'kahan_relerr': 1.2900596007772948e-08, 'torch_sum_relerr': 1.2900596007772948e-08, 'numpy_sum_relerr': 1.2900596007772948e-08}
done
