linear algebra | rank of [[1,2],[2,4]]          | 1 | 1 | OK
linear algebra | A(2,-1) = 0                    | [0, 0] | [0, 0] | OK
linear algebra | det                            | 0 | 0.0 | OK
linear algebra | ||(3,-4)||_2                   | 5 | 5.0 | OK
linear algebra | ||.||_1                        | 7 | 7.0 | OK
linear algebra | ||.||_inf                      | 4 | 4.0 | OK
linear algebra | a.b                            | 8 | 8.0 | OK
linear algebra | cos                            | 0.889 | 0.888889 | OK
linear algebra | (3,-4).(4,3)                   | 0 | 0.0 | OK
linear algebra | eigenvalues                    | [3.0, 5.0] | [3.0, 5.0] | OK
linear algebra | A(1,-2) = 3(1,-2)              | [3, -6] | [3, -6] | OK
linear algebra | A^T A                          | [[25, 20], [20, 25]] | [[25, 20], [20, 25]] | OK
linear algebra | sigma1                         | 6.708 | 6.708204 | OK
linear algebra | sigma2                         | 2.236 | 2.236068 | OK
linear algebra | u1 = (1,3)/sqrt10 (up to sign) | True | True | OK
linear algebra | |det|                          | 15 | 15.0 | OK
linear algebra | Frobenius                      | 7.071 | 7.071068 | OK
linear algebra | nuclear                        | 8.944 | 8.944272 | OK
linear algebra | kappa                          | 3 | 3.0 | OK
linear algebra | Cholesky L                     | [[2, 0], [1, 1.414]] | [[2.0, 0.0], [1.0, 1.414]] | OK
linear algebra | A_1                            | [[1.5, 1.5], [4.5, 4.5]] | [[1.5, 1.5], [4.5, 4.5]] | OK
linear algebra | ||A-A1||_2                     | 2.236 | 2.236068 | OK
linear algebra | ||A-A1||_F                     | 2.236 | 2.236068 | OK
linear algebra | LoRA full d^2                  | 16777216 | 16777216 | OK
linear algebra | LoRA 2dr                       | 65536 | 65536 | OK
linear algebra | LoRA pct                       | 0.39 | 0.390625 | OK
linear algebra | X^T X                          | [[3, 3], [3, 5]] | [[3, 3], [3, 5]] | OK
linear algebra | X^T y                          | [5, 6] | [5, 6] | OK
linear algebra | w                              | [1.167, 0.5] | [1.167, 0.5] | OK
linear algebra | residuals                      | [-0.167, 0.333, -0.167] | [-0.167, 0.333, -0.167] | OK
linear algebra | kappa(X)                       | 2.92 | 2.923988 | OK
linear algebra | kappa(X^T X)                   | 8.55 | 8.549704 | OK
linear algebra | einsum cost                    | 16777216 | 16777216 | OK
probability    | P(Y=1)                         | 0.38 | 0.38 | OK
probability    | P(X=1|Y=1)                     | 0.63 | 0.631579 | OK
probability    | product of marginals           | 0.114 | 0.114 | OK
probability    | spam -log 0.8                  | 0.223 | 0.223144 | OK
probability    | -log 0.2                       | 1.609 | 1.609438 | OK
probability    | ratio 'seven times'            | 7 | 7.21 | OK
probability    | softmax (2,1,0)                | [0.665, 0.245, 0.09] | [0.665, 0.245, 0.09] | OK
probability    | -log 0.665                     | 0.408 | 0.407606 | OK
probability    | Gaussian NLL 1.044             | 1.044 | 1.043939 | OK
probability    | 0.5 log 2pi                    | 0.919 | 0.918939 | OK
probability    | Poisson P(3|2)                 | 0.18 | 0.180447 | OK
probability    | Poisson NLL                    | 1.712 | 1.712318 | OK
probability    | model part                     | -0.079 | -0.079442 | OK
probability    | MAP mode Beta(5,2)             | 0.8 | 0.8 | OK
probability    | posterior mean                 | 0.714 | 0.714286 | OK
probability    | Beta(5,2) sd                   | 0.16 | 0.159719 | OK
probability    | 10/392                         | True | True | OK
probability    | shrinkage MSE                  | 0.5 | 0.5 | OK
probability    | 9 of 10 one-sided              | 0.011 | 0.010742 | OK
probability    | two-sided                      | 0.021 | 0.021484 | OK
probability    | 1-0.95^20                      | 0.64 | 0.641514 | OK
probability    | Bonferroni                     | 0.0025 | 0.0025 | OK
probability    | +-2 SE n=500                   | 0.045 | 0.044721 | OK
probability    | McNemar 25/55                  | 0.45 | 0.454545 | OK
probability    | p for 0.45                     | 0.5 | 0.500184 | OK
probability    | paired SE                      | 0.0148 | 0.014826 | OK
probability    | paired 95% +-3pts              | 3 | 2.905828 | OK
probability    | unpaired +-6.3 pts             | 6.3 | 6.198064 | DIFF
probability    | McNemar 225/45                 | 5.0 | 5.0 | OK
probability    | p for 5.0                      | 0.025 | 0.025347 | OK
probability    | continuity corrected           | 4.36 | 4.355556 | OK
probability    | p cc                           | 0.037 | 0.036888 | OK
probability    | SE n=500                       | 0.022 | 0.022361 | OK
probability    | SE n=2000                      | 0.011 | 0.01118 | OK
probability    | Hoeffding bound                | 0.16 | 0.16417 | OK
probability    | n >= 738                       | 738 | 738 | OK
probability    | cos sd 1/sqrt(1024)            | 0.03 | 0.03125 | OK
calculus       | X^T X                          | [[3, 6], [6, 14]] | [[3, 6], [6, 14]] | OK
calculus       | X^T y                          | [8, 19] | [8, 19] | OK
calculus       | w                              | [-0.333, 1.5] | [-0.333, 1.5] | OK
calculus       | residuals yhat-y               | [0.167, -0.333, 0.167] | [0.167, -0.333, 0.167] | OK
calculus       | sigma(-6)                      | 0.0025 | 0.002473 | OK
calculus       | loss at z=-6                   | 6.0025 | 6.002476 | OK
calculus       | grad                           | -0.9975 | -0.997527 | OK
calculus       | sigma(2)                       | 0.8808 | 0.880797 | OK
calculus       | loss z=2                       | 0.1269 | 0.126928 | OK
calculus       | grad z=2                       | -0.1192 | -0.119203 | OK
calculus       | e^z                            | [7.389, 2.718, 1.105] | [7.389, 2.718, 1.105] | OK
calculus       | sum                            | 11.212 | 11.212509 | DIFF
calculus       | p                              | [0.659, 0.242, 0.099] | [0.659, 0.242, 0.099] | OK
calculus       | loss                           | 0.417 | 0.41703 | OK
calculus       | grad                           | [-0.341, 0.242, 0.099] | [-0.341, 0.242, 0.099] | OK
calculus       | logsumexp(1000,1001)           | 1001.313 | 1001.313262 | OK
calculus       | MSE on sigmoid at z=-6         | -0.0049 | -0.004921 | OK
calculus       | ratio ~200                     | 200 | 203.571429 | OK
calculus       | z                              | 0.1 | 0.1 | OK
calculus       | p                              | 0.525 | 0.524979 | OK
calculus       | loss                           | 0.644 | 0.644397 | OK
calculus       | zbar                           | -0.475 | -0.475021 | OK
calculus       | wbar                           | [-0.475, -0.95] | [-0.475, -0.95] | OK
calculus       | xbar                           | [-0.2375, 0.1188] | [-0.2375, 0.1188] | OK
calculus       | w after                        | [0.5475, -0.155] | [0.5475, -0.155] | OK
calculus       | b after                        | 0.1475 | 0.147502 | OK
calculus       | new logit                      | 0.385 | 0.385012 | OK
calculus       | new p                          | 0.595 | 0.595081 | OK
calculus       | w* one leaf                    | 0.5 | 0.5 | OK
calculus       | gain                           | 0.493 | 0.492857 | OK
calculus       | wL                             | 0.857 | 0.857143 | OK
calculus       | wR                             | -0.4 | -0.4 | OK
calculus       | 2/10                           | 0.2 | 0.2 | OK
calculus       | 2/11                           | 0.182 | 0.181818 | OK
calculus       | 9/11                           | 0.818 | 0.818182 | OK
calculus       | steps                          | 34.4 | 34.423339 | OK
calculus       | momentum contraction           | 0.519 | 0.519494 | OK
calculus       | about 11 steps                 | 11 | 11 | OK
calculus       | Lagrange x=y                   | 0.707 | 0.707107 | OK
calculus       | f*                             | 1.414 | 1.414214 | OK
calculus       | shadow price                   | 0.707 | 0.707107 | OK
calculus       | convexity example              | (1, 5) | (1, 5.0) | OK
information    | 1 nat in bits                  | 1.443 | 1.442695 | OK
information    | weather H                      | 1.5 | 1.5 | OK
information    | coin 0.9                       | 0.469 | 0.468996 | OK
information    | -log2 0.9                      | 0.152 | 0.152003 | OK
information    | -log2 0.1                      | 3.322 | 3.321928 | OK
information    | H(p,q)                         | 1.75 | 1.75 | OK
information    | KL(p||q)                       | 0.25 | 0.25 | OK
information    | KL(q||p)                       | 0.25 | 0.25 | OK
information    | KL(fair||0.9)                  | 0.737 | 0.736966 | OK
information    | KL(0.9||fair)                  | 0.531 | 0.531004 | OK
information    | -ln 0.7                        | 0.357 | 0.356675 | OK
information    | bits                           | 0.515 | 0.514573 | OK
information    | -ln .99                        | 0.01 | 0.01005 | OK
information    | -ln .01                        | 4.61 | 4.60517 | OK
information    | H(X,Y)                         | 1.722 | 1.721928 | OK
information    | I                              | 0.278 | 0.278072 | OK
information    | H(X|Y)                         | 0.722 | 0.721928 | OK
information    | I(X;X^2)=H(Y)                  | 0.918 | 0.918296 | OK
information    | e^2                            | 7.39 | 7.389056 | OK
information    | e^1.6                          | 4.95 | 4.953032 | OK
information    | BPB                            | 0.721 | 0.721348 | OK
information    | Pile BPB                       | 0.846 | 0.846429 | OK
information    | InfoNCE p                      | 0.711 | 0.711235 | OK
information    | loss                           | 0.341 | 0.340753 | OK
information    | bound                          | 1.046 | 1.045541 | OK
information    | bits                           | 1.51 | 1.508397 | OK
information    | ln 4                           | 1.386 | 1.386294 | OK
information    | ln 32768                       | 10.4 | 10.397208 | OK
information    | bits                           | 15 | 15.0 | OK
information    | 2 nats in bits                 | 2.885 | 2.88539 | OK
DIFF count: 2 of 142
