chase          4 KB      28.8 ns/hop  [22.1, 52.9]  load 7.4
chase          8 KB      42.2 ns/hop  [37.7, 45.3]  load 7.4
chase         16 KB       7.4 ns/hop  [-30.8, 47.2]  load 7.4
chase         32 KB      72.8 ns/hop  [67.2, 82.9]  load 7.4
chase         64 KB      72.7 ns/hop  [69.4, 86.3]  load 7.4
chase        128 KB      73.5 ns/hop  [71.4, 81.0]  load 7.4
chase        256 KB      71.3 ns/hop  [56.0, 75.0]  load 7.4
chase        512 KB      77.3 ns/hop  [73.6, 81.7]  load 7.4
chase       1024 KB      74.9 ns/hop  [65.8, 81.6]  load 7.4
chase       2048 KB     301.5 ns/hop  [213.3, 341.3]  load 7.4
chase       4096 KB     332.1 ns/hop  [279.0, 716.2]  load 7.4
chase       8192 KB     362.0 ns/hop  [320.5, 394.3]  load 7.4
chase      16384 KB     357.4 ns/hop  [345.0, 389.7]  load 7.4
chase      32768 KB     323.7 ns/hop  [285.9, 341.9]  load 7.4
chase      65536 KB     427.6 ns/hop  [413.9, 433.4]  load 7.4
chase     131072 KB     471.4 ns/hop  [456.6, 479.9]  load 7.4
chase     262144 KB     499.9 ns/hop  [485.4, 546.2]  load 7.4
little T=     1        2.0 M hops/s  (502 ns per hop per thread)  load 7.4
little T=     8       19.2 M hops/s  (418 ns per hop per thread)  load 7.4
little T=    32       61.0 M hops/s  (525 ns per hop per thread)  load 7.4
little T=    64      103.4 M hops/s  (619 ns per hop per thread)  load 7.4
little T=   128      185.3 M hops/s  (691 ns per hop per thread)  load 7.4
little T=   256      179.3 M hops/s  (1428 ns per hop per thread)  load 7.4
little T=   512      431.5 M hops/s  (1186 ns per hop per thread)  load 7.4
little T=  1024      387.8 M hops/s  (2640 ns per hop per thread)  load 7.4
little T=  2048      387.4 M hops/s  (5287 ns per hop per thread)  load 7.4
little T=  4096      432.0 M hops/s  (9482 ns per hop per thread)  load 7.4
little T=  8192      386.1 M hops/s  (21215 ns per hop per thread)  load 7.1
little T= 16384      430.5 M hops/s  (38061 ns per hop per thread)  load 7.1
little T= 32768      356.1 M hops/s  (92024 ns per hop per thread)  load 7.1
little T= 65536      387.2 M hops/s  (169274 ns per hop per thread)  load 7.1
stream T=     32      1.3 GB/s  load 7.1
stream T=     64      2.2 GB/s  load 7.1
stream T=    128      4.7 GB/s  load 7.1
stream T=    256     10.6 GB/s  load 7.1
stream T=    512     21.6 GB/s  load 7.1
stream T=   1024     44.8 GB/s  load 7.1
stream T=   2048     80.6 GB/s  load 7.1
stream T=   4096    128.4 GB/s  load 7.1
stream T=   8192    148.5 GB/s  load 7.1
stream T=  16384    148.4 GB/s  load 7.1
stream T=  32768    139.8 GB/s  load 7.1
stream T=  65536    143.5 GB/s  load 7.1
stream T= 131072    143.6 GB/s  load 7.1
stream T= 262144    147.5 GB/s  load 7.1
smem   0.25 KB per 64-thread group    136.9 GB/s  load 7.1
smem   2.00 KB per 64-thread group    145.7 GB/s  load 7.1
smem   4.00 KB per 64-thread group    133.3 GB/s  load 7.1
smem   8.00 KB per 64-thread group    103.7 GB/s  load 7.1
smem  12.00 KB per 64-thread group    123.3 GB/s  load 7.1
smem  16.00 KB per 64-thread group    113.4 GB/s  load 7.1
smem  20.00 KB per 64-thread group     99.6 GB/s  load 7.1
smem  24.00 KB per 64-thread group     68.7 GB/s  load 7.1
smem  28.00 KB per 64-thread group     69.3 GB/s  load 7.1
smem  32.00 KB per 64-thread group     69.2 GB/s  load 7.1
diverge K= 1  lanes     3.13 ms   simdgroups     3.13 ms  load 7.1
diverge K= 2  lanes     6.13 ms   simdgroups     3.14 ms  load 7.1
diverge K= 4  lanes    11.91 ms   simdgroups     3.28 ms  load 7.1
diverge K= 8  lanes    23.23 ms   simdgroups     3.21 ms  load 7.1
diverge K=16  lanes    47.75 ms   simdgroups     3.41 ms  load 7.1
diverge K=32  lanes   119.88 ms   simdgroups     3.60 ms  load 6.8
wrote m1/out/run_3.json
