chase          4 KB      22.7 ns/hop  [-9.0, 29.7]  load 7.9
chase          8 KB      41.4 ns/hop  [39.2, 43.5]  load 7.9
chase         16 KB      41.0 ns/hop  [37.3, 45.0]  load 7.9
chase         32 KB      72.9 ns/hop  [71.6, 76.0]  load 7.9
chase         64 KB      79.1 ns/hop  [66.0, 83.4]  load 7.9
chase        128 KB      77.5 ns/hop  [62.2, 85.6]  load 7.9
chase        256 KB      82.1 ns/hop  [60.8, 100.5]  load 7.9
chase        512 KB      95.8 ns/hop  [74.6, 141.0]  load 7.9
chase       1024 KB      90.2 ns/hop  [55.2, 185.8]  load 7.9
chase       2048 KB     297.2 ns/hop  [271.4, 328.7]  load 7.9
chase       4096 KB     321.9 ns/hop  [313.8, 388.5]  load 11.5
chase       8192 KB     330.4 ns/hop  [312.4, 347.7]  load 11.5
chase      16384 KB     332.7 ns/hop  [320.4, 422.6]  load 11.5
chase      32768 KB     336.0 ns/hop  [324.7, 355.3]  load 11.5
chase      65536 KB     409.3 ns/hop  [395.6, 425.9]  load 11.5
chase     131072 KB     441.0 ns/hop  [420.0, 484.7]  load 11.5
chase     262144 KB     476.1 ns/hop  [446.1, 604.1]  load 11.5
little T=     1        2.0 M hops/s  (497 ns per hop per thread)  load 11.5
little T=     8       18.9 M hops/s  (423 ns per hop per thread)  load 11.5
little T=    32       61.2 M hops/s  (523 ns per hop per thread)  load 11.5
little T=    64      119.1 M hops/s  (537 ns per hop per thread)  load 11.5
little T=   128      176.0 M hops/s  (727 ns per hop per thread)  load 11.5
little T=   256      178.5 M hops/s  (1434 ns per hop per thread)  load 11.5
little T=   512      406.4 M hops/s  (1260 ns per hop per thread)  load 11.5
little T=  1024      382.9 M hops/s  (2674 ns per hop per thread)  load 11.5
little T=  2048      385.1 M hops/s  (5318 ns per hop per thread)  load 11.4
little T=  4096      384.9 M hops/s  (10641 ns per hop per thread)  load 11.4
little T=  8192      386.0 M hops/s  (21222 ns per hop per thread)  load 11.4
little T= 16384      387.8 M hops/s  (42253 ns per hop per thread)  load 10.9
little T= 32768      382.5 M hops/s  (85679 ns per hop per thread)  load 10.9
little T= 65536      387.1 M hops/s  (169296 ns per hop per thread)  load 10.9
stream T=     32      1.2 GB/s  load 10.8
stream T=     64      2.2 GB/s  load 10.8
stream T=    128      4.7 GB/s  load 10.8
stream T=    256     11.0 GB/s  load 10.8
stream T=    512     22.2 GB/s  load 10.8
stream T=   1024     43.9 GB/s  load 10.8
stream T=   2048     79.4 GB/s  load 10.8
stream T=   4096    127.5 GB/s  load 10.8
stream T=   8192    142.1 GB/s  load 10.8
stream T=  16384    149.4 GB/s  load 10.8
stream T=  32768    140.1 GB/s  load 10.8
stream T=  65536    142.7 GB/s  load 10.8
stream T= 131072    145.1 GB/s  load 10.8
stream T= 262144    147.5 GB/s  load 10.8
smem   0.25 KB per 64-thread group    140.0 GB/s  load 10.8
smem   2.00 KB per 64-thread group    141.1 GB/s  load 10.8
smem   4.00 KB per 64-thread group    130.2 GB/s  load 10.8
smem   8.00 KB per 64-thread group    137.3 GB/s  load 10.8
smem  12.00 KB per 64-thread group    118.5 GB/s  load 10.8
smem  16.00 KB per 64-thread group    118.0 GB/s  load 10.8
smem  20.00 KB per 64-thread group     94.5 GB/s  load 10.8
smem  24.00 KB per 64-thread group     63.0 GB/s  load 10.8
smem  28.00 KB per 64-thread group     64.2 GB/s  load 10.8
smem  32.00 KB per 64-thread group     63.2 GB/s  load 10.8
diverge K= 1  lanes     3.14 ms   simdgroups     3.16 ms  load 10.8
diverge K= 2  lanes     6.07 ms   simdgroups     3.18 ms  load 10.8
diverge K= 4  lanes    11.89 ms   simdgroups     3.19 ms  load 10.8
diverge K= 8  lanes    23.26 ms   simdgroups     3.17 ms  load 10.8
diverge K=16  lanes    50.79 ms   simdgroups     5.73 ms  load 10.8
diverge K=32  lanes   146.19 ms   simdgroups     4.13 ms  load 13.0
wrote m1/out/run_1.json
