chase          4 KB      25.2 ns/hop  [14.0, 28.2]  load 11.7
chase          8 KB      39.5 ns/hop  [38.9, 41.8]  load 11.7
chase         16 KB      39.8 ns/hop  [38.7, 40.5]  load 11.7
chase         32 KB      72.9 ns/hop  [70.3, 79.6]  load 11.7
chase         64 KB      72.9 ns/hop  [69.7, 73.9]  load 11.7
chase        128 KB      72.9 ns/hop  [71.5, 75.5]  load 11.7
chase        256 KB      74.2 ns/hop  [72.1, 77.9]  load 11.7
chase        512 KB      73.0 ns/hop  [68.7, 82.4]  load 11.7
chase       1024 KB      77.1 ns/hop  [67.1, 86.5]  load 11.7
chase       2048 KB     251.4 ns/hop  [184.3, 316.4]  load 11.7
chase       4096 KB     291.4 ns/hop  [255.4, 328.7]  load 11.7
chase       8192 KB     344.7 ns/hop  [281.8, 404.6]  load 11.7
chase      16384 KB     351.9 ns/hop  [334.3, 394.9]  load 11.7
chase      32768 KB     350.8 ns/hop  [337.3, 401.1]  load 11.7
chase      65536 KB     509.5 ns/hop  [407.0, 713.9]  load 11.7
chase     131072 KB     453.4 ns/hop  [88.1, 460.3]  load 11.7
chase     262144 KB     485.0 ns/hop  [399.7, 553.7]  load 11.7
little T=     1        2.1 M hops/s  (483 ns per hop per thread)  load 11.7
little T=     8       19.0 M hops/s  (422 ns per hop per thread)  load 11.7
little T=    32       59.2 M hops/s  (540 ns per hop per thread)  load 11.7
little T=    64      133.9 M hops/s  (478 ns per hop per thread)  load 11.7
little T=   128      176.1 M hops/s  (727 ns per hop per thread)  load 11.7
little T=   256      179.3 M hops/s  (1428 ns per hop per thread)  load 11.7
little T=   512      389.1 M hops/s  (1316 ns per hop per thread)  load 11.7
little T=  1024      431.8 M hops/s  (2372 ns per hop per thread)  load 11.0
little T=  2048      382.0 M hops/s  (5362 ns per hop per thread)  load 11.0
little T=  4096      387.5 M hops/s  (10572 ns per hop per thread)  load 11.0
little T=  8192      388.0 M hops/s  (21114 ns per hop per thread)  load 10.4
little T= 16384      387.4 M hops/s  (42288 ns per hop per thread)  load 10.4
little T= 32768      346.3 M hops/s  (94613 ns per hop per thread)  load 10.4
little T= 65536      351.9 M hops/s  (186231 ns per hop per thread)  load 9.7
stream T=     32      1.3 GB/s  load 9.7
stream T=     64      2.2 GB/s  load 9.7
stream T=    128      4.7 GB/s  load 9.7
stream T=    256     10.5 GB/s  load 9.7
stream T=    512     20.9 GB/s  load 9.7
stream T=   1024     40.3 GB/s  load 9.7
stream T=   2048     71.0 GB/s  load 9.7
stream T=   4096    113.8 GB/s  load 9.7
stream T=   8192    133.7 GB/s  load 9.7
stream T=  16384     95.2 GB/s  load 9.7
stream T=  32768    122.3 GB/s  load 9.7
stream T=  65536    132.7 GB/s  load 9.7
stream T= 131072    135.4 GB/s  load 9.7
stream T= 262144    135.3 GB/s  load 9.7
smem   0.25 KB per 64-thread group    124.2 GB/s  load 9.7
smem   2.00 KB per 64-thread group    143.4 GB/s  load 9.7
smem   4.00 KB per 64-thread group    121.0 GB/s  load 9.7
smem   8.00 KB per 64-thread group    121.6 GB/s  load 9.7
smem  12.00 KB per 64-thread group    113.5 GB/s  load 9.7
smem  16.00 KB per 64-thread group    101.3 GB/s  load 9.7
smem  20.00 KB per 64-thread group     91.8 GB/s  load 9.7
smem  24.00 KB per 64-thread group     66.7 GB/s  load 9.7
smem  28.00 KB per 64-thread group     66.2 GB/s  load 9.7
smem  32.00 KB per 64-thread group     66.3 GB/s  load 9.7
diverge K= 1  lanes     3.19 ms   simdgroups     3.16 ms  load 9.7
diverge K= 2  lanes     6.13 ms   simdgroups     3.20 ms  load 9.7
diverge K= 4  lanes    11.91 ms   simdgroups     3.25 ms  load 9.7
diverge K= 8  lanes    23.84 ms   simdgroups     3.25 ms  load 9.7
diverge K=16  lanes    47.77 ms   simdgroups     3.33 ms  load 9.7
diverge K=32  lanes   121.19 ms   simdgroups     3.61 ms  load 9.1
wrote m1/out/run_2.json
