I1005 21:09:57.881000 28 torch/_functorch/_aot_autograd/graph_compile.py:1849] [0/0] [__aot_graphs] aot_config id: 0, fw_metadata=ViewAndMutationMeta(input_info=[InputAliasInfo(is_leaf=True, mutates_data=False, mutates_metadata=False, mutations_hidden_from_autograd=True, mutations_under_no_grad_or_inference_mode=False, mutation_inductor_storage_resize=False, mutates_storage_metadata=False, mutation_is_shallow_copy_data=False, requires_grad=True, keep_input_mutations=True), InputAliasInfo(is_leaf=True, mutates_data=False, mutates_metadata=False, mutations_hidden_from_autograd=True, mutations_under_no_grad_or_inference_mode=False, mutation_inductor_storage_resize=False, mutates_storage_metadata=False, mutation_is_shallow_copy_data=False, requires_grad=True, keep_input_mutations=True)], output_info=[OutputAliasInfo(output_type=<OutputType.non_alias: 1>, raw_type=<class 'torch._subclasses.functional_tensor.FunctionalTensor'>, base_idx=None, dynamic_dims=set(), requires_grad=True, requires_grad_for_backward=True, view_meta_sequence=None)], num_intermediate_bases=0, keep_input_mutations=True, traced_tangents=[FakeTensor(..., size=(64, 256))], traced_tangents_descs=[TangentAOTInput(output=PlainAOTOutput(idx=0))], subclass_inp_meta=[PlainTensorMeta(unwrapped_idx=0, memory_format=None, size_symbol_placeholders=(), stride_symbol_placeholders=()), PlainTensorMeta(unwrapped_idx=1, memory_format=None, size_symbol_placeholders=(), stride_symbol_placeholders=())], subclass_fw_graph_out_meta=[PlainTensorMeta(unwrapped_idx=0, memory_format=None, size_symbol_placeholders=(), stride_symbol_placeholders=())], subclass_tangent_meta=[PlainTensorMeta(unwrapped_idx=0, memory_format=MemoryFormatMeta(size=torch.Size([64, 256]), stride=(256, 1), memory_format=None), size_symbol_placeholders=(), stride_symbol_placeholders=())], traced_tangent_metas=None, num_symints_saved_for_bw=0, num_tensors_saved_with_no_vc_check=0, num_opaque_objects_saved_for_bw=0, saved_tensor_is_graph_input=[True, True, False], grad_enabled_mutation=None, deterministic=False, static_input_indices=[], act_input_paths=[], tokens={}, indices_of_inputs_that_requires_grad_with_mutations_in_bw=[], bw_donated_idxs=[2], num_backward_tokens=0, num_graphsafe_rng_states=0, graphsafe_rng_state_index=None, graphsafe_rng_device=None, mutated_inp_stream_indices=[], compile_id_str=None, tangent_source_stack_traces=['  File "/work/code/tc_programs.py", line 26, in rmsnorm\n    return x * torch.rsqrt(x.pow(2).mean(-1, keepdim=True) + 1e-6) * w\n           ^^^^^^^^^^^^^^^^^^^^^^^^^^^^^^^^^^^^^^^^^^^^^^^^^^^^^^^^^^^\n']), inner_meta=ViewAndMutationMeta(input_info=[InputAliasInfo(is_leaf=True, mutates_data=False, mutates_metadata=False, mutations_hidden_from_autograd=True, mutations_under_no_grad_or_inference_mode=False, mutation_inductor_storage_resize=False, mutates_storage_metadata=False, mutation_is_shallow_copy_data=False, requires_grad=True, keep_input_mutations=True), InputAliasInfo(is_leaf=True, mutates_data=False, mutates_metadata=False, mutations_hidden_from_autograd=True, mutations_under_no_grad_or_inference_mode=False, mutation_inductor_storage_resize=False, mutates_storage_metadata=False, mutation_is_shallow_copy_data=False, requires_grad=True, keep_input_mutations=True)], output_info=[OutputAliasInfo(output_type=<OutputType.non_alias: 1>, raw_type=<class 'torch._subclasses.functional_tensor.FunctionalTensor'>, base_idx=None, dynamic_dims=set(), requires_grad=True, requires_grad_for_backward=True, view_meta_sequence=None)], num_intermediate_bases=0, keep_input_mutations=True, traced_tangents=[FakeTensor(..., size=(64, 256))], traced_tangents_descs=[TangentAOTInput(output=PlainAOTOutput(idx=0))], subclass_inp_meta=[PlainTensorMeta(unwrapped_idx=0, memory_format=None, size_symbol_placeholders=(), stride_symbol_placeholders=()), PlainTensorMeta(unwrapped_idx=1, memory_format=None, size_symbol_placeholders=(), stride_symbol_placeholders=())], subclass_fw_graph_out_meta=[PlainTensorMeta(unwrapped_idx=0, memory_format=None, size_symbol_placeholders=(), stride_symbol_placeholders=())], subclass_tangent_meta=[PlainTensorMeta(unwrapped_idx=0, memory_format=MemoryFormatMeta(size=torch.Size([64, 256]), stride=(256, 1), memory_format=None), size_symbol_placeholders=(), stride_symbol_placeholders=())], traced_tangent_metas=None, num_symints_saved_for_bw=0, num_tensors_saved_with_no_vc_check=0, num_opaque_objects_saved_for_bw=0, saved_tensor_is_graph_input=[True, True, False], grad_enabled_mutation=None, deterministic=False, static_input_indices=[], act_input_paths=[], tokens={}, indices_of_inputs_that_requires_grad_with_mutations_in_bw=[], bw_donated_idxs=[2], num_backward_tokens=0, num_graphsafe_rng_states=0, graphsafe_rng_state_index=None, graphsafe_rng_device=None, mutated_inp_stream_indices=[], compile_id_str=None, tangent_source_stack_traces=['  File "/work/code/tc_programs.py", line 26, in rmsnorm\n    return x * torch.rsqrt(x.pow(2).mean(-1, keepdim=True) + 1e-6) * w\n           ^^^^^^^^^^^^^^^^^^^^^^^^^^^^^^^^^^^^^^^^^^^^^^^^^^^^^^^^^^^\n'])
I1005 21:09:57.885000 28 torch/_functorch/_aot_autograd/graph_compile.py:1856] [0/0] [__aot_graphs] TRACED GRAPH
I1005 21:09:57.885000 28 torch/_functorch/_aot_autograd/graph_compile.py:1856] [0/0] [__aot_graphs]  ===== Forward graph 0 =====
I1005 21:09:57.885000 28 torch/_functorch/_aot_autograd/graph_compile.py:1856] [0/0] [__aot_graphs]  /opt/venv/lib/python3.12/site-packages/torch/fx/_lazy_graph_module.py class GraphModule(torch.nn.Module):
I1005 21:09:57.885000 28 torch/_functorch/_aot_autograd/graph_compile.py:1856] [0/0] [__aot_graphs]     def forward(self, primals_1: "f32[64, 256][256, 1]cpu", primals_2: "f32[256][1]cpu"):
I1005 21:09:57.885000 28 torch/_functorch/_aot_autograd/graph_compile.py:1856] [0/0] [__aot_graphs]         # File: /work/code/tc_programs.py:26 in rmsnorm, code: return x * torch.rsqrt(x.pow(2).mean(-1, keepdim=True) + 1e-6) * w
I1005 21:09:57.885000 28 torch/_functorch/_aot_autograd/graph_compile.py:1856] [0/0] [__aot_graphs]         pow_1: "f32[64, 256][256, 1]cpu" = torch.ops.aten.pow.Tensor_Scalar(primals_1, 2)
I1005 21:09:57.885000 28 torch/_functorch/_aot_autograd/graph_compile.py:1856] [0/0] [__aot_graphs]         mean: "f32[64, 1][1, 1]cpu" = torch.ops.aten.mean.dim(pow_1, [-1], True);  pow_1 = None
I1005 21:09:57.885000 28 torch/_functorch/_aot_autograd/graph_compile.py:1856] [0/0] [__aot_graphs]         add: "f32[64, 1][1, 1]cpu" = torch.ops.aten.add.Tensor(mean, 1e-06);  mean = None
I1005 21:09:57.885000 28 torch/_functorch/_aot_autograd/graph_compile.py:1856] [0/0] [__aot_graphs]         rsqrt: "f32[64, 1][1, 1]cpu" = torch.ops.aten.rsqrt.default(add);  add = None
I1005 21:09:57.885000 28 torch/_functorch/_aot_autograd/graph_compile.py:1856] [0/0] [__aot_graphs]         mul: "f32[64, 256][256, 1]cpu" = torch.ops.aten.mul.Tensor(primals_1, rsqrt)
I1005 21:09:57.885000 28 torch/_functorch/_aot_autograd/graph_compile.py:1856] [0/0] [__aot_graphs]         mul_1: "f32[64, 256][256, 1]cpu" = torch.ops.aten.mul.Tensor(mul, primals_2);  mul = None
I1005 21:09:57.885000 28 torch/_functorch/_aot_autograd/graph_compile.py:1856] [0/0] [__aot_graphs]         return (mul_1, primals_1, primals_2, rsqrt)
I1005 21:09:57.885000 28 torch/_functorch/_aot_autograd/graph_compile.py:1856] [0/0] [__aot_graphs] 
I1005 21:09:57.885000 28 torch/_functorch/_aot_autograd/graph_compile.py:1856] [0/0] [__aot_graphs] 
I1005 21:09:57.887000 28 torch/_functorch/_aot_autograd/graph_compile.py:1867] [0/0] [__aot_graphs] TRACED GRAPH
I1005 21:09:57.887000 28 torch/_functorch/_aot_autograd/graph_compile.py:1867] [0/0] [__aot_graphs]  ===== Backward graph 0 =====
I1005 21:09:57.887000 28 torch/_functorch/_aot_autograd/graph_compile.py:1867] [0/0] [__aot_graphs]  <eval_with_key>.3 class GraphModule(torch.nn.Module):
I1005 21:09:57.887000 28 torch/_functorch/_aot_autograd/graph_compile.py:1867] [0/0] [__aot_graphs]     def forward(self, primals_1: "f32[64, 256][256, 1]cpu", primals_2: "f32[256][1]cpu", rsqrt: "f32[64, 1][1, 1]cpu", tangents_1: "f32[64, 256][256, 1]cpu"):
I1005 21:09:57.887000 28 torch/_functorch/_aot_autograd/graph_compile.py:1867] [0/0] [__aot_graphs]         # Backward of forward node: File: /work/code/tc_programs.py:26 in rmsnorm, code: return x * torch.rsqrt(x.pow(2).mean(-1, keepdim=True) + 1e-6) * w
I1005 21:09:57.887000 28 torch/_functorch/_aot_autograd/graph_compile.py:1867] [0/0] [__aot_graphs]         mul: "f32[64, 256][256, 1]cpu" = torch.ops.aten.mul.Tensor(primals_1, rsqrt)
I1005 21:09:57.887000 28 torch/_functorch/_aot_autograd/graph_compile.py:1867] [0/0] [__aot_graphs]         mul_2: "f32[64, 256][256, 1]cpu" = torch.ops.aten.mul.Tensor(tangents_1, mul);  mul = None
I1005 21:09:57.887000 28 torch/_functorch/_aot_autograd/graph_compile.py:1867] [0/0] [__aot_graphs]         mul_3: "f32[64, 256][256, 1]cpu" = torch.ops.aten.mul.Tensor(tangents_1, primals_2);  tangents_1 = primals_2 = None
I1005 21:09:57.887000 28 torch/_functorch/_aot_autograd/graph_compile.py:1867] [0/0] [__aot_graphs]         sum_1: "f32[1, 256][256, 1]cpu" = torch.ops.aten.sum.dim_IntList(mul_2, [0], True);  mul_2 = None
I1005 21:09:57.887000 28 torch/_functorch/_aot_autograd/graph_compile.py:1867] [0/0] [__aot_graphs]         view: "f32[256][1]cpu" = torch.ops.aten.view.default(sum_1, [256]);  sum_1 = None
I1005 21:09:57.887000 28 torch/_functorch/_aot_autograd/graph_compile.py:1867] [0/0] [__aot_graphs]         mul_4: "f32[64, 256][256, 1]cpu" = torch.ops.aten.mul.Tensor(mul_3, primals_1)
I1005 21:09:57.887000 28 torch/_functorch/_aot_autograd/graph_compile.py:1867] [0/0] [__aot_graphs]         mul_5: "f32[64, 256][256, 1]cpu" = torch.ops.aten.mul.Tensor(mul_3, rsqrt);  mul_3 = None
I1005 21:09:57.887000 28 torch/_functorch/_aot_autograd/graph_compile.py:1867] [0/0] [__aot_graphs]         sum_2: "f32[64, 1][1, 1]cpu" = torch.ops.aten.sum.dim_IntList(mul_4, [1], True);  mul_4 = None
I1005 21:09:57.887000 28 torch/_functorch/_aot_autograd/graph_compile.py:1867] [0/0] [__aot_graphs]         mul_6: "f32[64, 1][1, 1]cpu" = torch.ops.aten.mul.Scalar(sum_2, -0.5);  sum_2 = None
I1005 21:09:57.887000 28 torch/_functorch/_aot_autograd/graph_compile.py:1867] [0/0] [__aot_graphs]         pow_2: "f32[64, 1][1, 1]cpu" = torch.ops.aten.pow.Tensor_Scalar(rsqrt, 3);  rsqrt = None
I1005 21:09:57.887000 28 torch/_functorch/_aot_autograd/graph_compile.py:1867] [0/0] [__aot_graphs]         mul_7: "f32[64, 1][1, 1]cpu" = torch.ops.aten.mul.Tensor(mul_6, pow_2);  mul_6 = pow_2 = None
I1005 21:09:57.887000 28 torch/_functorch/_aot_autograd/graph_compile.py:1867] [0/0] [__aot_graphs]         expand: "f32[64, 256][1, 0]cpu" = torch.ops.aten.expand.default(mul_7, [64, 256]);  mul_7 = None
I1005 21:09:57.887000 28 torch/_functorch/_aot_autograd/graph_compile.py:1867] [0/0] [__aot_graphs]         div: "f32[64, 256][256, 1]cpu" = torch.ops.aten.div.Scalar(expand, 256);  expand = None
I1005 21:09:57.887000 28 torch/_functorch/_aot_autograd/graph_compile.py:1867] [0/0] [__aot_graphs]         pow_3: "f32[64, 256][256, 1]cpu" = torch.ops.aten.pow.Tensor_Scalar(primals_1, 1.0);  primals_1 = None
I1005 21:09:57.887000 28 torch/_functorch/_aot_autograd/graph_compile.py:1867] [0/0] [__aot_graphs]         mul_8: "f32[64, 256][256, 1]cpu" = torch.ops.aten.mul.Scalar(pow_3, 2.0);  pow_3 = None
I1005 21:09:57.887000 28 torch/_functorch/_aot_autograd/graph_compile.py:1867] [0/0] [__aot_graphs]         mul_9: "f32[64, 256][256, 1]cpu" = torch.ops.aten.mul.Tensor(div, mul_8);  div = mul_8 = None
I1005 21:09:57.887000 28 torch/_functorch/_aot_autograd/graph_compile.py:1867] [0/0] [__aot_graphs]         add_1: "f32[64, 256][256, 1]cpu" = torch.ops.aten.add.Tensor(mul_5, mul_9);  mul_5 = mul_9 = None
I1005 21:09:57.887000 28 torch/_functorch/_aot_autograd/graph_compile.py:1867] [0/0] [__aot_graphs]         return (add_1, view)
I1005 21:09:57.887000 28 torch/_functorch/_aot_autograd/graph_compile.py:1867] [0/0] [__aot_graphs] 
I1005 21:09:57.887000 28 torch/_functorch/_aot_autograd/graph_compile.py:1867] [0/0] [__aot_graphs] 
V1005 21:09:59.412000 28 torch/_inductor/graph.py:3114] [0/0] [__output_code] Output code: 
V1005 21:09:59.412000 28 torch/_inductor/graph.py:3114] [0/0] [__output_code] # AOT ID: ['0_forward']
V1005 21:09:59.412000 28 torch/_inductor/graph.py:3114] [0/0] [__output_code] from ctypes import c_void_p, c_long, c_int
V1005 21:09:59.412000 28 torch/_inductor/graph.py:3114] [0/0] [__output_code] import torch
V1005 21:09:59.412000 28 torch/_inductor/graph.py:3114] [0/0] [__output_code] import math
V1005 21:09:59.412000 28 torch/_inductor/graph.py:3114] [0/0] [__output_code] import random
V1005 21:09:59.412000 28 torch/_inductor/graph.py:3114] [0/0] [__output_code] import os
V1005 21:09:59.412000 28 torch/_inductor/graph.py:3114] [0/0] [__output_code] import tempfile
V1005 21:09:59.412000 28 torch/_inductor/graph.py:3114] [0/0] [__output_code] from math import inf, nan
V1005 21:09:59.412000 28 torch/_inductor/graph.py:3114] [0/0] [__output_code] from cmath import nanj
V1005 21:09:59.412000 28 torch/_inductor/graph.py:3114] [0/0] [__output_code] from torch._inductor.hooks import run_intermediate_hooks
V1005 21:09:59.412000 28 torch/_inductor/graph.py:3114] [0/0] [__output_code] from torch._inductor.utils import maybe_profile
V1005 21:09:59.412000 28 torch/_inductor/graph.py:3114] [0/0] [__output_code] from torch._inductor.codegen.memory_planning import _align as align
V1005 21:09:59.412000 28 torch/_inductor/graph.py:3114] [0/0] [__output_code] from torch import device, empty_strided
V1005 21:09:59.412000 28 torch/_inductor/graph.py:3114] [0/0] [__output_code] from torch._inductor.async_compile import AsyncCompile
V1005 21:09:59.412000 28 torch/_inductor/graph.py:3114] [0/0] [__output_code] from torch._inductor.select_algorithm import extern_kernels
V1005 21:09:59.412000 28 torch/_inductor/graph.py:3114] [0/0] [__output_code] 
V1005 21:09:59.412000 28 torch/_inductor/graph.py:3114] [0/0] [__output_code] aten = torch.ops.aten
V1005 21:09:59.412000 28 torch/_inductor/graph.py:3114] [0/0] [__output_code] inductor_ops = torch.ops.inductor
V1005 21:09:59.412000 28 torch/_inductor/graph.py:3114] [0/0] [__output_code] _quantized = torch.ops._quantized
V1005 21:09:59.412000 28 torch/_inductor/graph.py:3114] [0/0] [__output_code] assert_size_stride = torch._C._dynamo.guards.assert_size_stride
V1005 21:09:59.412000 28 torch/_inductor/graph.py:3114] [0/0] [__output_code] assert_size_stride_grouped = torch._C._dynamo.guards.assert_size_stride_grouped
V1005 21:09:59.412000 28 torch/_inductor/graph.py:3114] [0/0] [__output_code] assert_alignment = torch._C._dynamo.guards.assert_alignment
V1005 21:09:59.412000 28 torch/_inductor/graph.py:3114] [0/0] [__output_code] empty_strided_cpu = torch._C._dynamo.guards._empty_strided_cpu
V1005 21:09:59.412000 28 torch/_inductor/graph.py:3114] [0/0] [__output_code] empty_strided_cpu_pinned = torch._C._dynamo.guards._empty_strided_cpu_pinned
V1005 21:09:59.412000 28 torch/_inductor/graph.py:3114] [0/0] [__output_code] empty_strided_cuda = torch._C._dynamo.guards._empty_strided_cuda
V1005 21:09:59.412000 28 torch/_inductor/graph.py:3114] [0/0] [__output_code] empty_strided_xpu = torch._C._dynamo.guards._empty_strided_xpu
V1005 21:09:59.412000 28 torch/_inductor/graph.py:3114] [0/0] [__output_code] empty_strided_mtia = torch._C._dynamo.guards._empty_strided_mtia
V1005 21:09:59.412000 28 torch/_inductor/graph.py:3114] [0/0] [__output_code] reinterpret_tensor = torch._C._dynamo.guards._reinterpret_tensor
V1005 21:09:59.412000 28 torch/_inductor/graph.py:3114] [0/0] [__output_code] alloc_from_pool = torch.ops.inductor._alloc_from_pool
V1005 21:09:59.412000 28 torch/_inductor/graph.py:3114] [0/0] [__output_code] async_compile = AsyncCompile()
V1005 21:09:59.412000 28 torch/_inductor/graph.py:3114] [0/0] [__output_code] empty_strided_p2p = torch._C._distributed_c10d._SymmetricMemory.empty_strided_p2p
V1005 21:09:59.412000 28 torch/_inductor/graph.py:3114] [0/0] [__output_code] 
V1005 21:09:59.412000 28 torch/_inductor/graph.py:3114] [0/0] [__output_code] 
V1005 21:09:59.412000 28 torch/_inductor/graph.py:3114] [0/0] [__output_code] cpp_fused_add_mean_mul_pow_rsqrt_0 = async_compile.cpp_pybinding(['float*', 'const float*', 'const float*', 'float*'], r'''
V1005 21:09:59.412000 28 torch/_inductor/graph.py:3114] [0/0] [__output_code] #include <torch/csrc/inductor/cpp_prefix.h>
V1005 21:09:59.412000 28 torch/_inductor/graph.py:3114] [0/0] [__output_code] extern "C"  void  kernel(float* in_out_ptr0,
V1005 21:09:59.412000 28 torch/_inductor/graph.py:3114] [0/0] [__output_code]                        const float* in_ptr0,
V1005 21:09:59.412000 28 torch/_inductor/graph.py:3114] [0/0] [__output_code]                        const float* in_ptr1,
V1005 21:09:59.412000 28 torch/_inductor/graph.py:3114] [0/0] [__output_code]                        float* out_ptr1)
V1005 21:09:59.412000 28 torch/_inductor/graph.py:3114] [0/0] [__output_code] {
V1005 21:09:59.412000 28 torch/_inductor/graph.py:3114] [0/0] [__output_code]     std::atomic<int> inductor_cpu_integer_div_error{0};
V1005 21:09:59.412000 28 torch/_inductor/graph.py:3114] [0/0] [__output_code]     inductor_cpu_integer_div_error_flag = &inductor_cpu_integer_div_error;
V1005 21:09:59.412000 28 torch/_inductor/graph.py:3114] [0/0] [__output_code]     auto out_ptr0 = in_out_ptr0;
V1005 21:09:59.412000 28 torch/_inductor/graph.py:3114] [0/0] [__output_code]     #pragma omp parallel num_threads(2)
V1005 21:09:59.412000 28 torch/_inductor/graph.py:3114] [0/0] [__output_code]     {
V1005 21:09:59.412000 28 torch/_inductor/graph.py:3114] [0/0] [__output_code]         int tid = omp_get_thread_num();
V1005 21:09:59.412000 28 torch/_inductor/graph.py:3114] [0/0] [__output_code]         {
V1005 21:09:59.412000 28 torch/_inductor/graph.py:3114] [0/0] [__output_code]             #pragma omp for
V1005 21:09:59.412000 28 torch/_inductor/graph.py:3114] [0/0] [__output_code]             for(int64_t x0=static_cast<int64_t>(0L); x0<static_cast<int64_t>(64L); x0+=static_cast<int64_t>(1L))
V1005 21:09:59.412000 28 torch/_inductor/graph.py:3114] [0/0] [__output_code]             {
V1005 21:09:59.412000 28 torch/_inductor/graph.py:3114] [0/0] [__output_code]                 {
V1005 21:09:59.412000 28 torch/_inductor/graph.py:3114] [0/0] [__output_code]                     float tmp_acc0 = 0;
V1005 21:09:59.412000 28 torch/_inductor/graph.py:3114] [0/0] [__output_code]                     at::vec::Vectorized<float> tmp_acc0_vec = at::vec::Vectorized<float>(0);
V1005 21:09:59.412000 28 torch/_inductor/graph.py:3114] [0/0] [__output_code]                     for(int64_t x1=static_cast<int64_t>(0L); x1<static_cast<int64_t>(256L); x1+=static_cast<int64_t>(4L))
V1005 21:09:59.412000 28 torch/_inductor/graph.py:3114] [0/0] [__output_code]                     {
V1005 21:09:59.412000 28 torch/_inductor/graph.py:3114] [0/0] [__output_code]                         {
V1005 21:09:59.412000 28 torch/_inductor/graph.py:3114] [0/0] [__output_code]                             if(C10_LIKELY(x1 >= static_cast<int64_t>(0) && x1 < static_cast<int64_t>(256L)))
V1005 21:09:59.412000 28 torch/_inductor/graph.py:3114] [0/0] [__output_code]                             {
V1005 21:09:59.412000 28 torch/_inductor/graph.py:3114] [0/0] [__output_code]                                 auto tmp0 = at::vec::Vectorized<float>::loadu(in_ptr0 + static_cast<int64_t>(x1 + 256L*x0), static_cast<int64_t>(4));
V1005 21:09:59.412000 28 torch/_inductor/graph.py:3114] [0/0] [__output_code]                                 auto tmp1 = tmp0 * tmp0;
V1005 21:09:59.412000 28 torch/_inductor/graph.py:3114] [0/0] [__output_code]                                 tmp_acc0_vec = tmp_acc0_vec + tmp1;
V1005 21:09:59.412000 28 torch/_inductor/graph.py:3114] [0/0] [__output_code]                             }
V1005 21:09:59.412000 28 torch/_inductor/graph.py:3114] [0/0] [__output_code]                         }
V1005 21:09:59.412000 28 torch/_inductor/graph.py:3114] [0/0] [__output_code]                     }
V1005 21:09:59.412000 28 torch/_inductor/graph.py:3114] [0/0] [__output_code]                     tmp_acc0 = tmp_acc0 + at::vec::vec_reduce_all<float, 1>([](at::vec::Vectorized<float>& x, at::vec::Vectorized<float>& y) { return x + y; }, tmp_acc0_vec);
V1005 21:09:59.412000 28 torch/_inductor/graph.py:3114] [0/0] [__output_code]                     in_out_ptr0[static_cast<int64_t>(x0)] = static_cast<float>(tmp_acc0);
V1005 21:09:59.412000 28 torch/_inductor/graph.py:3114] [0/0] [__output_code]                 }
V1005 21:09:59.412000 28 torch/_inductor/graph.py:3114] [0/0] [__output_code]             }
V1005 21:09:59.412000 28 torch/_inductor/graph.py:3114] [0/0] [__output_code]         }
V1005 21:09:59.412000 28 torch/_inductor/graph.py:3114] [0/0] [__output_code]         #pragma omp single
V1005 21:09:59.412000 28 torch/_inductor/graph.py:3114] [0/0] [__output_code]         {
V1005 21:09:59.412000 28 torch/_inductor/graph.py:3114] [0/0] [__output_code]             {
V1005 21:09:59.412000 28 torch/_inductor/graph.py:3114] [0/0] [__output_code]                 for(int64_t x0=static_cast<int64_t>(0L); x0<static_cast<int64_t>(64L); x0+=static_cast<int64_t>(4L))
V1005 21:09:59.412000 28 torch/_inductor/graph.py:3114] [0/0] [__output_code]                 {
V1005 21:09:59.412000 28 torch/_inductor/graph.py:3114] [0/0] [__output_code]                     {
V1005 21:09:59.412000 28 torch/_inductor/graph.py:3114] [0/0] [__output_code]                         if(C10_LIKELY(x0 >= static_cast<int64_t>(0) && x0 < static_cast<int64_t>(64L)))
V1005 21:09:59.412000 28 torch/_inductor/graph.py:3114] [0/0] [__output_code]                         {
V1005 21:09:59.412000 28 torch/_inductor/graph.py:3114] [0/0] [__output_code]                             auto tmp0 = at::vec::Vectorized<float>::loadu(out_ptr0 + static_cast<int64_t>(x0), static_cast<int64_t>(4));
V1005 21:09:59.412000 28 torch/_inductor/graph.py:3114] [0/0] [__output_code]                             auto tmp1 = static_cast<float>(256.0);
V1005 21:09:59.412000 28 torch/_inductor/graph.py:3114] [0/0] [__output_code]                             auto tmp2 = at::vec::Vectorized<float>(tmp1);
V1005 21:09:59.412000 28 torch/_inductor/graph.py:3114] [0/0] [__output_code]                             auto tmp3 = tmp0 / tmp2;
V1005 21:09:59.412000 28 torch/_inductor/graph.py:3114] [0/0] [__output_code]                             auto tmp4 = static_cast<float>(1e-06);
V1005 21:09:59.412000 28 torch/_inductor/graph.py:3114] [0/0] [__output_code]                             auto tmp5 = at::vec::Vectorized<float>(tmp4);
V1005 21:09:59.412000 28 torch/_inductor/graph.py:3114] [0/0] [__output_code]                             auto tmp6 = tmp3 + tmp5;
V1005 21:09:59.412000 28 torch/_inductor/graph.py:3114] [0/0] [__output_code]                             auto tmp7 = tmp6.rsqrt();
V1005 21:09:59.412000 28 torch/_inductor/graph.py:3114] [0/0] [__output_code]                             tmp7.store(in_out_ptr0 + static_cast<int64_t>(x0));
V1005 21:09:59.412000 28 torch/_inductor/graph.py:3114] [0/0] [__output_code]                         }
V1005 21:09:59.412000 28 torch/_inductor/graph.py:3114] [0/0] [__output_code]                     }
V1005 21:09:59.412000 28 torch/_inductor/graph.py:3114] [0/0] [__output_code]                 }
V1005 21:09:59.412000 28 torch/_inductor/graph.py:3114] [0/0] [__output_code]             }
V1005 21:09:59.412000 28 torch/_inductor/graph.py:3114] [0/0] [__output_code]         }
V1005 21:09:59.412000 28 torch/_inductor/graph.py:3114] [0/0] [__output_code]         {
V1005 21:09:59.412000 28 torch/_inductor/graph.py:3114] [0/0] [__output_code]             #pragma omp for
V1005 21:09:59.412000 28 torch/_inductor/graph.py:3114] [0/0] [__output_code]             for(int64_t x0=static_cast<int64_t>(0L); x0<static_cast<int64_t>(64L); x0+=static_cast<int64_t>(1L))
V1005 21:09:59.412000 28 torch/_inductor/graph.py:3114] [0/0] [__output_code]             {
V1005 21:09:59.412000 28 torch/_inductor/graph.py:3114] [0/0] [__output_code]                 for(int64_t x1=static_cast<int64_t>(0L); x1<static_cast<int64_t>(256L); x1+=static_cast<int64_t>(4L))
V1005 21:09:59.412000 28 torch/_inductor/graph.py:3114] [0/0] [__output_code]                 {
V1005 21:09:59.412000 28 torch/_inductor/graph.py:3114] [0/0] [__output_code]                     {
V1005 21:09:59.412000 28 torch/_inductor/graph.py:3114] [0/0] [__output_code]                         if(C10_LIKELY(x1 >= static_cast<int64_t>(0) && x1 < static_cast<int64_t>(256L)))
V1005 21:09:59.412000 28 torch/_inductor/graph.py:3114] [0/0] [__output_code]                         {
V1005 21:09:59.412000 28 torch/_inductor/graph.py:3114] [0/0] [__output_code]                             auto tmp0 = at::vec::Vectorized<float>::loadu(in_ptr0 + static_cast<int64_t>(x1 + 256L*x0), static_cast<int64_t>(4));
V1005 21:09:59.412000 28 torch/_inductor/graph.py:3114] [0/0] [__output_code]                             auto tmp1 = in_out_ptr0[static_cast<int64_t>(x0)];
V1005 21:09:59.412000 28 torch/_inductor/graph.py:3114] [0/0] [__output_code]                             auto tmp4 = at::vec::Vectorized<float>::loadu(in_ptr1 + static_cast<int64_t>(x1), static_cast<int64_t>(4));
V1005 21:09:59.412000 28 torch/_inductor/graph.py:3114] [0/0] [__output_code]                             auto tmp2 = at::vec::Vectorized<float>(tmp1);
V1005 21:09:59.412000 28 torch/_inductor/graph.py:3114] [0/0] [__output_code]                             auto tmp3 = tmp0 * tmp2;
V1005 21:09:59.412000 28 torch/_inductor/graph.py:3114] [0/0] [__output_code]                             auto tmp5 = tmp3 * tmp4;
V1005 21:09:59.412000 28 torch/_inductor/graph.py:3114] [0/0] [__output_code]                             tmp5.store(out_ptr1 + static_cast<int64_t>(x1 + 256L*x0));
V1005 21:09:59.412000 28 torch/_inductor/graph.py:3114] [0/0] [__output_code]                         }
V1005 21:09:59.412000 28 torch/_inductor/graph.py:3114] [0/0] [__output_code]                     }
V1005 21:09:59.412000 28 torch/_inductor/graph.py:3114] [0/0] [__output_code]                 }
V1005 21:09:59.412000 28 torch/_inductor/graph.py:3114] [0/0] [__output_code]             }
V1005 21:09:59.412000 28 torch/_inductor/graph.py:3114] [0/0] [__output_code]         }
V1005 21:09:59.412000 28 torch/_inductor/graph.py:3114] [0/0] [__output_code]     }
V1005 21:09:59.412000 28 torch/_inductor/graph.py:3114] [0/0] [__output_code]     inductor_cpu_integer_div_error_flag = nullptr;
V1005 21:09:59.412000 28 torch/_inductor/graph.py:3114] [0/0] [__output_code]     inductor_cpu_throw_if_integer_div_error(inductor_cpu_integer_div_error);
V1005 21:09:59.412000 28 torch/_inductor/graph.py:3114] [0/0] [__output_code] }
V1005 21:09:59.412000 28 torch/_inductor/graph.py:3114] [0/0] [__output_code] ''')
V1005 21:09:59.412000 28 torch/_inductor/graph.py:3114] [0/0] [__output_code] 
V1005 21:09:59.412000 28 torch/_inductor/graph.py:3114] [0/0] [__output_code] 
V1005 21:09:59.412000 28 torch/_inductor/graph.py:3114] [0/0] [__output_code] async_compile.wait(globals())
V1005 21:09:59.412000 28 torch/_inductor/graph.py:3114] [0/0] [__output_code] del async_compile
V1005 21:09:59.412000 28 torch/_inductor/graph.py:3114] [0/0] [__output_code] 
V1005 21:09:59.412000 28 torch/_inductor/graph.py:3114] [0/0] [__output_code] class Runner:
V1005 21:09:59.412000 28 torch/_inductor/graph.py:3114] [0/0] [__output_code]     def __init__(self, partitions):
V1005 21:09:59.412000 28 torch/_inductor/graph.py:3114] [0/0] [__output_code]         self.partitions = partitions
V1005 21:09:59.412000 28 torch/_inductor/graph.py:3114] [0/0] [__output_code] 
V1005 21:09:59.412000 28 torch/_inductor/graph.py:3114] [0/0] [__output_code]     def recursively_apply_fns(self, fns):
V1005 21:09:59.412000 28 torch/_inductor/graph.py:3114] [0/0] [__output_code]         new_callables = []
V1005 21:09:59.412000 28 torch/_inductor/graph.py:3114] [0/0] [__output_code]         for fn, c in zip(fns, self.partitions):
V1005 21:09:59.412000 28 torch/_inductor/graph.py:3114] [0/0] [__output_code]             new_callables.append(fn(c))
V1005 21:09:59.412000 28 torch/_inductor/graph.py:3114] [0/0] [__output_code]         self.partitions = new_callables
V1005 21:09:59.412000 28 torch/_inductor/graph.py:3114] [0/0] [__output_code] 
V1005 21:09:59.412000 28 torch/_inductor/graph.py:3114] [0/0] [__output_code]     def call(self, args):
V1005 21:09:59.412000 28 torch/_inductor/graph.py:3114] [0/0] [__output_code]         primals_1, primals_2 = args
V1005 21:09:59.412000 28 torch/_inductor/graph.py:3114] [0/0] [__output_code]         args.clear()
V1005 21:09:59.412000 28 torch/_inductor/graph.py:3114] [0/0] [__output_code]         assert_size_stride_grouped((primals_1, primals_2), ((64, 256), (256, )), ((256, 1), (1, )), 'input')
V1005 21:09:59.412000 28 torch/_inductor/graph.py:3114] [0/0] [__output_code]         buf0 = empty_strided_cpu((64, 1), (1, 64), torch.float32)
V1005 21:09:59.412000 28 torch/_inductor/graph.py:3114] [0/0] [__output_code]         buf1 = reinterpret_tensor(buf0, (64, 1), (1, 1), 0); del buf0  # reuse
V1005 21:09:59.412000 28 torch/_inductor/graph.py:3114] [0/0] [__output_code]         buf2 = empty_strided_cpu((64, 256), (256, 1), torch.float32)
V1005 21:09:59.412000 28 torch/_inductor/graph.py:3114] [0/0] [__output_code]         cpp_fused_add_mean_mul_pow_rsqrt_0(buf1, primals_1, primals_2, buf2)
V1005 21:09:59.412000 28 torch/_inductor/graph.py:3114] [0/0] [__output_code]         return (buf2, primals_1, primals_2, buf1, )
V1005 21:09:59.412000 28 torch/_inductor/graph.py:3114] [0/0] [__output_code] 
V1005 21:09:59.412000 28 torch/_inductor/graph.py:3114] [0/0] [__output_code] runner = Runner(partitions=[])
V1005 21:09:59.412000 28 torch/_inductor/graph.py:3114] [0/0] [__output_code] call = runner.call
V1005 21:09:59.412000 28 torch/_inductor/graph.py:3114] [0/0] [__output_code] recursively_apply_fns = runner.recursively_apply_fns
V1005 21:09:59.412000 28 torch/_inductor/graph.py:3114] [0/0] [__output_code] 
V1005 21:09:59.412000 28 torch/_inductor/graph.py:3114] [0/0] [__output_code] 
V1005 21:09:59.412000 28 torch/_inductor/graph.py:3114] [0/0] [__output_code] def get_args():
V1005 21:09:59.412000 28 torch/_inductor/graph.py:3114] [0/0] [__output_code]     from torch._dynamo.testing import rand_strided
V1005 21:09:59.412000 28 torch/_inductor/graph.py:3114] [0/0] [__output_code]     primals_1 = rand_strided((64, 256), (256, 1), device='cpu', dtype=torch.float32)
V1005 21:09:59.412000 28 torch/_inductor/graph.py:3114] [0/0] [__output_code]     primals_2 = rand_strided((256, ), (1, ), device='cpu', dtype=torch.float32)
V1005 21:09:59.412000 28 torch/_inductor/graph.py:3114] [0/0] [__output_code]     return [primals_1, primals_2]
V1005 21:09:59.412000 28 torch/_inductor/graph.py:3114] [0/0] [__output_code] 
V1005 21:09:59.412000 28 torch/_inductor/graph.py:3114] [0/0] [__output_code] 
V1005 21:09:59.412000 28 torch/_inductor/graph.py:3114] [0/0] [__output_code] def benchmark_compiled_module(args, times=10, repeat=10):
V1005 21:09:59.412000 28 torch/_inductor/graph.py:3114] [0/0] [__output_code]     from torch._inductor.utils import print_performance
V1005 21:09:59.412000 28 torch/_inductor/graph.py:3114] [0/0] [__output_code]     fn = lambda: call(list(args))
V1005 21:09:59.412000 28 torch/_inductor/graph.py:3114] [0/0] [__output_code]     return print_performance(fn, times=times, repeat=repeat, device='cpu')
V1005 21:09:59.412000 28 torch/_inductor/graph.py:3114] [0/0] [__output_code] 
V1005 21:09:59.412000 28 torch/_inductor/graph.py:3114] [0/0] [__output_code] 
V1005 21:09:59.412000 28 torch/_inductor/graph.py:3114] [0/0] [__output_code] if __name__ == "__main__":
V1005 21:09:59.412000 28 torch/_inductor/graph.py:3114] [0/0] [__output_code]     from torch._inductor.wrapper_benchmark import compiled_module_main
V1005 21:09:59.412000 28 torch/_inductor/graph.py:3114] [0/0] [__output_code]     args = get_args()
V1005 21:09:59.412000 28 torch/_inductor/graph.py:3114] [0/0] [__output_code]     compiled_module_main('None', lambda times, repeat: benchmark_compiled_module(args, times=times, repeat=repeat))
V1005 21:09:59.412000 28 torch/_inductor/graph.py:3114] [0/0] [__output_code] 
V1005 21:09:59.417000 28 torch/_inductor/graph.py:3125] [0/0] [__output_code] Output code written to: /tmp/c5/vw/cvwy22varwpzcszibqknoxjpfc32uqhjmobf6ahanpczmbnrzmyh.py
I1005 21:10:03.495000 28 torch/_inductor/graph.py:3085] [0/0] [__output_code] Output code written to: /tmp/c5/vw/cvwy22varwpzcszibqknoxjpfc32uqhjmobf6ahanpczmbnrzmyh.py
V1005 21:10:03.704000 28 torch/_inductor/graph.py:3114] [0/0] [__output_code] Output code: 
V1005 21:10:03.704000 28 torch/_inductor/graph.py:3114] [0/0] [__output_code] # AOT ID: ['0_backward']
V1005 21:10:03.704000 28 torch/_inductor/graph.py:3114] [0/0] [__output_code] from ctypes import c_void_p, c_long, c_int
V1005 21:10:03.704000 28 torch/_inductor/graph.py:3114] [0/0] [__output_code] import torch
V1005 21:10:03.704000 28 torch/_inductor/graph.py:3114] [0/0] [__output_code] import math
V1005 21:10:03.704000 28 torch/_inductor/graph.py:3114] [0/0] [__output_code] import random
V1005 21:10:03.704000 28 torch/_inductor/graph.py:3114] [0/0] [__output_code] import os
V1005 21:10:03.704000 28 torch/_inductor/graph.py:3114] [0/0] [__output_code] import tempfile
V1005 21:10:03.704000 28 torch/_inductor/graph.py:3114] [0/0] [__output_code] from math import inf, nan
V1005 21:10:03.704000 28 torch/_inductor/graph.py:3114] [0/0] [__output_code] from cmath import nanj
V1005 21:10:03.704000 28 torch/_inductor/graph.py:3114] [0/0] [__output_code] from torch._inductor.hooks import run_intermediate_hooks
V1005 21:10:03.704000 28 torch/_inductor/graph.py:3114] [0/0] [__output_code] from torch._inductor.utils import maybe_profile
V1005 21:10:03.704000 28 torch/_inductor/graph.py:3114] [0/0] [__output_code] from torch._inductor.codegen.memory_planning import _align as align
V1005 21:10:03.704000 28 torch/_inductor/graph.py:3114] [0/0] [__output_code] from torch import device, empty_strided
V1005 21:10:03.704000 28 torch/_inductor/graph.py:3114] [0/0] [__output_code] from torch._inductor.async_compile import AsyncCompile
V1005 21:10:03.704000 28 torch/_inductor/graph.py:3114] [0/0] [__output_code] from torch._inductor.select_algorithm import extern_kernels
V1005 21:10:03.704000 28 torch/_inductor/graph.py:3114] [0/0] [__output_code] 
V1005 21:10:03.704000 28 torch/_inductor/graph.py:3114] [0/0] [__output_code] aten = torch.ops.aten
V1005 21:10:03.704000 28 torch/_inductor/graph.py:3114] [0/0] [__output_code] inductor_ops = torch.ops.inductor
V1005 21:10:03.704000 28 torch/_inductor/graph.py:3114] [0/0] [__output_code] _quantized = torch.ops._quantized
V1005 21:10:03.704000 28 torch/_inductor/graph.py:3114] [0/0] [__output_code] assert_size_stride = torch._C._dynamo.guards.assert_size_stride
V1005 21:10:03.704000 28 torch/_inductor/graph.py:3114] [0/0] [__output_code] assert_size_stride_grouped = torch._C._dynamo.guards.assert_size_stride_grouped
V1005 21:10:03.704000 28 torch/_inductor/graph.py:3114] [0/0] [__output_code] assert_alignment = torch._C._dynamo.guards.assert_alignment
V1005 21:10:03.704000 28 torch/_inductor/graph.py:3114] [0/0] [__output_code] empty_strided_cpu = torch._C._dynamo.guards._empty_strided_cpu
V1005 21:10:03.704000 28 torch/_inductor/graph.py:3114] [0/0] [__output_code] empty_strided_cpu_pinned = torch._C._dynamo.guards._empty_strided_cpu_pinned
V1005 21:10:03.704000 28 torch/_inductor/graph.py:3114] [0/0] [__output_code] empty_strided_cuda = torch._C._dynamo.guards._empty_strided_cuda
V1005 21:10:03.704000 28 torch/_inductor/graph.py:3114] [0/0] [__output_code] empty_strided_xpu = torch._C._dynamo.guards._empty_strided_xpu
V1005 21:10:03.704000 28 torch/_inductor/graph.py:3114] [0/0] [__output_code] empty_strided_mtia = torch._C._dynamo.guards._empty_strided_mtia
V1005 21:10:03.704000 28 torch/_inductor/graph.py:3114] [0/0] [__output_code] reinterpret_tensor = torch._C._dynamo.guards._reinterpret_tensor
V1005 21:10:03.704000 28 torch/_inductor/graph.py:3114] [0/0] [__output_code] alloc_from_pool = torch.ops.inductor._alloc_from_pool
V1005 21:10:03.704000 28 torch/_inductor/graph.py:3114] [0/0] [__output_code] async_compile = AsyncCompile()
V1005 21:10:03.704000 28 torch/_inductor/graph.py:3114] [0/0] [__output_code] empty_strided_p2p = torch._C._distributed_c10d._SymmetricMemory.empty_strided_p2p
V1005 21:10:03.704000 28 torch/_inductor/graph.py:3114] [0/0] [__output_code] 
V1005 21:10:03.704000 28 torch/_inductor/graph.py:3114] [0/0] [__output_code] 
V1005 21:10:03.704000 28 torch/_inductor/graph.py:3114] [0/0] [__output_code] cpp_fused_add_div_expand_mul_pow_sum_0 = async_compile.cpp_pybinding(['const float*', 'const float*', 'const float*', 'const float*', 'float*', 'float*', 'float*'], r'''
V1005 21:10:03.704000 28 torch/_inductor/graph.py:3114] [0/0] [__output_code] #include <torch/csrc/inductor/cpp_prefix.h>
V1005 21:10:03.704000 28 torch/_inductor/graph.py:3114] [0/0] [__output_code] extern "C"  void  kernel(const float* in_ptr0,
V1005 21:10:03.704000 28 torch/_inductor/graph.py:3114] [0/0] [__output_code]                        const float* in_ptr1,
V1005 21:10:03.704000 28 torch/_inductor/graph.py:3114] [0/0] [__output_code]                        const float* in_ptr2,
V1005 21:10:03.704000 28 torch/_inductor/graph.py:3114] [0/0] [__output_code]                        const float* in_ptr3,
V1005 21:10:03.704000 28 torch/_inductor/graph.py:3114] [0/0] [__output_code]                        float* out_ptr0,
V1005 21:10:03.704000 28 torch/_inductor/graph.py:3114] [0/0] [__output_code]                        float* out_ptr1,
V1005 21:10:03.704000 28 torch/_inductor/graph.py:3114] [0/0] [__output_code]                        float* out_ptr2)
V1005 21:10:03.704000 28 torch/_inductor/graph.py:3114] [0/0] [__output_code] {
V1005 21:10:03.704000 28 torch/_inductor/graph.py:3114] [0/0] [__output_code]     std::atomic<int> inductor_cpu_integer_div_error{0};
V1005 21:10:03.704000 28 torch/_inductor/graph.py:3114] [0/0] [__output_code]     inductor_cpu_integer_div_error_flag = &inductor_cpu_integer_div_error;
V1005 21:10:03.704000 28 torch/_inductor/graph.py:3114] [0/0] [__output_code]     #pragma omp parallel num_threads(2)
V1005 21:10:03.704000 28 torch/_inductor/graph.py:3114] [0/0] [__output_code]     {
V1005 21:10:03.704000 28 torch/_inductor/graph.py:3114] [0/0] [__output_code]         int tid = omp_get_thread_num();
V1005 21:10:03.704000 28 torch/_inductor/graph.py:3114] [0/0] [__output_code]         {
V1005 21:10:03.704000 28 torch/_inductor/graph.py:3114] [0/0] [__output_code]             #pragma omp for
V1005 21:10:03.704000 28 torch/_inductor/graph.py:3114] [0/0] [__output_code]             for(int64_t x0=static_cast<int64_t>(0L); x0<static_cast<int64_t>(256L); x0+=static_cast<int64_t>(4L))
V1005 21:10:03.704000 28 torch/_inductor/graph.py:3114] [0/0] [__output_code]             {
V1005 21:10:03.704000 28 torch/_inductor/graph.py:3114] [0/0] [__output_code]                 {
V1005 21:10:03.704000 28 torch/_inductor/graph.py:3114] [0/0] [__output_code]                     float tmp_acc0 = 0;
V1005 21:10:03.704000 28 torch/_inductor/graph.py:3114] [0/0] [__output_code]                     at::vec::Vectorized<float> tmp_acc0_vec = at::vec::Vectorized<float>(0);
V1005 21:10:03.704000 28 torch/_inductor/graph.py:3114] [0/0] [__output_code]                     for(int64_t x1=static_cast<int64_t>(0L); x1<static_cast<int64_t>(64L); x1+=static_cast<int64_t>(1L))
V1005 21:10:03.704000 28 torch/_inductor/graph.py:3114] [0/0] [__output_code]                     {
V1005 21:10:03.704000 28 torch/_inductor/graph.py:3114] [0/0] [__output_code]                         {
V1005 21:10:03.704000 28 torch/_inductor/graph.py:3114] [0/0] [__output_code]                             if(C10_LIKELY(x0 >= static_cast<int64_t>(0) && x0 < static_cast<int64_t>(256L)))
V1005 21:10:03.704000 28 torch/_inductor/graph.py:3114] [0/0] [__output_code]                             {
V1005 21:10:03.704000 28 torch/_inductor/graph.py:3114] [0/0] [__output_code]                                 auto tmp0 = at::vec::Vectorized<float>::loadu(in_ptr0 + static_cast<int64_t>(x0 + 256L*x1), static_cast<int64_t>(4));
V1005 21:10:03.704000 28 torch/_inductor/graph.py:3114] [0/0] [__output_code]                                 auto tmp1 = at::vec::Vectorized<float>::loadu(in_ptr1 + static_cast<int64_t>(x0 + 256L*x1), static_cast<int64_t>(4));
V1005 21:10:03.704000 28 torch/_inductor/graph.py:3114] [0/0] [__output_code]                                 auto tmp2 = in_ptr2[static_cast<int64_t>(x1)];
V1005 21:10:03.704000 28 torch/_inductor/graph.py:3114] [0/0] [__output_code]                                 auto tmp3 = at::vec::Vectorized<float>(tmp2);
V1005 21:10:03.704000 28 torch/_inductor/graph.py:3114] [0/0] [__output_code]                                 auto tmp4 = tmp1 * tmp3;
V1005 21:10:03.704000 28 torch/_inductor/graph.py:3114] [0/0] [__output_code]                                 auto tmp5 = tmp0 * tmp4;
V1005 21:10:03.704000 28 torch/_inductor/graph.py:3114] [0/0] [__output_code]                                 tmp_acc0_vec = tmp_acc0_vec + tmp5;
V1005 21:10:03.704000 28 torch/_inductor/graph.py:3114] [0/0] [__output_code]                             }
V1005 21:10:03.704000 28 torch/_inductor/graph.py:3114] [0/0] [__output_code]                         }
V1005 21:10:03.704000 28 torch/_inductor/graph.py:3114] [0/0] [__output_code]                     }
V1005 21:10:03.704000 28 torch/_inductor/graph.py:3114] [0/0] [__output_code]                     if(C10_LIKELY(x0 >= static_cast<int64_t>(0) && x0 < static_cast<int64_t>(256L)))
V1005 21:10:03.704000 28 torch/_inductor/graph.py:3114] [0/0] [__output_code]                     {
V1005 21:10:03.704000 28 torch/_inductor/graph.py:3114] [0/0] [__output_code]                         tmp_acc0_vec.store(out_ptr0 + static_cast<int64_t>(x0));
V1005 21:10:03.704000 28 torch/_inductor/graph.py:3114] [0/0] [__output_code]                     }
V1005 21:10:03.704000 28 torch/_inductor/graph.py:3114] [0/0] [__output_code]                 }
V1005 21:10:03.704000 28 torch/_inductor/graph.py:3114] [0/0] [__output_code]             }
V1005 21:10:03.704000 28 torch/_inductor/graph.py:3114] [0/0] [__output_code]         }
V1005 21:10:03.704000 28 torch/_inductor/graph.py:3114] [0/0] [__output_code]         {
V1005 21:10:03.704000 28 torch/_inductor/graph.py:3114] [0/0] [__output_code]             #pragma omp for
V1005 21:10:03.704000 28 torch/_inductor/graph.py:3114] [0/0] [__output_code]             for(int64_t x0=static_cast<int64_t>(0L); x0<static_cast<int64_t>(64L); x0+=static_cast<int64_t>(1L))
V1005 21:10:03.704000 28 torch/_inductor/graph.py:3114] [0/0] [__output_code]             {
V1005 21:10:03.704000 28 torch/_inductor/graph.py:3114] [0/0] [__output_code]                 {
V1005 21:10:03.704000 28 torch/_inductor/graph.py:3114] [0/0] [__output_code]                     float tmp_acc0 = 0;
V1005 21:10:03.704000 28 torch/_inductor/graph.py:3114] [0/0] [__output_code]                     at::vec::Vectorized<float> tmp_acc0_vec = at::vec::Vectorized<float>(0);
V1005 21:10:03.704000 28 torch/_inductor/graph.py:3114] [0/0] [__output_code]                     for(int64_t x1=static_cast<int64_t>(0L); x1<static_cast<int64_t>(256L); x1+=static_cast<int64_t>(4L))
V1005 21:10:03.704000 28 torch/_inductor/graph.py:3114] [0/0] [__output_code]                     {
V1005 21:10:03.704000 28 torch/_inductor/graph.py:3114] [0/0] [__output_code]                         {
V1005 21:10:03.704000 28 torch/_inductor/graph.py:3114] [0/0] [__output_code]                             if(C10_LIKELY(x1 >= static_cast<int64_t>(0) && x1 < static_cast<int64_t>(256L)))
V1005 21:10:03.704000 28 torch/_inductor/graph.py:3114] [0/0] [__output_code]                             {
V1005 21:10:03.704000 28 torch/_inductor/graph.py:3114] [0/0] [__output_code]                                 auto tmp0 = at::vec::Vectorized<float>::loadu(in_ptr0 + static_cast<int64_t>(x1 + 256L*x0), static_cast<int64_t>(4));
V1005 21:10:03.704000 28 torch/_inductor/graph.py:3114] [0/0] [__output_code]                                 auto tmp1 = at::vec::Vectorized<float>::loadu(in_ptr3 + static_cast<int64_t>(x1), static_cast<int64_t>(4));
V1005 21:10:03.704000 28 torch/_inductor/graph.py:3114] [0/0] [__output_code]                                 auto tmp3 = at::vec::Vectorized<float>::loadu(in_ptr1 + static_cast<int64_t>(x1 + 256L*x0), static_cast<int64_t>(4));
V1005 21:10:03.704000 28 torch/_inductor/graph.py:3114] [0/0] [__output_code]                                 auto tmp2 = tmp0 * tmp1;
V1005 21:10:03.704000 28 torch/_inductor/graph.py:3114] [0/0] [__output_code]                                 auto tmp4 = tmp2 * tmp3;
V1005 21:10:03.704000 28 torch/_inductor/graph.py:3114] [0/0] [__output_code]                                 tmp_acc0_vec = tmp_acc0_vec + tmp4;
V1005 21:10:03.704000 28 torch/_inductor/graph.py:3114] [0/0] [__output_code]                             }
V1005 21:10:03.704000 28 torch/_inductor/graph.py:3114] [0/0] [__output_code]                         }
V1005 21:10:03.704000 28 torch/_inductor/graph.py:3114] [0/0] [__output_code]                     }
V1005 21:10:03.704000 28 torch/_inductor/graph.py:3114] [0/0] [__output_code]                     tmp_acc0 = tmp_acc0 + at::vec::vec_reduce_all<float, 1>([](at::vec::Vectorized<float>& x, at::vec::Vectorized<float>& y) { return x + y; }, tmp_acc0_vec);
V1005 21:10:03.704000 28 torch/_inductor/graph.py:3114] [0/0] [__output_code]                     out_ptr1[static_cast<int64_t>(x0)] = static_cast<float>(tmp_acc0);
V1005 21:10:03.704000 28 torch/_inductor/graph.py:3114] [0/0] [__output_code]                 }
V1005 21:10:03.704000 28 torch/_inductor/graph.py:3114] [0/0] [__output_code]                 for(int64_t x1=static_cast<int64_t>(0L); x1<static_cast<int64_t>(256L); x1+=static_cast<int64_t>(4L))
V1005 21:10:03.704000 28 torch/_inductor/graph.py:3114] [0/0] [__output_code]                 {
V1005 21:10:03.704000 28 torch/_inductor/graph.py:3114] [0/0] [__output_code]                     {
V1005 21:10:03.704000 28 torch/_inductor/graph.py:3114] [0/0] [__output_code]                         if(C10_LIKELY(x1 >= static_cast<int64_t>(0) && x1 < static_cast<int64_t>(256L)))
V1005 21:10:03.704000 28 torch/_inductor/graph.py:3114] [0/0] [__output_code]                         {
V1005 21:10:03.704000 28 torch/_inductor/graph.py:3114] [0/0] [__output_code]                             auto tmp0 = at::vec::Vectorized<float>::loadu(in_ptr0 + static_cast<int64_t>(x1 + 256L*x0), static_cast<int64_t>(4));
V1005 21:10:03.704000 28 torch/_inductor/graph.py:3114] [0/0] [__output_code]                             auto tmp1 = at::vec::Vectorized<float>::loadu(in_ptr3 + static_cast<int64_t>(x1), static_cast<int64_t>(4));
V1005 21:10:03.704000 28 torch/_inductor/graph.py:3114] [0/0] [__output_code]                             auto tmp3 = in_ptr2[static_cast<int64_t>(x0)];
V1005 21:10:03.704000 28 torch/_inductor/graph.py:3114] [0/0] [__output_code]                             auto tmp6 = out_ptr1[static_cast<int64_t>(x0)];
V1005 21:10:03.704000 28 torch/_inductor/graph.py:3114] [0/0] [__output_code]                             auto tmp14 = at::vec::Vectorized<float>::loadu(in_ptr1 + static_cast<int64_t>(x1 + 256L*x0), static_cast<int64_t>(4));
V1005 21:10:03.704000 28 torch/_inductor/graph.py:3114] [0/0] [__output_code]                             auto tmp2 = tmp0 * tmp1;
V1005 21:10:03.704000 28 torch/_inductor/graph.py:3114] [0/0] [__output_code]                             auto tmp4 = at::vec::Vectorized<float>(tmp3);
V1005 21:10:03.704000 28 torch/_inductor/graph.py:3114] [0/0] [__output_code]                             auto tmp5 = tmp2 * tmp4;
V1005 21:10:03.704000 28 torch/_inductor/graph.py:3114] [0/0] [__output_code]                             auto tmp7 = static_cast<float>(-0.5);
V1005 21:10:03.704000 28 torch/_inductor/graph.py:3114] [0/0] [__output_code]                             auto tmp8 = float(tmp6 * tmp7);
V1005 21:10:03.704000 28 torch/_inductor/graph.py:3114] [0/0] [__output_code]                             auto tmp9 = float(tmp3 * tmp3);
V1005 21:10:03.704000 28 torch/_inductor/graph.py:3114] [0/0] [__output_code]                             auto tmp10 = float(tmp9 * tmp3);
V1005 21:10:03.704000 28 torch/_inductor/graph.py:3114] [0/0] [__output_code]                             auto tmp11 = float(tmp8 * tmp10);
V1005 21:10:03.704000 28 torch/_inductor/graph.py:3114] [0/0] [__output_code]                             auto tmp12 = static_cast<float>(256.0);
V1005 21:10:03.704000 28 torch/_inductor/graph.py:3114] [0/0] [__output_code]                             auto tmp13 = tmp11 / tmp12;
V1005 21:10:03.704000 28 torch/_inductor/graph.py:3114] [0/0] [__output_code]                             auto tmp15 = static_cast<float>(2.0);
V1005 21:10:03.704000 28 torch/_inductor/graph.py:3114] [0/0] [__output_code]                             auto tmp16 = at::vec::Vectorized<float>(tmp15);
V1005 21:10:03.704000 28 torch/_inductor/graph.py:3114] [0/0] [__output_code]                             auto tmp17 = tmp14 * tmp16;
V1005 21:10:03.704000 28 torch/_inductor/graph.py:3114] [0/0] [__output_code]                             auto tmp18 = at::vec::Vectorized<float>(tmp13);
V1005 21:10:03.704000 28 torch/_inductor/graph.py:3114] [0/0] [__output_code]                             auto tmp19 = tmp18 * tmp17;
V1005 21:10:03.704000 28 torch/_inductor/graph.py:3114] [0/0] [__output_code]                             auto tmp20 = tmp5 + tmp19;
V1005 21:10:03.704000 28 torch/_inductor/graph.py:3114] [0/0] [__output_code]                             tmp20.store(out_ptr2 + static_cast<int64_t>(x1 + 256L*x0));
V1005 21:10:03.704000 28 torch/_inductor/graph.py:3114] [0/0] [__output_code]                         }
V1005 21:10:03.704000 28 torch/_inductor/graph.py:3114] [0/0] [__output_code]                     }
V1005 21:10:03.704000 28 torch/_inductor/graph.py:3114] [0/0] [__output_code]                 }
V1005 21:10:03.704000 28 torch/_inductor/graph.py:3114] [0/0] [__output_code]             }
V1005 21:10:03.704000 28 torch/_inductor/graph.py:3114] [0/0] [__output_code]         }
V1005 21:10:03.704000 28 torch/_inductor/graph.py:3114] [0/0] [__output_code]     }
V1005 21:10:03.704000 28 torch/_inductor/graph.py:3114] [0/0] [__output_code]     inductor_cpu_integer_div_error_flag = nullptr;
V1005 21:10:03.704000 28 torch/_inductor/graph.py:3114] [0/0] [__output_code]     inductor_cpu_throw_if_integer_div_error(inductor_cpu_integer_div_error);
V1005 21:10:03.704000 28 torch/_inductor/graph.py:3114] [0/0] [__output_code] }
V1005 21:10:03.704000 28 torch/_inductor/graph.py:3114] [0/0] [__output_code] ''')
V1005 21:10:03.704000 28 torch/_inductor/graph.py:3114] [0/0] [__output_code] 
V1005 21:10:03.704000 28 torch/_inductor/graph.py:3114] [0/0] [__output_code] 
V1005 21:10:03.704000 28 torch/_inductor/graph.py:3114] [0/0] [__output_code] async_compile.wait(globals())
V1005 21:10:03.704000 28 torch/_inductor/graph.py:3114] [0/0] [__output_code] del async_compile
V1005 21:10:03.704000 28 torch/_inductor/graph.py:3114] [0/0] [__output_code] 
V1005 21:10:03.704000 28 torch/_inductor/graph.py:3114] [0/0] [__output_code] class Runner:
V1005 21:10:03.704000 28 torch/_inductor/graph.py:3114] [0/0] [__output_code]     def __init__(self, partitions):
V1005 21:10:03.704000 28 torch/_inductor/graph.py:3114] [0/0] [__output_code]         self.partitions = partitions
V1005 21:10:03.704000 28 torch/_inductor/graph.py:3114] [0/0] [__output_code] 
V1005 21:10:03.704000 28 torch/_inductor/graph.py:3114] [0/0] [__output_code]     def recursively_apply_fns(self, fns):
V1005 21:10:03.704000 28 torch/_inductor/graph.py:3114] [0/0] [__output_code]         new_callables = []
V1005 21:10:03.704000 28 torch/_inductor/graph.py:3114] [0/0] [__output_code]         for fn, c in zip(fns, self.partitions):
V1005 21:10:03.704000 28 torch/_inductor/graph.py:3114] [0/0] [__output_code]             new_callables.append(fn(c))
V1005 21:10:03.704000 28 torch/_inductor/graph.py:3114] [0/0] [__output_code]         self.partitions = new_callables
V1005 21:10:03.704000 28 torch/_inductor/graph.py:3114] [0/0] [__output_code] 
V1005 21:10:03.704000 28 torch/_inductor/graph.py:3114] [0/0] [__output_code]     def call(self, args):
V1005 21:10:03.704000 28 torch/_inductor/graph.py:3114] [0/0] [__output_code]         primals_1, primals_2, rsqrt, tangents_1 = args
V1005 21:10:03.704000 28 torch/_inductor/graph.py:3114] [0/0] [__output_code]         args.clear()
V1005 21:10:03.704000 28 torch/_inductor/graph.py:3114] [0/0] [__output_code]         assert_size_stride_grouped((tangents_1, primals_1, rsqrt), ((64, 256), (64, 256), (64, 1)), ((256, 1), (256, 1), (1, 1)), 'input')
V1005 21:10:03.704000 28 torch/_inductor/graph.py:3114] [0/0] [__output_code]         buf0 = empty_strided_cpu((1, 256), (256, 1), torch.float32)
V1005 21:10:03.704000 28 torch/_inductor/graph.py:3114] [0/0] [__output_code]         assert_size_stride(primals_2, (256, ), (1, ), 'input')
V1005 21:10:03.704000 28 torch/_inductor/graph.py:3114] [0/0] [__output_code]         buf1 = empty_strided_cpu((64, 1), (1, 64), torch.float32)
V1005 21:10:03.704000 28 torch/_inductor/graph.py:3114] [0/0] [__output_code]         buf2 = empty_strided_cpu((64, 256), (256, 1), torch.float32)
V1005 21:10:03.704000 28 torch/_inductor/graph.py:3114] [0/0] [__output_code]         cpp_fused_add_div_expand_mul_pow_sum_0(tangents_1, primals_1, rsqrt, primals_2, buf0, buf1, buf2)
V1005 21:10:03.704000 28 torch/_inductor/graph.py:3114] [0/0] [__output_code]         del buf1
V1005 21:10:03.704000 28 torch/_inductor/graph.py:3114] [0/0] [__output_code]         del primals_1
V1005 21:10:03.704000 28 torch/_inductor/graph.py:3114] [0/0] [__output_code]         del primals_2
V1005 21:10:03.704000 28 torch/_inductor/graph.py:3114] [0/0] [__output_code]         del rsqrt
V1005 21:10:03.704000 28 torch/_inductor/graph.py:3114] [0/0] [__output_code]         del tangents_1
V1005 21:10:03.704000 28 torch/_inductor/graph.py:3114] [0/0] [__output_code]         return (buf2, reinterpret_tensor(buf0, (256, ), (1, ), 0), )
V1005 21:10:03.704000 28 torch/_inductor/graph.py:3114] [0/0] [__output_code] 
V1005 21:10:03.704000 28 torch/_inductor/graph.py:3114] [0/0] [__output_code] runner = Runner(partitions=[])
V1005 21:10:03.704000 28 torch/_inductor/graph.py:3114] [0/0] [__output_code] call = runner.call
V1005 21:10:03.704000 28 torch/_inductor/graph.py:3114] [0/0] [__output_code] recursively_apply_fns = runner.recursively_apply_fns
V1005 21:10:03.704000 28 torch/_inductor/graph.py:3114] [0/0] [__output_code] 
V1005 21:10:03.704000 28 torch/_inductor/graph.py:3114] [0/0] [__output_code] 
V1005 21:10:03.704000 28 torch/_inductor/graph.py:3114] [0/0] [__output_code] def get_args():
V1005 21:10:03.704000 28 torch/_inductor/graph.py:3114] [0/0] [__output_code]     from torch._dynamo.testing import rand_strided
V1005 21:10:03.704000 28 torch/_inductor/graph.py:3114] [0/0] [__output_code]     primals_1 = rand_strided((64, 256), (256, 1), device='cpu', dtype=torch.float32)
V1005 21:10:03.704000 28 torch/_inductor/graph.py:3114] [0/0] [__output_code]     primals_2 = rand_strided((256, ), (1, ), device='cpu', dtype=torch.float32)
V1005 21:10:03.704000 28 torch/_inductor/graph.py:3114] [0/0] [__output_code]     rsqrt = rand_strided((64, 1), (1, 1), device='cpu', dtype=torch.float32)
V1005 21:10:03.704000 28 torch/_inductor/graph.py:3114] [0/0] [__output_code]     tangents_1 = rand_strided((64, 256), (256, 1), device='cpu', dtype=torch.float32)
V1005 21:10:03.704000 28 torch/_inductor/graph.py:3114] [0/0] [__output_code]     return [primals_1, primals_2, rsqrt, tangents_1]
V1005 21:10:03.704000 28 torch/_inductor/graph.py:3114] [0/0] [__output_code] 
V1005 21:10:03.704000 28 torch/_inductor/graph.py:3114] [0/0] [__output_code] 
V1005 21:10:03.704000 28 torch/_inductor/graph.py:3114] [0/0] [__output_code] def benchmark_compiled_module(args, times=10, repeat=10):
V1005 21:10:03.704000 28 torch/_inductor/graph.py:3114] [0/0] [__output_code]     from torch._inductor.utils import print_performance
V1005 21:10:03.704000 28 torch/_inductor/graph.py:3114] [0/0] [__output_code]     fn = lambda: call(list(args))
V1005 21:10:03.704000 28 torch/_inductor/graph.py:3114] [0/0] [__output_code]     return print_performance(fn, times=times, repeat=repeat, device='cpu')
V1005 21:10:03.704000 28 torch/_inductor/graph.py:3114] [0/0] [__output_code] 
V1005 21:10:03.704000 28 torch/_inductor/graph.py:3114] [0/0] [__output_code] 
V1005 21:10:03.704000 28 torch/_inductor/graph.py:3114] [0/0] [__output_code] if __name__ == "__main__":
V1005 21:10:03.704000 28 torch/_inductor/graph.py:3114] [0/0] [__output_code]     from torch._inductor.wrapper_benchmark import compiled_module_main
V1005 21:10:03.704000 28 torch/_inductor/graph.py:3114] [0/0] [__output_code]     args = get_args()
V1005 21:10:03.704000 28 torch/_inductor/graph.py:3114] [0/0] [__output_code]     compiled_module_main('None', lambda times, repeat: benchmark_compiled_module(args, times=times, repeat=repeat))
V1005 21:10:03.704000 28 torch/_inductor/graph.py:3114] [0/0] [__output_code] 
V1005 21:10:03.709000 28 torch/_inductor/graph.py:3125] [0/0] [__output_code] Output code written to: /tmp/c5/df/cdfyal55owve23uyrqy66bmuvziud7o7dt52ejemz72ylgz7rvtj.py
I1005 21:10:04.089000 28 torch/_inductor/graph.py:3085] [0/0] [__output_code] Output code written to: /tmp/c5/df/cdfyal55owve23uyrqy66bmuvziud7o7dt52ejemz72ylgz7rvtj.py
