V1005 21:09:27.112000 59 torch/_dynamo/convert_frame.py:1726] [0/0] [__bytecode] ORIGINAL BYTECODE with_print /work/code/tc_programs.py line 11 
V1005 21:09:27.112000 59 torch/_dynamo/convert_frame.py:1726] [0/0] [__bytecode]  11           0 RESUME                   0
V1005 21:09:27.112000 59 torch/_dynamo/convert_frame.py:1726] [0/0] [__bytecode] 
V1005 21:09:27.112000 59 torch/_dynamo/convert_frame.py:1726] [0/0] [__bytecode]  12           2 LOAD_GLOBAL              1 (NULL + torch)
V1005 21:09:27.112000 59 torch/_dynamo/convert_frame.py:1726] [0/0] [__bytecode]              12 LOAD_ATTR                2 (softmax)
V1005 21:09:27.112000 59 torch/_dynamo/convert_frame.py:1726] [0/0] [__bytecode]              32 LOAD_FAST                0 (x)
V1005 21:09:27.112000 59 torch/_dynamo/convert_frame.py:1726] [0/0] [__bytecode]              34 LOAD_CONST               1 (0.125)
V1005 21:09:27.112000 59 torch/_dynamo/convert_frame.py:1726] [0/0] [__bytecode]              36 BINARY_OP                5 (*)
V1005 21:09:27.112000 59 torch/_dynamo/convert_frame.py:1726] [0/0] [__bytecode]              40 LOAD_CONST               2 (-1)
V1005 21:09:27.112000 59 torch/_dynamo/convert_frame.py:1726] [0/0] [__bytecode]              42 KW_NAMES                 3 (('dim',))
V1005 21:09:27.112000 59 torch/_dynamo/convert_frame.py:1726] [0/0] [__bytecode]              44 CALL                     2
V1005 21:09:27.112000 59 torch/_dynamo/convert_frame.py:1726] [0/0] [__bytecode]              52 STORE_FAST               1 (y)
V1005 21:09:27.112000 59 torch/_dynamo/convert_frame.py:1726] [0/0] [__bytecode] 
V1005 21:09:27.112000 59 torch/_dynamo/convert_frame.py:1726] [0/0] [__bytecode]  13          54 LOAD_GLOBAL              5 (NULL + print)
V1005 21:09:27.112000 59 torch/_dynamo/convert_frame.py:1726] [0/0] [__bytecode]              64 LOAD_CONST               4 ('max prob')
V1005 21:09:27.112000 59 torch/_dynamo/convert_frame.py:1726] [0/0] [__bytecode]              66 LOAD_CONST               5 ('(printed from Python)')
V1005 21:09:27.112000 59 torch/_dynamo/convert_frame.py:1726] [0/0] [__bytecode]              68 CALL                     2
V1005 21:09:27.112000 59 torch/_dynamo/convert_frame.py:1726] [0/0] [__bytecode]              76 POP_TOP
V1005 21:09:27.112000 59 torch/_dynamo/convert_frame.py:1726] [0/0] [__bytecode] 
V1005 21:09:27.112000 59 torch/_dynamo/convert_frame.py:1726] [0/0] [__bytecode]  14          78 LOAD_FAST                1 (y)
V1005 21:09:27.112000 59 torch/_dynamo/convert_frame.py:1726] [0/0] [__bytecode]              80 LOAD_ATTR                7 (NULL|self + sum)
V1005 21:09:27.112000 59 torch/_dynamo/convert_frame.py:1726] [0/0] [__bytecode]             100 LOAD_CONST               2 (-1)
V1005 21:09:27.112000 59 torch/_dynamo/convert_frame.py:1726] [0/0] [__bytecode]             102 KW_NAMES                 3 (('dim',))
V1005 21:09:27.112000 59 torch/_dynamo/convert_frame.py:1726] [0/0] [__bytecode]             104 CALL                     1
V1005 21:09:27.112000 59 torch/_dynamo/convert_frame.py:1726] [0/0] [__bytecode]             112 RETURN_VALUE
V1005 21:09:27.112000 59 torch/_dynamo/convert_frame.py:1726] [0/0] [__bytecode] 
V1005 21:09:27.112000 59 torch/_dynamo/convert_frame.py:1726] [0/0] [__bytecode] 
V1005 21:09:27.172000 59 torch/_dynamo/symbolic_convert.py:5368] [0/0] [__graph_breaks] Graph break in user code at /work/code/tc_programs.py:13
V1005 21:09:27.172000 59 torch/_dynamo/symbolic_convert.py:5368] [0/0] [__graph_breaks] Graph Break Reason: Encountered graph break when attempting to trace CALL: a function call, e.g. f(x, y):
V1005 21:09:27.172000 59 torch/_dynamo/symbolic_convert.py:5368] [0/0] [__graph_breaks] 
V1005 21:09:27.172000 59 torch/_dynamo/symbolic_convert.py:5368] [0/0] [__graph_breaks] Failed to trace builtin operator
V1005 21:09:27.172000 59 torch/_dynamo/symbolic_convert.py:5368] [0/0] [__graph_breaks]   Explanation: Dynamo does not know how to trace builtin operator `print` with argument types ['str', 'str'] (has_kwargs False)
V1005 21:09:27.172000 59 torch/_dynamo/symbolic_convert.py:5368] [0/0] [__graph_breaks]   Hint: Avoid calling builtin `print` with argument types ['str', 'str']. Consider using an equivalent alternative function/method to `print`.
V1005 21:09:27.172000 59 torch/_dynamo/symbolic_convert.py:5368] [0/0] [__graph_breaks]   Hint: If you are attempting to call a logging function (e.g. `print`), you can try adding it to `torch._dynamo.config.reorderable_logging_functions`.
V1005 21:09:27.172000 59 torch/_dynamo/symbolic_convert.py:5368] [0/0] [__graph_breaks]   Hint: Please report an issue to PyTorch.
V1005 21:09:27.172000 59 torch/_dynamo/symbolic_convert.py:5368] [0/0] [__graph_breaks] 
V1005 21:09:27.172000 59 torch/_dynamo/symbolic_convert.py:5368] [0/0] [__graph_breaks]   Developer debug context: builtin print [<class 'torch._dynamo.variables.constant.ConstantVariable'>, <class 'torch._dynamo.variables.constant.ConstantVariable'>] False
V1005 21:09:27.172000 59 torch/_dynamo/symbolic_convert.py:5368] [0/0] [__graph_breaks] 
V1005 21:09:27.172000 59 torch/_dynamo/symbolic_convert.py:5368] [0/0] [__graph_breaks]  For more details about this graph break, please visit: https://meta-pytorch.github.io/compile-graph-break-site/gb/gb0059.html
V1005 21:09:27.172000 59 torch/_dynamo/symbolic_convert.py:5368] [0/0] [__graph_breaks] 
V1005 21:09:27.172000 59 torch/_dynamo/symbolic_convert.py:5368] [0/0] [__graph_breaks] User code traceback:
V1005 21:09:27.172000 59 torch/_dynamo/symbolic_convert.py:5368] [0/0] [__graph_breaks]   File "/work/code/tc_programs.py", line 57, in <module>
V1005 21:09:27.172000 59 torch/_dynamo/symbolic_convert.py:5368] [0/0] [__graph_breaks]     f(torch.randn(rows, 256))
V1005 21:09:27.172000 59 torch/_dynamo/symbolic_convert.py:5368] [0/0] [__graph_breaks]   File "/work/code/tc_programs.py", line 13, in with_print
V1005 21:09:27.172000 59 torch/_dynamo/symbolic_convert.py:5368] [0/0] [__graph_breaks]     print("max prob", "(printed from Python)")
V1005 21:09:27.172000 59 torch/_dynamo/symbolic_convert.py:5368] [0/0] [__graph_breaks] 
V1005 21:09:27.182000 59 torch/_dynamo/output_graph.py:2936] [0/0_1] [__graph_code] TRACED GRAPH
V1005 21:09:27.182000 59 torch/_dynamo/output_graph.py:2936] [0/0_1] [__graph_code]  ===== __compiled_fn_2_bd7a2812_1333_40d1_8b81_ce6fcac16e02 =====
V1005 21:09:27.182000 59 torch/_dynamo/output_graph.py:2936] [0/0_1] [__graph_code]  /opt/venv/lib/python3.12/site-packages/torch/fx/_lazy_graph_module.py class GraphModule(torch.nn.Module):
V1005 21:09:27.182000 59 torch/_dynamo/output_graph.py:2936] [0/0_1] [__graph_code]     def forward(self, L_x_: "f32[64, 256][256, 1]cpu"):
V1005 21:09:27.182000 59 torch/_dynamo/output_graph.py:2936] [0/0_1] [__graph_code]         l_x_ = L_x_
V1005 21:09:27.182000 59 torch/_dynamo/output_graph.py:2936] [0/0_1] [__graph_code] 
V1005 21:09:27.182000 59 torch/_dynamo/output_graph.py:2936] [0/0_1] [__graph_code]         # File: /work/code/tc_programs.py:12 in with_print, code: y = torch.softmax(x * 0.125, dim=-1)
V1005 21:09:27.182000 59 torch/_dynamo/output_graph.py:2936] [0/0_1] [__graph_code]         mul: "f32[64, 256][256, 1]cpu" = l_x_ * 0.125;  l_x_ = None
V1005 21:09:27.182000 59 torch/_dynamo/output_graph.py:2936] [0/0_1] [__graph_code]         y: "f32[64, 256][256, 1]cpu" = torch.softmax(mul, dim = -1);  mul = None
V1005 21:09:27.182000 59 torch/_dynamo/output_graph.py:2936] [0/0_1] [__graph_code]         return (y,)
V1005 21:09:27.182000 59 torch/_dynamo/output_graph.py:2936] [0/0_1] [__graph_code] 
V1005 21:09:27.182000 59 torch/_dynamo/output_graph.py:2936] [0/0_1] [__graph_code] 
V1005 21:09:30.164000 59 torch/_dynamo/convert_frame.py:1726] [0/0_1] [__bytecode] MODIFIED BYTECODE with_print /work/code/tc_programs.py line 11 
V1005 21:09:30.164000 59 torch/_dynamo/convert_frame.py:1726] [0/0_1] [__bytecode]  11           0 RESUME                   0
V1005 21:09:30.164000 59 torch/_dynamo/convert_frame.py:1726] [0/0_1] [__bytecode]               2 LOAD_GLOBAL             11 (NULL + __compiled_fn_2_bd7a2812_1333_40d1_8b81_ce6fcac16e02)
V1005 21:09:30.164000 59 torch/_dynamo/convert_frame.py:1726] [0/0_1] [__bytecode]              12 LOAD_GLOBAL             13 (NULL + __import_torch_dot__dynamo_dot_utils)
V1005 21:09:30.164000 59 torch/_dynamo/convert_frame.py:1726] [0/0_1] [__bytecode]              22 LOAD_ATTR               14 (record_pregraph_bytecode_enter)
V1005 21:09:30.164000 59 torch/_dynamo/convert_frame.py:1726] [0/0_1] [__bytecode]              42 COPY                     1
V1005 21:09:30.164000 59 torch/_dynamo/convert_frame.py:1726] [0/0_1] [__bytecode]              44 STORE_FAST               3 (tmp_1)
V1005 21:09:30.164000 59 torch/_dynamo/convert_frame.py:1726] [0/0_1] [__bytecode]              46 CALL                     0
V1005 21:09:30.164000 59 torch/_dynamo/convert_frame.py:1726] [0/0_1] [__bytecode]              54 STORE_FAST               4 (tmp_2)
V1005 21:09:30.164000 59 torch/_dynamo/convert_frame.py:1726] [0/0_1] [__bytecode]              56 LOAD_FAST                0 (x)
V1005 21:09:30.164000 59 torch/_dynamo/convert_frame.py:1726] [0/0_1] [__bytecode]              58 LOAD_GLOBAL             13 (NULL + __import_torch_dot__dynamo_dot_utils)
V1005 21:09:30.164000 59 torch/_dynamo/convert_frame.py:1726] [0/0_1] [__bytecode]              68 LOAD_ATTR               16 (record_pregraph_bytecode_exit)
V1005 21:09:30.164000 59 torch/_dynamo/convert_frame.py:1726] [0/0_1] [__bytecode]              88 COPY                     1
V1005 21:09:30.164000 59 torch/_dynamo/convert_frame.py:1726] [0/0_1] [__bytecode]              90 STORE_FAST               5 (tmp_3)
V1005 21:09:30.164000 59 torch/_dynamo/convert_frame.py:1726] [0/0_1] [__bytecode]              92 LOAD_FAST                4 (tmp_2)
V1005 21:09:30.164000 59 torch/_dynamo/convert_frame.py:1726] [0/0_1] [__bytecode]              94 CALL                     1
V1005 21:09:30.164000 59 torch/_dynamo/convert_frame.py:1726] [0/0_1] [__bytecode]             102 POP_TOP
V1005 21:09:30.164000 59 torch/_dynamo/convert_frame.py:1726] [0/0_1] [__bytecode]             104 CALL                     1
V1005 21:09:30.164000 59 torch/_dynamo/convert_frame.py:1726] [0/0_1] [__bytecode]             112 STORE_FAST               2 (graph_out_0)
V1005 21:09:30.164000 59 torch/_dynamo/convert_frame.py:1726] [0/0_1] [__bytecode]             114 BUILD_TUPLE              0
V1005 21:09:30.164000 59 torch/_dynamo/convert_frame.py:1726] [0/0_1] [__bytecode]             116 BUILD_LIST               1
V1005 21:09:30.164000 59 torch/_dynamo/convert_frame.py:1726] [0/0_1] [__bytecode]             118 PUSH_NULL
V1005 21:09:30.164000 59 torch/_dynamo/convert_frame.py:1726] [0/0_1] [__bytecode]             120 LOAD_GLOBAL              8 (__builtins_dict___1)
V1005 21:09:30.164000 59 torch/_dynamo/convert_frame.py:1726] [0/0_1] [__bytecode]             130 LOAD_CONST               6 ('print')
V1005 21:09:30.164000 59 torch/_dynamo/convert_frame.py:1726] [0/0_1] [__bytecode]             132 BINARY_SUBSCR
V1005 21:09:30.164000 59 torch/_dynamo/convert_frame.py:1726] [0/0_1] [__bytecode]             136 LOAD_CONST               4 ('max prob')
V1005 21:09:30.164000 59 torch/_dynamo/convert_frame.py:1726] [0/0_1] [__bytecode]             138 LOAD_CONST               5 ('(printed from Python)')
V1005 21:09:30.164000 59 torch/_dynamo/convert_frame.py:1726] [0/0_1] [__bytecode]             140 LOAD_FAST                2 (graph_out_0)
V1005 21:09:30.164000 59 torch/_dynamo/convert_frame.py:1726] [0/0_1] [__bytecode]             142 LOAD_CONST               7 (0)
V1005 21:09:30.164000 59 torch/_dynamo/convert_frame.py:1726] [0/0_1] [__bytecode]             144 BINARY_SUBSCR
V1005 21:09:30.164000 59 torch/_dynamo/convert_frame.py:1726] [0/0_1] [__bytecode]             148 BUILD_LIST               1
V1005 21:09:30.164000 59 torch/_dynamo/convert_frame.py:1726] [0/0_1] [__bytecode]             150 COPY                     1
V1005 21:09:30.164000 59 torch/_dynamo/convert_frame.py:1726] [0/0_1] [__bytecode]             152 LOAD_CONST               7 (0)
V1005 21:09:30.164000 59 torch/_dynamo/convert_frame.py:1726] [0/0_1] [__bytecode]             154 LOAD_CONST               8 (1)
V1005 21:09:30.164000 59 torch/_dynamo/convert_frame.py:1726] [0/0_1] [__bytecode]             156 BINARY_SLICE
V1005 21:09:30.164000 59 torch/_dynamo/convert_frame.py:1726] [0/0_1] [__bytecode]             158 SWAP                     2
V1005 21:09:30.164000 59 torch/_dynamo/convert_frame.py:1726] [0/0_1] [__bytecode]             160 BUILD_LIST               0
V1005 21:09:30.164000 59 torch/_dynamo/convert_frame.py:1726] [0/0_1] [__bytecode]             162 LIST_EXTEND              2
V1005 21:09:30.164000 59 torch/_dynamo/convert_frame.py:1726] [0/0_1] [__bytecode]             164 POP_TOP
V1005 21:09:30.164000 59 torch/_dynamo/convert_frame.py:1726] [0/0_1] [__bytecode]             166 BUILD_LIST               1
V1005 21:09:30.164000 59 torch/_dynamo/convert_frame.py:1726] [0/0_1] [__bytecode]             168 SWAP                     5
V1005 21:09:30.164000 59 torch/_dynamo/convert_frame.py:1726] [0/0_1] [__bytecode]             170 SWAP                     4
V1005 21:09:30.164000 59 torch/_dynamo/convert_frame.py:1726] [0/0_1] [__bytecode]             172 SWAP                     3
V1005 21:09:30.164000 59 torch/_dynamo/convert_frame.py:1726] [0/0_1] [__bytecode]             174 SWAP                     2
V1005 21:09:30.164000 59 torch/_dynamo/convert_frame.py:1726] [0/0_1] [__bytecode]             176 DELETE_FAST              2 (graph_out_0)
V1005 21:09:30.164000 59 torch/_dynamo/convert_frame.py:1726] [0/0_1] [__bytecode] 
V1005 21:09:30.164000 59 torch/_dynamo/convert_frame.py:1726] [0/0_1] [__bytecode]  13         178 CALL                     2
V1005 21:09:30.164000 59 torch/_dynamo/convert_frame.py:1726] [0/0_1] [__bytecode]             186 BUILD_LIST               1
V1005 21:09:30.164000 59 torch/_dynamo/convert_frame.py:1726] [0/0_1] [__bytecode]             188 COPY                     2
V1005 21:09:30.164000 59 torch/_dynamo/convert_frame.py:1726] [0/0_1] [__bytecode]             190 LOAD_CONST               7 (0)
V1005 21:09:30.164000 59 torch/_dynamo/convert_frame.py:1726] [0/0_1] [__bytecode]             192 BINARY_SUBSCR
V1005 21:09:30.164000 59 torch/_dynamo/convert_frame.py:1726] [0/0_1] [__bytecode]             196 LOAD_CONST               7 (0)
V1005 21:09:30.164000 59 torch/_dynamo/convert_frame.py:1726] [0/0_1] [__bytecode]             198 LOAD_CONST               7 (0)
V1005 21:09:30.164000 59 torch/_dynamo/convert_frame.py:1726] [0/0_1] [__bytecode]             200 STORE_SLICE
V1005 21:09:30.164000 59 torch/_dynamo/convert_frame.py:1726] [0/0_1] [__bytecode]             202 COPY                     1
V1005 21:09:30.164000 59 torch/_dynamo/convert_frame.py:1726] [0/0_1] [__bytecode]             204 LOAD_CONST               7 (0)
V1005 21:09:30.164000 59 torch/_dynamo/convert_frame.py:1726] [0/0_1] [__bytecode]             206 BINARY_SUBSCR
V1005 21:09:30.164000 59 torch/_dynamo/convert_frame.py:1726] [0/0_1] [__bytecode]             210 SWAP                     2
V1005 21:09:30.164000 59 torch/_dynamo/convert_frame.py:1726] [0/0_1] [__bytecode]             212 POP_TOP
V1005 21:09:30.164000 59 torch/_dynamo/convert_frame.py:1726] [0/0_1] [__bytecode]             214 BUILD_LIST               1
V1005 21:09:30.164000 59 torch/_dynamo/convert_frame.py:1726] [0/0_1] [__bytecode]             216 SWAP                     2
V1005 21:09:30.164000 59 torch/_dynamo/convert_frame.py:1726] [0/0_1] [__bytecode]             218 COPY                     1
V1005 21:09:30.164000 59 torch/_dynamo/convert_frame.py:1726] [0/0_1] [__bytecode]             220 LOAD_CONST               7 (0)
V1005 21:09:30.164000 59 torch/_dynamo/convert_frame.py:1726] [0/0_1] [__bytecode]             222 BINARY_SUBSCR
V1005 21:09:30.164000 59 torch/_dynamo/convert_frame.py:1726] [0/0_1] [__bytecode]             226 SWAP                     2
V1005 21:09:30.164000 59 torch/_dynamo/convert_frame.py:1726] [0/0_1] [__bytecode]             228 POP_TOP
V1005 21:09:30.164000 59 torch/_dynamo/convert_frame.py:1726] [0/0_1] [__bytecode]             230 BUILD_LIST               1
V1005 21:09:30.164000 59 torch/_dynamo/convert_frame.py:1726] [0/0_1] [__bytecode]             232 SWAP                     2
V1005 21:09:30.164000 59 torch/_dynamo/convert_frame.py:1726] [0/0_1] [__bytecode]             234 COPY                     1
V1005 21:09:30.164000 59 torch/_dynamo/convert_frame.py:1726] [0/0_1] [__bytecode]             236 LOAD_CONST               7 (0)
V1005 21:09:30.164000 59 torch/_dynamo/convert_frame.py:1726] [0/0_1] [__bytecode]             238 BINARY_SUBSCR
V1005 21:09:30.164000 59 torch/_dynamo/convert_frame.py:1726] [0/0_1] [__bytecode]             242 COPY                     1
V1005 21:09:30.164000 59 torch/_dynamo/convert_frame.py:1726] [0/0_1] [__bytecode]             244 COPY                     1
V1005 21:09:30.164000 59 torch/_dynamo/convert_frame.py:1726] [0/0_1] [__bytecode]             246 LOAD_CONST               8 (1)
V1005 21:09:30.164000 59 torch/_dynamo/convert_frame.py:1726] [0/0_1] [__bytecode]             248 BINARY_SUBSCR
V1005 21:09:30.164000 59 torch/_dynamo/convert_frame.py:1726] [0/0_1] [__bytecode]             252 SWAP                     2
V1005 21:09:30.164000 59 torch/_dynamo/convert_frame.py:1726] [0/0_1] [__bytecode]             254 POP_TOP
V1005 21:09:30.164000 59 torch/_dynamo/convert_frame.py:1726] [0/0_1] [__bytecode]             256 BUILD_LIST               1
V1005 21:09:30.164000 59 torch/_dynamo/convert_frame.py:1726] [0/0_1] [__bytecode]             258 SWAP                     2
V1005 21:09:30.164000 59 torch/_dynamo/convert_frame.py:1726] [0/0_1] [__bytecode]             260 LOAD_CONST               8 (1)
V1005 21:09:30.164000 59 torch/_dynamo/convert_frame.py:1726] [0/0_1] [__bytecode]             262 LOAD_CONST               0 (None)
V1005 21:09:30.164000 59 torch/_dynamo/convert_frame.py:1726] [0/0_1] [__bytecode]             264 STORE_SLICE
V1005 21:09:30.164000 59 torch/_dynamo/convert_frame.py:1726] [0/0_1] [__bytecode]             266 COPY                     2
V1005 21:09:30.164000 59 torch/_dynamo/convert_frame.py:1726] [0/0_1] [__bytecode]             268 POP_TOP
V1005 21:09:30.164000 59 torch/_dynamo/convert_frame.py:1726] [0/0_1] [__bytecode]             270 BUILD_LIST               0
V1005 21:09:30.164000 59 torch/_dynamo/convert_frame.py:1726] [0/0_1] [__bytecode]             272 SWAP                     3
V1005 21:09:30.164000 59 torch/_dynamo/convert_frame.py:1726] [0/0_1] [__bytecode]             274 POP_TOP
V1005 21:09:30.164000 59 torch/_dynamo/convert_frame.py:1726] [0/0_1] [__bytecode]             276 LOAD_GLOBAL             18 (__resume_at_76_3)
V1005 21:09:30.164000 59 torch/_dynamo/convert_frame.py:1726] [0/0_1] [__bytecode]             286 SWAP                     3
V1005 21:09:30.164000 59 torch/_dynamo/convert_frame.py:1726] [0/0_1] [__bytecode]             288 SWAP                     2
V1005 21:09:30.164000 59 torch/_dynamo/convert_frame.py:1726] [0/0_1] [__bytecode]             290 COPY                     1
V1005 21:09:30.164000 59 torch/_dynamo/convert_frame.py:1726] [0/0_1] [__bytecode]             292 COPY                     1
V1005 21:09:30.164000 59 torch/_dynamo/convert_frame.py:1726] [0/0_1] [__bytecode]             294 LOAD_CONST               2 (-1)
V1005 21:09:30.164000 59 torch/_dynamo/convert_frame.py:1726] [0/0_1] [__bytecode]             296 BINARY_SUBSCR
V1005 21:09:30.164000 59 torch/_dynamo/convert_frame.py:1726] [0/0_1] [__bytecode]             300 SWAP                     2
V1005 21:09:30.164000 59 torch/_dynamo/convert_frame.py:1726] [0/0_1] [__bytecode]             302 LOAD_CONST               2 (-1)
V1005 21:09:30.164000 59 torch/_dynamo/convert_frame.py:1726] [0/0_1] [__bytecode]             304 DELETE_SUBSCR
V1005 21:09:30.164000 59 torch/_dynamo/convert_frame.py:1726] [0/0_1] [__bytecode]             306 SWAP                     3
V1005 21:09:30.164000 59 torch/_dynamo/convert_frame.py:1726] [0/0_1] [__bytecode]             308 SWAP                     2
V1005 21:09:30.164000 59 torch/_dynamo/convert_frame.py:1726] [0/0_1] [__bytecode]             310 BUILD_LIST               2
V1005 21:09:30.164000 59 torch/_dynamo/convert_frame.py:1726] [0/0_1] [__bytecode]             312 SWAP                     2
V1005 21:09:30.164000 59 torch/_dynamo/convert_frame.py:1726] [0/0_1] [__bytecode]             314 LIST_EXTEND              1
V1005 21:09:30.164000 59 torch/_dynamo/convert_frame.py:1726] [0/0_1] [__bytecode]             316 PUSH_NULL
V1005 21:09:30.164000 59 torch/_dynamo/convert_frame.py:1726] [0/0_1] [__bytecode]             318 SWAP                     3
V1005 21:09:30.164000 59 torch/_dynamo/convert_frame.py:1726] [0/0_1] [__bytecode]             320 SWAP                     2
V1005 21:09:30.164000 59 torch/_dynamo/convert_frame.py:1726] [0/0_1] [__bytecode]             322 CALL_FUNCTION_EX         0
V1005 21:09:30.164000 59 torch/_dynamo/convert_frame.py:1726] [0/0_1] [__bytecode]             324 RETURN_VALUE
V1005 21:09:30.164000 59 torch/_dynamo/convert_frame.py:1726] [0/0_1] [__bytecode] 
V1005 21:09:30.164000 59 torch/_dynamo/convert_frame.py:1726] [0/0_1] [__bytecode] 
V1005 21:09:30.196000 59 torch/_dynamo/convert_frame.py:1726] [1/0] [__bytecode] ORIGINAL BYTECODE torch_dynamo_resume_in_with_print_at_13 /work/code/tc_programs.py line 13 
V1005 21:09:30.196000 59 torch/_dynamo/convert_frame.py:1726] [1/0] [__bytecode]  13           0 RESUME                   0
V1005 21:09:30.196000 59 torch/_dynamo/convert_frame.py:1726] [1/0] [__bytecode]               2 LOAD_CONST               6 (True)
V1005 21:09:30.196000 59 torch/_dynamo/convert_frame.py:1726] [1/0] [__bytecode]               4 STORE_FAST               5 (__is_tracing_resume_prologue)
V1005 21:09:30.196000 59 torch/_dynamo/convert_frame.py:1726] [1/0] [__bytecode]               6 LOAD_FAST                2 (___stack0)
V1005 21:09:30.196000 59 torch/_dynamo/convert_frame.py:1726] [1/0] [__bytecode]               8 LOAD_CONST               7 (False)
V1005 21:09:30.196000 59 torch/_dynamo/convert_frame.py:1726] [1/0] [__bytecode]              10 STORE_FAST               5 (__is_tracing_resume_prologue)
V1005 21:09:30.196000 59 torch/_dynamo/convert_frame.py:1726] [1/0] [__bytecode]              12 JUMP_FORWARD            38 (to 90)
V1005 21:09:30.196000 59 torch/_dynamo/convert_frame.py:1726] [1/0] [__bytecode]              14 RESUME                   0
V1005 21:09:30.196000 59 torch/_dynamo/convert_frame.py:1726] [1/0] [__bytecode]              16 LOAD_GLOBAL              1 (NULL + torch)
V1005 21:09:30.196000 59 torch/_dynamo/convert_frame.py:1726] [1/0] [__bytecode]              26 LOAD_ATTR                2 (softmax)
V1005 21:09:30.196000 59 torch/_dynamo/convert_frame.py:1726] [1/0] [__bytecode]              46 LOAD_FAST                4 (x)
V1005 21:09:30.196000 59 torch/_dynamo/convert_frame.py:1726] [1/0] [__bytecode]              48 LOAD_CONST               1 (0.125)
V1005 21:09:30.196000 59 torch/_dynamo/convert_frame.py:1726] [1/0] [__bytecode]              50 BINARY_OP                5 (*)
V1005 21:09:30.196000 59 torch/_dynamo/convert_frame.py:1726] [1/0] [__bytecode]              54 LOAD_CONST               2 (-1)
V1005 21:09:30.196000 59 torch/_dynamo/convert_frame.py:1726] [1/0] [__bytecode]              56 KW_NAMES                 3 (('dim',))
V1005 21:09:30.196000 59 torch/_dynamo/convert_frame.py:1726] [1/0] [__bytecode]              58 CALL                     2
V1005 21:09:30.196000 59 torch/_dynamo/convert_frame.py:1726] [1/0] [__bytecode]              66 STORE_FAST               3 (y)
V1005 21:09:30.196000 59 torch/_dynamo/convert_frame.py:1726] [1/0] [__bytecode]              68 LOAD_GLOBAL              5 (NULL + print)
V1005 21:09:30.196000 59 torch/_dynamo/convert_frame.py:1726] [1/0] [__bytecode]              78 LOAD_CONST               4 ('max prob')
V1005 21:09:30.196000 59 torch/_dynamo/convert_frame.py:1726] [1/0] [__bytecode]              80 LOAD_CONST               5 ('(printed from Python)')
V1005 21:09:30.196000 59 torch/_dynamo/convert_frame.py:1726] [1/0] [__bytecode]              82 CALL                     2
V1005 21:09:30.196000 59 torch/_dynamo/convert_frame.py:1726] [1/0] [__bytecode]         >>   90 POP_TOP
V1005 21:09:30.196000 59 torch/_dynamo/convert_frame.py:1726] [1/0] [__bytecode] 
V1005 21:09:30.196000 59 torch/_dynamo/convert_frame.py:1726] [1/0] [__bytecode]  14          92 LOAD_FAST                3 (y)
V1005 21:09:30.196000 59 torch/_dynamo/convert_frame.py:1726] [1/0] [__bytecode]              94 LOAD_ATTR                6 (sum)
V1005 21:09:30.196000 59 torch/_dynamo/convert_frame.py:1726] [1/0] [__bytecode]             114 PUSH_NULL
V1005 21:09:30.196000 59 torch/_dynamo/convert_frame.py:1726] [1/0] [__bytecode]             116 SWAP                     2
V1005 21:09:30.196000 59 torch/_dynamo/convert_frame.py:1726] [1/0] [__bytecode]             118 LOAD_CONST               2 (-1)
V1005 21:09:30.196000 59 torch/_dynamo/convert_frame.py:1726] [1/0] [__bytecode]             120 KW_NAMES                 3 (('dim',))
V1005 21:09:30.196000 59 torch/_dynamo/convert_frame.py:1726] [1/0] [__bytecode]             122 CALL                     1
V1005 21:09:30.196000 59 torch/_dynamo/convert_frame.py:1726] [1/0] [__bytecode]             130 RETURN_VALUE
V1005 21:09:30.196000 59 torch/_dynamo/convert_frame.py:1726] [1/0] [__bytecode] 
V1005 21:09:30.196000 59 torch/_dynamo/convert_frame.py:1726] [1/0] [__bytecode] 
V1005 21:09:30.212000 59 torch/_dynamo/output_graph.py:2936] [1/0] [__graph_code] TRACED GRAPH
V1005 21:09:30.212000 59 torch/_dynamo/output_graph.py:2936] [1/0] [__graph_code]  ===== __compiled_fn_5_4b3eb342_28d1_4236_af52_e14f3adffabd =====
V1005 21:09:30.212000 59 torch/_dynamo/output_graph.py:2936] [1/0] [__graph_code]  /opt/venv/lib/python3.12/site-packages/torch/fx/_lazy_graph_module.py class GraphModule(torch.nn.Module):
V1005 21:09:30.212000 59 torch/_dynamo/output_graph.py:2936] [1/0] [__graph_code]     def forward(self, L_y_: "f32[64, 256][256, 1]cpu"):
V1005 21:09:30.212000 59 torch/_dynamo/output_graph.py:2936] [1/0] [__graph_code]         l_y_ = L_y_
V1005 21:09:30.212000 59 torch/_dynamo/output_graph.py:2936] [1/0] [__graph_code] 
V1005 21:09:30.212000 59 torch/_dynamo/output_graph.py:2936] [1/0] [__graph_code]         # File: /work/code/tc_programs.py:14 in torch_dynamo_resume_in_with_print_at_13, code: return y.sum(dim=-1)
V1005 21:09:30.212000 59 torch/_dynamo/output_graph.py:2936] [1/0] [__graph_code]         sum_1: "f32[64][1]cpu" = l_y_.sum(dim = -1);  l_y_ = None
V1005 21:09:30.212000 59 torch/_dynamo/output_graph.py:2936] [1/0] [__graph_code]         return (sum_1,)
V1005 21:09:30.212000 59 torch/_dynamo/output_graph.py:2936] [1/0] [__graph_code] 
V1005 21:09:30.212000 59 torch/_dynamo/output_graph.py:2936] [1/0] [__graph_code] 
V1005 21:09:30.644000 59 torch/_dynamo/convert_frame.py:1726] [1/0] [__bytecode] MODIFIED BYTECODE torch_dynamo_resume_in_with_print_at_13 /work/code/tc_programs.py line 13 
V1005 21:09:30.644000 59 torch/_dynamo/convert_frame.py:1726] [1/0] [__bytecode]  13           0 RESUME                   0
V1005 21:09:30.644000 59 torch/_dynamo/convert_frame.py:1726] [1/0] [__bytecode]               2 LOAD_GLOBAL              9 (NULL + __compiled_fn_5_4b3eb342_28d1_4236_af52_e14f3adffabd)
V1005 21:09:30.644000 59 torch/_dynamo/convert_frame.py:1726] [1/0] [__bytecode]              12 LOAD_GLOBAL             11 (NULL + __import_torch_dot__dynamo_dot_utils)
V1005 21:09:30.644000 59 torch/_dynamo/convert_frame.py:1726] [1/0] [__bytecode]              22 LOAD_ATTR               12 (record_pregraph_bytecode_enter)
V1005 21:09:30.644000 59 torch/_dynamo/convert_frame.py:1726] [1/0] [__bytecode]              42 COPY                     1
V1005 21:09:30.644000 59 torch/_dynamo/convert_frame.py:1726] [1/0] [__bytecode]              44 STORE_FAST               7 (tmp_1)
V1005 21:09:30.644000 59 torch/_dynamo/convert_frame.py:1726] [1/0] [__bytecode]              46 CALL                     0
V1005 21:09:30.644000 59 torch/_dynamo/convert_frame.py:1726] [1/0] [__bytecode]              54 STORE_FAST               8 (tmp_2)
V1005 21:09:30.644000 59 torch/_dynamo/convert_frame.py:1726] [1/0] [__bytecode]              56 LOAD_FAST                3 (y)
V1005 21:09:30.644000 59 torch/_dynamo/convert_frame.py:1726] [1/0] [__bytecode]              58 LOAD_GLOBAL             11 (NULL + __import_torch_dot__dynamo_dot_utils)
V1005 21:09:30.644000 59 torch/_dynamo/convert_frame.py:1726] [1/0] [__bytecode]              68 LOAD_ATTR               14 (record_pregraph_bytecode_exit)
V1005 21:09:30.644000 59 torch/_dynamo/convert_frame.py:1726] [1/0] [__bytecode]              88 COPY                     1
V1005 21:09:30.644000 59 torch/_dynamo/convert_frame.py:1726] [1/0] [__bytecode]              90 STORE_FAST               9 (tmp_3)
V1005 21:09:30.644000 59 torch/_dynamo/convert_frame.py:1726] [1/0] [__bytecode]              92 LOAD_FAST                8 (tmp_2)
V1005 21:09:30.644000 59 torch/_dynamo/convert_frame.py:1726] [1/0] [__bytecode]              94 CALL                     1
V1005 21:09:30.644000 59 torch/_dynamo/convert_frame.py:1726] [1/0] [__bytecode]             102 POP_TOP
V1005 21:09:30.644000 59 torch/_dynamo/convert_frame.py:1726] [1/0] [__bytecode]             104 CALL                     1
V1005 21:09:30.644000 59 torch/_dynamo/convert_frame.py:1726] [1/0] [__bytecode]             112 STORE_FAST               6 (graph_out_0)
V1005 21:09:30.644000 59 torch/_dynamo/convert_frame.py:1726] [1/0] [__bytecode]             114 BUILD_LIST               0
V1005 21:09:30.644000 59 torch/_dynamo/convert_frame.py:1726] [1/0] [__bytecode]             116 LOAD_FAST                6 (graph_out_0)
V1005 21:09:30.644000 59 torch/_dynamo/convert_frame.py:1726] [1/0] [__bytecode]             118 LOAD_CONST               8 (0)
V1005 21:09:30.644000 59 torch/_dynamo/convert_frame.py:1726] [1/0] [__bytecode]             120 BINARY_SUBSCR
V1005 21:09:30.644000 59 torch/_dynamo/convert_frame.py:1726] [1/0] [__bytecode]             124 BUILD_LIST               0
V1005 21:09:30.644000 59 torch/_dynamo/convert_frame.py:1726] [1/0] [__bytecode]             126 BUILD_LIST               0
V1005 21:09:30.644000 59 torch/_dynamo/convert_frame.py:1726] [1/0] [__bytecode]             128 SWAP                     2
V1005 21:09:30.644000 59 torch/_dynamo/convert_frame.py:1726] [1/0] [__bytecode]             130 BUILD_LIST               0
V1005 21:09:30.644000 59 torch/_dynamo/convert_frame.py:1726] [1/0] [__bytecode]             132 LIST_EXTEND              2
V1005 21:09:30.644000 59 torch/_dynamo/convert_frame.py:1726] [1/0] [__bytecode]             134 POP_TOP
V1005 21:09:30.644000 59 torch/_dynamo/convert_frame.py:1726] [1/0] [__bytecode]             136 BUILD_LIST               1
V1005 21:09:30.644000 59 torch/_dynamo/convert_frame.py:1726] [1/0] [__bytecode]             138 SWAP                     2
V1005 21:09:30.644000 59 torch/_dynamo/convert_frame.py:1726] [1/0] [__bytecode]             140 DELETE_FAST              6 (graph_out_0)
V1005 21:09:30.644000 59 torch/_dynamo/convert_frame.py:1726] [1/0] [__bytecode]             142 SWAP                     3
V1005 21:09:30.644000 59 torch/_dynamo/convert_frame.py:1726] [1/0] [__bytecode]             144 POP_TOP
V1005 21:09:30.644000 59 torch/_dynamo/convert_frame.py:1726] [1/0] [__bytecode]             146 POP_TOP
V1005 21:09:30.644000 59 torch/_dynamo/convert_frame.py:1726] [1/0] [__bytecode]             148 RETURN_VALUE
V1005 21:09:30.644000 59 torch/_dynamo/convert_frame.py:1726] [1/0] [__bytecode] 
V1005 21:09:30.644000 59 torch/_dynamo/convert_frame.py:1726] [1/0] [__bytecode] 
