V1005 21:07:05.874000 232 torch/_dynamo/convert_frame.py:1726] [0/0] [__bytecode] ORIGINAL BYTECODE attn_like /work/code/tc_programs.py line 8 
V1005 21:07:05.874000 232 torch/_dynamo/convert_frame.py:1726] [0/0] [__bytecode]   8           0 RESUME                   0
V1005 21:07:05.874000 232 torch/_dynamo/convert_frame.py:1726] [0/0] [__bytecode] 
V1005 21:07:05.874000 232 torch/_dynamo/convert_frame.py:1726] [0/0] [__bytecode]   9           2 LOAD_GLOBAL              1 (NULL + torch)
V1005 21:07:05.874000 232 torch/_dynamo/convert_frame.py:1726] [0/0] [__bytecode]              12 LOAD_ATTR                2 (softmax)
V1005 21:07:05.874000 232 torch/_dynamo/convert_frame.py:1726] [0/0] [__bytecode]              32 LOAD_FAST                0 (x)
V1005 21:07:05.874000 232 torch/_dynamo/convert_frame.py:1726] [0/0] [__bytecode]              34 LOAD_CONST               1 (0.125)
V1005 21:07:05.874000 232 torch/_dynamo/convert_frame.py:1726] [0/0] [__bytecode]              36 BINARY_OP                5 (*)
V1005 21:07:05.874000 232 torch/_dynamo/convert_frame.py:1726] [0/0] [__bytecode]              40 LOAD_CONST               2 (-1)
V1005 21:07:05.874000 232 torch/_dynamo/convert_frame.py:1726] [0/0] [__bytecode]              42 KW_NAMES                 3 (('dim',))
V1005 21:07:05.874000 232 torch/_dynamo/convert_frame.py:1726] [0/0] [__bytecode]              44 CALL                     2
V1005 21:07:05.874000 232 torch/_dynamo/convert_frame.py:1726] [0/0] [__bytecode]              52 LOAD_FAST                1 (w)
V1005 21:07:05.874000 232 torch/_dynamo/convert_frame.py:1726] [0/0] [__bytecode]              54 BINARY_OP                4 (@)
V1005 21:07:05.874000 232 torch/_dynamo/convert_frame.py:1726] [0/0] [__bytecode]              58 RETURN_VALUE
V1005 21:07:05.874000 232 torch/_dynamo/convert_frame.py:1726] [0/0] [__bytecode] 
V1005 21:07:05.874000 232 torch/_dynamo/convert_frame.py:1726] [0/0] [__bytecode] 
V1005 21:07:09.037000 232 torch/_dynamo/convert_frame.py:1726] [0/0] [__bytecode] MODIFIED BYTECODE attn_like /work/code/tc_programs.py line 8 
V1005 21:07:09.037000 232 torch/_dynamo/convert_frame.py:1726] [0/0] [__bytecode]   8           0 RESUME                   0
V1005 21:07:09.037000 232 torch/_dynamo/convert_frame.py:1726] [0/0] [__bytecode]               2 LOAD_GLOBAL              5 (NULL + __compiled_fn_1_e0167542_f4d9_4780_84bb_48179d867f99)
V1005 21:07:09.037000 232 torch/_dynamo/convert_frame.py:1726] [0/0] [__bytecode]              12 LOAD_GLOBAL              7 (NULL + __import_torch_dot__dynamo_dot_utils)
V1005 21:07:09.037000 232 torch/_dynamo/convert_frame.py:1726] [0/0] [__bytecode]              22 LOAD_ATTR                8 (record_pregraph_bytecode_enter)
V1005 21:07:09.037000 232 torch/_dynamo/convert_frame.py:1726] [0/0] [__bytecode]              42 COPY                     1
V1005 21:07:09.037000 232 torch/_dynamo/convert_frame.py:1726] [0/0] [__bytecode]              44 STORE_FAST               3 (tmp_1)
V1005 21:07:09.037000 232 torch/_dynamo/convert_frame.py:1726] [0/0] [__bytecode]              46 CALL                     0
V1005 21:07:09.037000 232 torch/_dynamo/convert_frame.py:1726] [0/0] [__bytecode]              54 STORE_FAST               4 (tmp_2)
V1005 21:07:09.037000 232 torch/_dynamo/convert_frame.py:1726] [0/0] [__bytecode]              56 LOAD_FAST                0 (x)
V1005 21:07:09.037000 232 torch/_dynamo/convert_frame.py:1726] [0/0] [__bytecode]              58 LOAD_FAST                1 (w)
V1005 21:07:09.037000 232 torch/_dynamo/convert_frame.py:1726] [0/0] [__bytecode]              60 LOAD_GLOBAL              7 (NULL + __import_torch_dot__dynamo_dot_utils)
V1005 21:07:09.037000 232 torch/_dynamo/convert_frame.py:1726] [0/0] [__bytecode]              70 LOAD_ATTR               10 (record_pregraph_bytecode_exit)
V1005 21:07:09.037000 232 torch/_dynamo/convert_frame.py:1726] [0/0] [__bytecode]              90 COPY                     1
V1005 21:07:09.037000 232 torch/_dynamo/convert_frame.py:1726] [0/0] [__bytecode]              92 STORE_FAST               5 (tmp_3)
V1005 21:07:09.037000 232 torch/_dynamo/convert_frame.py:1726] [0/0] [__bytecode]              94 LOAD_FAST                4 (tmp_2)
V1005 21:07:09.037000 232 torch/_dynamo/convert_frame.py:1726] [0/0] [__bytecode]              96 CALL                     1
V1005 21:07:09.037000 232 torch/_dynamo/convert_frame.py:1726] [0/0] [__bytecode]             104 POP_TOP
V1005 21:07:09.037000 232 torch/_dynamo/convert_frame.py:1726] [0/0] [__bytecode]             106 CALL                     2
V1005 21:07:09.037000 232 torch/_dynamo/convert_frame.py:1726] [0/0] [__bytecode]             114 STORE_FAST               2 (graph_out_0)
V1005 21:07:09.037000 232 torch/_dynamo/convert_frame.py:1726] [0/0] [__bytecode]             116 BUILD_LIST               0
V1005 21:07:09.037000 232 torch/_dynamo/convert_frame.py:1726] [0/0] [__bytecode]             118 LOAD_FAST                2 (graph_out_0)
V1005 21:07:09.037000 232 torch/_dynamo/convert_frame.py:1726] [0/0] [__bytecode]             120 LOAD_CONST               4 (0)
V1005 21:07:09.037000 232 torch/_dynamo/convert_frame.py:1726] [0/0] [__bytecode]             122 BINARY_SUBSCR
V1005 21:07:09.037000 232 torch/_dynamo/convert_frame.py:1726] [0/0] [__bytecode]             126 BUILD_LIST               0
V1005 21:07:09.037000 232 torch/_dynamo/convert_frame.py:1726] [0/0] [__bytecode]             128 BUILD_LIST               0
V1005 21:07:09.037000 232 torch/_dynamo/convert_frame.py:1726] [0/0] [__bytecode]             130 SWAP                     2
V1005 21:07:09.037000 232 torch/_dynamo/convert_frame.py:1726] [0/0] [__bytecode]             132 BUILD_LIST               0
V1005 21:07:09.037000 232 torch/_dynamo/convert_frame.py:1726] [0/0] [__bytecode]             134 LIST_EXTEND              2
V1005 21:07:09.037000 232 torch/_dynamo/convert_frame.py:1726] [0/0] [__bytecode]             136 POP_TOP
V1005 21:07:09.037000 232 torch/_dynamo/convert_frame.py:1726] [0/0] [__bytecode]             138 BUILD_LIST               1
V1005 21:07:09.037000 232 torch/_dynamo/convert_frame.py:1726] [0/0] [__bytecode]             140 SWAP                     2
V1005 21:07:09.037000 232 torch/_dynamo/convert_frame.py:1726] [0/0] [__bytecode]             142 DELETE_FAST              2 (graph_out_0)
V1005 21:07:09.037000 232 torch/_dynamo/convert_frame.py:1726] [0/0] [__bytecode]             144 SWAP                     3
V1005 21:07:09.037000 232 torch/_dynamo/convert_frame.py:1726] [0/0] [__bytecode]             146 POP_TOP
V1005 21:07:09.037000 232 torch/_dynamo/convert_frame.py:1726] [0/0] [__bytecode]             148 POP_TOP
V1005 21:07:09.037000 232 torch/_dynamo/convert_frame.py:1726] [0/0] [__bytecode]             150 RETURN_VALUE
V1005 21:07:09.037000 232 torch/_dynamo/convert_frame.py:1726] [0/0] [__bytecode] 
V1005 21:07:09.037000 232 torch/_dynamo/convert_frame.py:1726] [0/0] [__bytecode] 
