V1005 21:06:15.481000 31 torch/_dynamo/output_graph.py:2936] [0/0] [__graph_code] TRACED GRAPH
V1005 21:06:15.481000 31 torch/_dynamo/output_graph.py:2936] [0/0] [__graph_code]  ===== __compiled_fn_1_5bd28f4d_285b_4bee_9bc7_4d1b200b9466 =====
V1005 21:06:15.481000 31 torch/_dynamo/output_graph.py:2936] [0/0] [__graph_code]  /opt/venv/lib/python3.12/site-packages/torch/fx/_lazy_graph_module.py class GraphModule(torch.nn.Module):
V1005 21:06:15.481000 31 torch/_dynamo/output_graph.py:2936] [0/0] [__graph_code]     def forward(self, L_x_: "f32[64, 256][256, 1]cpu", L_w_: "f32[256, 32][32, 1]cpu"):
V1005 21:06:15.481000 31 torch/_dynamo/output_graph.py:2936] [0/0] [__graph_code]         l_x_ = L_x_
V1005 21:06:15.481000 31 torch/_dynamo/output_graph.py:2936] [0/0] [__graph_code]         l_w_ = L_w_
V1005 21:06:15.481000 31 torch/_dynamo/output_graph.py:2936] [0/0] [__graph_code] 
V1005 21:06:15.481000 31 torch/_dynamo/output_graph.py:2936] [0/0] [__graph_code]         # File: /work/code/tc_programs.py:9 in attn_like, code: return torch.softmax(x * 0.125, dim=-1) @ w
V1005 21:06:15.481000 31 torch/_dynamo/output_graph.py:2936] [0/0] [__graph_code]         mul: "f32[64, 256][256, 1]cpu" = l_x_ * 0.125;  l_x_ = None
V1005 21:06:15.481000 31 torch/_dynamo/output_graph.py:2936] [0/0] [__graph_code]         softmax: "f32[64, 256][256, 1]cpu" = torch.softmax(mul, dim = -1);  mul = None
V1005 21:06:15.481000 31 torch/_dynamo/output_graph.py:2936] [0/0] [__graph_code]         matmul: "f32[64, 32][32, 1]cpu" = softmax @ l_w_;  softmax = l_w_ = None
V1005 21:06:15.481000 31 torch/_dynamo/output_graph.py:2936] [0/0] [__graph_code]         return (matmul,)
V1005 21:06:15.481000 31 torch/_dynamo/output_graph.py:2936] [0/0] [__graph_code] 
V1005 21:06:15.481000 31 torch/_dynamo/output_graph.py:2936] [0/0] [__graph_code] 
V1005 21:06:22.011000 31 torch/_dynamo/guards.py:5014] [0/0] [__guards] GUARDS:
V1005 21:06:22.014000 31 torch/_dynamo/guards.py:4693] [0/0] [__guards] 
V1005 21:06:22.014000 31 torch/_dynamo/guards.py:4693] [0/0] [__guards] TREE_GUARD_MANAGER:
V1005 21:06:22.014000 31 torch/_dynamo/guards.py:4693] [0/0] [__guards] +- RootGuardManager
V1005 21:06:22.014000 31 torch/_dynamo/guards.py:4693] [0/0] [__guards] | +- LAMBDA_GUARD: torch._functorch.aot_autograd.utils.top_saved_tensors_hooks ids == None  # _dynamo/output_graph.py:1194 in init_ambient_guards
V1005 21:06:22.014000 31 torch/_dynamo/guards.py:4693] [0/0] [__guards] | +- GLOBAL_STATE: ___check_global_state() against {"allow_bf16_reduce":0,"allow_fp16_reduce":0,"allow_tf32":false,"autocast_state":{"cached_enabled":true,"dtype":[15,5,5,15,5,5,15,15,5,5],"enabled":[false,false,false,false,false,false,false,false,false,false]},"default_dtype":6,"deterministic_algorithms":false,"deterministic_algorithms_warn_only":false,"grad_mode":true,"num_threads":2,"torch_function":true,"torch_function_all_disabled":false}
V1005 21:06:22.014000 31 torch/_dynamo/guards.py:4693] [0/0] [__guards] | +- TORCH_FUNCTION_MODE_STACK: ___check_torch_function_mode_stack()
V1005 21:06:22.014000 31 torch/_dynamo/guards.py:4693] [0/0] [__guards] | +- DEFAULT_DEVICE: utils_device.CURRENT_DEVICE == None                           # _dynamo/output_graph.py:1181 in init_ambient_guards
V1005 21:06:22.014000 31 torch/_dynamo/guards.py:4693] [0/0] [__guards] | +- GuardManager: source=L['w'], accessed_by=FrameLocalsGuardAccessor(key='w', framelocals_idx=1), type=<class 'torch.Tensor'>, tag_safe=(False, False)
V1005 21:06:22.014000 31 torch/_dynamo/guards.py:4693] [0/0] [__guards] | | +- TENSOR_MATCH: check_tensor(L['w'], Tensor, DispatchKeySet(CPU, BackendSelect, ADInplaceOrView, AutogradCPU), torch.float32, device=None, requires_grad=False, size=[256, 32], stride=[32, 1])  # return torch.softmax(x * 0.125, dim=-1) @ w  # ork/code/tc_programs.py:9 in attn_like
V1005 21:06:22.014000 31 torch/_dynamo/guards.py:4693] [0/0] [__guards] | | +- DIMENSION_DYNAMIC_MARKING_GUARD: hasattr(L['w'], '_dynamo_dynamic_indices') == False           # return torch.softmax(x * 0.125, dim=-1) @ w  # ork/code/tc_programs.py:9 in attn_like
V1005 21:06:22.014000 31 torch/_dynamo/guards.py:4693] [0/0] [__guards] | | +- DIMENSION_DYNAMIC_MARKING_GUARD: hasattr(L['w'], '_dynamo_weak_dynamic_indices') == False      # return torch.softmax(x * 0.125, dim=-1) @ w  # ork/code/tc_programs.py:9 in attn_like
V1005 21:06:22.014000 31 torch/_dynamo/guards.py:4693] [0/0] [__guards] | | +- DIMENSION_DYNAMIC_MARKING_GUARD: hasattr(L['w'], '_dynamo_unbacked_indices') == False          # return torch.softmax(x * 0.125, dim=-1) @ w  # ork/code/tc_programs.py:9 in attn_like
V1005 21:06:22.014000 31 torch/_dynamo/guards.py:4693] [0/0] [__guards] | | +- DIMENSION_DYNAMIC_MARKING_GUARD: hasattr(L['w'], '_dynamo_strict_unbacked_indices') == False   # return torch.softmax(x * 0.125, dim=-1) @ w  # ork/code/tc_programs.py:9 in attn_like
V1005 21:06:22.014000 31 torch/_dynamo/guards.py:4693] [0/0] [__guards] | | +- DIMENSION_DYNAMIC_MARKING_GUARD: hasattr(L['w'], '_dynamo_static_indices') == False            # return torch.softmax(x * 0.125, dim=-1) @ w  # ork/code/tc_programs.py:9 in attn_like
V1005 21:06:22.014000 31 torch/_dynamo/guards.py:4693] [0/0] [__guards] | | +- NO_TENSOR_ALIASING: check_no_aliasing(L['w'], L['x'])
V1005 21:06:22.014000 31 torch/_dynamo/guards.py:4693] [0/0] [__guards] | +- GuardManager: source=L['x'], accessed_by=FrameLocalsGuardAccessor(key='x', framelocals_idx=0), type=<class 'torch.Tensor'>, tag_safe=(False, False)
V1005 21:06:22.014000 31 torch/_dynamo/guards.py:4693] [0/0] [__guards] | | +- TENSOR_MATCH: check_tensor(L['x'], Tensor, DispatchKeySet(CPU, BackendSelect, ADInplaceOrView, AutogradCPU), torch.float32, device=None, requires_grad=False, size=[64, 256], stride=[256, 1])  # return torch.softmax(x * 0.125, dim=-1) @ w  # ork/code/tc_programs.py:9 in attn_like
V1005 21:06:22.014000 31 torch/_dynamo/guards.py:4693] [0/0] [__guards] | | +- DIMENSION_DYNAMIC_MARKING_GUARD: hasattr(L['x'], '_dynamo_dynamic_indices') == False           # return torch.softmax(x * 0.125, dim=-1) @ w  # ork/code/tc_programs.py:9 in attn_like
V1005 21:06:22.014000 31 torch/_dynamo/guards.py:4693] [0/0] [__guards] | | +- DIMENSION_DYNAMIC_MARKING_GUARD: hasattr(L['x'], '_dynamo_weak_dynamic_indices') == False      # return torch.softmax(x * 0.125, dim=-1) @ w  # ork/code/tc_programs.py:9 in attn_like
V1005 21:06:22.014000 31 torch/_dynamo/guards.py:4693] [0/0] [__guards] | | +- DIMENSION_DYNAMIC_MARKING_GUARD: hasattr(L['x'], '_dynamo_unbacked_indices') == False          # return torch.softmax(x * 0.125, dim=-1) @ w  # ork/code/tc_programs.py:9 in attn_like
V1005 21:06:22.014000 31 torch/_dynamo/guards.py:4693] [0/0] [__guards] | | +- DIMENSION_DYNAMIC_MARKING_GUARD: hasattr(L['x'], '_dynamo_strict_unbacked_indices') == False   # return torch.softmax(x * 0.125, dim=-1) @ w  # ork/code/tc_programs.py:9 in attn_like
V1005 21:06:22.014000 31 torch/_dynamo/guards.py:4693] [0/0] [__guards] | | +- DIMENSION_DYNAMIC_MARKING_GUARD: hasattr(L['x'], '_dynamo_static_indices') == False            # return torch.softmax(x * 0.125, dim=-1) @ w  # ork/code/tc_programs.py:9 in attn_like
V1005 21:06:22.014000 31 torch/_dynamo/guards.py:4693] [0/0] [__guards] | | +- NO_TENSOR_ALIASING
V1005 21:06:22.014000 31 torch/_dynamo/guards.py:4693] [0/0] [__guards] | +- GuardManager: source=G, accessed_by=GlobalsGuardAccessor, type=<class 'dict'>, tag_safe=(False, False)
V1005 21:06:22.014000 31 torch/_dynamo/guards.py:4693] [0/0] [__guards] | | +- GuardManager: source=G['torch'], accessed_by=DictGetItemGuardAccessor('torch'), type=<class 'module'>, tag_safe=(False, False)
V1005 21:06:22.014000 31 torch/_dynamo/guards.py:4693] [0/0] [__guards] | | | +- ID_MATCH: ___check_obj_id(G['torch'], 281473653505328), type=<class 'module'>  # return torch.softmax(x * 0.125, dim=-1) @ w  # ork/code/tc_programs.py:9 in attn_like
V1005 21:06:22.014000 31 torch/_dynamo/guards.py:4693] [0/0] [__guards] | | | +- GuardManager: source=G['torch'].softmax, accessed_by=GetAttrGuardAccessor(softmax), type=<class 'builtin_function_or_method'>, tag_safe=(False, False)
V1005 21:06:22.014000 31 torch/_dynamo/guards.py:4693] [0/0] [__guards] | | | | +- ID_MATCH: ___check_obj_id(G['torch'].softmax, 281473648069824), type=<class 'builtin_function_or_method'>  # return torch.softmax(x * 0.125, dim=-1) @ w  # ork/code/tc_programs.py:9 in attn_like
V1005 21:06:22.014000 31 torch/_dynamo/guards.py:4693] [0/0] [__guards] 
V1005 21:06:22.036000 31 torch/_dynamo/guards.py:4736] [0/0] [__guards] Guard eval latency = 63.79 us
