V1005 21:06:49.345000 163 torch/_inductor/scheduler.py:5362] [0/0] [__fusion] ===== attempting fusion (1/10): 7 nodes =====
V1005 21:06:49.348000 163 torch/_inductor/scheduler.py:6499] [0/0] [__fusion] fuse_nodes_once, candidates:
V1005 21:06:49.350000 163 torch/_inductor/scheduler.py:6501] [0/0] [__fusion]   SchedulerNode(name='op0'), Reduction(['[256]', 'any', 'origins=OrderedSet([any_dims, logical_not_default, mul_tensor_3, eq_tensor, mul_tensor, ne_scalar, abs_default])'])
V1005 21:06:49.352000 163 torch/_inductor/scheduler.py:6501] [0/0] [__fusion]   SchedulerNode(name='op1'), Reduction(['[256]', 'max', 'origins=OrderedSet([amax_default, mul_tensor_1])'])
V1005 21:06:49.354000 163 torch/_inductor/scheduler.py:6501] [0/0] [__fusion]   SchedulerNode(name='op2'), Reduction(['[256]', 'max', 'origins=OrderedSet([amax_default_1, mul_tensor])'])
V1005 21:06:49.356000 163 torch/_inductor/scheduler.py:6501] [0/0] [__fusion]   SchedulerNode(name='op3'), Pointwise(['[64, 256]', 'origins=OrderedSet([exp, where_self, logical_not_default_1, mul_tensor_2, sub_tensor, mul_tensor_1, sub_tensor_1, mul_tensor])', 'stack_traces = {', '  File "/work/code/tc_programs.py", line 9, in attn_like', '    return torch.softmax(x * 0.125, dim=-1) @ w', '           ^^^^^^^^^^^^^^^^^^^^^^^^^^^^^^^^^^^^', '', '}'])
V1005 21:06:49.358000 163 torch/_inductor/scheduler.py:6501] [0/0] [__fusion]   SchedulerNode(name='op4'), Reduction(['[256]', 'sum', 'origins=OrderedSet([sum_1])', 'stack_traces = {', '  File "/work/code/tc_programs.py", line 9, in attn_like', '    return torch.softmax(x * 0.125, dim=-1) @ w', '           ^^^^^^^^^^^^^^^^^^^^^^^^^^^^^^^^^^^^', '', '}'])
V1005 21:06:49.360000 163 torch/_inductor/scheduler.py:6501] [0/0] [__fusion]   SchedulerNode(name='op5'), Pointwise(['[64, 256]', 'origins=OrderedSet([div])', 'stack_traces = {', '  File "/work/code/tc_programs.py", line 9, in attn_like', '    return torch.softmax(x * 0.125, dim=-1) @ w', '           ^^^^^^^^^^^^^^^^^^^^^^^^^^^^^^^^^^^^', '', '}'])
V1005 21:06:49.361000 163 torch/_inductor/scheduler.py:6501] [0/0] [__fusion]   ExternKernelSchedulerNode(name='op6')
V1005 21:06:49.368000 163 torch/_inductor/scheduler.py:2132] [0/0] [__fusion] cannot fuse op3 with op5: intermediate nodes between node1 & node2
V1005 21:06:49.370000 163 torch/_inductor/scheduler.py:6974] [0/0] [__fusion] found 4 possible fusions
V1005 21:06:49.372000 163 torch/_inductor/scheduler.py:6233] [0/0] [__fusion] fusing op0 with op1
V1005 21:06:49.374000 163 torch/_inductor/scheduler.py:6233] [0/0] [__fusion] fusing op0_op1 with op2
V1005 21:06:49.375000 163 torch/_inductor/scheduler.py:6233] [0/0] [__fusion] fusing op3 with op4
V1005 21:06:49.376000 163 torch/_inductor/scheduler.py:5369] [0/0] [__fusion] completed fusion round (1/10): fused 7 nodes into 4 nodes
V1005 21:06:49.376000 163 torch/_inductor/scheduler.py:5369] [0/0] [__fusion] 
V1005 21:06:49.378000 163 torch/_inductor/scheduler.py:5362] [0/0] [__fusion] ===== attempting fusion (2/10): 4 nodes =====
V1005 21:06:49.379000 163 torch/_inductor/scheduler.py:6499] [0/0] [__fusion] fuse_nodes_once, candidates:
V1005 21:06:49.380000 163 torch/_inductor/scheduler.py:6501] [0/0] [__fusion]   FusedSchedulerNode(nodes=op0_op1_op2), snodes: ["SchedulerNode(name='op0'), Reduction(['[256]', 'any', 'origins=OrderedSet([any_dims, logical_not_default, mul_tensor_3, eq_tensor, mul_tensor, ne_scalar, abs_default])'])", "SchedulerNode(name='op1'), Reduction(['[256]', 'max', 'origins=OrderedSet([amax_default, mul_tensor_1])'])", "SchedulerNode(name='op2'), Reduction(['[256]', 'max', 'origins=OrderedSet([amax_default_1, mul_tensor])'])"]
V1005 21:06:49.382000 163 torch/_inductor/scheduler.py:6501] [0/0] [__fusion]   FusedSchedulerNode(nodes=op3_op4), snodes: ['SchedulerNode(name=\'op3\'), Pointwise([\'[64, 256]\', \'origins=OrderedSet([exp, where_self, logical_not_default_1, mul_tensor_2, sub_tensor, mul_tensor_1, sub_tensor_1, mul_tensor])\', \'stack_traces = {\', \'  File "/work/code/tc_programs.py", line 9, in attn_like\', \'    return torch.softmax(x * 0.125, dim=-1) @ w\', \'           ^^^^^^^^^^^^^^^^^^^^^^^^^^^^^^^^^^^^\', \'\', \'}\'])', 'SchedulerNode(name=\'op4\'), Reduction([\'[256]\', \'sum\', \'origins=OrderedSet([sum_1])\', \'stack_traces = {\', \'  File "/work/code/tc_programs.py", line 9, in attn_like\', \'    return torch.softmax(x * 0.125, dim=-1) @ w\', \'           ^^^^^^^^^^^^^^^^^^^^^^^^^^^^^^^^^^^^\', \'\', \'}\'])']
V1005 21:06:49.384000 163 torch/_inductor/scheduler.py:6501] [0/0] [__fusion]   SchedulerNode(name='op5'), Pointwise(['[64, 256]', 'origins=OrderedSet([div])', 'stack_traces = {', '  File "/work/code/tc_programs.py", line 9, in attn_like', '    return torch.softmax(x * 0.125, dim=-1) @ w', '           ^^^^^^^^^^^^^^^^^^^^^^^^^^^^^^^^^^^^', '', '}'])
V1005 21:06:49.386000 163 torch/_inductor/scheduler.py:6501] [0/0] [__fusion]   ExternKernelSchedulerNode(name='op6')
V1005 21:06:49.389000 163 torch/_inductor/scheduler.py:6974] [0/0] [__fusion] found 2 possible fusions
V1005 21:06:49.391000 163 torch/_inductor/scheduler.py:6233] [0/0] [__fusion] fusing op0_op1_op2 with op3_op4
V1005 21:06:49.394000 163 torch/_inductor/scheduler.py:6233] [0/0] [__fusion] fusing op0_op1_op2_op3_op4 with op5
V1005 21:06:49.396000 163 torch/_inductor/scheduler.py:5369] [0/0] [__fusion] completed fusion round (2/10): fused 4 nodes into 2 nodes
V1005 21:06:49.396000 163 torch/_inductor/scheduler.py:5369] [0/0] [__fusion] 
V1005 21:06:49.397000 163 torch/_inductor/scheduler.py:5362] [0/0] [__fusion] ===== attempting fusion (3/10): 2 nodes =====
V1005 21:06:49.398000 163 torch/_inductor/scheduler.py:6499] [0/0] [__fusion] fuse_nodes_once, candidates:
V1005 21:06:49.400000 163 torch/_inductor/scheduler.py:6501] [0/0] [__fusion]   OuterLoopFusedSchedulerNode(nodes=op0_op1_op2_op3_op4_op5), snodes: ["SchedulerNode(name='op0'), Reduction(['[256]', 'any', 'origins=OrderedSet([any_dims, logical_not_default, mul_tensor_3, eq_tensor, mul_tensor, ne_scalar, abs_default])'])", "SchedulerNode(name='op1'), Reduction(['[256]', 'max', 'origins=OrderedSet([amax_default, mul_tensor_1])'])", "SchedulerNode(name='op2'), Reduction(['[256]', 'max', 'origins=OrderedSet([amax_default_1, mul_tensor])'])", 'SchedulerNode(name=\'op3\'), Pointwise([\'[64, 256]\', \'origins=OrderedSet([exp, where_self, logical_not_default_1, mul_tensor_2, sub_tensor, mul_tensor_1, sub_tensor_1, mul_tensor])\', \'stack_traces = {\', \'  File "/work/code/tc_programs.py", line 9, in attn_like\', \'    return torch.softmax(x * 0.125, dim=-1) @ w\', \'           ^^^^^^^^^^^^^^^^^^^^^^^^^^^^^^^^^^^^\', \'\', \'}\'])', 'SchedulerNode(name=\'op4\'), Reduction([\'[256]\', \'sum\', \'origins=OrderedSet([sum_1])\', \'stack_traces = {\', \'  File "/work/code/tc_programs.py", line 9, in attn_like\', \'    return torch.softmax(x * 0.125, dim=-1) @ w\', \'           ^^^^^^^^^^^^^^^^^^^^^^^^^^^^^^^^^^^^\', \'\', \'}\'])', 'SchedulerNode(name=\'op5\'), Pointwise([\'[64, 256]\', \'origins=OrderedSet([div])\', \'stack_traces = {\', \'  File "/work/code/tc_programs.py", line 9, in attn_like\', \'    return torch.softmax(x * 0.125, dim=-1) @ w\', \'           ^^^^^^^^^^^^^^^^^^^^^^^^^^^^^^^^^^^^\', \'\', \'}\'])']
V1005 21:06:49.401000 163 torch/_inductor/scheduler.py:6501] [0/0] [__fusion]   ExternKernelSchedulerNode(name='op6')
V1005 21:06:49.402000 163 torch/_inductor/scheduler.py:6974] [0/0] [__fusion] found 0 possible fusions
V1005 21:06:49.404000 163 torch/_inductor/scheduler.py:5369] [0/0] [__fusion] completed fusion round (3/10): fused 2 nodes into 2 nodes
V1005 21:06:49.404000 163 torch/_inductor/scheduler.py:5369] [0/0] [__fusion] 
V1005 21:06:49.405000 163 torch/_inductor/scheduler.py:5376] [0/0] [__fusion] ===== fusion complete (3 iterations) =====
V1005 21:06:49.406000 163 torch/_inductor/scheduler.py:6499] [0/0] [__fusion] fuse_nodes_once, candidates:
V1005 21:06:49.408000 163 torch/_inductor/scheduler.py:6501] [0/0] [__fusion]   OuterLoopFusedSchedulerNode(nodes=op0_op1_op2_op3_op4_op5), snodes: ["SchedulerNode(name='op0'), Reduction(['[256]', 'any', 'origins=OrderedSet([any_dims, logical_not_default, mul_tensor_3, eq_tensor, mul_tensor, ne_scalar, abs_default])'])", "SchedulerNode(name='op1'), Reduction(['[256]', 'max', 'origins=OrderedSet([amax_default, mul_tensor_1])'])", "SchedulerNode(name='op2'), Reduction(['[256]', 'max', 'origins=OrderedSet([amax_default_1, mul_tensor])'])", 'SchedulerNode(name=\'op3\'), Pointwise([\'[64, 256]\', \'origins=OrderedSet([exp, where_self, logical_not_default_1, mul_tensor_2, sub_tensor, mul_tensor_1, sub_tensor_1, mul_tensor])\', \'stack_traces = {\', \'  File "/work/code/tc_programs.py", line 9, in attn_like\', \'    return torch.softmax(x * 0.125, dim=-1) @ w\', \'           ^^^^^^^^^^^^^^^^^^^^^^^^^^^^^^^^^^^^\', \'\', \'}\'])', 'SchedulerNode(name=\'op4\'), Reduction([\'[256]\', \'sum\', \'origins=OrderedSet([sum_1])\', \'stack_traces = {\', \'  File "/work/code/tc_programs.py", line 9, in attn_like\', \'    return torch.softmax(x * 0.125, dim=-1) @ w\', \'           ^^^^^^^^^^^^^^^^^^^^^^^^^^^^^^^^^^^^\', \'\', \'}\'])', 'SchedulerNode(name=\'op5\'), Pointwise([\'[64, 256]\', \'origins=OrderedSet([div])\', \'stack_traces = {\', \'  File "/work/code/tc_programs.py", line 9, in attn_like\', \'    return torch.softmax(x * 0.125, dim=-1) @ w\', \'           ^^^^^^^^^^^^^^^^^^^^^^^^^^^^^^^^^^^^\', \'\', \'}\'])']
V1005 21:06:49.411000 163 torch/_inductor/scheduler.py:6501] [0/0] [__fusion]   ExternKernelSchedulerNode(name='op6')
V1005 21:06:49.412000 163 torch/_inductor/scheduler.py:6974] [0/0] [__fusion] found 0 possible fusions
V1005 21:06:51.252000 163 torch/_inductor/graph.py:3114] [0/0] [__output_code] Output code: 
V1005 21:06:51.252000 163 torch/_inductor/graph.py:3114] [0/0] [__output_code] # AOT ID: ['0_inference']
V1005 21:06:51.252000 163 torch/_inductor/graph.py:3114] [0/0] [__output_code] from ctypes import c_void_p, c_long, c_int
V1005 21:06:51.252000 163 torch/_inductor/graph.py:3114] [0/0] [__output_code] import torch
V1005 21:06:51.252000 163 torch/_inductor/graph.py:3114] [0/0] [__output_code] import math
V1005 21:06:51.252000 163 torch/_inductor/graph.py:3114] [0/0] [__output_code] import random
V1005 21:06:51.252000 163 torch/_inductor/graph.py:3114] [0/0] [__output_code] import os
V1005 21:06:51.252000 163 torch/_inductor/graph.py:3114] [0/0] [__output_code] import tempfile
V1005 21:06:51.252000 163 torch/_inductor/graph.py:3114] [0/0] [__output_code] from math import inf, nan
V1005 21:06:51.252000 163 torch/_inductor/graph.py:3114] [0/0] [__output_code] from cmath import nanj
V1005 21:06:51.252000 163 torch/_inductor/graph.py:3114] [0/0] [__output_code] from torch._inductor.hooks import run_intermediate_hooks
V1005 21:06:51.252000 163 torch/_inductor/graph.py:3114] [0/0] [__output_code] from torch._inductor.utils import maybe_profile
V1005 21:06:51.252000 163 torch/_inductor/graph.py:3114] [0/0] [__output_code] from torch._inductor.codegen.memory_planning import _align as align
V1005 21:06:51.252000 163 torch/_inductor/graph.py:3114] [0/0] [__output_code] from torch import device, empty_strided
V1005 21:06:51.252000 163 torch/_inductor/graph.py:3114] [0/0] [__output_code] from torch._inductor.async_compile import AsyncCompile
V1005 21:06:51.252000 163 torch/_inductor/graph.py:3114] [0/0] [__output_code] from torch._inductor.select_algorithm import extern_kernels
V1005 21:06:51.252000 163 torch/_inductor/graph.py:3114] [0/0] [__output_code] 
V1005 21:06:51.252000 163 torch/_inductor/graph.py:3114] [0/0] [__output_code] aten = torch.ops.aten
V1005 21:06:51.252000 163 torch/_inductor/graph.py:3114] [0/0] [__output_code] inductor_ops = torch.ops.inductor
V1005 21:06:51.252000 163 torch/_inductor/graph.py:3114] [0/0] [__output_code] _quantized = torch.ops._quantized
V1005 21:06:51.252000 163 torch/_inductor/graph.py:3114] [0/0] [__output_code] assert_size_stride = torch._C._dynamo.guards.assert_size_stride
V1005 21:06:51.252000 163 torch/_inductor/graph.py:3114] [0/0] [__output_code] assert_size_stride_grouped = torch._C._dynamo.guards.assert_size_stride_grouped
V1005 21:06:51.252000 163 torch/_inductor/graph.py:3114] [0/0] [__output_code] assert_alignment = torch._C._dynamo.guards.assert_alignment
V1005 21:06:51.252000 163 torch/_inductor/graph.py:3114] [0/0] [__output_code] empty_strided_cpu = torch._C._dynamo.guards._empty_strided_cpu
V1005 21:06:51.252000 163 torch/_inductor/graph.py:3114] [0/0] [__output_code] empty_strided_cpu_pinned = torch._C._dynamo.guards._empty_strided_cpu_pinned
V1005 21:06:51.252000 163 torch/_inductor/graph.py:3114] [0/0] [__output_code] empty_strided_cuda = torch._C._dynamo.guards._empty_strided_cuda
V1005 21:06:51.252000 163 torch/_inductor/graph.py:3114] [0/0] [__output_code] empty_strided_xpu = torch._C._dynamo.guards._empty_strided_xpu
V1005 21:06:51.252000 163 torch/_inductor/graph.py:3114] [0/0] [__output_code] empty_strided_mtia = torch._C._dynamo.guards._empty_strided_mtia
V1005 21:06:51.252000 163 torch/_inductor/graph.py:3114] [0/0] [__output_code] reinterpret_tensor = torch._C._dynamo.guards._reinterpret_tensor
V1005 21:06:51.252000 163 torch/_inductor/graph.py:3114] [0/0] [__output_code] alloc_from_pool = torch.ops.inductor._alloc_from_pool
V1005 21:06:51.252000 163 torch/_inductor/graph.py:3114] [0/0] [__output_code] async_compile = AsyncCompile()
V1005 21:06:51.252000 163 torch/_inductor/graph.py:3114] [0/0] [__output_code] empty_strided_p2p = torch._C._distributed_c10d._SymmetricMemory.empty_strided_p2p
V1005 21:06:51.252000 163 torch/_inductor/graph.py:3114] [0/0] [__output_code] 
V1005 21:06:51.252000 163 torch/_inductor/graph.py:3114] [0/0] [__output_code] 
V1005 21:06:51.252000 163 torch/_inductor/graph.py:3114] [0/0] [__output_code] cpp_fused__softmax_abs_all_amax_eq_mul_ne_sub_0 = async_compile.cpp_pybinding(['const float*', 'bool*', 'float*', 'float*', 'float*', 'float*'], r'''
V1005 21:06:51.252000 163 torch/_inductor/graph.py:3114] [0/0] [__output_code] #include <torch/csrc/inductor/cpp_prefix.h>
V1005 21:06:51.252000 163 torch/_inductor/graph.py:3114] [0/0] [__output_code] extern "C"  void  kernel(const float* in_ptr0,
V1005 21:06:51.252000 163 torch/_inductor/graph.py:3114] [0/0] [__output_code]                        bool* out_ptr0,
V1005 21:06:51.252000 163 torch/_inductor/graph.py:3114] [0/0] [__output_code]                        float* out_ptr1,
V1005 21:06:51.252000 163 torch/_inductor/graph.py:3114] [0/0] [__output_code]                        float* out_ptr2,
V1005 21:06:51.252000 163 torch/_inductor/graph.py:3114] [0/0] [__output_code]                        float* out_ptr3,
V1005 21:06:51.252000 163 torch/_inductor/graph.py:3114] [0/0] [__output_code]                        float* out_ptr4)
V1005 21:06:51.252000 163 torch/_inductor/graph.py:3114] [0/0] [__output_code] {
V1005 21:06:51.252000 163 torch/_inductor/graph.py:3114] [0/0] [__output_code]     std::atomic<int> inductor_cpu_integer_div_error{0};
V1005 21:06:51.252000 163 torch/_inductor/graph.py:3114] [0/0] [__output_code]     inductor_cpu_integer_div_error_flag = &inductor_cpu_integer_div_error;
V1005 21:06:51.252000 163 torch/_inductor/graph.py:3114] [0/0] [__output_code]     #pragma omp parallel num_threads(2)
V1005 21:06:51.252000 163 torch/_inductor/graph.py:3114] [0/0] [__output_code]     {
V1005 21:06:51.252000 163 torch/_inductor/graph.py:3114] [0/0] [__output_code]         int tid = omp_get_thread_num();
V1005 21:06:51.252000 163 torch/_inductor/graph.py:3114] [0/0] [__output_code]         {
V1005 21:06:51.252000 163 torch/_inductor/graph.py:3114] [0/0] [__output_code]             std::unique_ptr<float []> buf_local_buffer_data_0 = std::make_unique<float []>(256L);
V1005 21:06:51.252000 163 torch/_inductor/graph.py:3114] [0/0] [__output_code]             float* local_buffer_data_0 = buf_local_buffer_data_0.get();
V1005 21:06:51.252000 163 torch/_inductor/graph.py:3114] [0/0] [__output_code]             #pragma omp for
V1005 21:06:51.252000 163 torch/_inductor/graph.py:3114] [0/0] [__output_code]             for(int64_t x0=static_cast<int64_t>(0L); x0<static_cast<int64_t>(64L); x0+=static_cast<int64_t>(1L))
V1005 21:06:51.252000 163 torch/_inductor/graph.py:3114] [0/0] [__output_code]             {
V1005 21:06:51.252000 163 torch/_inductor/graph.py:3114] [0/0] [__output_code]                 {
V1005 21:06:51.252000 163 torch/_inductor/graph.py:3114] [0/0] [__output_code]                     bool tmp_acc0 = 0;
V1005 21:06:51.252000 163 torch/_inductor/graph.py:3114] [0/0] [__output_code]                     at::vec::VecMask<float,1> tmp_acc0_vec = at::vec::VecMask<float,1>::from(0);
V1005 21:06:51.252000 163 torch/_inductor/graph.py:3114] [0/0] [__output_code]                     float tmp_acc1 = -std::numeric_limits<float>::infinity();
V1005 21:06:51.252000 163 torch/_inductor/graph.py:3114] [0/0] [__output_code]                     at::vec::Vectorized<float> tmp_acc1_vec = at::vec::Vectorized<float>(-std::numeric_limits<float>::infinity());
V1005 21:06:51.252000 163 torch/_inductor/graph.py:3114] [0/0] [__output_code]                     float tmp_acc2 = -std::numeric_limits<float>::infinity();
V1005 21:06:51.252000 163 torch/_inductor/graph.py:3114] [0/0] [__output_code]                     at::vec::Vectorized<float> tmp_acc2_vec = at::vec::Vectorized<float>(-std::numeric_limits<float>::infinity());
V1005 21:06:51.252000 163 torch/_inductor/graph.py:3114] [0/0] [__output_code]                     for(int64_t x1=static_cast<int64_t>(0L); x1<static_cast<int64_t>(256L); x1+=static_cast<int64_t>(4L))
V1005 21:06:51.252000 163 torch/_inductor/graph.py:3114] [0/0] [__output_code]                     {
V1005 21:06:51.252000 163 torch/_inductor/graph.py:3114] [0/0] [__output_code]                         {
V1005 21:06:51.252000 163 torch/_inductor/graph.py:3114] [0/0] [__output_code]                             if(C10_LIKELY(x1 >= static_cast<int64_t>(0) && x1 < static_cast<int64_t>(256L)))
V1005 21:06:51.252000 163 torch/_inductor/graph.py:3114] [0/0] [__output_code]                             {
V1005 21:06:51.252000 163 torch/_inductor/graph.py:3114] [0/0] [__output_code]                                 auto tmp0 = at::vec::Vectorized<float>::loadu(in_ptr0 + static_cast<int64_t>(x1 + 256L*x0), static_cast<int64_t>(4));
V1005 21:06:51.252000 163 torch/_inductor/graph.py:3114] [0/0] [__output_code]                                 auto tmp1 = static_cast<float>(0.125);
V1005 21:06:51.252000 163 torch/_inductor/graph.py:3114] [0/0] [__output_code]                                 auto tmp2 = at::vec::Vectorized<float>(tmp1);
V1005 21:06:51.252000 163 torch/_inductor/graph.py:3114] [0/0] [__output_code]                                 auto tmp3 = tmp0 * tmp2;
V1005 21:06:51.252000 163 torch/_inductor/graph.py:3114] [0/0] [__output_code]                                 auto tmp4 = at::vec::VecMask<float,1>(tmp3 == tmp3);
V1005 21:06:51.252000 163 torch/_inductor/graph.py:3114] [0/0] [__output_code]                                 auto tmp5 = tmp3.abs();
V1005 21:06:51.252000 163 torch/_inductor/graph.py:3114] [0/0] [__output_code]                                 auto tmp6 = std::numeric_limits<float>::infinity();
V1005 21:06:51.252000 163 torch/_inductor/graph.py:3114] [0/0] [__output_code]                                 auto tmp7 = at::vec::Vectorized<float>(tmp6);
V1005 21:06:51.252000 163 torch/_inductor/graph.py:3114] [0/0] [__output_code]                                 auto tmp8 = at::vec::VecMask<float,1>(tmp5 != tmp7);
V1005 21:06:51.252000 163 torch/_inductor/graph.py:3114] [0/0] [__output_code]                                 auto tmp9 = tmp4.template cast<int32_t,1>();
V1005 21:06:51.252000 163 torch/_inductor/graph.py:3114] [0/0] [__output_code]                                 auto tmp10 = tmp8.template cast<int32_t,1>();
V1005 21:06:51.252000 163 torch/_inductor/graph.py:3114] [0/0] [__output_code]                                 auto tmp11 = tmp9 & tmp10;
V1005 21:06:51.252000 163 torch/_inductor/graph.py:3114] [0/0] [__output_code]                                 auto tmp12 = ~tmp11;
V1005 21:06:51.252000 163 torch/_inductor/graph.py:3114] [0/0] [__output_code]                                 auto tmp13 = tmp12.template cast<float,1>();
V1005 21:06:51.252000 163 torch/_inductor/graph.py:3114] [0/0] [__output_code]                                 auto tmp14 = static_cast<float>(1.0);
V1005 21:06:51.252000 163 torch/_inductor/graph.py:3114] [0/0] [__output_code]                                 auto tmp15 = at::vec::Vectorized<float>(tmp14);
V1005 21:06:51.252000 163 torch/_inductor/graph.py:3114] [0/0] [__output_code]                                 auto tmp16 = tmp0 * tmp15;
V1005 21:06:51.252000 163 torch/_inductor/graph.py:3114] [0/0] [__output_code]                                 tmp_acc0_vec = tmp_acc0_vec | tmp13;
V1005 21:06:51.252000 163 torch/_inductor/graph.py:3114] [0/0] [__output_code]                                 tmp_acc1_vec = at::vec::maximum(tmp_acc1_vec, tmp16);
V1005 21:06:51.252000 163 torch/_inductor/graph.py:3114] [0/0] [__output_code]                                 tmp_acc2_vec = at::vec::maximum(tmp_acc2_vec, tmp3);
V1005 21:06:51.252000 163 torch/_inductor/graph.py:3114] [0/0] [__output_code]                             }
V1005 21:06:51.252000 163 torch/_inductor/graph.py:3114] [0/0] [__output_code]                         }
V1005 21:06:51.252000 163 torch/_inductor/graph.py:3114] [0/0] [__output_code]                     }
V1005 21:06:51.252000 163 torch/_inductor/graph.py:3114] [0/0] [__output_code]                     tmp_acc0 = tmp_acc0 || !tmp_acc0_vec.all_zero();
V1005 21:06:51.252000 163 torch/_inductor/graph.py:3114] [0/0] [__output_code]                     out_ptr0[static_cast<int64_t>(x0)] = static_cast<bool>(tmp_acc0);
V1005 21:06:51.252000 163 torch/_inductor/graph.py:3114] [0/0] [__output_code]                     tmp_acc1 = max_propagate_nan(tmp_acc1, at::vec::vec_reduce_all<float, 1>([](at::vec::Vectorized<float>& x, at::vec::Vectorized<float>& y) { return at::vec::maximum(x, y); }, tmp_acc1_vec));
V1005 21:06:51.252000 163 torch/_inductor/graph.py:3114] [0/0] [__output_code]                     out_ptr1[static_cast<int64_t>(x0)] = static_cast<float>(tmp_acc1);
V1005 21:06:51.252000 163 torch/_inductor/graph.py:3114] [0/0] [__output_code]                     tmp_acc2 = max_propagate_nan(tmp_acc2, at::vec::vec_reduce_all<float, 1>([](at::vec::Vectorized<float>& x, at::vec::Vectorized<float>& y) { return at::vec::maximum(x, y); }, tmp_acc2_vec));
V1005 21:06:51.252000 163 torch/_inductor/graph.py:3114] [0/0] [__output_code]                     out_ptr2[static_cast<int64_t>(x0)] = static_cast<float>(tmp_acc2);
V1005 21:06:51.252000 163 torch/_inductor/graph.py:3114] [0/0] [__output_code]                 }
V1005 21:06:51.252000 163 torch/_inductor/graph.py:3114] [0/0] [__output_code]                 {
V1005 21:06:51.252000 163 torch/_inductor/graph.py:3114] [0/0] [__output_code]                     float tmp_acc0 = 0;
V1005 21:06:51.252000 163 torch/_inductor/graph.py:3114] [0/0] [__output_code]                     at::vec::Vectorized<float> tmp_acc0_vec = at::vec::Vectorized<float>(0);
V1005 21:06:51.252000 163 torch/_inductor/graph.py:3114] [0/0] [__output_code]                     for(int64_t x1=static_cast<int64_t>(0L); x1<static_cast<int64_t>(256L); x1+=static_cast<int64_t>(4L))
V1005 21:06:51.252000 163 torch/_inductor/graph.py:3114] [0/0] [__output_code]                     {
V1005 21:06:51.252000 163 torch/_inductor/graph.py:3114] [0/0] [__output_code]                         {
V1005 21:06:51.252000 163 torch/_inductor/graph.py:3114] [0/0] [__output_code]                             if(C10_LIKELY(x1 >= static_cast<int64_t>(0) && x1 < static_cast<int64_t>(256L)))
V1005 21:06:51.252000 163 torch/_inductor/graph.py:3114] [0/0] [__output_code]                             {
V1005 21:06:51.252000 163 torch/_inductor/graph.py:3114] [0/0] [__output_code]                                 auto tmp0 = out_ptr0[static_cast<int64_t>(x0)];
V1005 21:06:51.252000 163 torch/_inductor/graph.py:3114] [0/0] [__output_code]                                 auto tmp2 = at::vec::Vectorized<float>::loadu(in_ptr0 + static_cast<int64_t>(x1 + 256L*x0), static_cast<int64_t>(4));
V1005 21:06:51.252000 163 torch/_inductor/graph.py:3114] [0/0] [__output_code]                                 auto tmp6 = out_ptr1[static_cast<int64_t>(x0)];
V1005 21:06:51.252000 163 torch/_inductor/graph.py:3114] [0/0] [__output_code]                                 auto tmp13 = out_ptr2[static_cast<int64_t>(x0)];
V1005 21:06:51.252000 163 torch/_inductor/graph.py:3114] [0/0] [__output_code]                                 auto tmp1 = !tmp0;
V1005 21:06:51.252000 163 torch/_inductor/graph.py:3114] [0/0] [__output_code]                                 auto tmp3 = static_cast<float>(1.0);
V1005 21:06:51.252000 163 torch/_inductor/graph.py:3114] [0/0] [__output_code]                                 auto tmp4 = at::vec::Vectorized<float>(tmp3);
V1005 21:06:51.252000 163 torch/_inductor/graph.py:3114] [0/0] [__output_code]                                 auto tmp5 = tmp2 * tmp4;
V1005 21:06:51.252000 163 torch/_inductor/graph.py:3114] [0/0] [__output_code]                                 auto tmp7 = at::vec::Vectorized<float>(tmp6);
V1005 21:06:51.252000 163 torch/_inductor/graph.py:3114] [0/0] [__output_code]                                 auto tmp8 = tmp5 - tmp7;
V1005 21:06:51.252000 163 torch/_inductor/graph.py:3114] [0/0] [__output_code]                                 auto tmp9 = static_cast<float>(0.125);
V1005 21:06:51.252000 163 torch/_inductor/graph.py:3114] [0/0] [__output_code]                                 auto tmp10 = at::vec::Vectorized<float>(tmp9);
V1005 21:06:51.252000 163 torch/_inductor/graph.py:3114] [0/0] [__output_code]                                 auto tmp11 = tmp8 * tmp10;
V1005 21:06:51.252000 163 torch/_inductor/graph.py:3114] [0/0] [__output_code]                                 auto tmp12 = tmp2 * tmp10;
V1005 21:06:51.252000 163 torch/_inductor/graph.py:3114] [0/0] [__output_code]                                 auto tmp14 = at::vec::Vectorized<float>(tmp13);
V1005 21:06:51.252000 163 torch/_inductor/graph.py:3114] [0/0] [__output_code]                                 auto tmp15 = tmp12 - tmp14;
V1005 21:06:51.252000 163 torch/_inductor/graph.py:3114] [0/0] [__output_code]                                 auto tmp16 = at::vec::VecMask<float,1>::from(tmp1);
V1005 21:06:51.252000 163 torch/_inductor/graph.py:3114] [0/0] [__output_code]                                 auto tmp17 = decltype(tmp11)::blendv(tmp15, tmp11, tmp16.template cast<float,1>());
V1005 21:06:51.252000 163 torch/_inductor/graph.py:3114] [0/0] [__output_code]                                 auto tmp18 = tmp17.exp();
V1005 21:06:51.252000 163 torch/_inductor/graph.py:3114] [0/0] [__output_code]                                 tmp18.store(local_buffer_data_0 + static_cast<int64_t>(x1));
V1005 21:06:51.252000 163 torch/_inductor/graph.py:3114] [0/0] [__output_code]                                 tmp_acc0_vec = tmp_acc0_vec + tmp18;
V1005 21:06:51.252000 163 torch/_inductor/graph.py:3114] [0/0] [__output_code]                             }
V1005 21:06:51.252000 163 torch/_inductor/graph.py:3114] [0/0] [__output_code]                         }
V1005 21:06:51.252000 163 torch/_inductor/graph.py:3114] [0/0] [__output_code]                     }
V1005 21:06:51.252000 163 torch/_inductor/graph.py:3114] [0/0] [__output_code]                     tmp_acc0 = tmp_acc0 + at::vec::vec_reduce_all<float, 1>([](at::vec::Vectorized<float>& x, at::vec::Vectorized<float>& y) { return x + y; }, tmp_acc0_vec);
V1005 21:06:51.252000 163 torch/_inductor/graph.py:3114] [0/0] [__output_code]                     out_ptr3[static_cast<int64_t>(x0)] = static_cast<float>(tmp_acc0);
V1005 21:06:51.252000 163 torch/_inductor/graph.py:3114] [0/0] [__output_code]                 }
V1005 21:06:51.252000 163 torch/_inductor/graph.py:3114] [0/0] [__output_code]                 for(int64_t x1=static_cast<int64_t>(0L); x1<static_cast<int64_t>(256L); x1+=static_cast<int64_t>(4L))
V1005 21:06:51.252000 163 torch/_inductor/graph.py:3114] [0/0] [__output_code]                 {
V1005 21:06:51.252000 163 torch/_inductor/graph.py:3114] [0/0] [__output_code]                     {
V1005 21:06:51.252000 163 torch/_inductor/graph.py:3114] [0/0] [__output_code]                         if(C10_LIKELY(x1 >= static_cast<int64_t>(0) && x1 < static_cast<int64_t>(256L)))
V1005 21:06:51.252000 163 torch/_inductor/graph.py:3114] [0/0] [__output_code]                         {
V1005 21:06:51.252000 163 torch/_inductor/graph.py:3114] [0/0] [__output_code]                             auto tmp0 = at::vec::Vectorized<float>::loadu(local_buffer_data_0 + static_cast<int64_t>(x1), static_cast<int64_t>(4));
V1005 21:06:51.252000 163 torch/_inductor/graph.py:3114] [0/0] [__output_code]                             auto tmp1 = out_ptr3[static_cast<int64_t>(x0)];
V1005 21:06:51.252000 163 torch/_inductor/graph.py:3114] [0/0] [__output_code]                             auto tmp2 = at::vec::Vectorized<float>(tmp1);
V1005 21:06:51.252000 163 torch/_inductor/graph.py:3114] [0/0] [__output_code]                             auto tmp3 = tmp0 / tmp2;
V1005 21:06:51.252000 163 torch/_inductor/graph.py:3114] [0/0] [__output_code]                             tmp3.store(out_ptr4 + static_cast<int64_t>(x1 + 256L*x0));
V1005 21:06:51.252000 163 torch/_inductor/graph.py:3114] [0/0] [__output_code]                         }
V1005 21:06:51.252000 163 torch/_inductor/graph.py:3114] [0/0] [__output_code]                     }
V1005 21:06:51.252000 163 torch/_inductor/graph.py:3114] [0/0] [__output_code]                 }
V1005 21:06:51.252000 163 torch/_inductor/graph.py:3114] [0/0] [__output_code]             }
V1005 21:06:51.252000 163 torch/_inductor/graph.py:3114] [0/0] [__output_code]         }
V1005 21:06:51.252000 163 torch/_inductor/graph.py:3114] [0/0] [__output_code]     }
V1005 21:06:51.252000 163 torch/_inductor/graph.py:3114] [0/0] [__output_code]     inductor_cpu_integer_div_error_flag = nullptr;
V1005 21:06:51.252000 163 torch/_inductor/graph.py:3114] [0/0] [__output_code]     inductor_cpu_throw_if_integer_div_error(inductor_cpu_integer_div_error);
V1005 21:06:51.252000 163 torch/_inductor/graph.py:3114] [0/0] [__output_code] }
V1005 21:06:51.252000 163 torch/_inductor/graph.py:3114] [0/0] [__output_code] ''')
V1005 21:06:51.252000 163 torch/_inductor/graph.py:3114] [0/0] [__output_code] 
V1005 21:06:51.252000 163 torch/_inductor/graph.py:3114] [0/0] [__output_code] 
V1005 21:06:51.252000 163 torch/_inductor/graph.py:3114] [0/0] [__output_code] async_compile.wait(globals())
V1005 21:06:51.252000 163 torch/_inductor/graph.py:3114] [0/0] [__output_code] del async_compile
V1005 21:06:51.252000 163 torch/_inductor/graph.py:3114] [0/0] [__output_code] 
V1005 21:06:51.252000 163 torch/_inductor/graph.py:3114] [0/0] [__output_code] class Runner:
V1005 21:06:51.252000 163 torch/_inductor/graph.py:3114] [0/0] [__output_code]     def __init__(self, partitions):
V1005 21:06:51.252000 163 torch/_inductor/graph.py:3114] [0/0] [__output_code]         self.partitions = partitions
V1005 21:06:51.252000 163 torch/_inductor/graph.py:3114] [0/0] [__output_code] 
V1005 21:06:51.252000 163 torch/_inductor/graph.py:3114] [0/0] [__output_code]     def recursively_apply_fns(self, fns):
V1005 21:06:51.252000 163 torch/_inductor/graph.py:3114] [0/0] [__output_code]         new_callables = []
V1005 21:06:51.252000 163 torch/_inductor/graph.py:3114] [0/0] [__output_code]         for fn, c in zip(fns, self.partitions):
V1005 21:06:51.252000 163 torch/_inductor/graph.py:3114] [0/0] [__output_code]             new_callables.append(fn(c))
V1005 21:06:51.252000 163 torch/_inductor/graph.py:3114] [0/0] [__output_code]         self.partitions = new_callables
V1005 21:06:51.252000 163 torch/_inductor/graph.py:3114] [0/0] [__output_code] 
V1005 21:06:51.252000 163 torch/_inductor/graph.py:3114] [0/0] [__output_code]     def call(self, args):
V1005 21:06:51.252000 163 torch/_inductor/graph.py:3114] [0/0] [__output_code]         arg0_1, arg1_1 = args
V1005 21:06:51.252000 163 torch/_inductor/graph.py:3114] [0/0] [__output_code]         args.clear()
V1005 21:06:51.252000 163 torch/_inductor/graph.py:3114] [0/0] [__output_code]         assert_size_stride(arg0_1, (64, 256), (256, 1), 'input')
V1005 21:06:51.252000 163 torch/_inductor/graph.py:3114] [0/0] [__output_code]         buf0 = empty_strided_cpu((64, 1), (1, 64), torch.bool)
V1005 21:06:51.252000 163 torch/_inductor/graph.py:3114] [0/0] [__output_code]         buf1 = empty_strided_cpu((64, 1), (1, 64), torch.float32)
V1005 21:06:51.252000 163 torch/_inductor/graph.py:3114] [0/0] [__output_code]         buf2 = empty_strided_cpu((64, 1), (1, 64), torch.float32)
V1005 21:06:51.252000 163 torch/_inductor/graph.py:3114] [0/0] [__output_code]         buf4 = empty_strided_cpu((64, 1), (1, 64), torch.float32)
V1005 21:06:51.252000 163 torch/_inductor/graph.py:3114] [0/0] [__output_code]         buf5 = empty_strided_cpu((64, 256), (256, 1), torch.float32)
V1005 21:06:51.252000 163 torch/_inductor/graph.py:3114] [0/0] [__output_code]         assert_size_stride(arg1_1, (256, 32), (32, 1), 'input')
V1005 21:06:51.252000 163 torch/_inductor/graph.py:3114] [0/0] [__output_code]         cpp_fused__softmax_abs_all_amax_eq_mul_ne_sub_0(arg0_1, buf0, buf1, buf2, buf4, buf5)
V1005 21:06:51.252000 163 torch/_inductor/graph.py:3114] [0/0] [__output_code]         del arg0_1
V1005 21:06:51.252000 163 torch/_inductor/graph.py:3114] [0/0] [__output_code]         del buf0
V1005 21:06:51.252000 163 torch/_inductor/graph.py:3114] [0/0] [__output_code]         del buf1
V1005 21:06:51.252000 163 torch/_inductor/graph.py:3114] [0/0] [__output_code]         del buf2
V1005 21:06:51.252000 163 torch/_inductor/graph.py:3114] [0/0] [__output_code]         del buf4
V1005 21:06:51.252000 163 torch/_inductor/graph.py:3114] [0/0] [__output_code]         buf6 = empty_strided_cpu((64, 32), (32, 1), torch.float32)
V1005 21:06:51.252000 163 torch/_inductor/graph.py:3114] [0/0] [__output_code]         # Topologically Sorted Source Nodes: [softmax, matmul], Original ATen: [aten._softmax, aten.mm]
V1005 21:06:51.252000 163 torch/_inductor/graph.py:3114] [0/0] [__output_code]         extern_kernels.mm(buf5, arg1_1, out=buf6)
V1005 21:06:51.252000 163 torch/_inductor/graph.py:3114] [0/0] [__output_code]         del arg1_1
V1005 21:06:51.252000 163 torch/_inductor/graph.py:3114] [0/0] [__output_code]         return (buf6, )
V1005 21:06:51.252000 163 torch/_inductor/graph.py:3114] [0/0] [__output_code] 
V1005 21:06:51.252000 163 torch/_inductor/graph.py:3114] [0/0] [__output_code] runner = Runner(partitions=[])
V1005 21:06:51.252000 163 torch/_inductor/graph.py:3114] [0/0] [__output_code] call = runner.call
V1005 21:06:51.252000 163 torch/_inductor/graph.py:3114] [0/0] [__output_code] recursively_apply_fns = runner.recursively_apply_fns
V1005 21:06:51.252000 163 torch/_inductor/graph.py:3114] [0/0] [__output_code] 
V1005 21:06:51.252000 163 torch/_inductor/graph.py:3114] [0/0] [__output_code] 
V1005 21:06:51.252000 163 torch/_inductor/graph.py:3114] [0/0] [__output_code] def get_args():
V1005 21:06:51.252000 163 torch/_inductor/graph.py:3114] [0/0] [__output_code]     from torch._dynamo.testing import rand_strided
V1005 21:06:51.252000 163 torch/_inductor/graph.py:3114] [0/0] [__output_code]     arg0_1 = rand_strided((64, 256), (256, 1), device='cpu', dtype=torch.float32)
V1005 21:06:51.252000 163 torch/_inductor/graph.py:3114] [0/0] [__output_code]     arg1_1 = rand_strided((256, 32), (32, 1), device='cpu', dtype=torch.float32)
V1005 21:06:51.252000 163 torch/_inductor/graph.py:3114] [0/0] [__output_code]     return [arg0_1, arg1_1]
V1005 21:06:51.252000 163 torch/_inductor/graph.py:3114] [0/0] [__output_code] 
V1005 21:06:51.252000 163 torch/_inductor/graph.py:3114] [0/0] [__output_code] 
V1005 21:06:51.252000 163 torch/_inductor/graph.py:3114] [0/0] [__output_code] def benchmark_compiled_module(args, times=10, repeat=10):
V1005 21:06:51.252000 163 torch/_inductor/graph.py:3114] [0/0] [__output_code]     from torch._inductor.utils import print_performance
V1005 21:06:51.252000 163 torch/_inductor/graph.py:3114] [0/0] [__output_code]     fn = lambda: call(list(args))
V1005 21:06:51.252000 163 torch/_inductor/graph.py:3114] [0/0] [__output_code]     return print_performance(fn, times=times, repeat=repeat, device='cpu')
V1005 21:06:51.252000 163 torch/_inductor/graph.py:3114] [0/0] [__output_code] 
V1005 21:06:51.252000 163 torch/_inductor/graph.py:3114] [0/0] [__output_code] 
V1005 21:06:51.252000 163 torch/_inductor/graph.py:3114] [0/0] [__output_code] if __name__ == "__main__":
V1005 21:06:51.252000 163 torch/_inductor/graph.py:3114] [0/0] [__output_code]     from torch._inductor.wrapper_benchmark import compiled_module_main
V1005 21:06:51.252000 163 torch/_inductor/graph.py:3114] [0/0] [__output_code]     args = get_args()
V1005 21:06:51.252000 163 torch/_inductor/graph.py:3114] [0/0] [__output_code]     compiled_module_main('None', lambda times, repeat: benchmark_compiled_module(args, times=times, repeat=repeat))
V1005 21:06:51.252000 163 torch/_inductor/graph.py:3114] [0/0] [__output_code] 
V1005 21:06:51.261000 163 torch/_inductor/graph.py:3125] [0/0] [__output_code] Output code written to: /tmp/c6/yu/cyu6bxyteskg4cpkd4pvbygn65hcuhscby6jmiosmskzyfvbaihv.py
I1005 21:06:52.202000 163 torch/_inductor/graph.py:3085] [0/0] [__output_code] Output code written to: /tmp/c6/yu/cyu6bxyteskg4cpkd4pvbygn65hcuhscby6jmiosmskzyfvbaihv.py
