V1005 21:09:37.066000 90 torch/_dynamo/guards.py:5014] [0/0] [__guards] GUARDS:
V1005 21:09:37.071000 90 torch/_dynamo/guards.py:4693] [0/0] [__guards] 
V1005 21:09:37.071000 90 torch/_dynamo/guards.py:4693] [0/0] [__guards] TREE_GUARD_MANAGER:
V1005 21:09:37.071000 90 torch/_dynamo/guards.py:4693] [0/0] [__guards] +- RootGuardManager
V1005 21:09:37.071000 90 torch/_dynamo/guards.py:4693] [0/0] [__guards] | +- LAMBDA_GUARD: torch._functorch.aot_autograd.utils.top_saved_tensors_hooks ids == None  # _dynamo/output_graph.py:1194 in init_ambient_guards
V1005 21:09:37.071000 90 torch/_dynamo/guards.py:4693] [0/0] [__guards] | +- GLOBAL_STATE: ___check_global_state() against {"allow_bf16_reduce":0,"allow_fp16_reduce":0,"allow_tf32":false,"autocast_state":{"cached_enabled":true,"dtype":[15,5,5,15,5,5,15,15,5,5],"enabled":[false,false,false,false,false,false,false,false,false,false]},"default_dtype":6,"deterministic_algorithms":false,"deterministic_algorithms_warn_only":false,"grad_mode":true,"num_threads":2,"torch_function":true,"torch_function_all_disabled":false}
V1005 21:09:37.071000 90 torch/_dynamo/guards.py:4693] [0/0] [__guards] | +- TORCH_FUNCTION_MODE_STACK: ___check_torch_function_mode_stack()
V1005 21:09:37.071000 90 torch/_dynamo/guards.py:4693] [0/0] [__guards] | +- DEFAULT_DEVICE: utils_device.CURRENT_DEVICE == None                           # _dynamo/output_graph.py:1181 in init_ambient_guards
V1005 21:09:37.071000 90 torch/_dynamo/guards.py:4693] [0/0] [__guards] | +- GuardManager: source=L['s'], accessed_by=FrameLocalsGuardAccessor(key='s', framelocals_idx=1), type=<class 'float'>, tag_safe=(False, False)
V1005 21:09:37.071000 90 torch/_dynamo/guards.py:4693] [0/0] [__guards] | | +- EQUALS_MATCH: L['s'] == 0.125                                               # def scaled(x, s): return torch.softmax(x * s, dim=-1)  # ork/code/tc_programs.py:60 in scaled
V1005 21:09:37.071000 90 torch/_dynamo/guards.py:4693] [0/0] [__guards] | +- GuardManager: source=L['x'], accessed_by=FrameLocalsGuardAccessor(key='x', framelocals_idx=0), type=<class 'torch.Tensor'>, tag_safe=(False, False)
V1005 21:09:37.071000 90 torch/_dynamo/guards.py:4693] [0/0] [__guards] | | +- TENSOR_MATCH: check_tensor(L['x'], Tensor, DispatchKeySet(CPU, BackendSelect, ADInplaceOrView, AutogradCPU), torch.float32, device=None, requires_grad=False, size=[64, 256], stride=[256, 1])  # def scaled(x, s): return torch.softmax(x * s, dim=-1)  # ork/code/tc_programs.py:60 in scaled
V1005 21:09:37.071000 90 torch/_dynamo/guards.py:4693] [0/0] [__guards] | | +- DIMENSION_DYNAMIC_MARKING_GUARD: hasattr(L['x'], '_dynamo_dynamic_indices') == False           # def scaled(x, s): return torch.softmax(x * s, dim=-1)  # ork/code/tc_programs.py:60 in scaled
V1005 21:09:37.071000 90 torch/_dynamo/guards.py:4693] [0/0] [__guards] | | +- DIMENSION_DYNAMIC_MARKING_GUARD: hasattr(L['x'], '_dynamo_weak_dynamic_indices') == False      # def scaled(x, s): return torch.softmax(x * s, dim=-1)  # ork/code/tc_programs.py:60 in scaled
V1005 21:09:37.071000 90 torch/_dynamo/guards.py:4693] [0/0] [__guards] | | +- DIMENSION_DYNAMIC_MARKING_GUARD: hasattr(L['x'], '_dynamo_unbacked_indices') == False          # def scaled(x, s): return torch.softmax(x * s, dim=-1)  # ork/code/tc_programs.py:60 in scaled
V1005 21:09:37.071000 90 torch/_dynamo/guards.py:4693] [0/0] [__guards] | | +- DIMENSION_DYNAMIC_MARKING_GUARD: hasattr(L['x'], '_dynamo_strict_unbacked_indices') == False   # def scaled(x, s): return torch.softmax(x * s, dim=-1)  # ork/code/tc_programs.py:60 in scaled
V1005 21:09:37.071000 90 torch/_dynamo/guards.py:4693] [0/0] [__guards] | | +- DIMENSION_DYNAMIC_MARKING_GUARD: hasattr(L['x'], '_dynamo_static_indices') == False            # def scaled(x, s): return torch.softmax(x * s, dim=-1)  # ork/code/tc_programs.py:60 in scaled
V1005 21:09:37.071000 90 torch/_dynamo/guards.py:4693] [0/0] [__guards] | +- GuardManager: source=G, accessed_by=GlobalsGuardAccessor, type=<class 'dict'>, tag_safe=(False, False)
V1005 21:09:37.071000 90 torch/_dynamo/guards.py:4693] [0/0] [__guards] | | +- GuardManager: source=G['torch'], accessed_by=DictGetItemGuardAccessor('torch'), type=<class 'module'>, tag_safe=(False, False)
V1005 21:09:37.071000 90 torch/_dynamo/guards.py:4693] [0/0] [__guards] | | | +- ID_MATCH: ___check_obj_id(G['torch'], 281473649048880), type=<class 'module'>  # def scaled(x, s): return torch.softmax(x * s, dim=-1)  # ork/code/tc_programs.py:60 in scaled
V1005 21:09:37.071000 90 torch/_dynamo/guards.py:4693] [0/0] [__guards] | | | +- GuardManager: source=G['torch'].softmax, accessed_by=GetAttrGuardAccessor(softmax), type=<class 'builtin_function_or_method'>, tag_safe=(False, False)
V1005 21:09:37.071000 90 torch/_dynamo/guards.py:4693] [0/0] [__guards] | | | | +- ID_MATCH: ___check_obj_id(G['torch'].softmax, 281473643596912), type=<class 'builtin_function_or_method'>  # def scaled(x, s): return torch.softmax(x * s, dim=-1)  # ork/code/tc_programs.py:60 in scaled
V1005 21:09:37.071000 90 torch/_dynamo/guards.py:4693] [0/0] [__guards] 
V1005 21:09:37.094000 90 torch/_dynamo/guards.py:4736] [0/0] [__guards] Guard eval latency = 74.88 us
V1005 21:09:37.114000 90 torch/_dynamo/guards.py:5621] [0/1] [__recompiles] Recompiling function scaled in /work/code/tc_programs.py:60
V1005 21:09:37.114000 90 torch/_dynamo/guards.py:5621] [0/1] [__recompiles]     triggered by the following guard failure(s):
V1005 21:09:37.114000 90 torch/_dynamo/guards.py:5621] [0/1] [__recompiles]     - 0/0: s == 0.125                                               # def scaled(x, s): return torch.softmax(x * s, dim=-1)  # ork/code/tc_programs.py:60 in scaled
V1005 21:09:37.114000 90 torch/_dynamo/guards.py:5621] [0/1] [__recompiles]     - User stack trace:
V1005 21:09:37.114000 90 torch/_dynamo/guards.py:5621] [0/1] [__recompiles]     -   File "/work/code/tc_programs.py", line 60, in scaled
V1005 21:09:37.114000 90 torch/_dynamo/guards.py:5621] [0/1] [__recompiles]     -     def scaled(x, s): return torch.softmax(x * s, dim=-1)
V1005 21:09:38.113000 90 torch/_dynamo/guards.py:2173] [0/1] [__guards] Python shape guard function:
V1005 21:09:38.113000 90 torch/_dynamo/guards.py:2173] [0/1] [__guards] def ___make_guard_fn(IsNonOverlappingAndDenseIndicator, cast_symbool_to_symint_guardless, math, torch, __builtins__, ___check_type_id, ___check_obj_id, ___odict_getitem, ___key_to_id, ___dict_version, ___dict_contains, ___tuple_iterator_len, ___normalize_count_iter, ___normalize_range_iter, ___tuple_iterator_getitem, ___set_getitem, ___dataclass_fields, ___namedtuple_fields, ___get_torch_function_mode_stack_at, ___get_current_stream, ___cow_tensor_matches, __math_isnan, __numpy_isnan, inf, __load_module, utils_device, device, ___from_numpy, ___unwrap_async_collective_tensor, ___as_tensor, inspect):
V1005 21:09:38.113000 90 torch/_dynamo/guards.py:2173] [0/1] [__guards]     def guard(L):
V1005 21:09:38.113000 90 torch/_dynamo/guards.py:2173] [0/1] [__guards]         if not (not math.isnan(L['s'])):
V1005 21:09:38.113000 90 torch/_dynamo/guards.py:2173] [0/1] [__guards]             return False
V1005 21:09:38.113000 90 torch/_dynamo/guards.py:2173] [0/1] [__guards]         return True
V1005 21:09:38.113000 90 torch/_dynamo/guards.py:2173] [0/1] [__guards]     return guard
V1005 21:09:38.113000 90 torch/_dynamo/guards.py:2173] [0/1] [__guards] 
V1005 21:09:38.117000 90 torch/_dynamo/guards.py:5014] [0/1] [__guards] GUARDS:
V1005 21:09:38.119000 90 torch/_dynamo/guards.py:4693] [0/1] [__guards] 
V1005 21:09:38.119000 90 torch/_dynamo/guards.py:4693] [0/1] [__guards] TREE_GUARD_MANAGER:
V1005 21:09:38.119000 90 torch/_dynamo/guards.py:4693] [0/1] [__guards] +- RootGuardManager
V1005 21:09:38.119000 90 torch/_dynamo/guards.py:4693] [0/1] [__guards] | +- LAMBDA_GUARD: torch._functorch.aot_autograd.utils.top_saved_tensors_hooks ids == None  # _dynamo/output_graph.py:1194 in init_ambient_guards
V1005 21:09:38.119000 90 torch/_dynamo/guards.py:4693] [0/1] [__guards] | +- GLOBAL_STATE: ___check_global_state() against {"allow_bf16_reduce":0,"allow_fp16_reduce":0,"allow_tf32":false,"autocast_state":{"cached_enabled":true,"dtype":[15,5,5,15,5,5,15,15,5,5],"enabled":[false,false,false,false,false,false,false,false,false,false]},"default_dtype":6,"deterministic_algorithms":false,"deterministic_algorithms_warn_only":false,"grad_mode":true,"num_threads":2,"torch_function":true,"torch_function_all_disabled":false}
V1005 21:09:38.119000 90 torch/_dynamo/guards.py:4693] [0/1] [__guards] | +- TORCH_FUNCTION_MODE_STACK: ___check_torch_function_mode_stack()
V1005 21:09:38.119000 90 torch/_dynamo/guards.py:4693] [0/1] [__guards] | +- DEFAULT_DEVICE: utils_device.CURRENT_DEVICE == None                           # _dynamo/output_graph.py:1181 in init_ambient_guards
V1005 21:09:38.119000 90 torch/_dynamo/guards.py:4693] [0/1] [__guards] | +- GuardManager: source=L['s'], accessed_by=FrameLocalsGuardAccessor(key='s', framelocals_idx=1), type=<class 'float'>, tag_safe=(False, False)
V1005 21:09:38.119000 90 torch/_dynamo/guards.py:4693] [0/1] [__guards] | | +- TYPE_MATCH: ___check_type_id(L['s'], 10681480), type=<class 'float'>      # def scaled(x, s): return torch.softmax(x * s, dim=-1)  # ork/code/tc_programs.py:60 in scaled (HINT: type float)
V1005 21:09:38.119000 90 torch/_dynamo/guards.py:4693] [0/1] [__guards] | +- GuardManager: source=L['x'], accessed_by=FrameLocalsGuardAccessor(key='x', framelocals_idx=0), type=<class 'torch.Tensor'>, tag_safe=(False, False)
V1005 21:09:38.119000 90 torch/_dynamo/guards.py:4693] [0/1] [__guards] | | +- TENSOR_MATCH: check_tensor(L['x'], Tensor, DispatchKeySet(CPU, BackendSelect, ADInplaceOrView, AutogradCPU), torch.float32, device=None, requires_grad=False, size=[64, 256], stride=[256, 1])  # def scaled(x, s): return torch.softmax(x * s, dim=-1)  # ork/code/tc_programs.py:60 in scaled
V1005 21:09:38.119000 90 torch/_dynamo/guards.py:4693] [0/1] [__guards] | | +- DIMENSION_DYNAMIC_MARKING_GUARD: hasattr(L['x'], '_dynamo_dynamic_indices') == False           # def scaled(x, s): return torch.softmax(x * s, dim=-1)  # ork/code/tc_programs.py:60 in scaled
V1005 21:09:38.119000 90 torch/_dynamo/guards.py:4693] [0/1] [__guards] | | +- DIMENSION_DYNAMIC_MARKING_GUARD: hasattr(L['x'], '_dynamo_weak_dynamic_indices') == False      # def scaled(x, s): return torch.softmax(x * s, dim=-1)  # ork/code/tc_programs.py:60 in scaled
V1005 21:09:38.119000 90 torch/_dynamo/guards.py:4693] [0/1] [__guards] | | +- DIMENSION_DYNAMIC_MARKING_GUARD: hasattr(L['x'], '_dynamo_unbacked_indices') == False          # def scaled(x, s): return torch.softmax(x * s, dim=-1)  # ork/code/tc_programs.py:60 in scaled
V1005 21:09:38.119000 90 torch/_dynamo/guards.py:4693] [0/1] [__guards] | | +- DIMENSION_DYNAMIC_MARKING_GUARD: hasattr(L['x'], '_dynamo_strict_unbacked_indices') == False   # def scaled(x, s): return torch.softmax(x * s, dim=-1)  # ork/code/tc_programs.py:60 in scaled
V1005 21:09:38.119000 90 torch/_dynamo/guards.py:4693] [0/1] [__guards] | | +- DIMENSION_DYNAMIC_MARKING_GUARD: hasattr(L['x'], '_dynamo_static_indices') == False            # def scaled(x, s): return torch.softmax(x * s, dim=-1)  # ork/code/tc_programs.py:60 in scaled
V1005 21:09:38.119000 90 torch/_dynamo/guards.py:4693] [0/1] [__guards] | +- GuardManager: source=G, accessed_by=GlobalsGuardAccessor, type=<class 'dict'>, tag_safe=(False, False)
V1005 21:09:38.119000 90 torch/_dynamo/guards.py:4693] [0/1] [__guards] | | +- GuardManager: source=G['torch'], accessed_by=DictGetItemGuardAccessor('torch'), type=<class 'module'>, tag_safe=(False, False)
V1005 21:09:38.119000 90 torch/_dynamo/guards.py:4693] [0/1] [__guards] | | | +- ID_MATCH: ___check_obj_id(G['torch'], 281473649048880), type=<class 'module'>  # def scaled(x, s): return torch.softmax(x * s, dim=-1)  # ork/code/tc_programs.py:60 in scaled
V1005 21:09:38.119000 90 torch/_dynamo/guards.py:4693] [0/1] [__guards] | | | +- GuardManager: source=G['torch'].softmax, accessed_by=GetAttrGuardAccessor(softmax), type=<class 'builtin_function_or_method'>, tag_safe=(False, False)
V1005 21:09:38.119000 90 torch/_dynamo/guards.py:4693] [0/1] [__guards] | | | | +- ID_MATCH: ___check_obj_id(G['torch'].softmax, 281473643596912), type=<class 'builtin_function_or_method'>  # def scaled(x, s): return torch.softmax(x * s, dim=-1)  # ork/code/tc_programs.py:60 in scaled
V1005 21:09:38.119000 90 torch/_dynamo/guards.py:4693] [0/1] [__guards] +- LAMBDA_GUARD: not math.isnan(L['s'])  # implicit guard for float input due to NaN specialization in the framework
V1005 21:09:38.119000 90 torch/_dynamo/guards.py:4693] [0/1] [__guards] 
V1005 21:09:38.137000 90 torch/_dynamo/guards.py:4736] [0/1] [__guards] Guard eval latency = 60.88 us
