V1005 21:06:58.331000 199 torch/_inductor/graph.py:3114] [0/0] [__output_code] Output code: 
V1005 21:06:58.331000 199 torch/_inductor/graph.py:3114] [0/0] [__output_code] # AOT ID: ['0_forward']
V1005 21:06:58.331000 199 torch/_inductor/graph.py:3114] [0/0] [__output_code] from ctypes import c_void_p, c_long, c_int
V1005 21:06:58.331000 199 torch/_inductor/graph.py:3114] [0/0] [__output_code] import torch
V1005 21:06:58.331000 199 torch/_inductor/graph.py:3114] [0/0] [__output_code] import math
V1005 21:06:58.331000 199 torch/_inductor/graph.py:3114] [0/0] [__output_code] import random
V1005 21:06:58.331000 199 torch/_inductor/graph.py:3114] [0/0] [__output_code] import os
V1005 21:06:58.331000 199 torch/_inductor/graph.py:3114] [0/0] [__output_code] import tempfile
V1005 21:06:58.331000 199 torch/_inductor/graph.py:3114] [0/0] [__output_code] from math import inf, nan
V1005 21:06:58.331000 199 torch/_inductor/graph.py:3114] [0/0] [__output_code] from cmath import nanj
V1005 21:06:58.331000 199 torch/_inductor/graph.py:3114] [0/0] [__output_code] from torch._inductor.hooks import run_intermediate_hooks
V1005 21:06:58.331000 199 torch/_inductor/graph.py:3114] [0/0] [__output_code] from torch._inductor.utils import maybe_profile
V1005 21:06:58.331000 199 torch/_inductor/graph.py:3114] [0/0] [__output_code] from torch._inductor.codegen.memory_planning import _align as align
V1005 21:06:58.331000 199 torch/_inductor/graph.py:3114] [0/0] [__output_code] from torch import device, empty_strided
V1005 21:06:58.331000 199 torch/_inductor/graph.py:3114] [0/0] [__output_code] from torch._inductor.async_compile import AsyncCompile
V1005 21:06:58.331000 199 torch/_inductor/graph.py:3114] [0/0] [__output_code] from torch._inductor.select_algorithm import extern_kernels
V1005 21:06:58.331000 199 torch/_inductor/graph.py:3114] [0/0] [__output_code] import triton
V1005 21:06:58.331000 199 torch/_inductor/graph.py:3114] [0/0] [__output_code] import triton.language as tl
V1005 21:06:58.331000 199 torch/_inductor/graph.py:3114] [0/0] [__output_code] from torch._inductor.runtime.triton_heuristics import start_graph, end_graph
V1005 21:06:58.331000 199 torch/_inductor/graph.py:3114] [0/0] [__output_code] 
V1005 21:06:58.331000 199 torch/_inductor/graph.py:3114] [0/0] [__output_code] def get_raw_stream(_):
V1005 21:06:58.331000 199 torch/_inductor/graph.py:3114] [0/0] [__output_code]     return 0
V1005 21:06:58.331000 199 torch/_inductor/graph.py:3114] [0/0] [__output_code] 
V1005 21:06:58.331000 199 torch/_inductor/graph.py:3114] [0/0] [__output_code] 
V1005 21:06:58.331000 199 torch/_inductor/graph.py:3114] [0/0] [__output_code] aten = torch.ops.aten
V1005 21:06:58.331000 199 torch/_inductor/graph.py:3114] [0/0] [__output_code] inductor_ops = torch.ops.inductor
V1005 21:06:58.331000 199 torch/_inductor/graph.py:3114] [0/0] [__output_code] _quantized = torch.ops._quantized
V1005 21:06:58.331000 199 torch/_inductor/graph.py:3114] [0/0] [__output_code] assert_size_stride = torch._C._dynamo.guards.assert_size_stride
V1005 21:06:58.331000 199 torch/_inductor/graph.py:3114] [0/0] [__output_code] assert_size_stride_grouped = torch._C._dynamo.guards.assert_size_stride_grouped
V1005 21:06:58.331000 199 torch/_inductor/graph.py:3114] [0/0] [__output_code] assert_alignment = torch._C._dynamo.guards.assert_alignment
V1005 21:06:58.331000 199 torch/_inductor/graph.py:3114] [0/0] [__output_code] empty_strided_cpu = torch._C._dynamo.guards._empty_strided_cpu
V1005 21:06:58.331000 199 torch/_inductor/graph.py:3114] [0/0] [__output_code] empty_strided_cpu_pinned = torch._C._dynamo.guards._empty_strided_cpu_pinned
V1005 21:06:58.331000 199 torch/_inductor/graph.py:3114] [0/0] [__output_code] empty_strided_cuda = torch._C._dynamo.guards._empty_strided_cuda
V1005 21:06:58.331000 199 torch/_inductor/graph.py:3114] [0/0] [__output_code] empty_strided_xpu = torch._C._dynamo.guards._empty_strided_xpu
V1005 21:06:58.331000 199 torch/_inductor/graph.py:3114] [0/0] [__output_code] empty_strided_mtia = torch._C._dynamo.guards._empty_strided_mtia
V1005 21:06:58.331000 199 torch/_inductor/graph.py:3114] [0/0] [__output_code] reinterpret_tensor = torch._C._dynamo.guards._reinterpret_tensor
V1005 21:06:58.331000 199 torch/_inductor/graph.py:3114] [0/0] [__output_code] alloc_from_pool = torch.ops.inductor._alloc_from_pool
V1005 21:06:58.331000 199 torch/_inductor/graph.py:3114] [0/0] [__output_code] async_compile = AsyncCompile()
V1005 21:06:58.331000 199 torch/_inductor/graph.py:3114] [0/0] [__output_code] empty_strided_p2p = torch._C._distributed_c10d._SymmetricMemory.empty_strided_p2p
V1005 21:06:58.331000 199 torch/_inductor/graph.py:3114] [0/0] [__output_code] 
V1005 21:06:58.331000 199 torch/_inductor/graph.py:3114] [0/0] [__output_code] 
V1005 21:06:58.331000 199 torch/_inductor/graph.py:3114] [0/0] [__output_code] # kernel path: /tmp/c9/oy/coyj7723c7gq4tssu6zgx2aovu5th4qc4ffgew7sasb43q54hvbt.py
V1005 21:06:58.331000 199 torch/_inductor/graph.py:3114] [0/0] [__output_code] # Topologically Sorted Source Nodes: [pow_1, mean, add, rsqrt, mul, mul_1], Original ATen: [aten.pow, aten.mean, aten.add, aten.rsqrt, aten.mul]
V1005 21:06:58.331000 199 torch/_inductor/graph.py:3114] [0/0] [__output_code] # Source node to ATen node mapping:
V1005 21:06:58.331000 199 torch/_inductor/graph.py:3114] [0/0] [__output_code] #   add => add
V1005 21:06:58.331000 199 torch/_inductor/graph.py:3114] [0/0] [__output_code] #   mean => mean
V1005 21:06:58.331000 199 torch/_inductor/graph.py:3114] [0/0] [__output_code] #   mul => mul
V1005 21:06:58.331000 199 torch/_inductor/graph.py:3114] [0/0] [__output_code] #   mul_1 => mul_1
V1005 21:06:58.331000 199 torch/_inductor/graph.py:3114] [0/0] [__output_code] #   pow_1 => pow_1
V1005 21:06:58.331000 199 torch/_inductor/graph.py:3114] [0/0] [__output_code] #   rsqrt => rsqrt
V1005 21:06:58.331000 199 torch/_inductor/graph.py:3114] [0/0] [__output_code] # Graph fragment:
V1005 21:06:58.331000 199 torch/_inductor/graph.py:3114] [0/0] [__output_code] #   %primals_1 : Tensor "f32[64, 256][256, 1]cpu" = PlaceHolder[target=primals_1]
V1005 21:06:58.331000 199 torch/_inductor/graph.py:3114] [0/0] [__output_code] #   %buf0 : Tensor "f32[64, 1][1, 64]cpu" = PlaceHolder[target=buf0]
V1005 21:06:58.331000 199 torch/_inductor/graph.py:3114] [0/0] [__output_code] #   %rsqrt : Tensor "f32[64, 1][1, 1]cpu" = PlaceHolder[target=rsqrt]
V1005 21:06:58.331000 199 torch/_inductor/graph.py:3114] [0/0] [__output_code] #   %primals_2 : Tensor "f32[256][1]cpu" = PlaceHolder[target=primals_2]
V1005 21:06:58.331000 199 torch/_inductor/graph.py:3114] [0/0] [__output_code] #   %pow_1 : Tensor "f32[64, 256][256, 1]cpu"[num_users=1] = call_function[target=torch.ops.aten.pow.Tensor_Scalar](args = (%primals_1, 2), kwargs = {})
V1005 21:06:58.331000 199 torch/_inductor/graph.py:3114] [0/0] [__output_code] #   %mean : Tensor "f32[64, 1][1, 1]cpu"[num_users=1] = call_function[target=torch.ops.aten.mean.dim](args = (%pow_1, [-1], True), kwargs = {})
V1005 21:06:58.331000 199 torch/_inductor/graph.py:3114] [0/0] [__output_code] #   %add : Tensor "f32[64, 1][1, 1]cpu"[num_users=1] = call_function[target=torch.ops.aten.add.Tensor](args = (%mean, 1e-06), kwargs = {})
V1005 21:06:58.331000 199 torch/_inductor/graph.py:3114] [0/0] [__output_code] #   %rsqrt : Tensor "f32[64, 1][1, 1]cpu"[num_users=2] = call_function[target=torch.ops.aten.rsqrt.default](args = (%add,), kwargs = {})
V1005 21:06:58.331000 199 torch/_inductor/graph.py:3114] [0/0] [__output_code] #   %mul : Tensor "f32[64, 256][256, 1]cpu"[num_users=1] = call_function[target=torch.ops.aten.mul.Tensor](args = (%primals_1, %rsqrt), kwargs = {})
V1005 21:06:58.331000 199 torch/_inductor/graph.py:3114] [0/0] [__output_code] #   %mul_1 : Tensor "f32[64, 256][256, 1]cpu"[num_users=1] = call_function[target=torch.ops.aten.mul.Tensor](args = (%mul, %primals_2), kwargs = {})
V1005 21:06:58.331000 199 torch/_inductor/graph.py:3114] [0/0] [__output_code] #   return %buf0,%rsqrt,%mul_1
V1005 21:06:58.331000 199 torch/_inductor/graph.py:3114] [0/0] [__output_code] triton_per_fused_add_mean_mul_pow_rsqrt_0 = async_compile.triton('triton_per_fused_add_mean_mul_pow_rsqrt_0', '''
V1005 21:06:58.331000 199 torch/_inductor/graph.py:3114] [0/0] [__output_code] import triton
V1005 21:06:58.331000 199 torch/_inductor/graph.py:3114] [0/0] [__output_code] import triton.language as tl
V1005 21:06:58.331000 199 torch/_inductor/graph.py:3114] [0/0] [__output_code] 
V1005 21:06:58.331000 199 torch/_inductor/graph.py:3114] [0/0] [__output_code] from torch._inductor.runtime import triton_helpers, triton_heuristics
V1005 21:06:58.331000 199 torch/_inductor/graph.py:3114] [0/0] [__output_code] from torch._inductor.runtime.triton_helpers import libdevice, math as tl_math
V1005 21:06:58.331000 199 torch/_inductor/graph.py:3114] [0/0] [__output_code] from torch._inductor.runtime.hints import AutotuneHint, ReductionHint, TileHint, DeviceProperties
V1005 21:06:58.331000 199 torch/_inductor/graph.py:3114] [0/0] [__output_code] triton_helpers.set_driver_to_cpu()
V1005 21:06:58.331000 199 torch/_inductor/graph.py:3114] [0/0] [__output_code] 
V1005 21:06:58.331000 199 torch/_inductor/graph.py:3114] [0/0] [__output_code] @triton_heuristics.persistent_reduction(
V1005 21:06:58.331000 199 torch/_inductor/graph.py:3114] [0/0] [__output_code]     size_hints={'x': 64, 'r0_': 256},
V1005 21:06:58.331000 199 torch/_inductor/graph.py:3114] [0/0] [__output_code]     reduction_hint=ReductionHint.INNER,
V1005 21:06:58.331000 199 torch/_inductor/graph.py:3114] [0/0] [__output_code]     filename=__file__,
V1005 21:06:58.331000 199 torch/_inductor/graph.py:3114] [0/0] [__output_code]     triton_meta={'signature': {'in_out_ptr0': '*fp32', 'in_ptr0': '*fp32', 'in_ptr1': '*fp32', 'out_ptr0': '*fp32', 'xnumel': 'i32', 'r0_numel': 'i32', 'XBLOCK': 'constexpr'}, 'device': DeviceProperties(type='cpu', index=None, multi_processor_count=5, cc='', major=None, regs_per_multiprocessor=None, max_threads_per_multi_processor=None, max_threads_per_block=1024, warp_size=None), 'constants': {}, 'native_matmul': False, 'enable_fp_fusion': True, 'launch_pdl': False, 'disable_ftz': False, 'configs': [{(0,): [['tt.divisibility', 16]], (3,): [['tt.divisibility', 16]], (4,): [['tt.divisibility', 16]], (5,): [['tt.divisibility', 16]]}]},
V1005 21:06:58.331000 199 torch/_inductor/graph.py:3114] [0/0] [__output_code]     inductor_meta={'grid_type': 'Grid1D', 'kernel_name': 'triton_per_fused_add_mean_mul_pow_rsqrt_0', 'mutated_arg_names': ['in_out_ptr0'], 'optimize_mem': False, 'no_x_dim': None, 'atomic_add_found': False, 'num_load': 2, 'num_store': 2, 'num_reduction': 1, 'autotune_hints': set(), 'tiling_scores': {'x': 512, 'r0_': 197632}, 'backend_hash': 'nodevice', 'assert_indirect_indexing': True, 'autotune_local_cache': True, 'autotune_pointwise': True, 'autotune_remote_cache': None, 'force_disable_caches': False, 'dynamic_scale_rblock': True, 'incremental_autotune': False, 'max_autotune': False, 'max_autotune_pointwise': False, 'min_split_scan_rblock': 256, 'spill_threshold': 16, 'store_cubin': False, 'deterministic': False, 'batch_invariant': False, 'force_filter_reduction_configs': False, 'mix_order_reduction_allow_multi_stages': True, 'dynamic_disable_pipelining': True, 'are_deterministic_algorithms_enabled': False}
V1005 21:06:58.331000 199 torch/_inductor/graph.py:3114] [0/0] [__output_code] )
V1005 21:06:58.331000 199 torch/_inductor/graph.py:3114] [0/0] [__output_code] @triton.jit
V1005 21:06:58.331000 199 torch/_inductor/graph.py:3114] [0/0] [__output_code] def triton_per_fused_add_mean_mul_pow_rsqrt_0(in_out_ptr0, in_ptr0, in_ptr1, out_ptr0, xnumel, r0_numel, XBLOCK : tl.constexpr):
V1005 21:06:58.331000 199 torch/_inductor/graph.py:3114] [0/0] [__output_code]     xnumel = 64
V1005 21:06:58.331000 199 torch/_inductor/graph.py:3114] [0/0] [__output_code]     r0_numel = 256
V1005 21:06:58.331000 199 torch/_inductor/graph.py:3114] [0/0] [__output_code]     R0_BLOCK: tl.constexpr = 256
V1005 21:06:58.331000 199 torch/_inductor/graph.py:3114] [0/0] [__output_code]     rnumel = r0_numel
V1005 21:06:58.331000 199 torch/_inductor/graph.py:3114] [0/0] [__output_code]     RBLOCK: tl.constexpr = R0_BLOCK
V1005 21:06:58.331000 199 torch/_inductor/graph.py:3114] [0/0] [__output_code]     xoffset = tl.program_id(0) * XBLOCK
V1005 21:06:58.331000 199 torch/_inductor/graph.py:3114] [0/0] [__output_code]     xindex = xoffset + tl.arange(0, XBLOCK)[:, None]
V1005 21:06:58.331000 199 torch/_inductor/graph.py:3114] [0/0] [__output_code]     xmask = xindex < xnumel
V1005 21:06:58.331000 199 torch/_inductor/graph.py:3114] [0/0] [__output_code]     r0_index = tl.arange(0, R0_BLOCK)[None, :]
V1005 21:06:58.331000 199 torch/_inductor/graph.py:3114] [0/0] [__output_code]     r0_offset = 0
V1005 21:06:58.331000 199 torch/_inductor/graph.py:3114] [0/0] [__output_code]     r0_mask = tl.full([R0_BLOCK], True, tl.int1)[None, :]
V1005 21:06:58.331000 199 torch/_inductor/graph.py:3114] [0/0] [__output_code]     roffset = r0_offset
V1005 21:06:58.331000 199 torch/_inductor/graph.py:3114] [0/0] [__output_code]     rindex = r0_index
V1005 21:06:58.331000 199 torch/_inductor/graph.py:3114] [0/0] [__output_code]     r0_1 = r0_index
V1005 21:06:58.331000 199 torch/_inductor/graph.py:3114] [0/0] [__output_code]     x0 = xindex
V1005 21:06:58.331000 199 torch/_inductor/graph.py:3114] [0/0] [__output_code]     tmp0 = tl.load(in_ptr0 + (r0_1 + 256*x0), xmask, eviction_policy='evict_first', other=0.0)
V1005 21:06:58.331000 199 torch/_inductor/graph.py:3114] [0/0] [__output_code]     tmp12 = tl.load(in_ptr1 + (r0_1), None, eviction_policy='evict_last')
V1005 21:06:58.331000 199 torch/_inductor/graph.py:3114] [0/0] [__output_code]     tmp1 = tmp0 * tmp0
V1005 21:06:58.331000 199 torch/_inductor/graph.py:3114] [0/0] [__output_code]     tmp2 = tl.broadcast_to(tmp1, [XBLOCK, R0_BLOCK])
V1005 21:06:58.331000 199 torch/_inductor/graph.py:3114] [0/0] [__output_code]     tmp4 = tl.where(xmask, tmp2, 0)
V1005 21:06:58.331000 199 torch/_inductor/graph.py:3114] [0/0] [__output_code]     tmp5 = tl.sum(tmp4, 1)[:, None].to(tl.float32)
V1005 21:06:58.331000 199 torch/_inductor/graph.py:3114] [0/0] [__output_code]     tmp6 = tl.full([1, 1], 256.0, tl.float32)
V1005 21:06:58.331000 199 torch/_inductor/graph.py:3114] [0/0] [__output_code]     tmp7 = (tmp5 / tmp6)
V1005 21:06:58.331000 199 torch/_inductor/graph.py:3114] [0/0] [__output_code]     tmp8 = tl.full([1, 1], 1e-06, tl.float32)
V1005 21:06:58.331000 199 torch/_inductor/graph.py:3114] [0/0] [__output_code]     tmp9 = tmp7 + tmp8
V1005 21:06:58.331000 199 torch/_inductor/graph.py:3114] [0/0] [__output_code]     tmp10 = libdevice.rsqrt(tmp9)
V1005 21:06:58.331000 199 torch/_inductor/graph.py:3114] [0/0] [__output_code]     tmp11 = tmp0 * tmp10
V1005 21:06:58.331000 199 torch/_inductor/graph.py:3114] [0/0] [__output_code]     tmp13 = tmp11 * tmp12
V1005 21:06:58.331000 199 torch/_inductor/graph.py:3114] [0/0] [__output_code]     tl.store(in_out_ptr0 + (x0), tmp10, xmask)
V1005 21:06:58.331000 199 torch/_inductor/graph.py:3114] [0/0] [__output_code]     tl.store(out_ptr0 + (r0_1 + 256*x0), tmp13, xmask)
V1005 21:06:58.331000 199 torch/_inductor/graph.py:3114] [0/0] [__output_code] ''', device_str='cpu')
V1005 21:06:58.331000 199 torch/_inductor/graph.py:3114] [0/0] [__output_code] 
V1005 21:06:58.331000 199 torch/_inductor/graph.py:3114] [0/0] [__output_code] 
V1005 21:06:58.331000 199 torch/_inductor/graph.py:3114] [0/0] [__output_code] async_compile.wait(globals())
V1005 21:06:58.331000 199 torch/_inductor/graph.py:3114] [0/0] [__output_code] del async_compile
V1005 21:06:58.331000 199 torch/_inductor/graph.py:3114] [0/0] [__output_code] 
V1005 21:06:58.331000 199 torch/_inductor/graph.py:3114] [0/0] [__output_code] class Runner:
V1005 21:06:58.331000 199 torch/_inductor/graph.py:3114] [0/0] [__output_code]     def __init__(self, partitions):
V1005 21:06:58.331000 199 torch/_inductor/graph.py:3114] [0/0] [__output_code]         self.partitions = partitions
V1005 21:06:58.331000 199 torch/_inductor/graph.py:3114] [0/0] [__output_code] 
V1005 21:06:58.331000 199 torch/_inductor/graph.py:3114] [0/0] [__output_code]     def recursively_apply_fns(self, fns):
V1005 21:06:58.331000 199 torch/_inductor/graph.py:3114] [0/0] [__output_code]         new_callables = []
V1005 21:06:58.331000 199 torch/_inductor/graph.py:3114] [0/0] [__output_code]         for fn, c in zip(fns, self.partitions):
V1005 21:06:58.331000 199 torch/_inductor/graph.py:3114] [0/0] [__output_code]             new_callables.append(fn(c))
V1005 21:06:58.331000 199 torch/_inductor/graph.py:3114] [0/0] [__output_code]         self.partitions = new_callables
V1005 21:06:58.331000 199 torch/_inductor/graph.py:3114] [0/0] [__output_code] 
V1005 21:06:58.331000 199 torch/_inductor/graph.py:3114] [0/0] [__output_code]     def call(self, args):
V1005 21:06:58.331000 199 torch/_inductor/graph.py:3114] [0/0] [__output_code]         primals_1, primals_2 = args
V1005 21:06:58.331000 199 torch/_inductor/graph.py:3114] [0/0] [__output_code]         args.clear()
V1005 21:06:58.331000 199 torch/_inductor/graph.py:3114] [0/0] [__output_code]         assert_size_stride_grouped((primals_1, primals_2), ((64, 256), (256, )), ((256, 1), (1, )), 'input')
V1005 21:06:58.331000 199 torch/_inductor/graph.py:3114] [0/0] [__output_code]         buf0 = empty_strided_cpu((64, 1), (1, 64), torch.float32)
V1005 21:06:58.331000 199 torch/_inductor/graph.py:3114] [0/0] [__output_code]         buf1 = reinterpret_tensor(buf0, (64, 1), (1, 1), 0); del buf0  # reuse
V1005 21:06:58.331000 199 torch/_inductor/graph.py:3114] [0/0] [__output_code]         buf2 = empty_strided_cpu((64, 256), (256, 1), torch.float32)
V1005 21:06:58.331000 199 torch/_inductor/graph.py:3114] [0/0] [__output_code]         # Topologically Sorted Source Nodes: [pow_1, mean, add, rsqrt, mul, mul_1], Original ATen: [aten.pow, aten.mean, aten.add, aten.rsqrt, aten.mul]
V1005 21:06:58.331000 199 torch/_inductor/graph.py:3114] [0/0] [__output_code]         raw_streamNone = get_raw_stream(None)
V1005 21:06:58.331000 199 torch/_inductor/graph.py:3114] [0/0] [__output_code]         triton_per_fused_add_mean_mul_pow_rsqrt_0.run(buf1, primals_1, primals_2, buf2, 64, 256, stream=raw_streamNone)
V1005 21:06:58.331000 199 torch/_inductor/graph.py:3114] [0/0] [__output_code]         return (buf2, primals_1, primals_2, buf1, )
V1005 21:06:58.331000 199 torch/_inductor/graph.py:3114] [0/0] [__output_code] 
V1005 21:06:58.331000 199 torch/_inductor/graph.py:3114] [0/0] [__output_code] runner = Runner(partitions=[])
V1005 21:06:58.331000 199 torch/_inductor/graph.py:3114] [0/0] [__output_code] call = runner.call
V1005 21:06:58.331000 199 torch/_inductor/graph.py:3114] [0/0] [__output_code] recursively_apply_fns = runner.recursively_apply_fns
V1005 21:06:58.331000 199 torch/_inductor/graph.py:3114] [0/0] [__output_code] 
V1005 21:06:58.331000 199 torch/_inductor/graph.py:3114] [0/0] [__output_code] 
V1005 21:06:58.331000 199 torch/_inductor/graph.py:3114] [0/0] [__output_code] def get_args():
V1005 21:06:58.331000 199 torch/_inductor/graph.py:3114] [0/0] [__output_code]     from torch._dynamo.testing import rand_strided
V1005 21:06:58.331000 199 torch/_inductor/graph.py:3114] [0/0] [__output_code]     primals_1 = rand_strided((64, 256), (256, 1), device='cpu', dtype=torch.float32)
V1005 21:06:58.331000 199 torch/_inductor/graph.py:3114] [0/0] [__output_code]     primals_2 = rand_strided((256, ), (1, ), device='cpu', dtype=torch.float32)
V1005 21:06:58.331000 199 torch/_inductor/graph.py:3114] [0/0] [__output_code]     return [primals_1, primals_2]
V1005 21:06:58.331000 199 torch/_inductor/graph.py:3114] [0/0] [__output_code] 
V1005 21:06:58.331000 199 torch/_inductor/graph.py:3114] [0/0] [__output_code] 
V1005 21:06:58.331000 199 torch/_inductor/graph.py:3114] [0/0] [__output_code] def benchmark_compiled_module(args, times=10, repeat=10):
V1005 21:06:58.331000 199 torch/_inductor/graph.py:3114] [0/0] [__output_code]     from torch._inductor.utils import print_performance
V1005 21:06:58.331000 199 torch/_inductor/graph.py:3114] [0/0] [__output_code]     fn = lambda: call(list(args))
V1005 21:06:58.331000 199 torch/_inductor/graph.py:3114] [0/0] [__output_code]     return print_performance(fn, times=times, repeat=repeat, device='cpu')
V1005 21:06:58.331000 199 torch/_inductor/graph.py:3114] [0/0] [__output_code] 
V1005 21:06:58.331000 199 torch/_inductor/graph.py:3114] [0/0] [__output_code] 
V1005 21:06:58.331000 199 torch/_inductor/graph.py:3114] [0/0] [__output_code] if __name__ == "__main__":
V1005 21:06:58.331000 199 torch/_inductor/graph.py:3114] [0/0] [__output_code]     from torch._inductor.wrapper_benchmark import compiled_module_main
V1005 21:06:58.331000 199 torch/_inductor/graph.py:3114] [0/0] [__output_code]     args = get_args()
V1005 21:06:58.331000 199 torch/_inductor/graph.py:3114] [0/0] [__output_code]     compiled_module_main('None', lambda times, repeat: benchmark_compiled_module(args, times=times, repeat=repeat))
V1005 21:06:58.331000 199 torch/_inductor/graph.py:3114] [0/0] [__output_code] 
V1005 21:06:58.335000 199 torch/_inductor/graph.py:3125] [0/0] [__output_code] Output code written to: /tmp/c9/mv/cmvjvh4smpu2ejk6i2mzfuzvq2g5pac5uznevcn5oa23y4yvs3yv.py
/opt/venv/lib/python3.12/site-packages/torch/_inductor/runtime/triton_helpers.py:48: UserWarning: Could not find an active CPU backend. Generated kernels will not be executable!
  warnings.warn(
E1005 21:06:58.349000 199 torch/_inductor/runtime/triton_heuristics.py:1417] [0/0] Triton compilation failed: triton_per_fused_add_mean_mul_pow_rsqrt_0
E1005 21:06:58.349000 199 torch/_inductor/runtime/triton_heuristics.py:1417] [0/0] def triton_per_fused_add_mean_mul_pow_rsqrt_0(in_out_ptr0, in_ptr0, in_ptr1, out_ptr0, xnumel, r0_numel, XBLOCK : tl.constexpr):
E1005 21:06:58.349000 199 torch/_inductor/runtime/triton_heuristics.py:1417] [0/0]     xnumel = 64
E1005 21:06:58.349000 199 torch/_inductor/runtime/triton_heuristics.py:1417] [0/0]     r0_numel = 256
E1005 21:06:58.349000 199 torch/_inductor/runtime/triton_heuristics.py:1417] [0/0]     R0_BLOCK: tl.constexpr = 256
E1005 21:06:58.349000 199 torch/_inductor/runtime/triton_heuristics.py:1417] [0/0]     rnumel = r0_numel
E1005 21:06:58.349000 199 torch/_inductor/runtime/triton_heuristics.py:1417] [0/0]     RBLOCK: tl.constexpr = R0_BLOCK
E1005 21:06:58.349000 199 torch/_inductor/runtime/triton_heuristics.py:1417] [0/0]     xoffset = tl.program_id(0) * XBLOCK
E1005 21:06:58.349000 199 torch/_inductor/runtime/triton_heuristics.py:1417] [0/0]     xindex = xoffset + tl.arange(0, XBLOCK)[:, None]
E1005 21:06:58.349000 199 torch/_inductor/runtime/triton_heuristics.py:1417] [0/0]     xmask = xindex < xnumel
E1005 21:06:58.349000 199 torch/_inductor/runtime/triton_heuristics.py:1417] [0/0]     r0_index = tl.arange(0, R0_BLOCK)[None, :]
E1005 21:06:58.349000 199 torch/_inductor/runtime/triton_heuristics.py:1417] [0/0]     r0_offset = 0
E1005 21:06:58.349000 199 torch/_inductor/runtime/triton_heuristics.py:1417] [0/0]     r0_mask = tl.full([R0_BLOCK], True, tl.int1)[None, :]
E1005 21:06:58.349000 199 torch/_inductor/runtime/triton_heuristics.py:1417] [0/0]     roffset = r0_offset
E1005 21:06:58.349000 199 torch/_inductor/runtime/triton_heuristics.py:1417] [0/0]     rindex = r0_index
E1005 21:06:58.349000 199 torch/_inductor/runtime/triton_heuristics.py:1417] [0/0]     r0_1 = r0_index
E1005 21:06:58.349000 199 torch/_inductor/runtime/triton_heuristics.py:1417] [0/0]     x0 = xindex
E1005 21:06:58.349000 199 torch/_inductor/runtime/triton_heuristics.py:1417] [0/0]     tmp0 = tl.load(in_ptr0 + (r0_1 + 256*x0), xmask, eviction_policy='evict_first', other=0.0)
E1005 21:06:58.349000 199 torch/_inductor/runtime/triton_heuristics.py:1417] [0/0]     tmp12 = tl.load(in_ptr1 + (r0_1), None, eviction_policy='evict_last')
E1005 21:06:58.349000 199 torch/_inductor/runtime/triton_heuristics.py:1417] [0/0]     tmp1 = tmp0 * tmp0
E1005 21:06:58.349000 199 torch/_inductor/runtime/triton_heuristics.py:1417] [0/0]     tmp2 = tl.broadcast_to(tmp1, [XBLOCK, R0_BLOCK])
E1005 21:06:58.349000 199 torch/_inductor/runtime/triton_heuristics.py:1417] [0/0]     tmp4 = tl.where(xmask, tmp2, 0)
E1005 21:06:58.349000 199 torch/_inductor/runtime/triton_heuristics.py:1417] [0/0]     tmp5 = tl.sum(tmp4, 1)[:, None].to(tl.float32)
E1005 21:06:58.349000 199 torch/_inductor/runtime/triton_heuristics.py:1417] [0/0]     tmp6 = tl.full([1, 1], 256.0, tl.float32)
E1005 21:06:58.349000 199 torch/_inductor/runtime/triton_heuristics.py:1417] [0/0]     tmp7 = (tmp5 / tmp6)
E1005 21:06:58.349000 199 torch/_inductor/runtime/triton_heuristics.py:1417] [0/0]     tmp8 = tl.full([1, 1], 1e-06, tl.float32)
E1005 21:06:58.349000 199 torch/_inductor/runtime/triton_heuristics.py:1417] [0/0]     tmp9 = tmp7 + tmp8
E1005 21:06:58.349000 199 torch/_inductor/runtime/triton_heuristics.py:1417] [0/0]     tmp10 = libdevice.rsqrt(tmp9)
E1005 21:06:58.349000 199 torch/_inductor/runtime/triton_heuristics.py:1417] [0/0]     tmp11 = tmp0 * tmp10
E1005 21:06:58.349000 199 torch/_inductor/runtime/triton_heuristics.py:1417] [0/0]     tmp13 = tmp11 * tmp12
E1005 21:06:58.349000 199 torch/_inductor/runtime/triton_heuristics.py:1417] [0/0]     tl.store(in_out_ptr0 + (x0), tmp10, xmask)
E1005 21:06:58.349000 199 torch/_inductor/runtime/triton_heuristics.py:1417] [0/0]     tl.store(out_ptr0 + (r0_1 + 256*x0), tmp13, xmask)
E1005 21:06:58.349000 199 torch/_inductor/runtime/triton_heuristics.py:1417] [0/0] 
E1005 21:06:58.349000 199 torch/_inductor/runtime/triton_heuristics.py:1417] [0/0] metadata: {'signature': {'in_out_ptr0': '*fp32', 'in_ptr0': '*fp32', 'in_ptr1': '*fp32', 'out_ptr0': '*fp32', 'xnumel': 'i32', 'r0_numel': 'i32', 'XBLOCK': 'constexpr'}, 'device': None, 'constants': {'XBLOCK': 1}, 'native_matmul': False, 'enable_fp_fusion': True, 'launch_pdl': False, 'disable_ftz': False, 'configs': [{(0,): [['tt.divisibility', 16]], (3,): [['tt.divisibility', 16]], (4,): [['tt.divisibility', 16]], (5,): [['tt.divisibility', 16]]}], 'device_type': 'cpu', 'num_warps': 2, 'num_stages': 1, 'debug': True, 'cc': ''}
E1005 21:06:58.349000 199 torch/_inductor/runtime/triton_heuristics.py:1417] [0/0] Traceback (most recent call last):
E1005 21:06:58.349000 199 torch/_inductor/runtime/triton_heuristics.py:1417] [0/0]   File "/opt/venv/lib/python3.12/site-packages/torch/_inductor/runtime/triton_heuristics.py", line 1415, in _precompile_config
E1005 21:06:58.349000 199 torch/_inductor/runtime/triton_heuristics.py:1417] [0/0]     binary = triton.compile(*compile_args, **compile_kwargs)
E1005 21:06:58.349000 199 torch/_inductor/runtime/triton_heuristics.py:1417] [0/0]              ^^^^^^^^^^^^^^^^^^^^^^^^^^^^^^^^^^^^^^^^^^^^^^^
E1005 21:06:58.349000 199 torch/_inductor/runtime/triton_heuristics.py:1417] [0/0]   File "/opt/venv/lib/python3.12/site-packages/triton/compiler/compiler.py", line 234, in compile
E1005 21:06:58.349000 199 torch/_inductor/runtime/triton_heuristics.py:1417] [0/0]     backend = make_backend(target)
E1005 21:06:58.349000 199 torch/_inductor/runtime/triton_heuristics.py:1417] [0/0]               ^^^^^^^^^^^^^^^^^^^^
E1005 21:06:58.349000 199 torch/_inductor/runtime/triton_heuristics.py:1417] [0/0]   File "/opt/venv/lib/python3.12/site-packages/triton/compiler/compiler.py", line 369, in make_backend
E1005 21:06:58.349000 199 torch/_inductor/runtime/triton_heuristics.py:1417] [0/0]     raise RuntimeError(
E1005 21:06:58.349000 199 torch/_inductor/runtime/triton_heuristics.py:1417] [0/0] RuntimeError: 0 compatible backends for target (cpu) ([]). There should only be one.
