dpr 100 5.6031 0 s
dpr 200 3.9747 0 s
dpr 300 2.3369 1 s
dpr 400 1.7098 1 s
dpr 500 1.2776 1 s
dpr 600 1.0334 1 s
dpr 700 0.9717 1 s
dpr 800 0.983 2 s
dpr 900 0.9736 2 s
dpr 1000 0.932 2 s
dpr recall@5 {'train_president': 0.9875, 'train_capital': 1.0, 'train_born': 1.0, 'train_novels': 1.0, 'test_president': 0.9667, 'test_capital': 1.0, 'test_born': 1.0, 'test_novels': 1.0}
bart 1000 1.0675 21 s
bart 2000 0.9658 42 s
bart 3000 0.9786 63 s
bart 4000 0.9689 82 s
bart 5000 0.9639 102 s
bart 6000 0.9718 122 s
bart 7000 0.9159 142 s
bart 8000 0.8815 163 s
bart 9000 0.8863 184 s
bart 10000 0.8857 204 s
bart 11000 0.8417 227 s
bart 12000 0.8149 248 s
bart document reconstruction (masked span filled from memory) 31 / 2340
