[   0.003s] phase start
[   0.520s] phase import_torch
[  83.743s] phase import_done
[  83.977s] phase dataset_open
dataset: 8192 rows from /work/data/train.bin (8421376 bytes)
[  84.019s] phase model_build
[  84.037s] phase optim_build
[ 163.668s] phase loader_start
[ 167.226s] phase first_batch
time to first batch: 2.427s (start method fork)
[ 167.238s] phase step_0
step 0 loss 2.2969
[ 167.962s] phase step_1
[ 168.832s] phase step_2
[ 169.233s] phase step_3
[ 169.582s] got signal 15; will checkpoint and exit
[ 169.914s] phase step_4
[ 170.222s] phase ckpt_begin
[ 170.387s] phase ckpt_end
[ 171.068s] phase exit
done at step 5 (SIGTERM), total 171.071s
