[   0.003s] phase start
[   0.398s] phase import_torch
[  84.977s] phase import_done
[  85.252s] phase dataset_open
dataset: 8192 rows from /work/data/train.bin (8421376 bytes)
[  85.301s] phase model_build
[  85.328s] phase optim_build
[ 168.791s] phase loader_start
[   0.007s] phase start
[   0.179s] phase import_torch
[   0.005s] phase start
[   0.133s] phase import_torch
[ 147.626s] phase import_done
[ 151.165s] phase import_done
[ 331.869s] phase first_batch
time to first batch: 160.035s (start method spawn)
[ 331.887s] phase step_0
step 0 loss 2.2969
[ 332.602s] phase step_1
[ 333.543s] phase step_2
[ 333.994s] phase step_3
[ 334.390s] got signal 15; will checkpoint and exit
[ 334.851s] phase step_4
[ 335.225s] phase ckpt_begin
[ 335.430s] phase ckpt_end
[ 337.060s] phase exit
done at step 5 (SIGTERM), total 337.064s
