[   0.003s] phase start
[   0.387s] phase import_torch
[  85.034s] phase import_done
[  85.289s] phase dataset_open
dataset: 8192 rows from /work/data/train.bin (8421376 bytes)
[  85.337s] phase model_build
[  85.357s] phase optim_build
[ 168.796s] phase loader_start
[   0.004s] phase start
[   0.004s] phase start
[   0.141s] phase import_torch
[   0.137s] phase import_torch
[ 149.938s] phase import_done
[ 151.987s] phase import_done
[ 333.482s] phase first_batch
time to first batch: 157.529s (start method forkserver)
[ 333.497s] phase step_0
step 0 loss 2.2969
[ 334.079s] phase step_1
[ 334.917s] phase step_2
[ 335.388s] phase step_3
[ 335.795s] got signal 15; will checkpoint and exit
[ 335.803s] phase ckpt_begin
[ 335.969s] phase ckpt_end
[ 336.952s] phase exit
done at step 4 (SIGTERM), total 336.957s
