coalesce  stride 1 offset 0                      2.079 ms  (2.052-2.099)  load 5.0  {'stride': 1, 'offset': 0, 'useful_bytes': 268435456, 'gbps_useful': 129.12637807840417}
coalesce  stride 1 offset 1                      2.060 ms  (2.040-2.097)  load 5.0  {'stride': 1, 'offset': 1, 'useful_bytes': 268435456, 'gbps_useful': 130.2947741499184}
coalesce  stride 2 offset 0                      2.076 ms  (2.060-2.092)  load 5.0  {'stride': 2, 'offset': 0, 'useful_bytes': 268435456, 'gbps_useful': 129.33531928805863}
coalesce  stride 4 offset 0                      2.067 ms  (2.052-2.089)  load 5.0  {'stride': 4, 'offset': 0, 'useful_bytes': 268435456, 'gbps_useful': 129.86246517184645}
coalesce  stride 8 offset 0                      3.578 ms  (3.559-3.656)  load 5.0  {'stride': 8, 'offset': 0, 'useful_bytes': 268435456, 'gbps_useful': 75.01514928395683}
coalesce  stride 16 offset 0                     6.641 ms  (6.617-6.939)  load 5.0  {'stride': 16, 'offset': 0, 'useful_bytes': 268435456, 'gbps_useful': 40.41875774586283}
coalesce  stride 32 offset 0                    12.422 ms  (12.238-13.585)  load 5.0  {'stride': 32, 'offset': 0, 'useful_bytes': 268435456, 'gbps_useful': 21.609274865281307}
coalesce  stride 64 offset 0                    23.849 ms  (23.532-24.398)  load 4.7  {'stride': 64, 'offset': 0, 'useful_bytes': 268435456, 'gbps_useful': 11.25556049469511}
coalesce  random gather                        176.585 ms  (176.186-176.646)  load 4.5  {'stride': -1, 'offset': 0, 'useful_bytes': 268435456, 'index_bytes': 268435456, 'gbps_useful': 1.5201497636958385}
transpose copy (both sides coalesced)            1.075 ms  (1.021-1.117)  load 4.5  {'bytes': 134217728, 'gbps': 124.88080189015976}
transpose naive transpose                        1.268 ms  (1.229-1.587)  load 4.5  {'bytes': 134217728, 'gbps': 105.85167999424515}
transpose tiled, tile[32][32]                    1.043 ms  (0.987-1.165)  load 4.5  {'bytes': 134217728, 'gbps': 128.62366610526522}
transpose tiled, padded tile[32][33]             0.978 ms  (0.969-1.040)  load 4.5  {'bytes': 134217728, 'gbps': 137.30362639657784}
banks     lane stride 1                          0.668 ms  (0.658-0.753)  load 4.4  {'stride': 1, 'reads': 268435456, 'greads_per_s': 401.9247000874924}
banks     lane stride 2                          0.668 ms  (0.659-0.669)  load 4.4  {'stride': 2, 'reads': 268435456, 'greads_per_s': 401.78933698968416}
banks     lane stride 4                          0.704 ms  (0.691-0.770)  load 4.4  {'stride': 4, 'reads': 268435456, 'greads_per_s': 381.5216847406853}
banks     lane stride 8                          0.893 ms  (0.879-0.906)  load 4.4  {'stride': 8, 'reads': 268435456, 'greads_per_s': 300.6220352328886}
banks     lane stride 16                         1.294 ms  (1.287-1.304)  load 4.4  {'stride': 16, 'reads': 268435456, 'greads_per_s': 207.44494199357203}
banks     lane stride 32                         2.328 ms  (2.316-2.350)  load 4.4  {'stride': 32, 'reads': 268435456, 'greads_per_s': 115.285863922525}
banks     lane stride 33                         0.681 ms  (0.677-0.711)  load 4.4  {'stride': 33, 'reads': 268435456, 'greads_per_s': 393.89400335729425}
banks     lane stride 64                         2.335 ms  (2.313-2.343)  load 4.4  {'stride': 64, 'reads': 268435456, 'greads_per_s': 114.97396117287836}
diverge   uniform: all lanes branch A            1.515 ms  (1.507-1.519)  load 4.2  {'mode': 0, 'flops': 2147483648}
diverge   per SIMD-group: 32 lanes agree         1.520 ms  (1.515-1.632)  load 4.2  {'mode': 1, 'flops': 2147483648}
diverge   divergent: alternate lanes             2.795 ms  (2.793-2.820)  load 4.2  {'mode': 2, 'flops': 2147483648}
diverge   divergent: random lanes                2.825 ms  (2.814-2.901)  load 4.2  {'mode': 3, 'flops': 2147483648}
latency   256 threads                           24.286 ms  (24.174-26.403)  load 4.2  {'threads': 256, 'bytes': 268435456, 'gbps': 11.05306307109067}
latency   512 threads                           12.011 ms  (11.994-12.049)  load 4.2  {'threads': 512, 'bytes': 268435456, 'gbps': 22.349444728610386}
latency   1024 threads                           6.024 ms  (5.969-6.088)  load 4.2  {'threads': 1024, 'bytes': 268435456, 'gbps': 44.56284805852328}
latency   2048 threads                           3.339 ms  (3.300-3.569)  load 4.2  {'threads': 2048, 'bytes': 268435456, 'gbps': 80.40567795538176}
latency   4096 threads                           2.066 ms  (2.056-2.094)  load 4.2  {'threads': 4096, 'bytes': 268435456, 'gbps': 129.94943508152906}
latency   8192 threads                           1.773 ms  (1.755-1.791)  load 4.2  {'threads': 8192, 'bytes': 268435456, 'gbps': 151.3847599405826}
latency   16384 threads                          1.755 ms  (1.742-1.780)  load 4.2  {'threads': 16384, 'bytes': 268435456, 'gbps': 152.9953519431052}
latency   32768 threads                          1.878 ms  (1.853-2.125)  load 4.2  {'threads': 32768, 'bytes': 268435456, 'gbps': 142.93687720832327}
latency   65536 threads                          1.848 ms  (1.836-1.898)  load 4.2  {'threads': 65536, 'bytes': 268435456, 'gbps': 145.25335157848633}
latency   131072 threads                         1.851 ms  (1.810-1.936)  load 4.2  {'threads': 131072, 'bytes': 268435456, 'gbps': 145.02511553261425}
latency   262144 threads                         1.903 ms  (1.768-4.157)  load 4.2  {'threads': 262144, 'bytes': 268435456, 'gbps': 141.0275985834247}
tiling    naive (no tiles)                      48.621 ms  (48.082-48.846)  load 4.3  {'tile': 1, 'flops': 17179869184, 'gflops': 353.34479316895187}
tiling    tile 8x8                              25.358 ms  (25.252-25.454)  load 4.3  {'tile': 8, 'flops': 17179869184, 'gflops': 677.4811955766318}
tiling    tile 16x16                            26.539 ms  (26.449-26.775)  load 4.5  {'tile': 16, 'flops': 17179869184, 'gflops': 647.3412061413037}
tiling    tile 32x32                            35.967 ms  (35.910-36.143)  load 4.5  {'tile': 32, 'flops': 17179869184, 'gflops': 477.6507208757292}
wrote out/run_2.json
