coalesce  stride 1 offset 0                      2.055 ms  (2.041-2.122)  load 3.9  {'stride': 1, 'offset': 0, 'useful_bytes': 268435456, 'gbps_useful': 130.6408847710529}
coalesce  stride 1 offset 1                      2.066 ms  (2.045-2.128)  load 3.9  {'stride': 1, 'offset': 1, 'useful_bytes': 268435456, 'gbps_useful': 129.91378817543995}
coalesce  stride 2 offset 0                      2.059 ms  (2.044-2.089)  load 3.9  {'stride': 2, 'offset': 0, 'useful_bytes': 268435456, 'gbps_useful': 130.35540146593067}
coalesce  stride 4 offset 0                      2.130 ms  (2.083-2.323)  load 3.9  {'stride': 4, 'offset': 0, 'useful_bytes': 268435456, 'gbps_useful': 126.00533029074556}
coalesce  stride 8 offset 0                      3.713 ms  (3.590-5.182)  load 3.9  {'stride': 8, 'offset': 0, 'useful_bytes': 268435456, 'gbps_useful': 72.29172910146697}
coalesce  stride 16 offset 0                     6.799 ms  (6.633-8.867)  load 3.9  {'stride': 16, 'offset': 0, 'useful_bytes': 268435456, 'gbps_useful': 39.48247953753434}
coalesce  stride 32 offset 0                    12.131 ms  (12.047-12.402)  load 4.3  {'stride': 32, 'offset': 0, 'useful_bytes': 268435456, 'gbps_useful': 22.12895347907031}
coalesce  stride 64 offset 0                    23.737 ms  (23.508-24.188)  load 4.3  {'stride': 64, 'offset': 0, 'useful_bytes': 268435456, 'gbps_useful': 11.308918218236228}
coalesce  random gather                        176.851 ms  (176.258-187.411)  load 4.4  {'stride': -1, 'offset': 0, 'useful_bytes': 268435456, 'index_bytes': 268435456, 'gbps_useful': 1.5178584320318527}
transpose copy (both sides coalesced)            0.956 ms  (0.948-1.014)  load 4.4  {'bytes': 134217728, 'gbps': 140.3327264258194}
transpose naive transpose                        1.236 ms  (1.191-1.632)  load 4.4  {'bytes': 134217728, 'gbps': 108.60687030693737}
transpose tiled, tile[32][32]                    1.087 ms  (0.962-3.220)  load 5.4  {'bytes': 134217728, 'gbps': 123.53029438050257}
transpose tiled, padded tile[32][33]             1.055 ms  (1.011-1.234)  load 5.4  {'bytes': 134217728, 'gbps': 127.26030513368441}
banks     lane stride 1                          0.844 ms  (0.798-1.279)  load 5.4  {'stride': 1, 'reads': 268435456, 'greads_per_s': 317.96039220860354}
banks     lane stride 2                          0.740 ms  (0.674-0.796)  load 5.4  {'stride': 2, 'reads': 268435456, 'greads_per_s': 362.93041550786273}
banks     lane stride 4                          0.701 ms  (0.691-0.706)  load 5.4  {'stride': 4, 'reads': 268435456, 'greads_per_s': 382.6955670087545}
banks     lane stride 8                          0.884 ms  (0.870-1.260)  load 5.4  {'stride': 8, 'reads': 268435456, 'greads_per_s': 303.54272153972374}
banks     lane stride 16                         1.307 ms  (1.281-1.327)  load 5.4  {'stride': 16, 'reads': 268435456, 'greads_per_s': 205.42219756793259}
banks     lane stride 32                         2.384 ms  (2.349-2.949)  load 5.4  {'stride': 32, 'reads': 268435456, 'greads_per_s': 112.58262388864358}
banks     lane stride 33                         0.677 ms  (0.669-0.696)  load 5.4  {'stride': 33, 'reads': 268435456, 'greads_per_s': 396.7025629304445}
banks     lane stride 64                         2.388 ms  (2.350-2.439)  load 5.4  {'stride': 64, 'reads': 268435456, 'greads_per_s': 112.40270132969574}
diverge   uniform: all lanes branch A            1.526 ms  (1.513-1.543)  load 6.7  {'mode': 0, 'flops': 2147483648}
diverge   per SIMD-group: 32 lanes agree         1.543 ms  (1.523-1.586)  load 6.7  {'mode': 1, 'flops': 2147483648}
diverge   divergent: alternate lanes             2.865 ms  (2.795-2.929)  load 6.7  {'mode': 2, 'flops': 2147483648}
diverge   divergent: random lanes                2.808 ms  (2.802-2.849)  load 6.7  {'mode': 3, 'flops': 2147483648}
latency   256 threads                           24.320 ms  (24.209-24.361)  load 6.7  {'threads': 256, 'bytes': 268435456, 'gbps': 11.037648310442721}
latency   512 threads                           12.016 ms  (11.986-12.053)  load 6.7  {'threads': 512, 'bytes': 268435456, 'gbps': 22.339060264381665}
latency   1024 threads                           6.001 ms  (5.951-6.048)  load 6.7  {'threads': 1024, 'bytes': 268435456, 'gbps': 44.73541288920802}
latency   2048 threads                           3.316 ms  (3.279-3.354)  load 6.5  {'threads': 2048, 'bytes': 268435456, 'gbps': 80.95599586573282}
latency   4096 threads                           2.034 ms  (2.026-2.055)  load 6.5  {'threads': 4096, 'bytes': 268435456, 'gbps': 131.95092959113413}
latency   8192 threads                           2.037 ms  (1.773-2.223)  load 6.5  {'threads': 8192, 'bytes': 268435456, 'gbps': 131.76632105788738}
latency   16384 threads                          2.015 ms  (1.928-2.639)  load 6.5  {'threads': 16384, 'bytes': 268435456, 'gbps': 133.20757488866337}
latency   32768 threads                          2.155 ms  (2.021-4.174)  load 6.5  {'threads': 32768, 'bytes': 268435456, 'gbps': 124.58665639520557}
latency   65536 threads                          2.005 ms  (1.963-2.187)  load 6.5  {'threads': 65536, 'bytes': 268435456, 'gbps': 133.85353985033967}
latency   131072 threads                         1.922 ms  (1.852-1.980)  load 6.5  {'threads': 131072, 'bytes': 268435456, 'gbps': 139.62832606681874}
latency   262144 threads                         1.855 ms  (1.767-1.879)  load 6.5  {'threads': 262144, 'bytes': 268435456, 'gbps': 144.67468396005071}
tiling    naive (no tiles)                      48.666 ms  (48.199-53.065)  load 6.5  {'tile': 1, 'flops': 17179869184, 'gflops': 353.01715455354196}
tiling    tile 8x8                              25.361 ms  (25.245-25.443)  load 6.3  {'tile': 8, 'flops': 17179869184, 'gflops': 677.405508083648}
tiling    tile 16x16                            26.607 ms  (26.476-28.292)  load 6.3  {'tile': 16, 'flops': 17179869184, 'gflops': 645.6874631788876}
tiling    tile 32x32                            36.131 ms  (35.928-38.641)  load 6.3  {'tile': 32, 'flops': 17179869184, 'gflops': 475.4912650311248}
wrote out/run_3.json
