coalesce  stride 1 offset 0                      2.348 ms  (2.210-2.822)  load 4.5  {'stride': 1, 'offset': 0, 'useful_bytes': 268435456, 'gbps_useful': 114.31419707725665}
coalesce  stride 1 offset 1                      2.243 ms  (2.178-2.312)  load 4.5  {'stride': 1, 'offset': 1, 'useful_bytes': 268435456, 'gbps_useful': 119.65385597823315}
coalesce  stride 2 offset 0                      2.308 ms  (2.173-2.801)  load 4.5  {'stride': 2, 'offset': 0, 'useful_bytes': 268435456, 'gbps_useful': 116.29518597313626}
coalesce  stride 4 offset 0                      2.193 ms  (2.170-2.269)  load 4.5  {'stride': 4, 'offset': 0, 'useful_bytes': 268435456, 'gbps_useful': 122.38232843676539}
coalesce  stride 8 offset 0                      3.826 ms  (3.728-4.116)  load 4.5  {'stride': 8, 'offset': 0, 'useful_bytes': 268435456, 'gbps_useful': 70.16773891641901}
coalesce  stride 16 offset 0                     7.123 ms  (6.940-8.059)  load 4.5  {'stride': 16, 'offset': 0, 'useful_bytes': 268435456, 'gbps_useful': 37.68418747649768}
coalesce  stride 32 offset 0                    12.924 ms  (12.471-13.609)  load 4.5  {'stride': 32, 'offset': 0, 'useful_bytes': 268435456, 'gbps_useful': 20.76954429220548}
coalesce  stride 64 offset 0                    25.206 ms  (23.691-26.835)  load 4.5  {'stride': 64, 'offset': 0, 'useful_bytes': 268435456, 'gbps_useful': 10.649767162128693}
coalesce  random gather                        176.618 ms  (176.127-176.826)  load 4.4  {'stride': -1, 'offset': 0, 'useful_bytes': 268435456, 'index_bytes': 268435456, 'gbps_useful': 1.5198652565691324}
transpose copy (both sides coalesced)            1.150 ms  (1.119-1.235)  load 4.4  {'bytes': 134217728, 'gbps': 116.68612727787456}
transpose naive transpose                        1.328 ms  (1.259-1.808)  load 4.4  {'bytes': 134217728, 'gbps': 101.05678360628224}
transpose tiled, tile[32][32]                    1.231 ms  (0.995-1.399)  load 4.4  {'bytes': 134217728, 'gbps': 109.06321385728066}
transpose tiled, padded tile[32][33]             1.037 ms  (1.007-1.116)  load 4.4  {'bytes': 134217728, 'gbps': 129.46370384288267}
banks     lane stride 1                          0.982 ms  (0.821-1.011)  load 4.8  {'stride': 1, 'reads': 268435456, 'greads_per_s': 273.36510305175347}
banks     lane stride 2                          1.028 ms  (0.968-1.064)  load 4.8  {'stride': 2, 'reads': 268435456, 'greads_per_s': 261.15152254836704}
banks     lane stride 4                          1.118 ms  (1.083-1.173)  load 4.8  {'stride': 4, 'reads': 268435456, 'greads_per_s': 240.1211818967016}
banks     lane stride 8                          1.302 ms  (1.085-1.457)  load 4.8  {'stride': 8, 'reads': 268435456, 'greads_per_s': 206.11884341736325}
banks     lane stride 16                         1.379 ms  (1.358-1.519)  load 4.8  {'stride': 16, 'reads': 268435456, 'greads_per_s': 194.6571623279936}
banks     lane stride 32                         2.401 ms  (2.376-2.423)  load 4.8  {'stride': 32, 'reads': 268435456, 'greads_per_s': 111.82480976672872}
banks     lane stride 33                         0.708 ms  (0.689-0.730)  load 4.8  {'stride': 33, 'reads': 268435456, 'greads_per_s': 379.01678869619604}
banks     lane stride 64                         2.463 ms  (2.374-2.758)  load 4.8  {'stride': 64, 'reads': 268435456, 'greads_per_s': 109.00341687588156}
diverge   uniform: all lanes branch A            1.516 ms  (1.505-1.552)  load 4.8  {'mode': 0, 'flops': 2147483648}
diverge   per SIMD-group: 32 lanes agree         1.520 ms  (1.515-1.530)  load 4.8  {'mode': 1, 'flops': 2147483648}
diverge   divergent: alternate lanes             2.825 ms  (2.806-2.899)  load 4.8  {'mode': 2, 'flops': 2147483648}
diverge   divergent: random lanes                2.815 ms  (2.812-2.832)  load 4.8  {'mode': 3, 'flops': 2147483648}
latency   256 threads                           24.692 ms  (24.247-24.994)  load 4.8  {'threads': 256, 'bytes': 268435456, 'gbps': 10.871212718978358}
latency   512 threads                           11.982 ms  (11.956-12.039)  load 4.8  {'threads': 512, 'bytes': 268435456, 'gbps': 22.403018001577962}
latency   1024 threads                           5.940 ms  (5.919-6.060)  load 4.8  {'threads': 1024, 'bytes': 268435456, 'gbps': 45.188090973995024}
latency   2048 threads                           3.286 ms  (3.276-3.300)  load 4.8  {'threads': 2048, 'bytes': 268435456, 'gbps': 81.69582348127564}
latency   4096 threads                           2.047 ms  (2.031-2.083)  load 4.8  {'threads': 4096, 'bytes': 268435456, 'gbps': 131.1424379548787}
latency   8192 threads                           1.770 ms  (1.748-1.799)  load 4.8  {'threads': 8192, 'bytes': 268435456, 'gbps': 151.6406131899576}
latency   16384 threads                          1.819 ms  (1.755-1.860)  load 4.8  {'threads': 16384, 'bytes': 268435456, 'gbps': 147.54402263549113}
latency   32768 threads                          1.947 ms  (1.912-2.051)  load 4.8  {'threads': 32768, 'bytes': 268435456, 'gbps': 137.89433590674642}
latency   65536 threads                          1.920 ms  (1.897-1.982)  load 4.8  {'threads': 65536, 'bytes': 268435456, 'gbps': 139.78344416646058}
latency   131072 threads                         1.988 ms  (1.860-4.020)  load 4.8  {'threads': 131072, 'bytes': 268435456, 'gbps': 135.04827479976348}
latency   262144 threads                         1.842 ms  (1.787-1.997)  load 4.8  {'threads': 262144, 'bytes': 268435456, 'gbps': 145.76604317710274}
tiling    naive (no tiles)                      49.749 ms  (48.059-50.222)  load 4.6  {'tile': 1, 'flops': 17179869184, 'gflops': 345.33123420090186}
tiling    tile 8x8                              25.557 ms  (25.416-25.579)  load 4.6  {'tile': 8, 'flops': 17179869184, 'gflops': 672.2053323970881}
tiling    tile 16x16                            26.612 ms  (26.434-31.072)  load 4.6  {'tile': 16, 'flops': 17179869184, 'gflops': 645.5610949540885}
tiling    tile 32x32                            35.957 ms  (35.841-36.074)  load 4.6  {'tile': 32, 'flops': 17179869184, 'gflops': 477.7854056554896}
wrote out/run_1.json
