[   0.000s] phase start
[   0.003s] phase import_torch
[   0.773s] phase import_done
[   0.778s] phase dataset_open
dataset: 8192 rows from /work/data/train.bin (8421376 bytes)
[   0.781s] phase model_build
[   0.784s] phase optim_build
[   1.502s] phase loader_start
[   1.545s] phase first_batch
time to first batch: 0.012s (start method fork)
[   1.548s] phase step_0
step 0 loss 2.2969
[   1.563s] phase step_1
[   1.566s] phase step_2
[   1.571s] phase step_3
[   1.624s] phase step_4
[   1.628s] phase step_5
step 5 loss 2.3035
[   1.632s] phase ckpt_begin
[   1.639s] phase ckpt_end
[   1.649s] phase exit
done at step 6 (finished), total 1.650s
