12:25:35 bench: 4 contexts x 256 tokens 0.72s -> full c28 build eta 16 min
12:25:46 sample {'texts': 200, 'bytes': 778242, 'chunks': 427, 'predicted_tokens': 167130, 'bytes_per_token': 4.65650691078801} uniform bpb 3.3538
12:27:00 gpt2 full-context bpb 1.0202 (74s)
12:27:00 build c1 256 / 50257 0s elapsed, eta 58s
12:27:04 build c1 5376 / 50257 4s elapsed, eta 30s
12:27:07 build c1 10496 / 50257 7s elapsed, eta 27s
12:27:13 build c1 15616 / 50257 13s elapsed, eta 28s
12:27:19 build c1 20736 / 50257 19s elapsed, eta 26s
12:27:24 build c1 25856 / 50257 24s elapsed, eta 23s
12:27:30 build c1 30976 / 50257 30s elapsed, eta 19s
12:27:34 build c1 36096 / 50257 34s elapsed, eta 13s
12:27:38 build c1 41216 / 50257 38s elapsed, eta 8s
12:27:43 build c1 46336 / 50257 43s elapsed, eta 4s
12:28:15 svd c1 C@Omega done 26s
12:28:45 svd c1 power iteration half 1 56s
12:29:13 svd c1 power iteration half 2 84s
12:29:44 svd c1 done 115s, top singular values [32004.705  15517.506  13781.094   9017.908   5128.7734]
12:30:04 c1 rank 1 {'T1': 2.375447159371786, 'Tpaper': 2.3713114184357695}
12:30:08 c1 rank 4 {'T1': 2.308044769413393, 'Tpaper': 2.3012897455462085}
12:30:11 c1 rank 16 {'T1': 2.2225398846499878, 'Tpaper': 2.212397969151558}
12:30:15 c1 rank 64 {'T1': 2.1753393688145106, 'Tpaper': 2.16323803995272}
12:30:20 c1 rank 256 {'T1': 2.1425683283041703, 'Tpaper': 2.1291057085022524}
12:30:25 c1 rank 671 {'T1': 2.1281665578804225, 'Tpaper': 2.114083112565554}
12:30:25 c1 unigram 2.4543 full 2.1276
12:30:32 build c28 256 / 50257 7s elapsed, eta 1426s
12:32:23 build c28 5376 / 50257 118s elapsed, eta 989s
12:34:11 build c28 10496 / 50257 226s elapsed, eta 857s
12:35:55 build c28 15616 / 50257 330s elapsed, eta 732s
12:37:37 build c28 20736 / 50257 433s elapsed, eta 616s
12:39:17 build c28 25856 / 50257 532s elapsed, eta 502s
12:40:48 build c28 30976 / 50257 624s elapsed, eta 388s
12:42:21 build c28 36096 / 50257 716s elapsed, eta 281s
12:43:54 build c28 41216 / 50257 809s elapsed, eta 177s
12:45:31 build c28 46336 / 50257 907s elapsed, eta 77s
12:47:08 svd c28 C@Omega done 24s
12:47:39 svd c28 power iteration half 1 56s
12:48:10 svd c28 power iteration half 2 86s
12:48:43 svd c28 done 120s, top singular values [67834.68  46612.34  25850.742 20539.693 15498.267]
12:49:02 c28 rank 1 {'T1': 2.5319929098017657, 'Tpaper': 2.5291175744946965}
12:49:06 c28 rank 4 {'T1': 2.3883405395357515, 'Tpaper': 2.3823015532930416}
12:49:10 c28 rank 16 {'T1': 2.210044241525032, 'Tpaper': 2.201780929760269}
12:49:14 c28 rank 64 {'T1': 2.102474410164983, 'Tpaper': 2.0947014007091296}
12:49:18 c28 rank 256 {'T1': 1.9874389766728144, 'Tpaper': 1.9818237277743795}
12:49:24 c28 rank 671 {'T1': 1.9203349710588653, 'Tpaper': 1.9218332123076622}
12:49:24 c28 unigram 2.5508 full 1.9543
12:49:24 all done
