{'date': '2026-10-05 18:57', 'mlx': '0.32.3', 'numpy': '2.5.3', 'python': '3.12.11', 'device': 'Apple M1 Pro', 'arch': 'applegpu_g13s', 'memory_bytes': 17179869184, 'load_start': (4.7587890625, 9.22705078125, 12.02392578125)}
peak FMA fp32 (custom Metal kernel)           5034.8 GFLOP/s     0.1 GB/s  AI 65536.0  spread 13.628-13.753 ms  load 4.8
peak FMA fp16 (custom Metal kernel)           5063.6 GFLOP/s     0.1 GB/s  AI 65536.0  spread 13.514-14.617 ms  load 4.8
FMA fp32, same work, loop not unrolled        2175.6 GFLOP/s     0.0 GB/s  AI 65536.0  spread 31.436-32.625 ms  load 4.8
stream read (512 MB)                            36.1 GFLOP/s   144.4 GB/s  AI 0.25  spread 3.605-4.098 ms  load 4.8
stream copy (512 MB in, 512 MB out)              0.0 GFLOP/s   166.8 GB/s  AI 0.0  spread 6.247-6.600 ms  load 4.8
vector add c = a + b (fp32, 128M elements)      13.4 GFLOP/s   160.4 GB/s  AI 0.083  spread 9.345-12.351 ms  load 5.0
matmul naive, custom (fp32, 2048)              351.3 GFLOP/s     1.0 GB/s  AI 341.333  spread 48.446-49.208 ms  load 5.0
matmul tiled 16x16, custom (fp32, 2048)        639.8 GFLOP/s     1.9 GB/s  AI 341.333  spread 26.729-27.205 ms  load 5.0
matmul MLX library (fp32, 2048)               4097.2 GFLOP/s    12.0 GB/s  AI 341.333  spread 4.175-4.258 ms  load 5.0
matmul MLX library (fp16, 2048)               4438.0 GFLOP/s     6.5 GB/s  AI 682.667  spread 3.830-4.398 ms  load 5.0
matmul MLX library (bf16, 2048)               3820.3 GFLOP/s     5.6 GB/s  AI 682.667  spread 4.484-4.564 ms  load 5.0
matmul MLX library (fp16, 4096)               4714.7 GFLOP/s     3.5 GB/s  AI 1365.333  spread 29.079-29.476 ms  load 5.0
softmax over rows (fp32, 16384 x 4096)          99.5 GFLOP/s   159.1 GB/s  AI 0.625  spread 3.299-3.571 ms  load 5.0
y = x W^T, batch 1 (fp16, 8192 x 8192)         161.6 GFLOP/s   161.6 GB/s  AI 1.0  spread 0.811-0.921 ms  load 5.0
y = x W^T, batch 2 (fp16, 8192 x 8192)         167.3 GFLOP/s    83.7 GB/s  AI 1.999  spread 1.590-3.592 ms  load 5.0
y = x W^T, batch 4 (fp16, 8192 x 8192)         332.6 GFLOP/s    83.2 GB/s  AI 3.996  spread 1.597-1.940 ms  load 5.0
y = x W^T, batch 8 (fp16, 8192 x 8192)         651.2 GFLOP/s    81.6 GB/s  AI 7.984  spread 1.641-1.668 ms  load 5.0
y = x W^T, batch 16 (fp16, 8192 x 8192)       1190.3 GFLOP/s    74.7 GB/s  AI 15.938  spread 1.770-1.930 ms  load 4.9
y = x W^T, batch 32 (fp16, 8192 x 8192)       1186.2 GFLOP/s    37.4 GB/s  AI 31.752  spread 3.590-3.660 ms  load 4.9
y = x W^T, batch 64 (fp16, 8192 x 8192)       2437.6 GFLOP/s    38.7 GB/s  AI 63.015  spread 3.486-3.575 ms  load 4.9
y = x W^T, batch 128 (fp16, 8192 x 8192)      3767.3 GFLOP/s    30.4 GB/s  AI 124.121  spread 4.541-4.602 ms  load 4.9
y = x W^T, batch 256 (fp16, 8192 x 8192)      3768.7 GFLOP/s    15.6 GB/s  AI 240.941  spread 9.042-9.258 ms  load 4.9
y = x W^T, batch 512 (fp16, 8192 x 8192)      3800.6 GFLOP/s     8.4 GB/s  AI 455.111  spread 18.047-18.135 ms  load 4.9
y = x W^T, batch 1024 (fp16, 8192 x 8192)     3834.0 GFLOP/s     4.7 GB/s  AI 819.2  spread 35.767-36.096 ms  load 4.9
y = x W^T, batch 2048 (fp16, 8192 x 8192)     3828.8 GFLOP/s     2.8 GB/s  AI 1365.333  spread 71.583-72.310 ms  load 4.6
attention decode step: 1 query, 4096-token KV cache, 32 heads (fp16)     116.5 GFLOP/s   116.5 GB/s  AI 1.0  spread 0.570-0.607 ms  load 4.6
attention prefill: 2048 queries x 2048 keys, 32 heads, no mask (fp16)    3759.9 GFLOP/s     3.7 GB/s  AI 1024.0  spread 18.183-18.435 ms  load 4.6
wrote out/run_1.json
