{'date': '2026-10-05 18:58', 'mlx': '0.32.3', 'numpy': '2.5.3', 'python': '3.12.11', 'device': 'Apple M1 Pro', 'arch': 'applegpu_g13s', 'memory_bytes': 17179869184, 'load_start': (3.5439453125, 7.9580078125, 11.32373046875)}
peak FMA fp32 (custom Metal kernel)           5008.2 GFLOP/s     0.1 GB/s  AI 65536.0  spread 13.602-13.797 ms  load 3.5
peak FMA fp16 (custom Metal kernel)           5071.5 GFLOP/s     0.1 GB/s  AI 65536.0  spread 13.480-13.628 ms  load 3.5
FMA fp32, same work, loop not unrolled        2182.9 GFLOP/s     0.0 GB/s  AI 65536.0  spread 31.393-31.750 ms  load 3.5
stream read (512 MB)                            35.9 GFLOP/s   143.5 GB/s  AI 0.25  spread 3.592-3.835 ms  load 3.5
stream copy (512 MB in, 512 MB out)              0.0 GFLOP/s   164.2 GB/s  AI 0.0  spread 6.282-33.498 ms  load 3.8
vector add c = a + b (fp32, 128M elements)      13.8 GFLOP/s   165.0 GB/s  AI 0.083  spread 9.362-11.285 ms  load 3.8
matmul naive, custom (fp32, 2048)              355.1 GFLOP/s     1.0 GB/s  AI 341.333  spread 46.821-49.563 ms  load 3.8
matmul tiled 16x16, custom (fp32, 2048)        640.6 GFLOP/s     1.9 GB/s  AI 341.333  spread 26.739-26.999 ms  load 3.8
matmul MLX library (fp32, 2048)               3972.5 GFLOP/s    11.6 GB/s  AI 341.333  spread 4.199-4.469 ms  load 3.8
matmul MLX library (fp16, 2048)               4437.3 GFLOP/s     6.5 GB/s  AI 682.667  spread 3.848-3.901 ms  load 3.8
matmul MLX library (bf16, 2048)               3793.5 GFLOP/s     5.6 GB/s  AI 682.667  spread 4.487-4.547 ms  load 3.8
matmul MLX library (fp16, 4096)               4715.2 GFLOP/s     3.5 GB/s  AI 1365.333  spread 29.079-29.361 ms  load 3.8
softmax over rows (fp32, 16384 x 4096)          96.2 GFLOP/s   154.0 GB/s  AI 0.625  spread 3.244-9.018 ms  load 3.8
y = x W^T, batch 1 (fp16, 8192 x 8192)         171.3 GFLOP/s   171.4 GB/s  AI 1.0  spread 0.777-0.888 ms  load 3.8
y = x W^T, batch 2 (fp16, 8192 x 8192)         169.9 GFLOP/s    85.0 GB/s  AI 1.999  spread 1.569-1.625 ms  load 3.7
y = x W^T, batch 4 (fp16, 8192 x 8192)         335.9 GFLOP/s    84.1 GB/s  AI 3.996  spread 1.578-1.619 ms  load 3.7
y = x W^T, batch 8 (fp16, 8192 x 8192)         644.4 GFLOP/s    80.7 GB/s  AI 7.984  spread 1.650-1.696 ms  load 3.7
y = x W^T, batch 16 (fp16, 8192 x 8192)       1177.9 GFLOP/s    73.9 GB/s  AI 15.938  spread 1.795-1.963 ms  load 3.7
y = x W^T, batch 32 (fp16, 8192 x 8192)       1184.6 GFLOP/s    37.3 GB/s  AI 31.752  spread 3.589-3.648 ms  load 3.7
y = x W^T, batch 64 (fp16, 8192 x 8192)       2422.4 GFLOP/s    38.4 GB/s  AI 63.015  spread 3.495-3.568 ms  load 3.7
y = x W^T, batch 128 (fp16, 8192 x 8192)      3716.1 GFLOP/s    29.9 GB/s  AI 124.121  spread 4.579-4.739 ms  load 3.7
y = x W^T, batch 256 (fp16, 8192 x 8192)      3765.6 GFLOP/s    15.6 GB/s  AI 240.941  spread 9.088-9.278 ms  load 3.7
y = x W^T, batch 512 (fp16, 8192 x 8192)      3801.8 GFLOP/s     8.4 GB/s  AI 455.111  spread 18.024-19.840 ms  load 3.7
y = x W^T, batch 1024 (fp16, 8192 x 8192)     3822.5 GFLOP/s     4.7 GB/s  AI 819.2  spread 35.857-36.128 ms  load 3.7
y = x W^T, batch 2048 (fp16, 8192 x 8192)     3812.5 GFLOP/s     2.8 GB/s  AI 1365.333  spread 71.741-73.128 ms  load 4.3
attention decode step: 1 query, 4096-token KV cache, 32 heads (fp16)     115.8 GFLOP/s   115.8 GB/s  AI 1.0  spread 0.570-0.727 ms  load 4.3
attention prefill: 2048 queries x 2048 keys, 32 heads, no mask (fp16)    3773.8 GFLOP/s     3.7 GB/s  AI 1024.0  spread 18.155-18.252 ms  load 4.3
wrote out/run_3.json
