{'date': '2026-10-05 18:57', 'mlx': '0.32.3', 'numpy': '2.5.3', 'python': '3.12.11', 'device': 'Apple M1 Pro', 'arch': 'applegpu_g13s', 'memory_bytes': 17179869184, 'load_start': (4.4111328125, 8.64599609375, 11.69921875)}
peak FMA fp32 (custom Metal kernel)           5001.3 GFLOP/s     0.1 GB/s  AI 65536.0  spread 13.647-13.842 ms  load 4.4
peak FMA fp16 (custom Metal kernel)           5044.2 GFLOP/s     0.1 GB/s  AI 65536.0  spread 13.591-13.711 ms  load 4.4
FMA fp32, same work, loop not unrolled        2169.8 GFLOP/s     0.0 GB/s  AI 65536.0  spread 31.571-33.195 ms  load 4.4
stream read (512 MB)                            35.3 GFLOP/s   141.3 GB/s  AI 0.25  spread 3.710-3.871 ms  load 4.4
stream copy (512 MB in, 512 MB out)              0.0 GFLOP/s   164.7 GB/s  AI 0.0  spread 6.265-7.722 ms  load 4.4
vector add c = a + b (fp32, 128M elements)      14.8 GFLOP/s   177.1 GB/s  AI 0.083  spread 9.006-70.289 ms  load 4.4
matmul naive, custom (fp32, 2048)              341.5 GFLOP/s     1.0 GB/s  AI 341.333  spread 49.855-53.518 ms  load 4.4
matmul tiled 16x16, custom (fp32, 2048)        634.7 GFLOP/s     1.9 GB/s  AI 341.333  spread 26.922-27.315 ms  load 4.4
matmul MLX library (fp32, 2048)               4066.2 GFLOP/s    11.9 GB/s  AI 341.333  spread 4.198-4.349 ms  load 4.4
matmul MLX library (fp16, 2048)               4443.9 GFLOP/s     6.5 GB/s  AI 682.667  spread 3.826-3.967 ms  load 4.4
matmul MLX library (bf16, 2048)               3825.4 GFLOP/s     5.6 GB/s  AI 682.667  spread 4.476-4.668 ms  load 4.4
matmul MLX library (fp16, 4096)               4665.9 GFLOP/s     3.4 GB/s  AI 1365.333  spread 29.373-29.555 ms  load 4.4
softmax over rows (fp32, 16384 x 4096)          99.9 GFLOP/s   159.8 GB/s  AI 0.625  spread 3.272-3.451 ms  load 4.4
y = x W^T, batch 1 (fp16, 8192 x 8192)         167.8 GFLOP/s   167.8 GB/s  AI 1.0  spread 0.760-1.428 ms  load 4.4
y = x W^T, batch 2 (fp16, 8192 x 8192)         166.4 GFLOP/s    83.3 GB/s  AI 1.999  spread 1.597-3.562 ms  load 4.4
y = x W^T, batch 4 (fp16, 8192 x 8192)         329.4 GFLOP/s    82.4 GB/s  AI 3.996  spread 1.601-1.646 ms  load 4.4
y = x W^T, batch 8 (fp16, 8192 x 8192)         634.3 GFLOP/s    79.4 GB/s  AI 7.984  spread 1.667-1.735 ms  load 4.2
y = x W^T, batch 16 (fp16, 8192 x 8192)       1192.7 GFLOP/s    74.8 GB/s  AI 15.938  spread 1.780-1.835 ms  load 4.2
y = x W^T, batch 32 (fp16, 8192 x 8192)       1185.0 GFLOP/s    37.3 GB/s  AI 31.752  spread 3.577-3.631 ms  load 4.2
y = x W^T, batch 64 (fp16, 8192 x 8192)       2440.4 GFLOP/s    38.7 GB/s  AI 63.015  spread 3.457-3.548 ms  load 4.2
y = x W^T, batch 128 (fp16, 8192 x 8192)      3617.0 GFLOP/s    29.1 GB/s  AI 124.121  spread 4.599-6.047 ms  load 4.2
y = x W^T, batch 256 (fp16, 8192 x 8192)      3710.9 GFLOP/s    15.4 GB/s  AI 240.941  spread 9.055-9.656 ms  load 4.2
y = x W^T, batch 512 (fp16, 8192 x 8192)      3795.0 GFLOP/s     8.3 GB/s  AI 455.111  spread 17.996-19.817 ms  load 4.2
y = x W^T, batch 1024 (fp16, 8192 x 8192)     3815.1 GFLOP/s     4.7 GB/s  AI 819.2  spread 35.558-37.182 ms  load 4.2
y = x W^T, batch 2048 (fp16, 8192 x 8192)     3797.0 GFLOP/s     2.8 GB/s  AI 1365.333  spread 71.662-73.835 ms  load 4.0
attention decode step: 1 query, 4096-token KV cache, 32 heads (fp16)     113.3 GFLOP/s   113.3 GB/s  AI 1.0  spread 0.583-0.658 ms  load 4.0
attention prefill: 2048 queries x 2048 keys, 32 heads, no mask (fp16)    3747.0 GFLOP/s     3.7 GB/s  AI 1024.0  spread 18.229-18.586 ms  load 4.0
wrote out/run_2.json
