{"beta":0,"gamma":0,"seed":21,"u":-8.1,"rm":11.7481,"kl":109.1562,"ce":6.2042,"sure":8,"win":0} 2s
{"beta":0,"gamma":0,"seed":22,"u":3.5,"rm":0.9639,"kl":1.4321,"ce":4.882,"sure":1,"win":0.7158} 3s
{"beta":0,"gamma":0,"seed":23,"u":-8.1,"rm":11.7481,"kl":109.1556,"ce":6.3184,"sure":8,"win":0} 5s
{"beta":0.01,"gamma":0,"seed":21,"u":-8.1,"rm":11.7481,"kl":109.1564,"ce":5.6671,"sure":8,"win":0} 7s
{"beta":0.01,"gamma":0,"seed":22,"u":-8.1,"rm":11.7481,"kl":109.1563,"ce":7.042,"sure":8,"win":0} 8s
{"beta":0.01,"gamma":0,"seed":23,"u":-2.3,"rm":2.1713,"kl":14.591,"ce":5.8314,"sure":2,"win":0.0067} 9s
{"beta":0.03,"gamma":0,"seed":21,"u":-2.3,"rm":2.1713,"kl":14.591,"ce":5.2932,"sure":2,"win":0.0067} 10s
{"beta":0.03,"gamma":0,"seed":22,"u":-8.1,"rm":11.7481,"kl":109.1564,"ce":6.5734,"sure":8,"win":0} 12s
{"beta":0.03,"gamma":0,"seed":23,"u":-2.3,"rm":2.1713,"kl":14.591,"ce":6.1898,"sure":2,"win":0.0067} 13s
{"beta":0.1,"gamma":0,"seed":21,"u":0.6792,"rm":1.5886,"kl":5.5894,"ce":4.0519,"sure":1.4792,"win":0.3758} 14s
{"beta":0.1,"gamma":0,"seed":22,"u":0.6604,"rm":1.6086,"kl":5.6742,"ce":4.2507,"sure":1.4896,"win":0.3542} 15s
{"beta":0.1,"gamma":0,"seed":23,"u":0.6125,"rm":1.5948,"kl":5.8881,"ce":4.0205,"sure":1.5104,"win":0.3633} 16s
{"beta":0.3,"gamma":0,"seed":21,"u":3.4583,"rm":0.9233,"kl":0.9715,"ce":4.0812,"sure":1,"win":0.72} 17s
{"beta":0.3,"gamma":0,"seed":22,"u":3.4156,"rm":0.8944,"kl":1.0001,"ce":4.6504,"sure":1,"win":0.7225} 19s
{"beta":0.3,"gamma":0,"seed":23,"u":3.3542,"rm":0.9127,"kl":0.8764,"ce":4.9276,"sure":1,"win":0.7167} 20s
{"beta":1,"gamma":0,"seed":21,"u":3.4167,"rm":0.6089,"kl":0.3992,"ce":2.3009,"sure":0.8333,"win":0.6475} 21s
{"beta":1,"gamma":0,"seed":22,"u":3.2854,"rm":0.6054,"kl":0.428,"ce":2.3086,"sure":0.8333,"win":0.6225} 22s
{"beta":1,"gamma":0,"seed":23,"u":3.2844,"rm":0.5063,"kl":0.2916,"ce":2.2207,"sure":0.7813,"win":0.6517} 23s
{"beta":3,"gamma":0,"seed":21,"u":3.2188,"rm":0.2052,"kl":0.1143,"ce":1.8003,"sure":0.6042,"win":0.5792} 24s
{"beta":3,"gamma":0,"seed":22,"u":3.2604,"rm":0.3607,"kl":0.2068,"ce":1.7749,"sure":0.7083,"win":0.585} 25s
{"beta":3,"gamma":0,"seed":23,"u":3.2802,"rm":0.1424,"kl":0.0767,"ce":1.7922,"sure":0.5729,"win":0.5842} 26s
{"beta":0.3,"gamma":0.01,"seed":21,"u":3.4281,"rm":0.9106,"kl":0.9339,"ce":2.0541,"sure":1,"win":0.7133} 28s
{"beta":0.3,"gamma":0.01,"seed":22,"u":3.4531,"rm":0.9316,"kl":0.9806,"ce":2.1619,"sure":1,"win":0.7283} 30s
{"beta":0.3,"gamma":0.01,"seed":23,"u":3.3542,"rm":0.9194,"kl":0.8949,"ce":2.162,"sure":1,"win":0.7133} 33s
{"beta":0.3,"gamma":0.03,"seed":21,"u":3.4396,"rm":0.9362,"kl":0.9443,"ce":1.8389,"sure":1.0104,"win":0.6908} 35s
{"beta":0.3,"gamma":0.03,"seed":22,"u":3.4427,"rm":0.9105,"kl":0.8644,"ce":1.9887,"sure":0.9896,"win":0.735} 38s
{"beta":0.3,"gamma":0.03,"seed":23,"u":3.3958,"rm":0.9194,"kl":0.8897,"ce":2.0326,"sure":1,"win":0.6983} 40s
{"beta":0.3,"gamma":0.1,"seed":21,"u":3.3948,"rm":0.8558,"kl":0.9061,"ce":1.6464,"sure":0.9896,"win":0.6983} 43s
{"beta":0.3,"gamma":0.1,"seed":22,"u":3.4531,"rm":0.9508,"kl":1.0178,"ce":1.7203,"sure":1.0208,"win":0.7} 46s
{"beta":0.3,"gamma":0.1,"seed":23,"u":3.2781,"rm":0.8818,"kl":0.9677,"ce":1.6095,"sure":1.0104,"win":0.705} 49s
{"beta":0.3,"gamma":0.3,"seed":21,"u":3.0521,"rm":0.6837,"kl":0.9018,"ce":1.306,"sure":0.9583,"win":0.6717} 52s
{"beta":0.3,"gamma":0.3,"seed":22,"u":2.8688,"rm":0.534,"kl":0.7083,"ce":1.2694,"sure":0.9063,"win":0.6458} 54s
{"beta":0.3,"gamma":0.3,"seed":23,"u":2.8719,"rm":0.4274,"kl":0.8779,"ce":1.2338,"sure":0.9583,"win":0.6467} 56s
{"beta":0.3,"gamma":1,"seed":21,"u":0.7698,"rm":-1.2822,"kl":2.031,"ce":0.8971,"sure":0.5417,"win":0.3567} 59s
{"beta":0.3,"gamma":1,"seed":22,"u":1.675,"rm":-0.7025,"kl":1.2742,"ce":0.9169,"sure":0.7292,"win":0.4125} 61s
{"beta":0.3,"gamma":1,"seed":23,"u":1.8,"rm":-0.4215,"kl":1.1593,"ce":0.9749,"sure":0.8021,"win":0.455} 64s
wrote model/sweep.json 64s
