z [2.0, 1.0, 0.0]
norm_x 2.236
norm1_x 3.0
norminf_x 2.0
cos_cat 0.894
cos_dog 0.447
cos_sat 0.0
proj_x_on_11 [1.5, 1.5]
resid_x_on_11 [0.5, -0.5]
coords_x_b [1.5, 0.5]
old_norms [5.0, 7.0, 4.0]
old_cos_ab 0.889
old_dot_ab 8.0
old_orth 0.0
W_sv [2.449, 1.0]
W_kappa 2.449
W_fro 2.646
W_nuc 3.449
W_rank 2
leftnull_check [0.0, 0.0]
leftnull_z 0.0
S [[2.0, -2.0], [-2.0, 5.0]]
S_eig [1.0, 6.0]
S_x [2.0, 1.0]
norm_z_sq 5.0
S_chol [[1.4142, 0.0], [-1.4142, 1.7321]]
S_det 6.0
g_z [0.665, 0.245, -0.91]
gW_rank 1
gW_fro 2.579
gW_sv1 2.579
norm_gz 1.153
A_det 15.0
A_trace 8.0
A_eig [3.0, 5.0]
A_eigcheck1 [3.0, -6.0]
A_eigcheck2 [0.0, 5.0]
AtA [[25.0, 20.0], [20.0, 25.0]]
A_sv [6.7082, 2.2361]
A_u1 [0.3162, 0.9487]
A_u2 [-0.9487, 0.3162]
A_u1_times_sqrt10 [1.0, 3.0]
A_u2_times_sqrt10 [-3.0, 1.0]
A_detU 1.0
A_detV 1.0
A_rotU_deg 71.57
A_rotVt_deg -45.0
A_reconstruct [[3.0, 0.0], [4.0, 5.0]]
A_fro 7.071
A_spec 6.708
A_nuc 8.944
A_kappa 3.0
A1 [[1.5, 1.5], [4.5, 4.5]]
A_minus_A1 [[1.5, -1.5], [-0.5, 0.5]]
A1_err_spec 2.236
A1_err_fro 2.236
power_angles_deg [18.43, 8.97, 4.81, 2.71, 1.57, 0.92, 0.54, 0.32]
PQ [[19.0, 22.0], [43.0, 50.0]]
QP [[23.0, 34.0], [31.0, 46.0]]
PQ_outer1 [[5.0, 6.0], [15.0, 18.0]]
PQ_outer2 [[14.0, 16.0], [28.0, 32.0]]
PQ_col1 [19.0, 43.0]
bcast_diff [[0.0, -1.0, -2.0], [1.0, 0.0, -1.0], [2.0, 1.0, 0.0]]
bcast_mse_wrong 1.333
bcast_mse_right 0.0
M_rank 2
M_null_check [0.0, 0.0, 0.0]
R1_rank 1
R1_null [0.0, 0.0]
R1_det 0.0
XtX [[3.0, 3.0], [3.0, 5.0]]
Xty [5.0, 6.0]
ls_w [1.167, 0.5]
ls_pred [1.167, 1.667, 2.167]
ls_resid [-0.167, 0.333, -0.167]
ls_resid_dot_cols [-0.0, -0.0]
qr_R [[1.7321, 1.7321], [-0.0, 1.4142]]
qr_Q [[0.5774, -0.7071], [0.5774, -0.0], [0.5774, 0.7071]]
qr_Qty [2.8868, 0.7071]
gs_q2_unnorm [-1.0, 0.0, 1.0]
kappa_X 2.92
kappa_XtX 8.55
XtX_eig [0.838, 7.162]
kappa_XtX_ridge1 4.44
proj_P [[0.8333, 0.3333, -0.1667], [0.3333, 0.3333, 0.3333], [-0.1667, 0.3333, 0.8333]]
B_kappa 4002.0
B_x1 [1.0, 1.0]
B_x2 [0.0, 2.0]
B_relb 0.000353
B_relx 1.0
B_amplif 2829.0
vander_kappa 19800.0
f32_err_normal 0.77
f32_err_qr 1.8e-05
f32_dtypes ['float32', 'float32']
chol_old [[2.0, 0.0], [1.0, 1.4142]]
chol_sample_z [2.0, -0.414]
psd_11_eig [0.0, 2.0]
pca_cov [[2.5, 1.5], [1.5, 1.0]]
pca_eig [0.073, 3.427]
pca_dir [0.851, 0.526]
pca_frac 0.979
lora_full 16777216
lora_pair 65536
lora_pct 0.39
svd_store_768_k64 98304
svd_store_768_full 589824
mla_cache 576
mha_cache 32768
galore_adam_states 33554432
galore_states 1572864
ns_sv [[0.9487, 0.3162], [0.9961, 0.4585], [1.0, 0.6396], [1.0, 0.8286], [1.0, 0.9584], [1.0, 0.9974], [1.0, 1.0], [1.0, 1.0], [1.0, 1.0]]
ns_final [[0.8944, -0.4472], [0.4472, 0.8944]]
polar_A [[0.8944, -0.4472], [0.4472, 0.8944]]
attn_scores [1.414, 0.707, 0.0]
attn_weights [0.576, 0.284, 0.14]
einsum_scores_shape [2.0, 8.0, 128.0, 128.0]
gpt2 {"base_loss": 3.174, "layer": 5, "tokens": 2048, "W_Q": {"k90": 298, "k99": 521, "kappa": 34800.0, "erank": 536.0, "rand_k90": 391, "loss_k": [[1, 3.5492], [2, 3.5144], [4, 3.4835], [8, 3.4691], [16, 3.4225], [32, 3.4452], [64, 3.4495], [96, 3.4269], [128, 3.4089], [192, 3.3607], [256, 3.3206], [384, 3.262], [512, 3.1995], [640, 3.1734], [768, 3.1742]], "out_err_k64": 0.7033, "w_err_k64": 0.7488}, "W_K": {"k90": 294, "k99": 508, "kappa": 25800.0, "erank": 527.0, "rand_k90": 392, "loss_k": [[1, 3.5271], [2, 3.4904], [4, 3.4957], [8, 3.5043], [16, 3.4931], [32, 3.4653], [64, 3.3738], [96, 3.3437], [128, 3.2707], [192, 3.1943], [256, 3.1863], [384, 3.1735], [512, 3.1714], [640, 3.174], [768, 3.1742]], "out_err_k64": 0.8636, "w_err_k64": 0.739}, "W_V": {"k90": 312, "k99": 534, "kappa": 33200.0, "erank": 550.0, "rand_k90": 392, "loss_k": [[1, 3.3521], [2, 3.3498], [4, 3.3427], [8, 3.3419], [16, 3.3334], [32, 3.3217], [64, 3.3148], [96, 3.281], [128, 3.2676], [192, 3.2608], [256, 3.2239], [384, 3.1918], [512, 3.1836], [640, 3.1778], [768, 3.1742]], "out_err_k64": 0.7643, "w_err_k64": 0.7573}, "W_O": {"k90": 330, "k99": 538, "kappa": 8110.0, "erank": 561.0, "rand_k90": 392, "loss_k": [[1, 3.3557], [2, 3.3516], [4, 3.3462], [8, 3.3362], [16, 3.3175], [32, 3.308], [64, 3.2676], [96, 3.2383], [128, 3.2268], [192, 3.2059], [256, 3.1892], [384, 3.1789], [512, 3.1767], [640, 3.1742], [768, 3.1742]], "out_err_k64": 0.7259, "w_err_k64": 0.7809}, "W_in": {"k90": 504, "k99": 715, "kappa": 78.
