lora s0 lr0.01 0 loss 3.6287 val 0.164 0s
lora s0 lr0.01 250 loss 1.0205 val 0.440 2s
lora s0 lr0.01 500 loss 1.0908 val 0.484 5s
lora s0 lr0.01 750 loss 0.9793 val 0.568 7s
lora s0 lr0.01 1000 loss 0.5237 val 0.604 9s
lora s0 lr0.01 1250 loss 0.5370 val 0.646 11s
lora s0 lr0.01 1500 loss 0.6464 val 0.706 14s
lora s0 lr0.01 1750 loss 0.4603 val 0.790 16s
lora s0 lr0.01 2000 loss 0.3793 val 0.800 18s
lora s0 lr0.01 2250 loss 0.3801 val 0.842 20s
lora s0 lr0.01 2500 loss 0.2365 val 0.864 23s
lora s0 lr0.01 2750 loss 0.1595 val 0.888 25s
lora s0 lr0.01 2999 loss 0.2780 val 0.894 27s
lora_s0 0.8805
lora s1 lr0.01 0 loss 3.8901 val 0.164 0s
lora s1 lr0.01 250 loss 1.2198 val 0.432 2s
lora s1 lr0.01 500 loss 1.0074 val 0.522 5s
lora s1 lr0.01 750 loss 0.6162 val 0.570 7s
lora s1 lr0.01 1000 loss 0.6503 val 0.626 9s
lora s1 lr0.01 1250 loss 0.5318 val 0.646 12s
lora s1 lr0.01 1500 loss 0.6003 val 0.674 14s
lora s1 lr0.01 1750 loss 0.4633 val 0.732 16s
lora s1 lr0.01 2000 loss 0.2619 val 0.808 18s
lora s1 lr0.01 2250 loss 0.3325 val 0.838 21s
lora s1 lr0.01 2500 loss 0.2360 val 0.862 23s
lora s1 lr0.01 2750 loss 0.4506 val 0.878 25s
lora s1 lr0.01 2999 loss 0.2383 val 0.896 27s
lora_s1 0.8705
lora s2 lr0.01 0 loss 3.5305 val 0.164 0s
lora s2 lr0.01 250 loss 1.1527 val 0.398 2s
lora s2 lr0.01 500 loss 1.0276 val 0.504 5s
lora s2 lr0.01 750 loss 0.5038 val 0.568 7s
lora s2 lr0.01 1000 loss 0.3795 val 0.620 9s
lora s2 lr0.01 1250 loss 0.7321 val 0.670 11s
lora s2 lr0.01 1500 loss 0.5650 val 0.754 14s
lora s2 lr0.01 1750 loss 0.4973 val 0.764 16s
lora s2 lr0.01 2000 loss 0.5119 val 0.748 18s
lora s2 lr0.01 2250 loss 0.3849 val 0.818 21s
lora s2 lr0.01 2500 loss 0.2239 val 0.850 23s
lora s2 lr0.01 2750 loss 0.2700 val 0.874 25s
lora s2 lr0.01 2999 loss 0.2103 val 0.894 27s
lora_s2 0.8835
lora_2r s0 lr0.01 0 loss 3.6287 val 0.164 0s
lora_2r s0 lr0.01 250 loss 0.8725 val 0.450 2s
lora_2r s0 lr0.01 500 loss 1.3221 val 0.524 5s
lora_2r s0 lr0.01 750 loss 0.9308 val 0.542 7s
lora_2r s0 lr0.01 1000 loss 0.5056 val 0.658 9s
lora_2r s0 lr0.01 1250 loss 0.4138 val 0.728 12s
lora_2r s0 lr0.01 1500 loss 0.6935 val 0.762 14s
lora_2r s0 lr0.01 1750 loss 0.2912 val 0.856 16s
lora_2r s0 lr0.01 2000 loss 0.2504 val 0.898 19s
lora_2r s0 lr0.01 2250 loss 0.1886 val 0.924 21s
lora_2r s0 lr0.01 2500 loss 0.0680 val 0.952 24s
lora_2r s0 lr0.01 2750 loss 0.0383 val 0.976 26s
lora_2r s0 lr0.01 2999 loss 0.0696 val 0.988 28s
lora_2r_s0 0.978
lora_2r s1 lr0.01 0 loss 3.8901 val 0.164 0s
lora_2r s1 lr0.01 250 loss 1.1659 val 0.480 2s
lora_2r s1 lr0.01 500 loss 0.9531 val 0.516 5s
lora_2r s1 lr0.01 750 loss 0.6337 val 0.624 7s
lora_2r s1 lr0.01 1000 loss 0.5844 val 0.708 10s
lora_2r s1 lr0.01 1250 loss 0.3765 val 0.706 12s
lora_2r s1 lr0.01 1500 loss 0.4768 val 0.790 14s
lora_2r s1 lr0.01 1750 loss 0.2735 val 0.856 17s
lora_2r s1 lr0.01 2000 loss 0.0923 val 0.920 19s
lora_2r s1 lr0.01 2250 loss 0.0995 val 0.908 22s
lora_2r s1 lr0.01 2500 loss 0.1153 val 0.954 24s
lora_2r s1 lr0.01 2750 loss 0.1040 val 0.962 26s
lora_2r s1 lr0.01 2999 loss 0.0861 val 0.978 29s
lora_2r_s1 0.975
lora_2r s2 lr0.01 0 loss 3.5305 val 0.164 0s
lora_2r s2 lr0.01 250 loss 1.0210 val 0.444 2s
lora_2r s2 lr0.01 500 loss 1.0793 val 0.502 5s
lora_2r s2 lr0.01 750 loss 0.6283 val 0.592 7s
lora_2r s2 lr0.01 1000 loss 0.5164 val 0.632 10s
lora_2r s2 lr0.01 1250 loss 0.7473 val 0.716 12s
lora_2r s2 lr0.01 1500 loss 0.3963 val 0.776 15s
lora_2r s2 lr0.01 1750 loss 0.2031 val 0.838 17s
lora_2r s2 lr0.01 2000 loss 0.3041 val 0.890 20s
lora_2r s2 lr0.01 2250 loss 0.0841 val 0.942 22s
lora_2r s2 lr0.01 2500 loss 0.0879 val 0.958 25s
lora_2r s2 lr0.01 2750 loss 0.0612 val 0.970 27s
lora_2r s2 lr0.01 2999 loss 0.0360 val 0.968 30s
lora_2r_s2 0.9775
naive s0 lr0.01 0 loss 2.7696 val 0.216 0s
naive s0 lr0.01 250 loss 0.4816 val 0.796 2s
naive s0 lr0.01 500 loss 0.3340 val 0.892 5s
naive s0 lr0.01 750 loss 0.2303 val 0.930 7s
naive s0 lr0.01 1000 loss 0.1300 val 0.946 9s
naive s0 lr0.01 1250 loss 0.0226 val 0.954 12s
naive s0 lr0.01 1500 loss 0.2637 val 0.958 14s
naive s0 lr0.01 1750 loss 0.1148 val 0.970 17s
naive s0 lr0.01 2000 loss 0.1223 val 0.990 19s
naive s0 lr0.01 2250 loss 0.1871 val 0.998 22s
naive s0 lr0.01 2500 loss 0.0077 val 0.992 24s
naive s0 lr0.01 2750 loss 0.0094 val 1.000 26s
naive s0 lr0.01 2999 loss 0.0050 val 1.000 29s
naive_s0 0.996
naive s1 lr0.01 0 loss 3.2007 val 0.216 0s
naive s1 lr0.01 250 loss 0.3215 val 0.798 2s
naive s1 lr0.01 500 loss 0.4884 val 0.914 5s
naive s1 lr0.01 750 loss 0.1486 val 0.952 7s
naive s1 lr0.01 1000 loss 0.0949 val 0.934 10s
naive s1 lr0.01 1250 loss 0.0342 val 0.970 12s
naive s1 lr0.01 1500 loss 0.1209 val 0.976 14s
naive s1 lr0.01 1750 loss 0.0278 val 0.970 17s
naive s1 lr0.01 2000 loss 0.0184 val 0.976 19s
naive s1 lr0.01 2250 loss 0.0712 val 0.984 21s
naive s1 lr0.01 2500 loss 0.0041 val 1.000 24s
naive s1 lr0.01 2750 loss 0.0072 val 1.000 26s
naive s1 lr0.01 2999 loss 0.0028 val 0.998 29s
naive_s1 0.996
naive s2 lr0.01 0 loss 3.6003 val 0.216 0s
naive s2 lr0.01 250 loss 0.8666 val 0.758 2s
naive s2 lr0.01 500 loss 0.3019 val 0.888 5s
naive s2 lr0.01 750 loss 0.3811 val 0.930 7s
naive s2 lr0.01 1000 loss 0.1629 val 0.946 9s
naive s2 lr0.01 1250 loss 0.0603 val 0.958 12s
naive s2 lr0.01 1500 loss 0.2240 val 0.954 14s
naive s2 lr0.01 1750 loss 0.0434 val 0.982 17s
naive s2 lr0.01 2000 loss 0.0441 val 0.980 19s
naive s2 lr0.01 2250 loss 0.0739 val 0.998 22s
naive s2 lr0.01 2500 loss 0.0075 val 0.996 24s
naive s2 lr0.01 2750 loss 0.0043 val 0.998 27s
naive s2 lr0.01 2999 loss 0.0256 val 0.998 29s
naive_s2 0.9965
nomix s0 lr0.01 0 loss 2.7696 val 0.216 0s
nomix s0 lr0.01 250 loss 0.4483 val 0.812 2s
nomix s0 lr0.01 500 loss 0.2754 val 0.922 5s
nomix s0 lr0.01 750 loss 0.1995 val 0.916 7s
nomix s0 lr0.01 1000 loss 0.1034 val 0.942 10s
nomix s0 lr0.01 1250 loss 0.0856 val 0.956 12s
nomix s0 lr0.01 1500 loss 0.0397 val 0.960 15s
nomix s0 lr0.01 1750 loss 0.0454 val 0.974 17s
nomix s0 lr0.01 2000 loss 0.0378 val 0.978 20s
nomix s0 lr0.01 2250 loss 0.1107 val 0.998 22s
nomix s0 lr0.01 2500 loss 0.0450 val 0.998 25s
nomix s0 lr0.01 2750 loss 0.0020 val 1.000 28s
nomix s0 lr0.01 2999 loss 0.0061 val 1.000 30s
nomix_s0 0.998
nomix s1 lr0.01 0 loss 3.2007 val 0.216 0s
nomix s1 lr0.01 250 loss 0.2332 val 0.768 3s
nomix s1 lr0.01 500 loss 0.4868 val 0.896 5s
nomix s1 lr0.01 750 loss 0.1506 val 0.914 8s
nomix s1 lr0.01 1000 loss 0.0451 val 0.944 10s
nomix s1 lr0.01 1250 loss 0.0130 val 0.968 13s
nomix s1 lr0.01 1500 loss 0.0256 val 0.966 15s
nomix s1 lr0.01 1750 loss 0.1225 val 0.968 18s
nomix s1 lr0.01 2000 loss 0.0093 val 0.984 20s
nomix s1 lr0.01 2250 loss 0.0404 val 0.990 23s
nomix s1 lr0.01 2500 loss 0.0088 val 0.992 25s
nomix s1 lr0.01 2750 loss 0.0063 val 1.000 28s
nomix s1 lr0.01 2999 loss 0.0041 val 0.998 30s
nomix_s1 0.997
nomix s2 lr0.01 0 loss 3.6003 val 0.216 0s
nomix s2 lr0.01 250 loss 0.7967 val 0.794 2s
nomix s2 lr0.01 500 loss 0.0426 val 0.846 5s
nomix s2 lr0.01 750 loss 0.3588 val 0.884 7s
nomix s2 lr0.01 1000 loss 0.0777 val 0.948 10s
nomix s2 lr0.01 1250 loss 0.0239 val 0.972 12s
nomix s2 lr0.01 1500 loss 0.0843 val 0.968 15s
nomix s2 lr0.01 1750 loss 0.0245 val 0.974 17s
nomix s2 lr0.01 2000 loss 0.0226 val 0.980 20s
nomix s2 lr0.01 2250 loss 0.0116 val 0.980 23s
nomix s2 lr0.01 2500 loss 0.0050 val 0.996 25s
nomix s2 lr0.01 2750 loss 0.0453 val 0.994 28s
nomix s2 lr0.01 2999 loss 0.0247 val 0.998 30s
nomix_s2 0.9985
onlycausal s0 lr0.01 0 loss 3.6287 val 0.164 0s
onlycausal s0 lr0.01 250 loss 0.8456 val 0.462 4s
onlycausal s0 lr0.01 500 loss 1.1529 val 0.524 8s
onlycausal s0 lr0.01 750 loss 0.7605 val 0.592 12s
onlycausal s0 lr0.01 1000 loss 0.5259 val 0.626 16s
onlycausal s0 lr0.01 1250 loss 0.4940 val 0.684 20s
onlycausal s0 lr0.01 1500 loss 0.6101 val 0.716 24s
onlycausal s0 lr0.01 1750 loss 0.5890 val 0.780 28s
onlycausal s0 lr0.01 2000 loss 0.3886 val 0.776 32s
onlycausal s0 lr0.01 2250 loss 0.3325 val 0.846 36s
onlycausal s0 lr0.01 2500 loss 0.1863 val 0.892 40s
onlycausal s0 lr0.01 2750 loss 0.1367 val 0.874 43s
onlycausal s0 lr0.01 2999 loss 0.2046 val 0.894 47s
onlycausal_s0 0.907
onlycausal s1 lr0.01 0 loss 3.8901 val 0.164 0s
onlycausal s1 lr0.01 250 loss 1.0606 val 0.488 4s
onlycausal s1 lr0.01 500 loss 0.9364 val 0.550 8s
onlycausal s1 lr0.01 750 loss 0.5809 val 0.634 11s
onlycausal s1 lr0.01 1000 loss 0.5256 val 0.666 15s
onlycausal s1 lr0.01 1250 loss 0.4271 val 0.708 19s
onlycausal s1 lr0.01 1500 loss 0.5284 val 0.756 22s
onlycausal s1 lr0.01 1750 loss 0.2492 val 0.782 26s
onlycausal s1 lr0.01 2000 loss 0.2413 val 0.836 29s
onlycausal s1 lr0.01 2250 loss 0.3288 val 0.842 33s
onlycausal s1 lr0.01 2500 loss 0.1381 val 0.892 37s
onlycausal s1 lr0.01 2750 loss 0.2542 val 0.912 40s
onlycausal s1 lr0.01 2999 loss 0.2341 val 0.906 44s
onlycausal_s1 0.9045
onlycausal s2 lr0.01 0 loss 3.5305 val 0.164 0s
onlycausal s2 lr0.01 250 loss 1.1621 val 0.458 4s
onlycausal s2 lr0.01 500 loss 1.0503 val 0.494 7s
onlycausal s2 lr0.01 750 loss 0.6642 val 0.590 11s
onlycausal s2 lr0.01 1000 loss 0.3604 val 0.678 15s
onlycausal s2 lr0.01 1250 loss 0.7515 val 0.710 18s
onlycausal s2 lr0.01 1500 loss 0.4579 val 0.742 22s
onlycausal s2 lr0.01 1750 loss 0.2616 val 0.818 26s
onlycausal s2 lr0.01 2000 loss 0.4301 val 0.846 30s
onlycausal s2 lr0.01 2250 loss 0.2215 val 0.868 34s
onlycausal s2 lr0.01 2500 loss 0.1372 val 0.896 38s
onlycausal s2 lr0.01 2750 loss 0.0993 val 0.910 42s
onlycausal s2 lr0.01 2999 loss 0.1692 val 0.906 46s
onlycausal_s2 0.911
shared s0 lr0.01 0 loss 3.0943 val 0.220 0s
shared s0 lr0.01 250 loss 0.5953 val 0.804 4s
shared s0 lr0.01 500 loss 0.1753 val 0.882 8s
shared s0 lr0.01 750 loss 0.0527 val 0.924 12s
shared s0 lr0.01 1000 loss 0.1506 val 0.904 16s
shared s0 lr0.01 1250 loss 0.1085 val 0.958 20s
shared s0 lr0.01 1500 loss 0.2890 val 0.956 24s
shared s0 lr0.01 1750 loss 0.0373 val 0.956 27s
shared s0 lr0.01 2000 loss 0.1050 val 0.984 31s
shared s0 lr0.01 2250 loss 0.1232 val 0.992 35s
shared s0 lr0.01 2500 loss 0.0062 val 0.994 39s
shared s0 lr0.01 2750 loss 0.0139 val 0.998 43s
shared s0 lr0.01 2999 loss 0.0107 val 1.000 47s
shared_s0 0.996
shared s1 lr0.01 0 loss 3.1544 val 0.220 0s
shared s1 lr0.01 250 loss 0.5708 val 0.794 5s
shared s1 lr0.01 500 loss 0.3044 val 0.882 9s
shared s1 lr0.01 750 loss 0.1517 val 0.924 12s
shared s1 lr0.01 1000 loss 0.1284 val 0.928 16s
shared s1 lr0.01 1250 loss 0.0359 val 0.944 20s
shared s1 lr0.01 1500 loss 0.0448 val 0.954 24s
shared s1 lr0.01 1750 loss 0.0188 val 0.970 27s
shared s1 lr0.01 2000 loss 0.0524 val 0.990 32s
shared s1 lr0.01 2250 loss 0.0334 val 0.986 36s
shared s1 lr0.01 2500 loss 0.0038 val 0.990 40s
shared s1 lr0.01 2750 loss 0.0067 val 0.998 44s
shared s1 lr0.01 2999 loss 0.0031 val 1.000 48s
shared_s1 0.9975
shared s2 lr0.01 0 loss 3.2237 val 0.220 0s
shared s2 lr0.01 250 loss 0.7453 val 0.796 4s
shared s2 lr0.01 500 loss 0.1618 val 0.848 8s
shared s2 lr0.01 750 loss 0.2046 val 0.902 12s
shared s2 lr0.01 1000 loss 0.2612 val 0.920 15s
shared s2 lr0.01 1250 loss 0.0512 val 0.966 19s
shared s2 lr0.01 1500 loss 0.0751 val 0.938 23s
shared s2 lr0.01 1750 loss 0.0185 val 0.976 27s
shared s2 lr0.01 2000 loss 0.0421 val 0.956 31s
shared s2 lr0.01 2250 loss 0.0709 val 0.992 35s
shared s2 lr0.01 2500 loss 0.0274 val 0.994 39s
shared s2 lr0.01 2750 loss 0.0085 val 1.000 42s
shared s2 lr0.01 2999 loss 0.0055 val 1.000 46s
shared_s2 0.996
anti s0 lr0.01 0 loss 3.9628 val 0.174 0s
anti s0 lr0.01 250 loss 0.5210 val 0.742 4s
anti s0 lr0.01 500 loss 0.2502 val 0.838 8s
anti s0 lr0.01 750 loss 0.6390 val 0.878 12s
anti s0 lr0.01 1000 loss 0.2221 val 0.950 16s
anti s0 lr0.01 1250 loss 0.0910 val 0.940 20s
anti s0 lr0.01 1500 loss 0.4362 val 0.948 23s
anti s0 lr0.01 1750 loss 0.0115 val 0.984 27s
anti s0 lr0.01 2000 loss 0.0921 val 0.974 31s
anti s0 lr0.01 2250 loss 0.0151 val 0.998 35s
anti s0 lr0.01 2500 loss 0.0970 val 0.994 39s
anti s0 lr0.01 2750 loss 0.0019 val 0.998 43s
anti s0 lr0.01 2999 loss 0.0072 val 0.998 47s
anti_s0 0.997
anti s1 lr0.01 0 loss 3.3835 val 0.172 0s
anti s1 lr0.01 250 loss 0.3457 val 0.694 4s
anti s1 lr0.01 500 loss 0.3965 val 0.882 8s
anti s1 lr0.01 750 loss 0.2689 val 0.866 12s
anti s1 lr0.01 1000 loss 0.0703 val 0.950 16s
anti s1 lr0.01 1250 loss 0.1445 val 0.934 20s
anti s1 lr0.01 1500 loss 0.0136 val 0.972 23s
anti s1 lr0.01 1750 loss 0.0089 val 0.960 27s
anti s1 lr0.01 2000 loss 0.0099 val 0.982 32s
anti s1 lr0.01 2250 loss 0.0132 val 0.984 36s
anti s1 lr0.01 2500 loss 0.0032 val 0.994 40s
anti s1 lr0.01 2750 loss 0.0093 val 0.994 44s
anti s1 lr0.01 2999 loss 0.0041 val 0.994 48s
anti_s1 0.999
anti s2 lr0.01 0 loss 3.9583 val 0.172 0s
anti s2 lr0.01 250 loss 0.8963 val 0.738 4s
anti s2 lr0.01 500 loss 0.2624 val 0.844 8s
anti s2 lr0.01 750 loss 0.4141 val 0.862 12s
anti s2 lr0.01 1000 loss 0.0891 val 0.944 15s
anti s2 lr0.01 1250 loss 0.0553 val 0.964 19s
anti s2 lr0.01 1500 loss 0.1049 val 0.980 23s
anti s2 lr0.01 1750 loss 0.0643 val 0.986 27s
anti s2 lr0.01 2000 loss 0.0160 val 0.988 31s
anti s2 lr0.01 2250 loss 0.0068 val 0.994 35s
anti s2 lr0.01 2500 loss 0.0044 val 0.994 38s
anti s2 lr0.01 2750 loss 0.0060 val 0.996 42s
anti s2 lr0.01 2999 loss 0.0047 val 0.998 46s
anti_s2 0.9985
bitune s0 lr0.01 0 loss 3.0943 val 0.220 0s
bitune s0 lr0.01 250 loss 0.2664 val 0.838 4s
bitune s0 lr0.01 500 loss 0.2222 val 0.858 7s
bitune s0 lr0.01 750 loss 0.2012 val 0.924 11s
bitune s0 lr0.01 1000 loss 0.1825 val 0.920 15s
bitune s0 lr0.01 1250 loss 0.1476 val 0.942 18s
bitune s0 lr0.01 1500 loss 0.0748 val 0.992 22s
bitune s0 lr0.01 1750 loss 0.0408 val 0.976 26s
bitune s0 lr0.01 2000 loss 0.0285 val 0.982 29s
bitune s0 lr0.01 2250 loss 0.1320 val 0.998 33s
bitune s0 lr0.01 2500 loss 0.0051 val 0.994 37s
bitune s0 lr0.01 2750 loss 0.0024 val 1.000 41s
bitune s0 lr0.01 2999 loss 0.0046 val 1.000 45s
bitune_s0 0.997
bitune s1 lr0.01 0 loss 3.1544 val 0.220 0s
bitune s1 lr0.01 250 loss 0.2489 val 0.810 4s
bitune s1 lr0.01 500 loss 0.3601 val 0.914 7s
bitune s1 lr0.01 750 loss 0.1437 val 0.936 11s
bitune s1 lr0.01 1000 loss 0.0920 val 0.944 15s
bitune s1 lr0.01 1250 loss 0.0388 val 0.968 18s
bitune s1 lr0.01 1500 loss 0.0358 val 0.980 22s
bitune s1 lr0.01 1750 loss 0.0755 val 0.976 26s
bitune s1 lr0.01 2000 loss 0.0057 val 0.986 29s
bitune s1 lr0.01 2250 loss 0.1588 val 0.988 33s
bitune s1 lr0.01 2500 loss 0.0026 val 0.996 37s
bitune s1 lr0.01 2750 loss 0.0149 val 1.000 40s
bitune s1 lr0.01 2999 loss 0.0027 val 0.998 44s
bitune_s1 0.998
bitune s2 lr0.01 0 loss 3.2237 val 0.220 0s
bitune s2 lr0.01 250 loss 0.7854 val 0.824 4s
bitune s2 lr0.01 500 loss 0.4492 val 0.858 7s
bitune s2 lr0.01 750 loss 0.0881 val 0.944 11s
bitune s2 lr0.01 1000 loss 0.0427 val 0.936 15s
bitune s2 lr0.01 1250 loss 0.0261 val 0.942 18s
bitune s2 lr0.01 1500 loss 0.1294 val 0.982 22s
bitune s2 lr0.01 1750 loss 0.0292 val 0.982 26s
bitune s2 lr0.01 2000 loss 0.0216 val 0.982 29s
bitune s2 lr0.01 2250 loss 0.0034 val 0.992 33s
bitune s2 lr0.01 2500 loss 0.0066 val 0.994 37s
bitune s2 lr0.01 2750 loss 0.0049 val 0.998 41s
bitune s2 lr0.01 2999 loss 0.0465 val 0.996 45s
bitune_s2 0.998
lora_qfirst s0 lr0.01 0 loss 0.0032 val 1.000 0s
lora_qfirst s0 lr0.01 250 loss 0.0185 val 0.952 3s
lora_qfirst s0 lr0.01 500 loss 0.0066 val 1.000 5s
lora_qfirst s0 lr0.01 750 loss 0.0022 val 1.000 7s
lora_qfirst s0 lr0.01 1000 loss 0.0010 val 1.000 10s
lora_qfirst s0 lr0.01 1250 loss 0.0009 val 1.000 12s
lora_qfirst s0 lr0.01 1500 loss 0.0073 val 0.994 15s
lora_qfirst s0 lr0.01 1750 loss 0.0020 val 1.000 17s
lora_qfirst s0 lr0.01 2000 loss 0.0008 val 1.000 20s
lora_qfirst s0 lr0.01 2250 loss 0.0010 val 1.000 22s
lora_qfirst s0 lr0.01 2500 loss 0.0007 val 1.000 25s
lora_qfirst s0 lr0.01 2750 loss 0.0004 val 1.000 27s
lora_qfirst s0 lr0.01 2999 loss 0.0008 val 1.000 29s
lora_qfirst_s0 1.0
lora_qfirst s1 lr0.01 0 loss 0.0027 val 1.000 0s
lora_qfirst s1 lr0.01 250 loss 0.0416 val 0.974 2s
lora_qfirst s1 lr0.01 500 loss 0.0226 val 0.992 5s
lora_qfirst s1 lr0.01 750 loss 0.0012 val 1.000 7s
lora_qfirst s1 lr0.01 1000 loss 0.0029 val 1.000 10s
lora_qfirst s1 lr0.01 1250 loss 0.0012 val 1.000 12s
lora_qfirst s1 lr0.01 1500 loss 0.0011 val 1.000 15s
lora_qfirst s1 lr0.01 1750 loss 0.0006 val 1.000 18s
lora_qfirst s1 lr0.01 2000 loss 0.0012 val 0.998 20s
lora_qfirst s1 lr0.01 2250 loss 0.0007 val 1.000 23s
lora_qfirst s1 lr0.01 2500 loss 0.0007 val 1.000 25s
lora_qfirst s1 lr0.01 2750 loss 0.0006 val 1.000 28s
lora_qfirst s1 lr0.01 2999 loss 0.0008 val 1.000 31s
lora_qfirst_s1 1.0
lora_qfirst s2 lr0.01 0 loss 0.0049 val 1.000 0s
lora_qfirst s2 lr0.01 250 loss 0.1646 val 0.960 3s
lora_qfirst s2 lr0.01 500 loss 0.0054 val 0.992 5s
lora_qfirst s2 lr0.01 750 loss 0.0023 val 0.996 8s
lora_qfirst s2 lr0.01 1000 loss 0.0014 val 1.000 10s
lora_qfirst s2 lr0.01 1250 loss 0.0027 val 1.000 13s
lora_qfirst s2 lr0.01 1500 loss 0.0016 val 1.000 16s
lora_qfirst s2 lr0.01 1750 loss 0.0008 val 1.000 18s
lora_qfirst s2 lr0.01 2000 loss 0.0009 val 1.000 21s
lora_qfirst s2 lr0.01 2250 loss 0.0014 val 1.000 23s
lora_qfirst s2 lr0.01 2500 loss 0.0011 val 1.000 26s
lora_qfirst s2 lr0.01 2750 loss 0.0010 val 1.000 29s
lora_qfirst s2 lr0.01 2999 loss 0.0012 val 1.000 31s
lora_qfirst_s2 0.9995
