0 loss 21.3635 fact_acc 0.4544 qfirst_task_acc 0.0300 0s
500 loss 2.8476 fact_acc 0.4284 qfirst_task_acc 0.0390 11s
1000 loss 2.7738 fact_acc 0.5553 qfirst_task_acc 0.0410 21s
1500 loss 2.7648 fact_acc 0.6081 qfirst_task_acc 0.0960 33s
2000 loss 2.7149 fact_acc 0.7480 qfirst_task_acc 0.1400 43s
2500 loss 2.6298 fact_acc 0.9290 qfirst_task_acc 0.2800 54s
3000 loss 2.5730 fact_acc 0.9746 qfirst_task_acc 0.4580 64s
3500 loss 2.5050 fact_acc 0.9857 qfirst_task_acc 0.7030 74s
4000 loss 2.4769 fact_acc 0.9928 qfirst_task_acc 0.8640 84s
4500 loss 2.4735 fact_acc 0.9987 qfirst_task_acc 0.9510 94s
5000 loss 2.4570 fact_acc 0.9967 qfirst_task_acc 0.9750 103s
5500 loss 2.4583 fact_acc 0.9993 qfirst_task_acc 0.9910 113s
6000 loss 2.4442 fact_acc 0.9993 qfirst_task_acc 0.9890 122s
6500 loss 2.4338 fact_acc 0.9987 qfirst_task_acc 0.9910 132s
7000 loss 2.4231 fact_acc 0.9993 qfirst_task_acc 0.9980 142s
7500 loss 2.4210 fact_acc 1.0000 qfirst_task_acc 1.0000 152s
8000 loss 2.4258 fact_acc 1.0000 qfirst_task_acc 0.9990 162s
8500 loss 2.4353 fact_acc 1.0000 qfirst_task_acc 1.0000 173s
9000 loss 2.4078 fact_acc 1.0000 qfirst_task_acc 1.0000 183s
9500 loss 2.4327 fact_acc 1.0000 qfirst_task_acc 1.0000 194s
10000 loss 2.4243 fact_acc 1.0000 qfirst_task_acc 1.0000 205s
10500 loss 2.4093 fact_acc 1.0000 qfirst_task_acc 1.0000 215s
11000 loss 2.4304 fact_acc 1.0000 qfirst_task_acc 1.0000 226s
11500 loss 2.4405 fact_acc 1.0000 qfirst_task_acc 1.0000 236s
11999 loss 2.4334 fact_acc 1.0000 qfirst_task_acc 1.0000 246s
