retry Electricity HTTP Error 429: Too Many Requests
retry Electricity HTTP Error 429: Too Many Requests
retry Electricity HTTP Error 429: Too Many Requests
retry Vaccine HTTP Error 429: Too Many Requests
retry Vaccine HTTP Error 429: Too Many Requests
retry Railway HTTP Error 429: Too Many Requests
retry Railway HTTP Error 429: Too Many Requests
retry Coral reef HTTP Error 429: Too Many Requests
retry Coral reef HTTP Error 429: Too Many Requests
retry Violin HTTP Error 429: Too Many Requests
retry Violin HTTP Error 429: Too Many Requests
retry Violin HTTP Error 429: Too Many Requests
retry Desert HTTP Error 429: Too Many Requests
retry Desert HTTP Error 429: Too Many Requests
retry Salt HTTP Error 429: Too Many Requests
retry Salt HTTP Error 429: Too Many Requests
github {'docs': 99, 'chars': 1212570, 'test_docs': 9}
gutenberg {'docs': 141, 'chars': 1205044, 'test_docs': 14}
wikipedia {'docs': 168, 'chars': 1253537, 'test_docs': 16}
dm_math {'docs': 745, 'chars': 1200057, 'test_docs': 74}
