variant noaux aux_coef 0.0 params 3871872 {"vocab": 2048, "dim": 128, "n_layers": 4, "n_heads": 4, "n_kv_heads": 2, "hidden": 256, "n_experts": 8, "top_k": 2, "ctx": 256, "batch": 32, "steps": 1800, "lr": 0.002, "warmup": 100, "wd": 0.1, "seed": 0}
step 1 ce 7.8134 aux 1.0706 lr 2e-05 load_last [0.124, 0.195, 0.11, 0.107, 0.137, 0.101, 0.102, 0.123] sec 0
step 25 ce 6.9645 aux 1.7867 lr 0.0005 load_last [0.007, 0.471, 0.0, 0.015, 0.499, 0.0, 0.001, 0.007] sec 10
step 50 ce 6.0544 aux 1.7598 lr 0.000998 load_last [0.0, 0.324, 0.0, 0.04, 0.498, 0.0, 0.0, 0.138] sec 19
step 75 ce 5.5741 aux 1.6775 lr 0.001494 load_last [0.012, 0.383, 0.003, 0.003, 0.481, 0.0, 0.014, 0.105] sec 28
step 100 ce 5.0665 aux 1.6741 lr 0.001986 load_last [0.013, 0.294, 0.002, 0.037, 0.444, 0.047, 0.002, 0.16] sec 37
step 125 ce 4.5733 aux 1.6065 lr 0.001979 load_last [0.047, 0.282, 0.014, 0.025, 0.386, 0.026, 0.034, 0.187] sec 45
step 150 ce 4.3934 aux 1.6906 lr 0.001969 load_last [0.024, 0.276, 0.005, 0.026, 0.416, 0.028, 0.022, 0.203] sec 54
step 175 ce 4.2335 aux 1.6547 lr 0.001958 load_last [0.027, 0.292, 0.005, 0.059, 0.368, 0.04, 0.015, 0.194] sec 63
step 200 ce 4.1434 aux 1.6425 lr 0.001946 load_last [0.032, 0.281, 0.019, 0.035, 0.387, 0.048, 0.018, 0.179] sec 72
step 225 ce 3.9655 aux 1.6451 lr 0.001931 load_last [0.034, 0.285, 0.022, 0.026, 0.369, 0.041, 0.023, 0.2] sec 81
step 250 ce 3.9351 aux 1.695 lr 0.001916 load_last [0.026, 0.274, 0.017, 0.043, 0.368, 0.057, 0.033, 0.182] sec 90
step 275 ce 3.8322 aux 1.6706 lr 0.001898 load_last [0.028, 0.298, 0.021, 0.031, 0.377, 0.056, 0.018, 0.171] sec 98
step 300 ce 3.7866 aux 1.7028 lr 0.001879 load_last [0.031, 0.284, 0.026, 0.029, 0.366, 0.045, 0.039, 0.181] sec 107
eval 300 {"github": 4.1927, "gutenberg": 4.6232, "wikipedia": 4.9186, "dm_math": 1.5245}
step 325 ce 3.641 aux 1.7462 lr 0.001859 load_last [0.031, 0.289, 0.026, 0.034, 0.379, 0.049, 0.027, 0.165] sec 117
step 350 ce 3.5696 aux 1.6661 lr 0.001837 load_last [0.043, 0.294, 0.019, 0.034, 0.374, 0.042, 0.034, 0.159] sec 125
step 375 ce 3.4568 aux 1.6858 lr 0.001814 load_last [0.047, 0.295, 0.03, 0.039, 0.352, 0.052, 0.029, 0.157] sec 134
step 400 ce 3.5461 aux 1.7192 lr 0.001789 load_last [0.044, 0.265, 0.025, 0.044, 0.365, 0.045, 0.035, 0.177] sec 143
step 425 ce 3.3478 aux 1.6647 lr 0.001764 load_last [0.04, 0.276, 0.031, 0.038, 0.354, 0.055, 0.038, 0.168] sec 151
step 450 ce 3.4168 aux 1.7276 lr 0.001736 load_last [0.035, 0.287, 0.026, 0.039, 0.363, 0.051, 0.043, 0.158] sec 159
step 475 ce 3.2735 aux 1.7398 lr 0.001708 load_last [0.031, 0.306, 0.034, 0.033, 0.353, 0.057, 0.039, 0.148] sec 168
step 500 ce 3.3407 aux 1.7481 lr 0.001679 load_last [0.041, 0.295, 0.023, 0.029, 0.377, 0.05, 0.036, 0.149] sec 176
step 525 ce 3.308 aux 1.7318 lr 0.001648 load_last [0.034, 0.288, 0.027, 0.042, 0.362, 0.057, 0.038, 0.152] sec 185
step 550 ce 3.1626 aux 1.6724 lr 0.001616 load_last [0.044, 0.275, 0.037, 0.045, 0.347, 0.058, 0.037, 0.157] sec 193
step 575 ce 3.1665 aux 1.6674 lr 0.001584 load_last [0.044, 0.29, 0.038, 0.043, 0.345, 0.052, 0.04, 0.149] sec 202
step 600 ce 3.129 aux 1.6688 lr 0.00155 load_last [0.054, 0.282, 0.031, 0.041, 0.345, 0.063, 0.037, 0.147] sec 211
eval 600 {"github": 3.6174, "gutenberg": 4.0654, "wikipedia": 4.3686, "dm_math": 1.4411}
step 625 ce 3.0742 aux 1.673 lr 0.001516 load_last [0.042, 0.28, 0.028, 0.044, 0.352, 0.06, 0.042, 0.15] sec 221
step 650 ce 3.0029 aux 1.6673 lr 0.00148 load_last [0.05, 0.264, 0.029, 0.034, 0.345, 0.06, 0.045, 0.173] sec 230
step 675 ce 2.9463 aux 1.6357 lr 0.001444 load_last [0.048, 0.276, 0.029, 0.044, 0.335, 0.063, 0.041, 0.164] sec 239
step 700 ce 3.0355 aux 1.6536 lr 0.001408 load_last [0.043, 0.253, 0.035, 0.046, 0.342, 0.062, 0.042, 0.176] sec 248
step 725 ce 2.9906 aux 1.6298 lr 0.001371 load_last [0.04, 0.266, 0.032, 0.038, 0.334, 0.072, 0.042, 0.175] sec 258
step 750 ce 3.1446 aux 1.6639 lr 0.001333 load_last [0.046, 0.27, 0.032, 0.041, 0.346, 0.059, 0.047, 0.16] sec 266
step 775 ce 2.8995 aux 1.6586 lr 0.001295 load_last [0.047, 0.26, 0.031, 0.048, 0.36, 0.056, 0.036, 0.161] sec 275
step 800 ce 2.8125 aux 1.626 lr 0.001256 load_last [0.047, 0.262, 0.038, 0.059, 0.35, 0.052, 0.037, 0.154] sec 284
step 825 ce 2.8394 aux 1.662 lr 0.001217 load_last [0.043, 0.264, 0.034, 0.055, 0.347, 0.044, 0.042, 0.171] sec 293
step 850 ce 2.8834 aux 1.6333 lr 0.001178 load_last [0.055, 0.269, 0.032, 0.047, 0.338, 0.059, 0.043, 0.157] sec 303
step 875 ce 2.9084 aux 1.613 lr 0.001139 load_last [0.046, 0.269, 0.03, 0.048, 0.35, 0.055, 0.047, 0.155] sec 312
step 900 ce 2.7463 aux 1.6203 lr 0.0011 load_last [0.047, 0.257, 0.038, 0.059, 0.336, 0.05, 0.04, 0.173] sec 322
eval 900 {"github": 3.3848, "gutenberg": 3.8333, "wikipedia": 4.1112, "dm_math": 1.3738}
step 925 ce 2.8119 aux 1.6522 lr 0.001061 load_last [0.05, 0.274, 0.028, 0.055, 0.346, 0.052, 0.041, 0.154] sec 332
step 950 ce 2.7754 aux 1.5989 lr 0.001022 load_last [0.052, 0.247, 0.037, 0.051, 0.333, 0.058, 0.044, 0.177] sec 341
step 975 ce 2.7783 aux 1.611 lr 0.000983 load_last [0.05, 0.26, 0.033, 0.06, 0.333, 0.052, 0.044, 0.17] sec 350
step 1000 ce 2.7428 aux 1.6346 lr 0.000944 load_last [0.047, 0.262, 0.035, 0.053, 0.338, 0.055, 0.042, 0.169] sec 358
step 1025 ce 2.8461 aux 1.604 lr 0.000905 load_last [0.055, 0.254, 0.035, 0.051, 0.334, 0.066, 0.041, 0.163] sec 367
step 1050 ce 2.7257 aux 1.6339 lr 0.000867 load_last [0.051, 0.248, 0.031, 0.057, 0.341, 0.057, 0.039, 0.176] sec 376
step 1075 ce 2.736 aux 1.6177 lr 0.000829 load_last [0.046, 0.252, 0.034, 0.058, 0.34, 0.058, 0.038, 0.174] sec 385
step 1100 ce 2.679 aux 1.6312 lr 0.000792 load_last [0.052, 0.262, 0.034, 0.05, 0.338, 0.057, 0.046, 0.161] sec 395
step 1125 ce 2.6588 aux 1.5988 lr 0.000756 load_last [0.043, 0.258, 0.042, 0.066, 0.335, 0.061, 0.039, 0.156] sec 404
step 1150 ce 2.6617 aux 1.592 lr 0.00072 load_last [0.053, 0.274, 0.033, 0.051, 0.33, 0.064, 0.045, 0.149] sec 413
step 1175 ce 2.6137 aux 1.6067 lr 0.000684 load_last [0.048, 0.25, 0.037, 0.055, 0.345, 0.055, 0.041, 0.17] sec 421
step 1200 ce 2.5787 aux 1.5672 lr 0.00065 load_last [0.052, 0.253, 0.036, 0.053, 0.331, 0.055, 0.044, 0.175] sec 430
eval 1200 {"github": 3.2457, "gutenberg": 3.7388, "wikipedia": 4.0663, "dm_math": 1.3354}
step 1225 ce 2.6702 aux 1.6164 lr 0.000616 load_last [0.052, 0.248, 0.039, 0.056, 0.344, 0.051, 0.042, 0.169] sec 439
step 1250 ce 2.5888 aux 1.576 lr 0.000584 load_last [0.053, 0.244, 0.034, 0.054, 0.338, 0.058, 0.042, 0.176] sec 448
step 1275 ce 2.5813 aux 1.6074 lr 0.000552 load_last [0.047, 0.242, 0.035, 0.054, 0.338, 0.057, 0.043, 0.184] sec 456
step 1300 ce 2.603 aux 1.5766 lr 0.000521 load_last [0.055, 0.238, 0.033, 0.055, 0.332, 0.065, 0.045, 0.177] sec 465
step 1325 ce 2.7598 aux 1.6151 lr 0.000492 load_last [0.052, 0.251, 0.039, 0.051, 0.339, 0.059, 0.039, 0.17] sec 474
step 1350 ce 2.5549 aux 1.5971 lr 0.000464 load_last [0.056, 0.249, 0.033, 0.058, 0.341, 0.056, 0.041, 0.166] sec 483
step 1375 ce 2.6121 aux 1.584 lr 0.000436 load_last [0.055, 0.238, 0.031, 0.05, 0.341, 0.063, 0.043, 0.178] sec 494
step 1400 ce 2.7117 aux 1.5816 lr 0.000411 load_last [0.055, 0.247, 0.036, 0.048, 0.331, 0.065, 0.049, 0.169] sec 504
step 1425 ce 2.5541 aux 1.5587 lr 0.000386 load_last [0.059, 0.238, 0.035, 0.05, 0.328, 0.057, 0.049, 0.183] sec 513
step 1450 ce 2.4755 aux 1.5714 lr 0.000363 load_last [0.057, 0.234, 0.033, 0.06, 0.334, 0.062, 0.044, 0.177] sec 522
step 1475 ce 2.5182 aux 1.5814 lr 0.000341 load_last [0.051, 0.24, 0.036, 0.061, 0.335, 0.055, 0.05, 0.172] sec 531
step 1500 ce 2.5328 aux 1.5841 lr 0.000321 load_last [0.056, 0.237, 0.03, 0.051, 0.331, 0.063, 0.048, 0.184] sec 539
eval 1500 {"github": 3.2409, "gutenberg": 3.6664, "wikipedia": 3.9835, "dm_math": 1.2966}
step 1525 ce 2.497 aux 1.5999 lr 0.000302 load_last [0.053, 0.237, 0.033, 0.054, 0.344, 0.058, 0.048, 0.175] sec 549
step 1550 ce 2.4352 aux 1.5806 lr 0.000284 load_last [0.054, 0.226, 0.036, 0.056, 0.333, 0.06, 0.047, 0.188] sec 558
step 1575 ce 2.4942 aux 1.5789 lr 0.000269 load_last [0.053, 0.245, 0.037, 0.051, 0.34, 0.064, 0.044, 0.167] sec 566
step 1600 ce 2.4167 aux 1.5685 lr 0.000254 load_last [0.052, 0.241, 0.04, 0.054, 0.327, 0.065, 0.045, 0.176] sec 575
step 1625 ce 2.3602 aux 1.5775 lr 0.000242 load_last [0.051, 0.233, 0.038, 0.057, 0.336, 0.053, 0.044, 0.188] sec 584
step 1650 ce 2.5398 aux 1.5836 lr 0.000231 load_last [0.057, 0.238, 0.036, 0.047, 0.328, 0.068, 0.044, 0.183] sec 592
step 1675 ce 2.4532 aux 1.5578 lr 0.000221 load_last [0.058, 0.249, 0.04, 0.048, 0.324, 0.062, 0.043, 0.175] sec 601
step 1700 ce 2.3639 aux 1.5722 lr 0.000214 load_last [0.053, 0.241, 0.042, 0.051, 0.332, 0.062, 0.042, 0.178] sec 609
step 1725 ce 2.424 aux 1.5559 lr 0.000208 load_last [0.061, 0.231, 0.03, 0.057, 0.338, 0.067, 0.041, 0.175] sec 618
step 1750 ce 2.4293 aux 1.5773 lr 0.000203 load_last [0.054, 0.242, 0.038, 0.048, 0.33, 0.063, 0.045, 0.178] sec 627
step 1775 ce 2.3282 aux 1.5505 lr 0.000201 load_last [0.052, 0.23, 0.032, 0.063, 0.334, 0.061, 0.044, 0.184] sec 636
step 1800 ce 2.5261 aux 1.5755 lr 0.0002 load_last [0.061, 0.233, 0.035, 0.052, 0.322, 0.067, 0.043, 0.187] sec 645
eval 1800 {"github": 3.2338, "gutenberg": 3.6466, "wikipedia": 3.9911, "dm_math": 1.2835}
done 646 sec
