variant main aux_coef 0.02 params 3871872 {"vocab": 2048, "dim": 128, "n_layers": 4, "n_heads": 4, "n_kv_heads": 2, "hidden": 256, "n_experts": 8, "top_k": 2, "ctx": 256, "batch": 32, "steps": 1800, "lr": 0.002, "warmup": 100, "wd": 0.1, "seed": 0}
step 1 ce 7.8134 aux 1.0706 lr 2e-05 load_last [0.124, 0.195, 0.11, 0.107, 0.137, 0.101, 0.102, 0.123] sec 0
step 25 ce 6.9684 aux 1.4626 lr 0.0005 load_last [0.045, 0.27, 0.0, 0.136, 0.491, 0.0, 0.006, 0.051] sec 9
step 50 ce 6.0443 aux 1.0674 lr 0.000998 load_last [0.24, 0.063, 0.24, 0.137, 0.038, 0.04, 0.07, 0.173] sec 18
step 75 ce 5.5815 aux 1.0437 lr 0.001494 load_last [0.056, 0.137, 0.164, 0.098, 0.09, 0.123, 0.216, 0.117] sec 26
step 100 ce 5.1137 aux 1.0408 lr 0.001986 load_last [0.176, 0.206, 0.141, 0.091, 0.091, 0.089, 0.098, 0.108] sec 35
step 125 ce 4.5881 aux 1.0348 lr 0.001979 load_last [0.105, 0.135, 0.135, 0.146, 0.12, 0.121, 0.124, 0.116] sec 44
step 150 ce 4.4178 aux 1.0295 lr 0.001969 load_last [0.149, 0.092, 0.109, 0.123, 0.128, 0.152, 0.107, 0.139] sec 53
step 175 ce 4.2715 aux 1.0346 lr 0.001958 load_last [0.122, 0.109, 0.097, 0.138, 0.098, 0.193, 0.113, 0.129] sec 62
step 200 ce 4.1832 aux 1.0206 lr 0.001946 load_last [0.134, 0.113, 0.151, 0.142, 0.114, 0.145, 0.091, 0.109] sec 70
step 225 ce 3.9912 aux 1.0261 lr 0.001931 load_last [0.138, 0.096, 0.119, 0.117, 0.134, 0.173, 0.099, 0.124] sec 79
step 250 ce 3.9677 aux 1.0254 lr 0.001916 load_last [0.143, 0.077, 0.124, 0.14, 0.126, 0.145, 0.123, 0.121] sec 88
step 275 ce 3.8628 aux 1.0218 lr 0.001898 load_last [0.127, 0.104, 0.118, 0.143, 0.133, 0.139, 0.116, 0.121] sec 97
step 300 ce 3.8105 aux 1.0263 lr 0.001879 load_last [0.12, 0.11, 0.128, 0.168, 0.131, 0.143, 0.099, 0.101] sec 106
eval 300 {"github": 4.2425, "gutenberg": 4.664, "wikipedia": 4.9579, "dm_math": 1.5204}
step 325 ce 3.6688 aux 1.0372 lr 0.001859 load_last [0.14, 0.122, 0.128, 0.122, 0.12, 0.169, 0.097, 0.101] sec 116
step 350 ce 3.623 aux 1.0256 lr 0.001837 load_last [0.15, 0.105, 0.123, 0.124, 0.143, 0.155, 0.089, 0.111] sec 125
step 375 ce 3.4489 aux 1.0241 lr 0.001814 load_last [0.153, 0.128, 0.123, 0.117, 0.125, 0.142, 0.093, 0.121] sec 134
step 400 ce 3.5643 aux 1.0275 lr 0.001789 load_last [0.161, 0.108, 0.126, 0.131, 0.115, 0.145, 0.108, 0.105] sec 143
step 425 ce 3.3742 aux 1.0224 lr 0.001764 load_last [0.139, 0.113, 0.13, 0.135, 0.113, 0.155, 0.089, 0.126] sec 152
step 450 ce 3.4413 aux 1.0235 lr 0.001736 load_last [0.14, 0.114, 0.115, 0.149, 0.107, 0.156, 0.109, 0.11] sec 161
step 475 ce 3.2647 aux 1.0319 lr 0.001708 load_last [0.152, 0.123, 0.116, 0.122, 0.105, 0.162, 0.103, 0.117] sec 170
step 500 ce 3.3333 aux 1.0304 lr 0.001679 load_last [0.143, 0.113, 0.126, 0.143, 0.104, 0.148, 0.115, 0.108] sec 179
step 525 ce 3.3189 aux 1.0272 lr 0.001648 load_last [0.137, 0.113, 0.114, 0.157, 0.103, 0.157, 0.118, 0.102] sec 188
step 550 ce 3.146 aux 1.023 lr 0.001616 load_last [0.133, 0.114, 0.13, 0.137, 0.101, 0.159, 0.11, 0.116] sec 197
step 575 ce 3.1563 aux 1.025 lr 0.001584 load_last [0.143, 0.117, 0.122, 0.149, 0.105, 0.153, 0.107, 0.103] sec 206
step 600 ce 3.1315 aux 1.0213 lr 0.00155 load_last [0.137, 0.121, 0.127, 0.149, 0.111, 0.13, 0.115, 0.11] sec 215
eval 600 {"github": 3.6459, "gutenberg": 4.0968, "wikipedia": 4.3799, "dm_math": 1.3966}
step 625 ce 3.0696 aux 1.0259 lr 0.001516 load_last [0.151, 0.104, 0.122, 0.143, 0.11, 0.164, 0.102, 0.104] sec 225
step 650 ce 2.9689 aux 1.0266 lr 0.00148 load_last [0.146, 0.109, 0.123, 0.12, 0.12, 0.162, 0.113, 0.107] sec 234
step 675 ce 2.9263 aux 1.0255 lr 0.001444 load_last [0.135, 0.11, 0.128, 0.127, 0.099, 0.166, 0.115, 0.119] sec 244
step 700 ce 3.0245 aux 1.0193 lr 0.001408 load_last [0.136, 0.132, 0.111, 0.135, 0.1, 0.155, 0.117, 0.114] sec 253
step 725 ce 3.0035 aux 1.0311 lr 0.001371 load_last [0.152, 0.111, 0.125, 0.109, 0.104, 0.158, 0.119, 0.123] sec 262
step 750 ce 3.1056 aux 1.0306 lr 0.001333 load_last [0.155, 0.107, 0.12, 0.136, 0.099, 0.17, 0.114, 0.099] sec 271
step 775 ce 2.8893 aux 1.0218 lr 0.001295 load_last [0.14, 0.116, 0.109, 0.169, 0.104, 0.153, 0.104, 0.106] sec 280
step 800 ce 2.7965 aux 1.0209 lr 0.001256 load_last [0.145, 0.119, 0.113, 0.152, 0.091, 0.159, 0.119, 0.102] sec 289
step 825 ce 2.8211 aux 1.0167 lr 0.001217 load_last [0.146, 0.105, 0.114, 0.132, 0.116, 0.164, 0.115, 0.107] sec 298
step 850 ce 2.8597 aux 1.0293 lr 0.001178 load_last [0.146, 0.107, 0.115, 0.134, 0.11, 0.161, 0.127, 0.1] sec 307
step 875 ce 2.8925 aux 1.0243 lr 0.001139 load_last [0.135, 0.122, 0.108, 0.136, 0.103, 0.163, 0.116, 0.118] sec 316
step 900 ce 2.756 aux 1.0196 lr 0.0011 load_last [0.139, 0.117, 0.113, 0.147, 0.095, 0.157, 0.119, 0.112] sec 325
eval 900 {"github": 3.4124, "gutenberg": 3.8706, "wikipedia": 4.1179, "dm_math": 1.3586}
step 925 ce 2.8115 aux 1.0236 lr 0.001061 load_last [0.135, 0.121, 0.112, 0.131, 0.11, 0.159, 0.121, 0.11] sec 335
step 950 ce 2.7587 aux 1.0193 lr 0.001022 load_last [0.143, 0.113, 0.104, 0.136, 0.112, 0.164, 0.114, 0.115] sec 344
step 975 ce 2.772 aux 1.0221 lr 0.000983 load_last [0.143, 0.12, 0.105, 0.14, 0.107, 0.162, 0.109, 0.112] sec 353
step 1000 ce 2.7408 aux 1.0244 lr 0.000944 load_last [0.145, 0.104, 0.119, 0.128, 0.106, 0.164, 0.116, 0.118] sec 362
step 1025 ce 2.818 aux 1.0272 lr 0.000905 load_last [0.146, 0.107, 0.117, 0.132, 0.103, 0.166, 0.115, 0.115] sec 370
step 1050 ce 2.7014 aux 1.027 lr 0.000867 load_last [0.14, 0.121, 0.114, 0.139, 0.09, 0.169, 0.122, 0.106] sec 379
step 1075 ce 2.6964 aux 1.0157 lr 0.000829 load_last [0.145, 0.112, 0.109, 0.145, 0.107, 0.158, 0.113, 0.112] sec 388
step 1100 ce 2.6581 aux 1.0235 lr 0.000792 load_last [0.143, 0.103, 0.112, 0.131, 0.113, 0.158, 0.132, 0.109] sec 397
step 1125 ce 2.6444 aux 1.0199 lr 0.000756 load_last [0.148, 0.106, 0.113, 0.143, 0.106, 0.156, 0.115, 0.114] sec 406
step 1150 ce 2.6545 aux 1.0173 lr 0.00072 load_last [0.134, 0.121, 0.119, 0.136, 0.101, 0.152, 0.125, 0.11] sec 415
step 1175 ce 2.5809 aux 1.0207 lr 0.000684 load_last [0.145, 0.09, 0.114, 0.13, 0.115, 0.144, 0.129, 0.133] sec 424
step 1200 ce 2.5686 aux 1.0209 lr 0.00065 load_last [0.142, 0.122, 0.104, 0.137, 0.109, 0.161, 0.118, 0.108] sec 433
eval 1200 {"github": 3.2865, "gutenberg": 3.7949, "wikipedia": 4.0628, "dm_math": 1.3458}
step 1225 ce 2.6711 aux 1.024 lr 0.000616 load_last [0.153, 0.112, 0.109, 0.142, 0.099, 0.158, 0.119, 0.108] sec 443
step 1250 ce 2.5627 aux 1.021 lr 0.000584 load_last [0.158, 0.121, 0.103, 0.129, 0.098, 0.158, 0.115, 0.118] sec 453
step 1275 ce 2.5774 aux 1.0196 lr 0.000552 load_last [0.139, 0.118, 0.105, 0.137, 0.102, 0.161, 0.12, 0.118] sec 462
step 1300 ce 2.592 aux 1.0212 lr 0.000521 load_last [0.147, 0.111, 0.104, 0.135, 0.095, 0.166, 0.115, 0.129] sec 471
step 1325 ce 2.7502 aux 1.0241 lr 0.000492 load_last [0.143, 0.11, 0.112, 0.153, 0.101, 0.155, 0.113, 0.115] sec 480
step 1350 ce 2.5277 aux 1.0208 lr 0.000464 load_last [0.137, 0.125, 0.111, 0.147, 0.091, 0.157, 0.122, 0.109] sec 489
step 1375 ce 2.5839 aux 1.0237 lr 0.000436 load_last [0.149, 0.115, 0.101, 0.137, 0.096, 0.165, 0.122, 0.116] sec 498
step 1400 ce 2.6809 aux 1.023 lr 0.000411 load_last [0.151, 0.108, 0.107, 0.131, 0.107, 0.17, 0.115, 0.112] sec 507
step 1425 ce 2.5373 aux 1.0228 lr 0.000386 load_last [0.143, 0.11, 0.113, 0.138, 0.1, 0.151, 0.125, 0.121] sec 516
step 1450 ce 2.4515 aux 1.0179 lr 0.000363 load_last [0.15, 0.116, 0.106, 0.137, 0.104, 0.153, 0.123, 0.11] sec 525
step 1475 ce 2.4929 aux 1.0214 lr 0.000341 load_last [0.143, 0.112, 0.113, 0.141, 0.096, 0.163, 0.122, 0.111] sec 535
step 1500 ce 2.5149 aux 1.027 lr 0.000321 load_last [0.14, 0.105, 0.11, 0.124, 0.104, 0.164, 0.121, 0.133] sec 545
eval 1500 {"github": 3.2638, "gutenberg": 3.7394, "wikipedia": 3.9769, "dm_math": 1.3187}
step 1525 ce 2.4733 aux 1.0263 lr 0.000302 load_last [0.148, 0.114, 0.11, 0.129, 0.096, 0.162, 0.121, 0.119] sec 554
step 1550 ce 2.4053 aux 1.0302 lr 0.000284 load_last [0.16, 0.102, 0.103, 0.129, 0.096, 0.162, 0.125, 0.123] sec 563
step 1575 ce 2.4547 aux 1.0217 lr 0.000269 load_last [0.147, 0.117, 0.11, 0.134, 0.102, 0.158, 0.115, 0.117] sec 572
step 1600 ce 2.3776 aux 1.0211 lr 0.000254 load_last [0.151, 0.11, 0.112, 0.125, 0.101, 0.161, 0.125, 0.115] sec 581
step 1625 ce 2.3217 aux 1.0248 lr 0.000242 load_last [0.148, 0.111, 0.107, 0.135, 0.091, 0.16, 0.126, 0.122] sec 591
step 1650 ce 2.5034 aux 1.0275 lr 0.000231 load_last [0.152, 0.105, 0.112, 0.122, 0.102, 0.165, 0.116, 0.125] sec 599
step 1675 ce 2.4211 aux 1.0242 lr 0.000221 load_last [0.151, 0.117, 0.107, 0.125, 0.102, 0.158, 0.126, 0.112] sec 608
step 1700 ce 2.3383 aux 1.0215 lr 0.000214 load_last [0.144, 0.116, 0.106, 0.134, 0.103, 0.159, 0.12, 0.118] sec 617
step 1725 ce 2.3899 aux 1.0202 lr 0.000208 load_last [0.148, 0.124, 0.101, 0.133, 0.096, 0.162, 0.117, 0.119] sec 626
step 1750 ce 2.3817 aux 1.0283 lr 0.000203 load_last [0.157, 0.113, 0.103, 0.121, 0.094, 0.169, 0.123, 0.119] sec 635
step 1775 ce 2.2942 aux 1.0202 lr 0.000201 load_last [0.143, 0.128, 0.098, 0.137, 0.091, 0.161, 0.124, 0.117] sec 643
step 1800 ce 2.5069 aux 1.0282 lr 0.0002 load_last [0.154, 0.123, 0.108, 0.111, 0.094, 0.167, 0.122, 0.121] sec 652
eval 1800 {"github": 3.249, "gutenberg": 3.7151, "wikipedia": 3.9733, "dm_math": 1.3041}
done 653 sec
