1 off-policy {'eval': {'pass1_greedy': 0.3733, 'trace_greedy': 0.3117, 'avg16': 0.3256, 'pass16': 0.88, 'trace_avg16': 0.2499, 'trace_pass16': 0.4533, 'nothink_greedy': 0.235}, 'seconds': 246.8}
1 rl {'pass1_greedy': 0.3733, 'trace_greedy': 0.3117, 'avg16': 0.3221, 'pass16': 0.8967, 'trace_avg16': 0.2499, 'trace_pass16': 0.45, 'nothink_greedy': 0.235, 'step': 0, 'seconds': 9.8, 'student_fwd': 0, 'student_bwd': 0, 'teacher_fwd': 0, 'sample_tokens': 0}
1 rl {'pass1_greedy': 0.3333, 'trace_greedy': 0.25, 'avg16': 0.2959, 'pass16': 0.6567, 'trace_avg16': 0.2201, 'trace_pass16': 0.2967, 'nothink_greedy': 0.175, 'step': 50, 'seconds': 40.4, 'student_fwd': 516633, 'student_bwd': 397568, 'teacher_fwd': 0, 'sample_tokens': 119065}
1 rl {'pass1_greedy': 0.3883, 'trace_greedy': 0.315, 'avg16': 0.3601, 'pass16': 0.6833, 'trace_avg16': 0.2832, 'trace_pass16': 0.3433, 'nothink_greedy': 0.1817, 'step': 100, 'seconds': 65.0, 'student_fwd': 973106, 'student_bwd': 755200, 'teacher_fwd': 0, 'sample_tokens': 217906}
1 rl {'pass1_greedy': 0.3483, 'trace_greedy': 0.2683, 'avg16': 0.3055, 'pass16': 0.685, 'trace_avg16': 0.2197, 'trace_pass16': 0.3167, 'nothink_greedy': 0.185, 'step': 150, 'seconds': 94.2, 'student_fwd': 1441991, 'student_bwd': 1128448, 'teacher_fwd': 0, 'sample_tokens': 313543}
1 rl {'pass1_greedy': 0.3783, 'trace_greedy': 0.3117, 'avg16': 0.3518, 'pass16': 0.675, 'trace_avg16': 0.2829, 'trace_pass16': 0.3417, 'nothink_greedy': 0.1633, 'step': 200, 'seconds': 123.7, 'student_fwd': 1964094, 'student_bwd': 1544704, 'teacher_fwd': 0, 'sample_tokens': 419390}
1 rl {'pass1_greedy': 0.4033, 'trace_greedy': 0.3283, 'avg16': 0.3636, 'pass16': 0.7, 'trace_avg16': 0.2965, 'trace_pass16': 0.36, 'nothink_greedy': 0.195, 'step': 250, 'seconds': 149.7, 'student_fwd': 2480882, 'student_bwd': 1955072, 'teacher_fwd': 0, 'sample_tokens': 525810}
1 rl {'pass1_greedy': 0.3917, 'trace_greedy': 0.3333, 'avg16': 0.3796, 'pass16': 0.6833, 'trace_avg16': 0.3139, 'trace_pass16': 0.39, 'nothink_greedy': 0.1733, 'step': 300, 'seconds': 175.1, 'student_fwd': 2973967, 'student_bwd': 2351360, 'teacher_fwd': 0, 'sample_tokens': 622607}
1 od {'pass1_greedy': 0.3733, 'trace_greedy': 0.3117, 'avg16': 0.3221, 'pass16': 0.8967, 'trace_avg16': 0.2499, 'trace_pass16': 0.45, 'nothink_greedy': 0.235, 'step': 0, 'seconds': 9.3, 'student_fwd': 0, 'student_bwd': 0, 'teacher_fwd': 0, 'sample_tokens': 0}
1 od {'pass1_greedy': 0.4467, 'trace_greedy': 0.37, 'avg16': 0.3832, 'pass16': 0.81, 'trace_avg16': 0.3199, 'trace_pass16': 0.46, 'nothink_greedy': 0.2583, 'step': 50, 'seconds': 36.5, 'student_fwd': 464209, 'student_bwd': 385024, 'teacher_fwd': 385024, 'sample_tokens': 79185}
1 od {'pass1_greedy': 0.4783, 'trace_greedy': 0.43, 'avg16': 0.427, 'pass16': 0.8033, 'trace_avg16': 0.3748, 'trace_pass16': 0.5133, 'nothink_greedy': 0.27, 'step': 100, 'seconds': 62.9, 'student_fwd': 927401, 'student_bwd': 769024, 'teacher_fwd': 769024, 'sample_tokens': 158377}
1 od {'pass1_greedy': 0.5167, 'trace_greedy': 0.4667, 'avg16': 0.4821, 'pass16': 0.795, 'trace_avg16': 0.4306, 'trace_pass16': 0.5417, 'nothink_greedy': 0.27, 'step': 150, 'seconds': 88.0, 'student_fwd': 1390834, 'student_bwd': 1153280, 'teacher_fwd': 1153280, 'sample_tokens': 237554}
1 od {'pass1_greedy': 0.5417, 'trace_greedy': 0.48, 'avg16': 0.5104, 'pass16': 0.7917, 'trace_avg16': 0.4533, 'trace_pass16': 0.5367, 'nothink_greedy': 0.2733, 'step': 200, 'seconds': 110.9, 'student_fwd': 1855192, 'student_bwd': 1537792, 'teacher_fwd': 1537792, 'sample_tokens': 317400}
1 od {'pass1_greedy': 0.55, 'trace_greedy': 0.5067, 'avg16': 0.5283, 'pass16': 0.8083, 'trace_avg16': 0.4758, 'trace_pass16': 0.5783, 'nothink_greedy': 0.2733, 'step': 250, 'seconds': 135.2, 'student_fwd': 2319022, 'student_bwd': 1922048, 'teacher_fwd': 1922048, 'sample_tokens': 396974}
1 od {'pass1_greedy': 0.555, 'trace_greedy': 0.5083, 'avg16': 0.5373, 'pass16': 0.8, 'trace_avg16': 0.4905, 'trace_pass16': 0.6167, 'nothink_greedy': 0.2833, 'step': 300, 'seconds': 158.1, 'student_fwd': 2782853, 'student_bwd': 2306048, 'teacher_fwd': 2306048, 'sample_tokens': 476805}
2 off-policy {'eval': {'pass1_greedy': 0.4683, 'trace_greedy': 0.42, 'avg16': 0.3655, 'pass16': 0.8883, 'trace_avg16': 0.3018, 'trace_pass16': 0.49, 'nothink_greedy': 0.2217}, 'seconds': 218.5}
2 rl {'pass1_greedy': 0.4683, 'trace_greedy': 0.42, 'avg16': 0.3631, 'pass16': 0.8817, 'trace_avg16': 0.3021, 'trace_pass16': 0.49, 'nothink_greedy': 0.2217, 'step': 0, 'seconds': 7.3, 'student_fwd': 0, 'student_bwd': 0, 'teacher_fwd': 0, 'sample_tokens': 0}
2 rl {'pass1_greedy': 0.3683, 'trace_greedy': 0.2867, 'avg16': 0.3081, 'pass16': 0.6733, 'trace_avg16': 0.2277, 'trace_pass16': 0.3483, 'nothink_greedy': 0.2033, 'step': 50, 'seconds': 30.9, 'student_fwd': 508757, 'student_bwd': 388608, 'teacher_fwd': 0, 'sample_tokens': 120149}
2 rl {'pass1_greedy': 0.2867, 'trace_greedy': 0.2, 'avg16': 0.2528, 'pass16': 0.63, 'trace_avg16': 0.1742, 'trace_pass16': 0.2567, 'nothink_greedy': 0.215, 'step': 100, 'seconds': 53.7, 'student_fwd': 1000548, 'student_bwd': 768256, 'teacher_fwd': 0, 'sample_tokens': 232292}
2 rl {'pass1_greedy': 0.3033, 'trace_greedy': 0.2317, 'avg16': 0.2723, 'pass16': 0.6583, 'trace_avg16': 0.1971, 'trace_pass16': 0.2667, 'nothink_greedy': 0.1767, 'step': 150, 'seconds': 75.8, 'student_fwd': 1452646, 'student_bwd': 1120768, 'teacher_fwd': 0, 'sample_tokens': 331878}
2 rl {'pass1_greedy': 0.445, 'trace_greedy': 0.385, 'avg16': 0.3887, 'pass16': 0.6967, 'trace_avg16': 0.3187, 'trace_pass16': 0.425, 'nothink_greedy': 0.1867, 'step': 200, 'seconds': 101.7, 'student_fwd': 1966133, 'student_bwd': 1514752, 'teacher_fwd': 0, 'sample_tokens': 451381}
2 rl {'pass1_greedy': 0.4433, 'trace_greedy': 0.3717, 'avg16': 0.3924, 'pass16': 0.7167, 'trace_avg16': 0.3186, 'trace_pass16': 0.4433, 'nothink_greedy': 0.1867, 'step': 250, 'seconds': 127.0, 'student_fwd': 2490987, 'student_bwd': 1915136, 'teacher_fwd': 0, 'sample_tokens': 575851}
2 rl {'pass1_greedy': 0.465, 'trace_greedy': 0.4067, 'avg16': 0.4161, 'pass16': 0.7717, 'trace_avg16': 0.3473, 'trace_pass16': 0.43, 'nothink_greedy': 0.21, 'step': 300, 'seconds': 150.9, 'student_fwd': 3004554, 'student_bwd': 2305792, 'teacher_fwd': 0, 'sample_tokens': 698762}
2 od {'pass1_greedy': 0.4683, 'trace_greedy': 0.42, 'avg16': 0.3631, 'pass16': 0.8817, 'trace_avg16': 0.3021, 'trace_pass16': 0.49, 'nothink_greedy': 0.2217, 'step': 0, 'seconds': 7.3, 'student_fwd': 0, 'student_bwd': 0, 'teacher_fwd': 0, 'sample_tokens': 0}
2 od {'pass1_greedy': 0.59, 'trace_greedy': 0.5583, 'avg16': 0.4973, 'pass16': 0.8633, 'trace_avg16': 0.4478, 'trace_pass16': 0.6233, 'nothink_greedy': 0.2333, 'step': 50, 'seconds': 29.4, 'student_fwd': 463904, 'student_bwd': 384768, 'teacher_fwd': 384768, 'sample_tokens': 79136}
2 od {'pass1_greedy': 0.66, 'trace_greedy': 0.625, 'avg16': 0.5596, 'pass16': 0.8783, 'trace_avg16': 0.5199, 'trace_pass16': 0.7083, 'nothink_greedy': 0.2467, 'step': 100, 'seconds': 51.3, 'student_fwd': 926863, 'student_bwd': 768768, 'teacher_fwd': 768768, 'sample_tokens': 158095}
2 od {'pass1_greedy': 0.715, 'trace_greedy': 0.705, 'avg16': 0.636, 'pass16': 0.875, 'trace_avg16': 0.6108, 'trace_pass16': 0.76, 'nothink_greedy': 0.2633, 'step': 150, 'seconds': 73.3, 'student_fwd': 1390643, 'student_bwd': 1152768, 'teacher_fwd': 1152768, 'sample_tokens': 237875}
2 od {'pass1_greedy': 0.7517, 'trace_greedy': 0.7433, 'avg16': 0.6786, 'pass16': 0.895, 'trace_avg16': 0.6621, 'trace_pass16': 0.8283, 'nothink_greedy': 0.2667, 'step': 200, 'seconds': 95.2, 'student_fwd': 1854497, 'student_bwd': 1537024, 'teacher_fwd': 1537024, 'sample_tokens': 317473}
2 od {'pass1_greedy': 0.8, 'trace_greedy': 0.7967, 'avg16': 0.7245, 'pass16': 0.9, 'trace_avg16': 0.7133, 'trace_pass16': 0.8517, 'nothink_greedy': 0.2633, 'step': 250, 'seconds': 117.5, 'student_fwd': 2318414, 'student_bwd': 1921024, 'teacher_fwd': 1921024, 'sample_tokens': 397390}
2 od {'pass1_greedy': 0.9217, 'trace_greedy': 0.9183, 'avg16': 0.8597, 'pass16': 0.9583, 'trace_avg16': 0.8564, 'trace_pass16': 0.9517, 'nothink_greedy': 0.2683, 'step': 300, 'seconds': 139.3, 'student_fwd': 2782117, 'student_bwd': 2305024, 'teacher_fwd': 2305024, 'sample_tokens': 477093}
3 off-policy {'eval': {'pass1_greedy': 0.3033, 'trace_greedy': 0.2233, 'avg16': 0.2672, 'pass16': 0.8433, 'trace_avg16': 0.1916, 'trace_pass16': 0.3083, 'nothink_greedy': 0.2167}, 'seconds': 210.8}
3 rl {'pass1_greedy': 0.3033, 'trace_greedy': 0.2233, 'avg16': 0.2764, 'pass16': 0.8617, 'trace_avg16': 0.1971, 'trace_pass16': 0.3233, 'nothink_greedy': 0.2167, 'step': 0, 'seconds': 7.2, 'student_fwd': 0, 'student_bwd': 0, 'teacher_fwd': 0, 'sample_tokens': 0}
3 rl {'pass1_greedy': 0.22, 'trace_greedy': 0.1283, 'avg16': 0.2072, 'pass16': 0.67, 'trace_avg16': 0.1172, 'trace_pass16': 0.1733, 'nothink_greedy': 0.2167, 'step': 50, 'seconds': 31.2, 'student_fwd': 500979, 'student_bwd': 386304, 'teacher_fwd': 0, 'sample_tokens': 114675}
3 rl {'pass1_greedy': 0.24, 'trace_greedy': 0.155, 'avg16': 0.2356, 'pass16': 0.5917, 'trace_avg16': 0.1381, 'trace_pass16': 0.2033, 'nothink_greedy': 0.2167, 'step': 100, 'seconds': 55.6, 'student_fwd': 1003269, 'student_bwd': 780032, 'teacher_fwd': 0, 'sample_tokens': 223237}
3 rl {'pass1_greedy': 0.275, 'trace_greedy': 0.1783, 'avg16': 0.2517, 'pass16': 0.5983, 'trace_avg16': 0.1661, 'trace_pass16': 0.2067, 'nothink_greedy': 0.2167, 'step': 150, 'seconds': 81.4, 'student_fwd': 1531883, 'student_bwd': 1179648, 'teacher_fwd': 0, 'sample_tokens': 352235}
3 rl {'pass1_greedy': 0.31, 'trace_greedy': 0.195, 'avg16': 0.2696, 'pass16': 0.7, 'trace_avg16': 0.1825, 'trace_pass16': 0.2383, 'nothink_greedy': 0.1833, 'step': 200, 'seconds': 107.8, 'student_fwd': 2054162, 'student_bwd': 1577728, 'teacher_fwd': 0, 'sample_tokens': 476434}
3 rl {'pass1_greedy': 0.2533, 'trace_greedy': 0.175, 'avg16': 0.2417, 'pass16': 0.5683, 'trace_avg16': 0.1613, 'trace_pass16': 0.1933, 'nothink_greedy': 0.18, 'step': 250, 'seconds': 129.9, 'student_fwd': 2558291, 'student_bwd': 1966336, 'teacher_fwd': 0, 'sample_tokens': 591955}
3 rl {'pass1_greedy': 0.2633, 'trace_greedy': 0.18, 'avg16': 0.252, 'pass16': 0.6233, 'trace_avg16': 0.1641, 'trace_pass16': 0.2067, 'nothink_greedy': 0.2, 'step': 300, 'seconds': 149.8, 'student_fwd': 2996506, 'student_bwd': 2322944, 'teacher_fwd': 0, 'sample_tokens': 673562}
3 od {'pass1_greedy': 0.3033, 'trace_greedy': 0.2233, 'avg16': 0.2764, 'pass16': 0.8617, 'trace_avg16': 0.1971, 'trace_pass16': 0.3233, 'nothink_greedy': 0.2167, 'step': 0, 'seconds': 7.2, 'student_fwd': 0, 'student_bwd': 0, 'teacher_fwd': 0, 'sample_tokens': 0}
3 od {'pass1_greedy': 0.3083, 'trace_greedy': 0.23, 'avg16': 0.2854, 'pass16': 0.7983, 'trace_avg16': 0.207, 'trace_pass16': 0.2983, 'nothink_greedy': 0.2483, 'step': 50, 'seconds': 30.8, 'student_fwd': 462543, 'student_bwd': 384000, 'teacher_fwd': 384000, 'sample_tokens': 78543}
3 od {'pass1_greedy': 0.325, 'trace_greedy': 0.2383, 'avg16': 0.2882, 'pass16': 0.755, 'trace_avg16': 0.2105, 'trace_pass16': 0.2933, 'nothink_greedy': 0.25, 'step': 100, 'seconds': 52.7, 'student_fwd': 925643, 'student_bwd': 768256, 'teacher_fwd': 768256, 'sample_tokens': 157387}
3 od {'pass1_greedy': 0.295, 'trace_greedy': 0.2217, 'avg16': 0.2775, 'pass16': 0.7433, 'trace_avg16': 0.2065, 'trace_pass16': 0.285, 'nothink_greedy': 0.2467, 'step': 150, 'seconds': 74.9, 'student_fwd': 1389109, 'student_bwd': 1152256, 'teacher_fwd': 1152256, 'sample_tokens': 236853}
3 od {'pass1_greedy': 0.3, 'trace_greedy': 0.235, 'avg16': 0.2917, 'pass16': 0.76, 'trace_avg16': 0.2155, 'trace_pass16': 0.3, 'nothink_greedy': 0.25, 'step': 200, 'seconds': 98.7, 'student_fwd': 1852692, 'student_bwd': 1536256, 'teacher_fwd': 1536256, 'sample_tokens': 316436}
3 od {'pass1_greedy': 0.3067, 'trace_greedy': 0.2383, 'avg16': 0.2992, 'pass16': 0.7683, 'trace_avg16': 0.2232, 'trace_pass16': 0.3067, 'nothink_greedy': 0.2567, 'step': 250, 'seconds': 122.4, 'student_fwd': 2315800, 'student_bwd': 1920256, 'teacher_fwd': 1920256, 'sample_tokens': 395544}
3 od {'pass1_greedy': 0.3183, 'trace_greedy': 0.24, 'avg16': 0.289, 'pass16': 0.74, 'trace_avg16': 0.2221, 'trace_pass16': 0.3167, 'nothink_greedy': 0.2633, 'step': 300, 'seconds': 146.2, 'student_fwd': 2779156, 'student_bwd': 2304256, 'teacher_fwd': 2304256, 'sample_tokens': 474900}
1 off {'pass1_greedy': 0.3733, 'trace_greedy': 0.3117, 'avg16': 0.3256, 'pass16': 0.88, 'trace_avg16': 0.2499, 'trace_pass16': 0.4533, 'nothink_greedy': 0.235} 
  rl {'pass1_greedy': 0.3917, 'trace_greedy': 0.3333, 'avg16': 0.3796, 'pass16': 0.6833, 'trace_avg16': 0.3139, 'trace_pass16': 0.39, 'nothink_greedy': 0.1733, 'step': 300, 'seconds': 175.1, 'student_fwd': 2973967, 'student_bwd': 2351360, 'teacher_fwd': 0, 'sample_tokens': 622607} 
  od {'pass1_greedy': 0.555, 'trace_greedy': 0.5083, 'avg16': 0.5373, 'pass16': 0.8, 'trace_avg16': 0.4905, 'trace_pass16': 0.6167, 'nothink_greedy': 0.2833, 'step': 300, 'seconds': 158.1, 'student_fwd': 2782853, 'student_bwd': 2306048, 'teacher_fwd': 2306048, 'sample_tokens': 476805}
2 off {'pass1_greedy': 0.4683, 'trace_greedy': 0.42, 'avg16': 0.3655, 'pass16': 0.8883, 'trace_avg16': 0.3018, 'trace_pass16': 0.49, 'nothink_greedy': 0.2217} 
  rl {'pass1_greedy': 0.465, 'trace_greedy': 0.4067, 'avg16': 0.4161, 'pass16': 0.7717, 'trace_avg16': 0.3473, 'trace_pass16': 0.43, 'nothink_greedy': 0.21, 'step': 300, 'seconds': 150.9, 'student_fwd': 3004554, 'student_bwd': 2305792, 'teacher_fwd': 0, 'sample_tokens': 698762} 
  od {'pass1_greedy': 0.9217, 'trace_greedy': 0.9183, 'avg16': 0.8597, 'pass16': 0.9583, 'trace_avg16': 0.8564, 'trace_pass16': 0.9517, 'nothink_greedy': 0.2683, 'step': 300, 'seconds': 139.3, 'student_fwd': 2782117, 'student_bwd': 2305024, 'teacher_fwd': 2305024, 'sample_tokens': 477093}
3 off {'pass1_greedy': 0.3033, 'trace_greedy': 0.2233, 'avg16': 0.2672, 'pass16': 0.8433, 'trace_avg16': 0.1916, 'trace_pass16': 0.3083, 'nothink_greedy': 0.2167} 
  rl {'pass1_greedy': 0.2633, 'trace_greedy': 0.18, 'avg16': 0.252, 'pass16': 0.6233, 'trace_avg16': 0.1641, 'trace_pass16': 0.2067, 'nothink_greedy': 0.2, 'step': 300, 'seconds': 149.8, 'student_fwd': 2996506, 'student_bwd': 2322944, 'teacher_fwd': 0, 'sample_tokens': 673562} 
  od {'pass1_greedy': 0.3183, 'trace_greedy': 0.24, 'avg16': 0.289, 'pass16': 0.74, 'trace_avg16': 0.2221, 'trace_pass16': 0.3167, 'nothink_greedy': 0.2633, 'step': 300, 'seconds': 146.2, 'student_fwd': 2779156, 'student_bwd': 2304256, 'teacher_fwd': 2304256, 'sample_tokens': 474900}
