{"task": "swap1", "method": "ft", "targets": [], "r": 0, "lr": 0.003, "acc": 0.99925, "moved": 1.0, "kept": 0.9984909456740443} 6s
{"task": "swap1", "method": "ft", "targets": [], "r": 0, "lr": 0.01, "acc": 0.999, "moved": 1.0, "kept": 0.9979879275653923} 6s
{"task": "swap1", "method": "lora", "targets": ["Wq", "Wv"], "r": 8, "lr": 0.01, "acc": 0.88325, "moved": 0.7847912524850894, "kept": 0.9828973843058351} 5s
{"task": "swap1", "method": "lora", "targets": ["Wq", "Wv"], "r": 8, "lr": 0.03, "acc": 0.75625, "moved": 0.8300198807157058, "kept": 0.68158953722334} 5s
{"task": "swap1", "method": "lora", "targets": ["Wq"], "r": 1, "lr": 0.01, "acc": 0.5335, "moved": 0.07256461232604373, "kept": 1.0} 5s
{"task": "swap1", "method": "lora", "targets": ["Wq"], "r": 1, "lr": 0.03, "acc": 0.535, "moved": 0.07554671968190854, "kept": 1.0} 5s
{"task": "swap1", "method": "lora", "targets": ["Wq", "Wv"], "r": 1, "lr": 0.03, "acc": 0.50925, "moved": 0.27435387673956263, "kept": 0.7469818913480886} 5s
{"task": "swap1", "method": "lora", "targets": ["Wk"], "r": 1, "lr": 0.03, "acc": 0.53625, "moved": 0.07852882703777336, "kept": 0.9994969818913481} 5s
{"task": "swap4", "method": "ft", "targets": [], "r": 0, "lr": 0.003, "acc": 0.96775, "moved": 0.9358585858585858, "kept": 0.999009900990099} 6s
{"task": "swap4", "method": "ft", "targets": [], "r": 0, "lr": 0.01, "acc": 0.99975, "moved": 0.9994949494949495, "kept": 1.0} 6s
{"task": "swap4", "method": "lora", "targets": ["Wq", "Wv"], "r": 8, "lr": 0.01, "acc": 0.6985, "moved": 0.3934343434343434, "kept": 0.9975247524752475} 5s
{"task": "swap4", "method": "lora", "targets": ["Wq", "Wv"], "r": 8, "lr": 0.03, "acc": 0.5335, "moved": 0.5126262626262627, "kept": 0.553960396039604} 5s
{"task": "swap4", "method": "lora", "targets": ["Wq"], "r": 1, "lr": 0.01, "acc": 0.551, "moved": 0.09292929292929293, "kept": 1.0} 6s
{"task": "swap4", "method": "lora", "targets": ["Wq"], "r": 1, "lr": 0.03, "acc": 0.498, "moved": 0.09444444444444444, "kept": 0.8935643564356436} 7s
{"task": "swap4", "method": "lora", "targets": ["Wq", "Wv"], "r": 1, "lr": 0.03, "acc": 0.20525, "moved": 0.1191919191919192, "kept": 0.2896039603960396} 6s
{"task": "swap4", "method": "lora", "targets": ["Wk"], "r": 1, "lr": 0.03, "acc": 0.55175, "moved": 0.09444444444444444, "kept": 1.0} 6s
{"task": "shift", "method": "ft", "targets": [], "r": 0, "lr": 0.003, "acc": 0.996, "moved": 0.996, "kept": null} 7s
{"task": "shift", "method": "ft", "targets": [], "r": 0, "lr": 0.01, "acc": 0.9995, "moved": 0.9995, "kept": null} 6s
{"task": "shift", "method": "lora", "targets": ["Wq", "Wv"], "r": 8, "lr": 0.01, "acc": 0.218, "moved": 0.218, "kept": null} 5s
{"task": "shift", "method": "lora", "targets": ["Wq", "Wv"], "r": 8, "lr": 0.03, "acc": 0.1855, "moved": 0.1855, "kept": null} 5s
{"task": "shift", "method": "lora", "targets": ["Wq"], "r": 1, "lr": 0.01, "acc": 0.085, "moved": 0.085, "kept": null} 5s
{"task": "shift", "method": "lora", "targets": ["Wq"], "r": 1, "lr": 0.03, "acc": 0.08325, "moved": 0.08325, "kept": null} 5s
{"task": "shift", "method": "lora", "targets": ["Wq", "Wv"], "r": 1, "lr": 0.03, "acc": 0.09, "moved": 0.09, "kept": null} 5s
{"task": "shift", "method": "lora", "targets": ["Wk"], "r": 1, "lr": 0.03, "acc": 0.0855, "moved": 0.0855, "kept": null} 4s
