configs 124
v1 ft  r=0 r seed=0 lr=0.001 val=0.9930 acc=0.9912 changed=0.9791469194312796  7s
v1 ft  r=0 r seed=0 lr=0.003 val=0.9805 acc=0.9790 changed=0.9488151658767773  13s
v1 ft  r=0 r seed=0 lr=0.01 val=0.9620 acc=0.9595 changed=0.933649289099526  19s
v1 ft  r=0 r seed=1 lr=0.001 val=0.9895 acc=0.9910 changed=0.9838862559241706  25s
v1 ft  r=0 r seed=2 lr=0.001 val=0.9920 acc=0.9902 changed=0.9772511848341232  31s
config 1/124 done
v1 lora Wq r=1 r seed=0 lr=0.003 val=0.8285 acc=0.8280 changed=0.5156398104265403  36s
v1 lora Wq r=1 r seed=0 lr=0.01 val=0.8470 acc=0.8525 changed=0.5639810426540285  40s
v1 lora Wq r=1 r seed=0 lr=0.03 val=0.8355 acc=0.8393 changed=0.5450236966824644  45s
v1 lora Wq r=1 r seed=1 lr=0.01 val=0.8300 acc=0.8323 changed=0.5156398104265403  50s
v1 lora Wq r=1 r seed=2 lr=0.01 val=0.8225 acc=0.8223 changed=0.500473933649289  55s
config 2/124 done
v1 lora Wq r=2 r seed=0 lr=0.003 val=0.8420 acc=0.8478 changed=0.5402843601895735  60s
v1 lora Wq r=2 r seed=0 lr=0.01 val=0.8430 acc=0.8460 changed=0.533649289099526  66s
v1 lora Wq r=2 r seed=0 lr=0.03 val=0.8200 acc=0.8197 changed=0.46729857819905213  71s
v1 lora Wq r=2 r seed=1 lr=0.01 val=0.8430 acc=0.8452 changed=0.5317535545023697  76s
v1 lora Wq r=2 r seed=2 lr=0.01 val=0.8350 acc=0.8420 changed=0.5165876777251185  81s
config 3/124 done
v1 lora Wq r=4 r seed=0 lr=0.003 val=0.8445 acc=0.8495 changed=0.547867298578199  86s
v1 lora Wq r=4 r seed=0 lr=0.01 val=0.8465 acc=0.8472 changed=0.5364928909952607  92s
v1 lora Wq r=4 r seed=0 lr=0.03 val=0.8420 acc=0.8482 changed=0.5402843601895735  96s
v1 lora Wq r=4 r seed=1 lr=0.01 val=0.8510 acc=0.8475 changed=0.533649289099526  102s
v1 lora Wq r=4 r seed=2 lr=0.01 val=0.8395 acc=0.8435 changed=0.5175355450236967  106s
config 4/124 done
v1 lora Wq r=8 r seed=0 lr=0.003 val=0.8460 acc=0.8480 changed=0.5545023696682464  111s
v1 lora Wq r=8 r seed=0 lr=0.01 val=0.8515 acc=0.8535 changed=0.5554502369668246  116s
v1 lora Wq r=8 r seed=0 lr=0.03 val=0.8155 acc=0.8217 changed=0.4758293838862559  121s
v1 lora Wq r=8 r seed=1 lr=0.01 val=0.8460 acc=0.8520 changed=0.5772511848341232  127s
v1 lora Wq r=8 r seed=2 lr=0.01 val=0.8480 acc=0.8492 changed=0.5289099526066351  132s
config 5/124 done
v1 lora Wq r=16 r seed=0 lr=0.003 val=0.8485 acc=0.8488 changed=0.5497630331753555  137s
v1 lora Wq r=16 r seed=0 lr=0.01 val=0.8480 acc=0.8485 changed=0.5421800947867299  142s
v1 lora Wq r=16 r seed=0 lr=0.03 val=0.8400 acc=0.8500 changed=0.557345971563981  146s
v1 lora Wq r=16 r seed=1 lr=0.003 val=0.8515 acc=0.8515 changed=0.5526066350710901  151s
v1 lora Wq r=16 r seed=2 lr=0.003 val=0.8570 acc=0.8572 changed=0.5620853080568721  156s
config 6/124 done
v1 lora Wq r=32 r seed=0 lr=0.003 val=0.8485 acc=0.8492 changed=0.5497630331753555  161s
v1 lora Wq r=32 r seed=0 lr=0.01 val=0.8415 acc=0.8383 changed=0.5165876777251185  166s
v1 lora Wq r=32 r seed=0 lr=0.03 val=0.7735 acc=0.7710 changed=0.4218009478672986  171s
v1 lora Wq r=32 r seed=1 lr=0.003 val=0.8535 acc=0.8538 changed=0.5611374407582939  176s
v1 lora Wq r=32 r seed=2 lr=0.003 val=0.8540 acc=0.8555 changed=0.5611374407582939  181s
config 7/124 done
v1 lora Wv r=1 r seed=0 lr=0.003 val=0.9970 acc=0.9975 changed=0.995260663507109  185s
v1 lora Wv r=1 r seed=0 lr=0.01 val=0.9985 acc=0.9992 changed=0.9990521327014218  190s
v1 lora Wv r=1 r seed=0 lr=0.03 val=0.9985 acc=0.9992 changed=0.9990521327014218  195s
v1 lora Wv r=1 r seed=1 lr=0.01 val=1.0000 acc=0.9998 changed=1.0  199s
v1 lora Wv r=1 r seed=2 lr=0.01 val=0.9995 acc=0.9990 changed=0.9981042654028436  204s
config 8/124 done
v1 lora Wv r=2 r seed=0 lr=0.003 val=0.9965 acc=0.9950 changed=0.9924170616113744  209s
v1 lora Wv r=2 r seed=0 lr=0.01 val=0.9975 acc=0.9990 changed=1.0  213s
v1 lora Wv r=2 r seed=0 lr=0.03 val=0.9985 acc=0.9990 changed=0.9981042654028436  218s
v1 lora Wv r=2 r seed=1 lr=0.03 val=0.9990 acc=1.0000 changed=1.0  223s
configs 124
config 1/124 done
config 2/124 done
config 3/124 done
config 4/124 done
config 5/124 done
config 6/124 done
config 7/124 done
config 8/124 done
v1 lora Wv r=2 r seed=2 lr=0.03 val=0.9985 acc=0.9992 changed=0.9990521327014218  7s
config 9/124 done
v1 lora Wv r=4 r seed=0 lr=0.003 val=0.9955 acc=0.9942 changed=0.990521327014218  13s
v1 lora Wv r=4 r seed=0 lr=0.01 val=0.9995 acc=0.9992 changed=0.9990521327014218  18s
v1 lora Wv r=4 r seed=0 lr=0.03 val=0.9980 acc=0.9992 changed=0.9981042654028436  23s
v1 lora Wv r=4 r seed=1 lr=0.01 val=0.9985 acc=0.9988 changed=0.9971563981042654  28s
v1 lora Wv r=4 r seed=2 lr=0.01 val=0.9990 acc=0.9992 changed=0.9981042654028436  33s
config 10/124 done
v1 lora Wv r=8 r seed=0 lr=0.003 val=0.9975 acc=0.9952 changed=0.9933649289099526  38s
v1 lora Wv r=8 r seed=0 lr=0.01 val=0.9985 acc=0.9982 changed=0.9981042654028436  43s
v1 lora Wv r=8 r seed=0 lr=0.03 val=0.9985 acc=0.9992 changed=0.9981042654028436  47s
v1 lora Wv r=8 r seed=1 lr=0.01 val=0.9990 acc=0.9985 changed=0.9971563981042654  52s
v1 lora Wv r=8 r seed=2 lr=0.01 val=0.9990 acc=0.9982 changed=0.9962085308056872  57s
config 11/124 done
v1 lora Wv r=16 r seed=0 lr=0.003 val=0.9975 acc=0.9958 changed=0.995260663507109  62s
v1 lora Wv r=16 r seed=0 lr=0.01 val=0.9985 acc=0.9982 changed=0.9971563981042654  67s
v1 lora Wv r=16 r seed=0 lr=0.03 val=0.9985 acc=0.9992 changed=0.9990521327014218  72s
v1 lora Wv r=16 r seed=1 lr=0.01 val=0.9985 acc=0.9982 changed=0.9971563981042654  77s
v1 lora Wv r=16 r seed=2 lr=0.01 val=0.9990 acc=0.9988 changed=0.9971563981042654  82s
config 12/124 done
v1 lora Wv r=32 r seed=0 lr=0.003 val=0.9975 acc=0.9955 changed=0.9943127962085309  87s
v1 lora Wv r=32 r seed=0 lr=0.01 val=0.9985 acc=0.9980 changed=0.9971563981042654  91s
v1 lora Wv r=32 r seed=0 lr=0.03 val=0.9985 acc=0.9990 changed=0.9990521327014218  96s
v1 lora Wv r=32 r seed=1 lr=0.01 val=0.9985 acc=0.9988 changed=0.9971563981042654  101s
v1 lora Wv r=32 r seed=2 lr=0.01 val=0.9980 acc=0.9988 changed=0.9962085308056872  106s
config 13/124 done
v1 lora Wq+Wv r=1 r seed=0 lr=0.003 val=0.9965 acc=0.9948 changed=0.990521327014218  111s
v1 lora Wq+Wv r=1 r seed=0 lr=0.01 val=0.9975 acc=0.9990 changed=0.9981042654028436  116s
v1 lora Wq+Wv r=1 r seed=0 lr=0.03 val=0.9985 acc=0.9982 changed=0.995260663507109  121s
v1 lora Wq+Wv r=1 r seed=1 lr=0.03 val=0.9995 acc=1.0000 changed=1.0  126s
v1 lora Wq+Wv r=1 r seed=2 lr=0.03 val=0.9985 acc=0.9992 changed=0.9990521327014218  131s
config 14/124 done
v1 lora Wq+Wv r=2 r seed=0 lr=0.003 val=0.9945 acc=0.9955 changed=0.9914691943127962  136s
v1 lora Wq+Wv r=2 r seed=0 lr=0.01 val=0.9970 acc=0.9985 changed=0.9990521327014218  141s
v1 lora Wq+Wv r=2 r seed=0 lr=0.03 val=0.9980 acc=0.9995 changed=0.9990521327014218  146s
v1 lora Wq+Wv r=2 r seed=1 lr=0.03 val=0.9970 acc=0.9978 changed=0.9962085308056872  151s
v1 lora Wq+Wv r=2 r seed=2 lr=0.03 val=0.9985 acc=0.9988 changed=1.0  156s
config 15/124 done
v1 lora Wq+Wv r=4 r seed=0 lr=0.003 val=0.9975 acc=0.9942 changed=0.9914691943127962  161s
v1 lora Wq+Wv r=4 r seed=0 lr=0.01 val=0.9985 acc=0.9985 changed=0.9981042654028436  166s
v1 lora Wq+Wv r=4 r seed=0 lr=0.03 val=0.9980 acc=0.9998 changed=1.0  171s
v1 lora Wq+Wv r=4 r seed=1 lr=0.01 val=0.9990 acc=0.9988 changed=1.0  176s
v1 lora Wq+Wv r=4 r seed=2 lr=0.01 val=0.9990 acc=0.9988 changed=0.9990521327014218  181s
config 16/124 done
v1 lora Wq+Wv r=8 r seed=0 lr=0.003 val=0.9950 acc=0.9952 changed=0.9924170616113744  186s
v1 lora Wq+Wv r=8 r seed=0 lr=0.01 val=0.9990 acc=0.9985 changed=0.9990521327014218  191s
v1 lora Wq+Wv r=8 r seed=0 lr=0.03 val=0.4800 acc=0.4788 changed=0.5317535545023697  196s
v1 lora Wq+Wv r=8 r seed=1 lr=0.01 val=0.9990 acc=0.9985 changed=0.9981042654028436  201s
v1 lora Wq+Wv r=8 r seed=2 lr=0.01 val=0.9990 acc=0.9982 changed=0.9971563981042654  206s
config 17/124 done
v1 lora Wq+Wv r=16 r seed=0 lr=0.003 val=0.9960 acc=0.9955 changed=0.9933649289099526  211s
v1 lora Wq+Wv r=16 r seed=0 lr=0.01 val=0.9975 acc=0.9982 changed=0.9971563981042654  217s
v1 lora Wq+Wv r=16 r seed=0 lr=0.03 val=0.9985 acc=0.9990 changed=0.9990521327014218  222s
v1 lora Wq+Wv r=16 r seed=1 lr=0.03 val=0.9670 acc=0.9603 changed=0.8767772511848341  227s
v1 lora Wq+Wv r=16 r seed=2 lr=0.03 val=0.9995 acc=0.9985 changed=0.9981042654028436  232s
config 18/124 done
v1 lora Wq+Wv r=32 r seed=0 lr=0.003 val=0.9965 acc=0.9970 changed=0.995260663507109  237s
v1 lora Wq+Wv r=32 r seed=0 lr=0.01 val=0.9975 acc=0.9982 changed=0.9962085308056872  242s
v1 lora Wq+Wv r=32 r seed=0 lr=0.03 val=0.9985 acc=0.9992 changed=0.9990521327014218  247s
v1 lora Wq+Wv r=32 r seed=1 lr=0.03 val=0.9360 acc=0.9303 changed=0.8587677725118483  252s
v1 lora Wq+Wv r=32 r seed=2 lr=0.03 val=0.9995 acc=0.9992 changed=0.9990521327014218  257s
config 19/124 done
v1 lora Wq+Wk+Wv+Wo+W1+W2 r=1 r seed=0 lr=0.003 val=0.9910 acc=0.9942 changed=0.9895734597156398  263s
v1 lora Wq+Wk+Wv+Wo+W1+W2 r=1 r seed=0 lr=0.01 val=0.9970 acc=0.9975 changed=0.995260663507109  269s
v1 lora Wq+Wk+Wv+Wo+W1+W2 r=1 r seed=0 lr=0.03 val=0.9805 acc=0.9830 changed=0.9488151658767773  275s
v1 lora Wq+Wk+Wv+Wo+W1+W2 r=1 r seed=1 lr=0.01 val=0.9970 acc=0.9968 changed=0.995260663507109  281s
v1 lora Wq+Wk+Wv+Wo+W1+W2 r=1 r seed=2 lr=0.01 val=0.9985 acc=0.9990 changed=0.9981042654028436  286s
config 20/124 done
v1 lora Wq+Wk+Wv+Wo+W1+W2 r=2 r seed=0 lr=0.003 val=0.9925 acc=0.9932 changed=0.9886255924170616  292s
v1 lora Wq+Wk+Wv+Wo+W1+W2 r=2 r seed=0 lr=0.01 val=0.9965 acc=0.9968 changed=0.9933649289099526  296s
v1 lora Wq+Wk+Wv+Wo+W1+W2 r=2 r seed=0 lr=0.03 val=0.9975 acc=0.9982 changed=0.9990521327014218  301s
v1 lora Wq+Wk+Wv+Wo+W1+W2 r=2 r seed=1 lr=0.03 val=0.2980 acc=0.2933 changed=0.45876777251184836  306s
v1 lora Wq+Wk+Wv+Wo+W1+W2 r=2 r seed=2 lr=0.03 val=0.9365 acc=0.9350 changed=0.8691943127962085  311s
config 21/124 done
v1 lora Wq+Wk+Wv+Wo+W1+W2 r=4 r seed=0 lr=0.003 val=0.9955 acc=0.9955 changed=0.9924170616113744  316s
v1 lora Wq+Wk+Wv+Wo+W1+W2 r=4 r seed=0 lr=0.01 val=0.9970 acc=0.9980 changed=0.9962085308056872  321s
v1 lora Wq+Wk+Wv+Wo+W1+W2 r=4 r seed=0 lr=0.03 val=0.9800 acc=0.9830 changed=0.9592417061611375  326s
v1 lora Wq+Wk+Wv+Wo+W1+W2 r=4 r seed=1 lr=0.01 val=0.9980 acc=0.9985 changed=0.9981042654028436  331s
v1 lora Wq+Wk+Wv+Wo+W1+W2 r=4 r seed=2 lr=0.01 val=0.9980 acc=0.9980 changed=0.9971563981042654  336s
config 22/124 done
v1 lora Wq+Wk+Wv+Wo+W1+W2 r=8 r seed=0 lr=0.003 val=0.9950 acc=0.9962 changed=0.9943127962085309  342s
v1 lora Wq+Wk+Wv+Wo+W1+W2 r=8 r seed=0 lr=0.01 val=0.9985 acc=0.9982 changed=0.9971563981042654  347s
v1 lora Wq+Wk+Wv+Wo+W1+W2 r=8 r seed=0 lr=0.03 val=0.9780 acc=0.9728 changed=0.9450236966824644  352s
v1 lora Wq+Wk+Wv+Wo+W1+W2 r=8 r seed=1 lr=0.01 val=0.9975 acc=0.9975 changed=0.9962085308056872  357s
v1 lora Wq+Wk+Wv+Wo+W1+W2 r=8 r seed=2 lr=0.01 val=0.9980 acc=0.9985 changed=0.9981042654028436  362s
config 23/124 done
v1 lora Wq+Wk+Wv+Wo+W1+W2 r=16 r seed=0 lr=0.003 val=0.9935 acc=0.9955 changed=0.995260663507109  367s
v1 lora Wq+Wk+Wv+Wo+W1+W2 r=16 r seed=0 lr=0.01 val=0.9970 acc=0.9988 changed=0.9981042654028436  373s
v1 lora Wq+Wk+Wv+Wo+W1+W2 r=16 r seed=0 lr=0.03 val=0.9980 acc=0.9975 changed=0.9943127962085309  378s
v1 lora Wq+Wk+Wv+Wo+W1+W2 r=16 r seed=1 lr=0.03 val=0.9675 acc=0.9625 changed=0.9033175355450237  383s
v1 lora Wq+Wk+Wv+Wo+W1+W2 r=16 r seed=2 lr=0.03 val=0.9980 acc=0.9988 changed=0.9981042654028436  389s
config 24/124 done
v1 lora Wq+Wk+Wv+Wo+W1+W2 r=32 r seed=0 lr=0.003 val=0.9965 acc=0.9962 changed=0.995260663507109  395s
v1 lora Wq+Wk+Wv+Wo+W1+W2 r=32 r seed=0 lr=0.01 val=0.9990 acc=0.9988 changed=0.9990521327014218  401s
v1 lora Wq+Wk+Wv+Wo+W1+W2 r=32 r seed=0 lr=0.03 val=0.9750 acc=0.9745 changed=0.9327014218009478  407s
v1 lora Wq+Wk+Wv+Wo+W1+W2 r=32 r seed=1 lr=0.01 val=0.9990 acc=0.9985 changed=0.9971563981042654  413s
v1 lora Wq+Wk+Wv+Wo+W1+W2 r=32 r seed=2 lr=0.01 val=0.9975 acc=0.9985 changed=0.9962085308056872  419s
config 25/124 done
v1 lora Wk r=8 r seed=0 lr=0.003 val=0.8505 acc=0.8475 changed=0.5829383886255924  424s
v1 lora Wk r=8 r seed=0 lr=0.01 val=0.8590 acc=0.8550 changed=0.5876777251184834  429s
v1 lora Wk r=8 r seed=0 lr=0.03 val=0.8195 acc=0.8133 changed=0.5563981042654028  434s
v1 lora Wk r=8 r seed=1 lr=0.01 val=0.8630 acc=0.8572 changed=0.5962085308056873  438s
v1 lora Wk r=8 r seed=2 lr=0.01 val=0.8555 acc=0.8478 changed=0.5829383886255924  443s
config 26/124 done
v1 lora Wo r=8 r seed=0 lr=0.003 val=0.9625 acc=0.9663 changed=0.9146919431279621  448s
v1 lora Wo r=8 r seed=0 lr=0.01 val=0.9785 acc=0.9755 changed=0.9421800947867298  452s
v1 lora Wo r=8 r seed=0 lr=0.03 val=0.9790 acc=0.9792 changed=0.95260663507109  457s
v1 lora Wo r=8 r seed=1 lr=0.03 val=0.9810 acc=0.9778 changed=0.9507109004739337  461s
v1 lora Wo r=8 r seed=2 lr=0.03 val=0.9775 acc=0.9785 changed=0.9459715639810427  466s
config 27/124 done
v1 lora Wq+Wk r=4 r seed=0 lr=0.003 val=0.8565 acc=0.8620 changed=0.609478672985782  472s
v1 lora Wq+Wk r=4 r seed=0 lr=0.01 val=0.8600 acc=0.8562 changed=0.581042654028436  477s
v1 lora Wq+Wk r=4 r seed=0 lr=0.03 val=0.7695 acc=0.7682 changed=0.42938388625592416  483s
v1 lora Wq+Wk r=4 r seed=1 lr=0.01 val=0.8560 acc=0.8565 changed=0.581042654028436  488s
v1 lora Wq+Wk r=4 r seed=2 lr=0.01 val=0.8575 acc=0.8562 changed=0.6  494s
config 28/124 done
v1 lora Wv+Wo r=4 r seed=0 lr=0.003 val=0.9940 acc=0.9945 changed=0.990521327014218  499s
v1 lora Wv+Wo r=4 r seed=0 lr=0.01 val=0.9980 acc=0.9978 changed=0.9962085308056872  503s
v1 lora Wv+Wo r=4 r seed=0 lr=0.03 val=0.9985 acc=0.9995 changed=0.9990521327014218  508s
v1 lora Wv+Wo r=4 r seed=1 lr=0.03 val=0.9985 acc=0.9992 changed=1.0  513s
v1 lora Wv+Wo r=4 r seed=2 lr=0.03 val=0.9990 acc=0.9990 changed=0.9990521327014218  517s
config 29/124 done
v1 lora Wq+Wk+Wv+Wo r=2 r seed=0 lr=0.003 val=0.9935 acc=0.9942 changed=0.990521327014218  522s
v1 lora Wq+Wk+Wv+Wo r=2 r seed=0 lr=0.01 val=0.9985 acc=0.9992 changed=0.9981042654028436  527s
v1 lora Wq+Wk+Wv+Wo r=2 r seed=0 lr=0.03 val=0.9590 acc=0.9610 changed=0.9545023696682464  532s
v1 lora Wq+Wk+Wv+Wo r=2 r seed=1 lr=0.01 val=0.9990 acc=0.9990 changed=0.9990521327014218  537s
v1 lora Wq+Wk+Wv+Wo r=2 r seed=2 lr=0.01 val=0.9985 acc=0.9980 changed=0.995260663507109  542s
config 30/124 done
v1 lora W1+W2 r=2 r seed=0 lr=0.003 val=0.9575 acc=0.9593 changed=0.8919431279620853  547s
v1 lora W1+W2 r=2 r seed=0 lr=0.01 val=0.9580 acc=0.9613 changed=0.9033175355450237  551s
v1 lora W1+W2 r=2 r seed=0 lr=0.03 val=0.9585 acc=0.9613 changed=0.9109004739336493  556s
v1 lora W1+W2 r=2 r seed=1 lr=0.03 val=0.9600 acc=0.9650 changed=0.9222748815165877  561s
v1 lora W1+W2 r=2 r seed=2 lr=0.03 val=0.9500 acc=0.9503 changed=0.8720379146919431  566s
config 31/124 done
v4 ft  r=0 r seed=0 lr=0.001 val=0.9865 acc=0.9855 changed=0.9629629629629629  572s
v4 ft  r=0 r seed=0 lr=0.003 val=0.9760 acc=0.9712 changed=0.944973544973545  578s
v4 ft  r=0 r seed=0 lr=0.01 val=0.9490 acc=0.9440 changed=0.8899470899470899  583s
v4 ft  r=0 r seed=1 lr=0.001 val=0.9870 acc=0.9872 changed=0.9693121693121693  589s
v4 ft  r=0 r seed=2 lr=0.001 val=0.9870 acc=0.9862 changed=0.9650793650793651  594s
config 32/124 done
v4 lora Wq r=1 r seed=0 lr=0.003 val=0.8515 acc=0.8612 changed=0.5904761904761905  599s
v4 lora Wq r=1 r seed=0 lr=0.01 val=0.8475 acc=0.8572 changed=0.6010582010582011  604s
v4 lora Wq r=1 r seed=0 lr=0.03 val=0.8545 acc=0.8668 changed=0.617989417989418  609s
v4 lora Wq r=1 r seed=1 lr=0.03 val=0.8560 acc=0.8662 changed=0.6042328042328042  614s
v4 lora Wq r=1 r seed=2 lr=0.03 val=0.8590 acc=0.8578 changed=0.6021164021164022  619s
config 33/124 done
v4 lora Wq r=2 r seed=0 lr=0.003 val=0.8625 acc=0.8762 changed=0.6402116402116402  624s
v4 lora Wq r=2 r seed=0 lr=0.01 val=0.8585 acc=0.8740 changed=0.635978835978836  628s
v4 lora Wq r=2 r seed=0 lr=0.03 val=0.8635 acc=0.8765 changed=0.6423280423280423  633s
v4 lora Wq r=2 r seed=1 lr=0.03 val=0.8720 acc=0.8765 changed=0.6402116402116402  638s
v4 lora Wq r=2 r seed=2 lr=0.03 val=0.8695 acc=0.8680 changed=0.6275132275132275  643s
config 34/124 done
v4 lora Wq r=4 r seed=0 lr=0.003 val=0.8700 acc=0.8772 changed=0.6518518518518519  647s
v4 lora Wq r=4 r seed=0 lr=0.01 val=0.8705 acc=0.8790 changed=0.6582010582010582  652s
v4 lora Wq r=4 r seed=0 lr=0.03 val=0.8695 acc=0.8738 changed=0.6550264550264551  657s
v4 lora Wq r=4 r seed=1 lr=0.01 val=0.8745 acc=0.8758 changed=0.653968253968254  662s
v4 lora Wq r=4 r seed=2 lr=0.01 val=0.8710 acc=0.8785 changed=0.656084656084656  667s
config 35/124 done
v4 lora Wq r=8 r seed=0 lr=0.003 val=0.8675 acc=0.8780 changed=0.6486772486772486  672s
v4 lora Wq r=8 r seed=0 lr=0.01 val=0.8690 acc=0.8778 changed=0.653968253968254  677s
v4 lora Wq r=8 r seed=0 lr=0.03 val=0.8675 acc=0.8768 changed=0.656084656084656  682s
v4 lora Wq r=8 r seed=1 lr=0.01 val=0.8675 acc=0.8785 changed=0.6613756613756614  687s
v4 lora Wq r=8 r seed=2 lr=0.01 val=0.8705 acc=0.8760 changed=0.6507936507936508  692s
config 36/124 done
v4 lora Wq r=16 r seed=0 lr=0.003 val=0.8705 acc=0.8790 changed=0.6507936507936508  698s
v4 lora Wq r=16 r seed=0 lr=0.01 val=0.8640 acc=0.8790 changed=0.6550264550264551  704s
v4 lora Wq r=16 r seed=0 lr=0.03 val=0.8690 acc=0.8775 changed=0.6582010582010582  710s
v4 lora Wq r=16 r seed=1 lr=0.003 val=0.8680 acc=0.8762 changed=0.653968253968254  715s
v4 lora Wq r=16 r seed=2 lr=0.003 val=0.8695 acc=0.8750 changed=0.6444444444444445  720s
config 37/124 done
v4 lora Wq r=32 r seed=0 lr=0.003 val=0.8695 acc=0.8785 changed=0.6507936507936508  725s
v4 lora Wq r=32 r seed=0 lr=0.01 val=0.8670 acc=0.8780 changed=0.656084656084656  729s
v4 lora Wq r=32 r seed=0 lr=0.03 val=0.8690 acc=0.8758 changed=0.6571428571428571  734s
v4 lora Wq r=32 r seed=1 lr=0.003 val=0.8700 acc=0.8785 changed=0.6582010582010582  739s
v4 lora Wq r=32 r seed=2 lr=0.003 val=0.8690 acc=0.8742 changed=0.6433862433862434  744s
config 38/124 done
v4 lora Wv r=1 r seed=0 lr=0.003 val=0.9125 acc=0.9140 changed=0.726984126984127  749s
v4 lora Wv r=1 r seed=0 lr=0.01 val=0.9105 acc=0.9127 changed=0.728042328042328  753s
v4 lora Wv r=1 r seed=0 lr=0.03 val=0.9110 acc=0.9123 changed=0.7227513227513227  758s
v4 lora Wv r=1 r seed=1 lr=0.003 val=0.8660 acc=0.8728 changed=0.5915343915343916  763s
v4 lora Wv r=1 r seed=2 lr=0.003 val=0.8345 acc=0.8598 changed=0.5195767195767196  767s
config 39/124 done
v4 lora Wv r=2 r seed=0 lr=0.003 val=0.9625 acc=0.9623 changed=0.8973544973544973  772s
v4 lora Wv r=2 r seed=0 lr=0.01 val=0.9660 acc=0.9635 changed=0.9015873015873016  776s
v4 lora Wv r=2 r seed=0 lr=0.03 val=0.9620 acc=0.9645 changed=0.9026455026455027  781s
v4 lora Wv r=2 r seed=1 lr=0.01 val=0.9675 acc=0.9647 changed=0.9005291005291005  785s
v4 lora Wv r=2 r seed=2 lr=0.01 val=0.9645 acc=0.9653 changed=0.9026455026455027  790s
config 40/124 done
v4 lora Wv r=4 r seed=0 lr=0.003 val=0.9795 acc=0.9772 changed=0.944973544973545  795s
v4 lora Wv r=4 r seed=0 lr=0.01 val=0.9910 acc=0.9915 changed=0.9809523809523809  800s
v4 lora Wv r=4 r seed=0 lr=0.03 val=0.9955 acc=0.9968 changed=0.9936507936507937  805s
v4 lora Wv r=4 r seed=1 lr=0.03 val=0.9955 acc=0.9952 changed=0.9873015873015873  810s
v4 lora Wv r=4 r seed=2 lr=0.03 val=0.9955 acc=0.9952 changed=0.9904761904761905  814s
config 41/124 done
v4 lora Wv r=8 r seed=0 lr=0.003 val=0.9850 acc=0.9832 changed=0.9619047619047619  819s
v4 lora Wv r=8 r seed=0 lr=0.01 val=0.9935 acc=0.9942 changed=0.9862433862433863  824s
v4 lora Wv r=8 r seed=0 lr=0.03 val=0.9965 acc=0.9962 changed=0.9915343915343915  829s
v4 lora Wv r=8 r seed=1 lr=0.03 val=0.9965 acc=0.9968 changed=0.9925925925925926  833s
v4 lora Wv r=8 r seed=2 lr=0.03 val=0.9960 acc=0.9960 changed=0.9925925925925926  838s
config 42/124 done
v4 lora Wv r=16 r seed=0 lr=0.003 val=0.9875 acc=0.9880 changed=0.9735449735449735  842s
v4 lora Wv r=16 r seed=0 lr=0.01 val=0.9945 acc=0.9952 changed=0.9873015873015873  847s
v4 lora Wv r=16 r seed=0 lr=0.03 val=0.9970 acc=0.9978 changed=0.9957671957671957  851s
v4 lora Wv r=16 r seed=1 lr=0.03 val=0.9955 acc=0.9972 changed=0.9947089947089947  856s
v4 lora Wv r=16 r seed=2 lr=0.03 val=0.9960 acc=0.9968 changed=0.9925925925925926  860s
config 43/124 done
v4 lora Wv r=32 r seed=0 lr=0.003 val=0.9880 acc=0.9878 changed=0.9693121693121693  865s
v4 lora Wv r=32 r seed=0 lr=0.01 val=0.9950 acc=0.9968 changed=0.9904761904761905  870s
v4 lora Wv r=32 r seed=0 lr=0.03 val=0.9960 acc=0.9972 changed=0.9947089947089947  874s
v4 lora Wv r=32 r seed=1 lr=0.03 val=0.9970 acc=0.9978 changed=0.9947089947089947  879s
v4 lora Wv r=32 r seed=2 lr=0.03 val=0.9955 acc=0.9962 changed=0.9915343915343915  884s
config 44/124 done
v4 lora Wq+Wv r=1 r seed=0 lr=0.003 val=0.9175 acc=0.9215 changed=0.7661375661375661  889s
v4 lora Wq+Wv r=1 r seed=0 lr=0.01 val=0.9165 acc=0.9230 changed=0.764021164021164  894s
v4 lora Wq+Wv r=1 r seed=0 lr=0.03 val=0.8665 acc=0.8672 changed=0.6306878306878307  899s
v4 lora Wq+Wv r=1 r seed=1 lr=0.003 val=0.9225 acc=0.9253 changed=0.7735449735449735  903s
v4 lora Wq+Wv r=1 r seed=2 lr=0.003 val=0.9240 acc=0.9320 changed=0.7957671957671958  908s
config 45/124 done
v4 lora Wq+Wv r=2 r seed=0 lr=0.003 val=0.9635 acc=0.9653 changed=0.9058201058201059  914s
v4 lora Wq+Wv r=2 r seed=0 lr=0.01 val=0.9745 acc=0.9722 changed=0.9206349206349206  918s
v4 lora Wq+Wv r=2 r seed=0 lr=0.03 val=0.9330 acc=0.9325 changed=0.870899470899471  923s
v4 lora Wq+Wv r=2 r seed=1 lr=0.01 val=0.9720 acc=0.9698 changed=0.9195767195767196  928s
v4 lora Wq+Wv r=2 r seed=2 lr=0.01 val=0.9675 acc=0.9673 changed=0.9142857142857143  933s
config 46/124 done
v4 lora Wq+Wv r=4 r seed=0 lr=0.003 val=0.9820 acc=0.9780 changed=0.9481481481481482  938s
v4 lora Wq+Wv r=4 r seed=0 lr=0.01 val=0.9950 acc=0.9925 changed=0.9841269841269841  943s
v4 lora Wq+Wv r=4 r seed=0 lr=0.03 val=0.9960 acc=0.9968 changed=0.9936507936507937  948s
v4 lora Wq+Wv r=4 r seed=1 lr=0.03 val=0.9960 acc=0.9965 changed=0.9925925925925926  953s
v4 lora Wq+Wv r=4 r seed=2 lr=0.03 val=0.9950 acc=0.9958 changed=0.9936507936507937  958s
config 47/124 done
v4 lora Wq+Wv r=8 r seed=0 lr=0.003 val=0.9875 acc=0.9882 changed=0.9671957671957672  963s
v4 lora Wq+Wv r=8 r seed=0 lr=0.01 val=0.9940 acc=0.9942 changed=0.9851851851851852  967s
v4 lora Wq+Wv r=8 r seed=0 lr=0.03 val=0.9950 acc=0.9965 changed=0.9915343915343915  972s
v4 lora Wq+Wv r=8 r seed=1 lr=0.03 val=0.9320 acc=0.9187 changed=0.9121693121693122  977s
v4 lora Wq+Wv r=8 r seed=2 lr=0.03 val=0.9515 acc=0.9540 changed=0.9291005291005291  982s
config 48/124 done
v4 lora Wq+Wv r=16 r seed=0 lr=0.003 val=0.9875 acc=0.9880 changed=0.9735449735449735  987s
v4 lora Wq+Wv r=16 r seed=0 lr=0.01 val=0.9965 acc=0.9970 changed=0.9915343915343915  992s
v4 lora Wq+Wv r=16 r seed=0 lr=0.03 val=0.9960 acc=0.9980 changed=0.9957671957671957  997s
v4 lora Wq+Wv r=16 r seed=1 lr=0.01 val=0.9955 acc=0.9952 changed=0.9894179894179894  1002s
v4 lora Wq+Wv r=16 r seed=2 lr=0.01 val=0.9945 acc=0.9958 changed=0.9925925925925926  1007s
config 49/124 done
v4 lora Wq+Wv r=32 r seed=0 lr=0.003 val=0.9895 acc=0.9890 changed=0.9724867724867725  1012s
v4 lora Wq+Wv r=32 r seed=0 lr=0.01 val=0.9960 acc=0.9962 changed=0.9915343915343915  1017s
v4 lora Wq+Wv r=32 r seed=0 lr=0.03 val=0.9960 acc=0.9975 changed=0.9957671957671957  1021s
v4 lora Wq+Wv r=32 r seed=1 lr=0.01 val=0.9970 acc=0.9955 changed=0.9862433862433863  1026s
v4 lora Wq+Wv r=32 r seed=2 lr=0.01 val=0.9960 acc=0.9960 changed=0.9915343915343915  1031s
config 50/124 done
v4 lora Wq+Wk+Wv+Wo+W1+W2 r=1 r seed=0 lr=0.003 val=0.9685 acc=0.9688 changed=0.926984126984127  1036s
v4 lora Wq+Wk+Wv+Wo+W1+W2 r=1 r seed=0 lr=0.01 val=0.9745 acc=0.9728 changed=0.9301587301587302  1042s
v4 lora Wq+Wk+Wv+Wo+W1+W2 r=1 r seed=0 lr=0.03 val=0.9790 acc=0.9770 changed=0.9407407407407408  1047s
v4 lora Wq+Wk+Wv+Wo+W1+W2 r=1 r seed=1 lr=0.03 val=0.8310 acc=0.8190 changed=0.6708994708994709  1052s
v4 lora Wq+Wk+Wv+Wo+W1+W2 r=1 r seed=2 lr=0.03 val=0.1885 acc=0.1865 changed=0.27724867724867724  1058s
config 51/124 done
v4 lora Wq+Wk+Wv+Wo+W1+W2 r=2 r seed=0 lr=0.003 val=0.9795 acc=0.9780 changed=0.9439153439153439  1063s
v4 lora Wq+Wk+Wv+Wo+W1+W2 r=2 r seed=0 lr=0.01 val=0.9835 acc=0.9858 changed=0.9629629629629629  1068s
v4 lora Wq+Wk+Wv+Wo+W1+W2 r=2 r seed=0 lr=0.03 val=0.9650 acc=0.9645 changed=0.9291005291005291  1074s
v4 lora Wq+Wk+Wv+Wo+W1+W2 r=2 r seed=1 lr=0.01 val=0.9895 acc=0.9888 changed=0.9746031746031746  1079s
v4 lora Wq+Wk+Wv+Wo+W1+W2 r=2 r seed=2 lr=0.01 val=0.9850 acc=0.9855 changed=0.9629629629629629  1084s
config 52/124 done
v4 lora Wq+Wk+Wv+Wo+W1+W2 r=4 r seed=0 lr=0.003 val=0.9865 acc=0.9865 changed=0.964021164021164  1090s
v4 lora Wq+Wk+Wv+Wo+W1+W2 r=4 r seed=0 lr=0.01 val=0.9950 acc=0.9928 changed=0.9809523809523809  1095s
v4 lora Wq+Wk+Wv+Wo+W1+W2 r=4 r seed=0 lr=0.03 val=0.9475 acc=0.9430 changed=0.8888888888888888  1101s
v4 lora Wq+Wk+Wv+Wo+W1+W2 r=4 r seed=1 lr=0.01 val=0.9935 acc=0.9925 changed=0.9830687830687831  1106s
v4 lora Wq+Wk+Wv+Wo+W1+W2 r=4 r seed=2 lr=0.01 val=0.9930 acc=0.9918 changed=0.9788359788359788  1111s
config 53/124 done
v4 lora Wq+Wk+Wv+Wo+W1+W2 r=8 r seed=0 lr=0.003 val=0.9885 acc=0.9890 changed=0.9767195767195768  1116s
v4 lora Wq+Wk+Wv+Wo+W1+W2 r=8 r seed=0 lr=0.01 val=0.9950 acc=0.9942 changed=0.9894179894179894  1122s
v4 lora Wq+Wk+Wv+Wo+W1+W2 r=8 r seed=0 lr=0.03 val=0.9940 acc=0.9932 changed=0.9883597883597883  1127s
v4 lora Wq+Wk+Wv+Wo+W1+W2 r=8 r seed=1 lr=0.01 val=0.9955 acc=0.9940 changed=0.9883597883597883  1133s
v4 lora Wq+Wk+Wv+Wo+W1+W2 r=8 r seed=2 lr=0.01 val=0.9925 acc=0.9945 changed=0.9904761904761905  1138s
config 54/124 done
v4 lora Wq+Wk+Wv+Wo+W1+W2 r=16 r seed=0 lr=0.003 val=0.9905 acc=0.9898 changed=0.9756613756613757  1144s
v4 lora Wq+Wk+Wv+Wo+W1+W2 r=16 r seed=0 lr=0.01 val=0.9955 acc=0.9942 changed=0.9851851851851852  1149s
v4 lora Wq+Wk+Wv+Wo+W1+W2 r=16 r seed=0 lr=0.03 val=0.9625 acc=0.9617 changed=0.9111111111111111  1155s
v4 lora Wq+Wk+Wv+Wo+W1+W2 r=16 r seed=1 lr=0.01 val=0.9950 acc=0.9940 changed=0.9841269841269841  1161s
v4 lora Wq+Wk+Wv+Wo+W1+W2 r=16 r seed=2 lr=0.01 val=0.9960 acc=0.9952 changed=0.9894179894179894  1166s
config 55/124 done
v4 lora Wq+Wk+Wv+Wo+W1+W2 r=32 r seed=0 lr=0.003 val=0.9920 acc=0.9912 changed=0.9788359788359788  1171s
v4 lora Wq+Wk+Wv+Wo+W1+W2 r=32 r seed=0 lr=0.01 val=0.9965 acc=0.9958 changed=0.9894179894179894  1177s
v4 lora Wq+Wk+Wv+Wo+W1+W2 r=32 r seed=0 lr=0.03 val=0.9725 acc=0.9730 changed=0.9333333333333333  1182s
v4 lora Wq+Wk+Wv+Wo+W1+W2 r=32 r seed=1 lr=0.01 val=0.9955 acc=0.9942 changed=0.9883597883597883  1188s
v4 lora Wq+Wk+Wv+Wo+W1+W2 r=32 r seed=2 lr=0.01 val=0.9960 acc=0.9950 changed=0.9873015873015873  1193s
config 56/124 done
v4 lora Wk r=8 r seed=0 lr=0.003 val=0.8745 acc=0.8752 changed=0.6455026455026455  1198s
v4 lora Wk r=8 r seed=0 lr=0.01 val=0.8785 acc=0.8818 changed=0.6677248677248677  1203s
v4 lora Wk r=8 r seed=0 lr=0.03 val=0.8810 acc=0.8772 changed=0.6645502645502646  1207s
v4 lora Wk r=8 r seed=1 lr=0.03 val=0.8820 acc=0.8820 changed=0.6624338624338625  1212s
v4 lora Wk r=8 r seed=2 lr=0.03 val=0.8840 acc=0.8822 changed=0.6603174603174603  1217s
config 57/124 done
v4 lora Wo r=8 r seed=0 lr=0.003 val=0.9530 acc=0.9527 changed=0.8751322751322751  1222s
v4 lora Wo r=8 r seed=0 lr=0.01 val=0.9645 acc=0.9653 changed=0.9058201058201059  1226s
v4 lora Wo r=8 r seed=0 lr=0.03 val=0.9685 acc=0.9688 changed=0.9216931216931217  1231s
v4 lora Wo r=8 r seed=1 lr=0.03 val=0.9695 acc=0.9695 changed=0.9216931216931217  1236s
v4 lora Wo r=8 r seed=2 lr=0.03 val=0.9685 acc=0.9683 changed=0.9174603174603174  1240s
config 58/124 done
v4 lora Wq+Wk r=4 r seed=0 lr=0.003 val=0.8760 acc=0.8772 changed=0.6592592592592592  1245s
v4 lora Wq+Wk r=4 r seed=0 lr=0.01 val=0.8775 acc=0.8818 changed=0.6772486772486772  1250s
v4 lora Wq+Wk r=4 r seed=0 lr=0.03 val=0.1825 acc=0.1790 changed=0.0582010582010582  1255s
v4 lora Wq+Wk r=4 r seed=1 lr=0.01 val=0.8870 acc=0.8815 changed=0.6708994708994709  1260s
v4 lora Wq+Wk r=4 r seed=2 lr=0.01 val=0.8815 acc=0.8808 changed=0.6708994708994709  1265s
config 59/124 done
v4 lora Wv+Wo r=4 r seed=0 lr=0.003 val=0.9845 acc=0.9830 changed=0.9587301587301588  1270s
v4 lora Wv+Wo r=4 r seed=0 lr=0.01 val=0.9915 acc=0.9918 changed=0.982010582010582  1274s
v4 lora Wv+Wo r=4 r seed=0 lr=0.03 val=0.9930 acc=0.9928 changed=0.9894179894179894  1279s
v4 lora Wv+Wo r=4 r seed=1 lr=0.03 val=0.9960 acc=0.9940 changed=0.9894179894179894  1284s
v4 lora Wv+Wo r=4 r seed=2 lr=0.03 val=0.9930 acc=0.9902 changed=0.9756613756613757  1289s
config 60/124 done
v4 lora Wq+Wk+Wv+Wo r=2 r seed=0 lr=0.003 val=0.9765 acc=0.9708 changed=0.928042328042328  1294s
v4 lora Wq+Wk+Wv+Wo r=2 r seed=0 lr=0.01 val=0.9875 acc=0.9828 changed=0.9544973544973545  1299s
v4 lora Wq+Wk+Wv+Wo r=2 r seed=0 lr=0.03 val=0.9875 acc=0.9858 changed=0.9661375661375662  1304s
v4 lora Wq+Wk+Wv+Wo r=2 r seed=1 lr=0.01 val=0.9855 acc=0.9862 changed=0.964021164021164  1310s
v4 lora Wq+Wk+Wv+Wo r=2 r seed=2 lr=0.01 val=0.9840 acc=0.9858 changed=0.9619047619047619  1315s
config 61/124 done
v4 lora W1+W2 r=2 r seed=0 lr=0.003 val=0.9365 acc=0.9465 changed=0.8497354497354498  1319s
v4 lora W1+W2 r=2 r seed=0 lr=0.01 val=0.9430 acc=0.9460 changed=0.8571428571428571  1324s
v4 lora W1+W2 r=2 r seed=0 lr=0.03 val=0.9490 acc=0.9477 changed=0.8560846560846561  1329s
v4 lora W1+W2 r=2 r seed=1 lr=0.03 val=0.9475 acc=0.9447 changed=0.8433862433862434  1334s
v4 lora W1+W2 r=2 r seed=2 lr=0.03 val=0.9425 acc=0.9447 changed=0.8328042328042328  1339s
config 62/124 done
v4 lora Wq+Wv r=1 r seed=1 lr=0.01 val=0.9165 acc=0.9240 changed=0.7724867724867724  1344s
v4 lora Wq+Wv r=1 r seed=2 lr=0.01 val=0.9225 acc=0.9295 changed=0.7873015873015873  1349s
v4 lora Wq+Wv r=4 r seed=1 lr=0.01 val=0.9930 acc=0.9922 changed=0.982010582010582  1354s
v4 lora Wq+Wv r=4 r seed=2 lr=0.01 val=0.9915 acc=0.9912 changed=0.9798941798941799  1359s
v4 lora Wq+Wv r=8 r seed=1 lr=0.01 val=0.9950 acc=0.9950 changed=0.9883597883597883  1364s
v4 lora Wq+Wv r=8 r seed=2 lr=0.01 val=0.9945 acc=0.9950 changed=0.9883597883597883  1369s
v4 lora Wq+Wv r=1 sqrt seed=0 lr=0.01 val=0.9165 acc=0.9230 changed=0.764021164021164  1374s
v4 lora Wq+Wv r=1 sqrt seed=1 lr=0.01 val=0.9165 acc=0.9240 changed=0.7724867724867724  1379s
v4 lora Wq+Wv r=1 sqrt seed=2 lr=0.01 val=0.9225 acc=0.9295 changed=0.7873015873015873  1384s
v4 lora Wq+Wv r=2 sqrt seed=0 lr=0.01 val=0.9735 acc=0.9708 changed=0.9185185185185185  1389s
v4 lora Wq+Wv r=2 sqrt seed=1 lr=0.01 val=0.9725 acc=0.9690 changed=0.9164021164021164  1394s
v4 lora Wq+Wv r=2 sqrt seed=2 lr=0.01 val=0.9705 acc=0.9715 changed=0.9238095238095239  1398s
v4 lora Wq+Wv r=4 sqrt seed=0 lr=0.01 val=0.9960 acc=0.9960 changed=0.9904761904761905  1403s
v4 lora Wq+Wv r=4 sqrt seed=1 lr=0.01 val=0.9960 acc=0.9928 changed=0.982010582010582  1408s
v4 lora Wq+Wv r=4 sqrt seed=2 lr=0.01 val=0.9920 acc=0.9910 changed=0.9788359788359788  1413s
v4 lora Wq+Wv r=8 sqrt seed=0 lr=0.01 val=0.9505 acc=0.9443 changed=0.9671957671957672  1418s
v4 lora Wq+Wv r=8 sqrt seed=1 lr=0.01 val=0.9950 acc=0.9958 changed=0.9904761904761905  1423s
v4 lora Wq+Wv r=8 sqrt seed=2 lr=0.01 val=0.9935 acc=0.9960 changed=0.9904761904761905  1428s
v4 lora Wq+Wv r=16 sqrt seed=0 lr=0.01 val=0.9945 acc=0.9945 changed=0.9862433862433863  1432s
v4 lora Wq+Wv r=16 sqrt seed=1 lr=0.01 val=0.9965 acc=0.9975 changed=0.9957671957671957  1437s
v4 lora Wq+Wv r=16 sqrt seed=2 lr=0.01 val=0.9925 acc=0.9955 changed=0.9894179894179894  1442s
v4 lora Wq+Wv r=32 sqrt seed=0 lr=0.01 val=0.9975 acc=0.9975 changed=0.9936507936507937  1447s
v4 lora Wq+Wv r=32 sqrt seed=1 lr=0.01 val=0.9960 acc=0.9978 changed=0.9957671957671957  1452s
v4 lora Wq+Wv r=32 sqrt seed=2 lr=0.01 val=0.9965 acc=0.9975 changed=0.9936507936507937  1457s
v32 ft  r=0 r seed=0 lr=0.001 val=0.9860 acc=0.9850 changed=0.9642126789366053  1462s
v32 ft  r=0 r seed=0 lr=0.003 val=0.9720 acc=0.9670 changed=0.9314928425357873  1468s
v32 ft  r=0 r seed=0 lr=0.01 val=0.9285 acc=0.9213 changed=0.8425357873210634  1473s
v32 ft  r=0 r seed=1 lr=0.001 val=0.9865 acc=0.9850 changed=0.9611451942740287  1479s
v32 ft  r=0 r seed=2 lr=0.001 val=0.9840 acc=0.9845 changed=0.9580777096114519  1484s
config 75/124 done
v32 lora Wq+Wv r=1 r seed=0 lr=0.003 val=0.8855 acc=0.8870 changed=0.7556237218813906  1489s
v32 lora Wq+Wv r=1 r seed=0 lr=0.01 val=0.9240 acc=0.9100 changed=0.7822085889570553  1493s
v32 lora Wq+Wv r=1 r seed=0 lr=0.03 val=0.9370 acc=0.9255 changed=0.8067484662576687  1498s
v32 lora Wq+Wv r=1 r seed=1 lr=0.03 val=0.9220 acc=0.9127 changed=0.8169734151329243  1503s
v32 lora Wq+Wv r=1 r seed=2 lr=0.03 val=0.9090 acc=0.9032 changed=0.7566462167689162  1508s
config 76/124 done
v32 lora Wq+Wv r=2 r seed=0 lr=0.003 val=0.9375 acc=0.9347 changed=0.8302658486707567  1513s
v32 lora Wq+Wv r=2 r seed=0 lr=0.01 val=0.9590 acc=0.9475 changed=0.8619631901840491  1518s
v32 lora Wq+Wv r=2 r seed=0 lr=0.03 val=0.9540 acc=0.9463 changed=0.8537832310838446  1522s
v32 lora Wq+Wv r=2 r seed=1 lr=0.01 val=0.9520 acc=0.9445 changed=0.852760736196319  1527s
v32 lora Wq+Wv r=2 r seed=2 lr=0.01 val=0.9485 acc=0.9430 changed=0.8558282208588958  1532s
config 77/124 done
v32 lora Wq+Wv r=4 r seed=0 lr=0.003 val=0.9660 acc=0.9595 changed=0.8916155419222904  1537s
v32 lora Wq+Wv r=4 r seed=0 lr=0.01 val=0.9700 acc=0.9647 changed=0.8875255623721882  1542s
v32 lora Wq+Wv r=4 r seed=0 lr=0.03 val=0.9720 acc=0.9655 changed=0.8885480572597138  1546s
v32 lora Wq+Wv r=4 r seed=1 lr=0.03 val=0.9750 acc=0.9673 changed=0.9049079754601227  1551s
v32 lora Wq+Wv r=4 r seed=2 lr=0.03 val=0.9695 acc=0.9647 changed=0.8977505112474438  1556s
config 78/124 done
v32 lora Wq+Wv r=8 r seed=0 lr=0.003 val=0.9785 acc=0.9742 changed=0.9263803680981595  1561s
v32 lora Wq+Wv r=8 r seed=0 lr=0.01 val=0.9840 acc=0.9788 changed=0.9447852760736196  1565s
v32 lora Wq+Wv r=8 r seed=0 lr=0.03 val=0.4920 acc=0.5020 changed=0.4601226993865031  1570s
v32 lora Wq+Wv r=8 r seed=1 lr=0.01 val=0.9815 acc=0.9790 changed=0.9488752556237219  1575s
v32 lora Wq+Wv r=8 r seed=2 lr=0.01 val=0.9840 acc=0.9795 changed=0.9427402862985685  1580s
config 79/124 done
v32 lora Wq+Wv r=16 r seed=0 lr=0.003 val=0.9865 acc=0.9835 changed=0.9550102249488752  1585s
v32 lora Wq+Wv r=16 r seed=0 lr=0.01 val=0.9890 acc=0.9908 changed=0.976482617586912  1590s
v32 lora Wq+Wv r=16 r seed=0 lr=0.03 val=0.9905 acc=0.9912 changed=0.9815950920245399  1595s
v32 lora Wq+Wv r=16 r seed=1 lr=0.03 val=0.6265 acc=0.6170 changed=0.556237218813906  1600s
v32 lora Wq+Wv r=16 r seed=2 lr=0.03 val=0.9890 acc=0.9905 changed=0.9785276073619632  1604s
config 80/124 done
v32 lora Wq+Wv r=32 r seed=0 lr=0.003 val=0.9890 acc=0.9830 changed=0.9580777096114519  1609s
v32 lora Wq+Wv r=32 r seed=0 lr=0.01 val=0.9920 acc=0.9915 changed=0.9826175869120655  1614s
v32 lora Wq+Wv r=32 r seed=0 lr=0.03 val=0.9900 acc=0.9932 changed=0.9846625766871165  1619s
v32 lora Wq+Wv r=32 r seed=1 lr=0.01 val=0.9900 acc=0.9915 changed=0.983640081799591  1624s
v32 lora Wq+Wv r=32 r seed=2 lr=0.01 val=0.9890 acc=0.9895 changed=0.9795501022494888  1629s
config 81/124 done
v32 lora Wq+Wk+Wv+Wo+W1+W2 r=1 r seed=0 lr=0.003 val=0.9630 acc=0.9560 changed=0.8609406952965235  1634s
v32 lora Wq+Wk+Wv+Wo+W1+W2 r=1 r seed=0 lr=0.01 val=0.9700 acc=0.9643 changed=0.8957055214723927  1640s
v32 lora Wq+Wk+Wv+Wo+W1+W2 r=1 r seed=0 lr=0.03 val=0.9640 acc=0.9587 changed=0.8701431492842536  1646s
v32 lora Wq+Wk+Wv+Wo+W1+W2 r=1 r seed=1 lr=0.01 val=0.9710 acc=0.9637 changed=0.9069529652351738  1651s
v32 lora Wq+Wk+Wv+Wo+W1+W2 r=1 r seed=2 lr=0.01 val=0.9670 acc=0.9625 changed=0.8916155419222904  1656s
config 82/124 done
v32 lora Wq+Wk+Wv+Wo+W1+W2 r=2 r seed=0 lr=0.003 val=0.9685 acc=0.9695 changed=0.9284253578732107  1662s
v32 lora Wq+Wk+Wv+Wo+W1+W2 r=2 r seed=0 lr=0.01 val=0.9740 acc=0.9708 changed=0.9253578732106339  1667s
v32 lora Wq+Wk+Wv+Wo+W1+W2 r=2 r seed=0 lr=0.03 val=0.9800 acc=0.9715 changed=0.918200408997955  1672s
v32 lora Wq+Wk+Wv+Wo+W1+W2 r=2 r seed=1 lr=0.03 val=0.9120 acc=0.9012 changed=0.7689161554192229  1677s
v32 lora Wq+Wk+Wv+Wo+W1+W2 r=2 r seed=2 lr=0.03 val=0.9790 acc=0.9740 changed=0.9274028629856851  1683s
config 83/124 done
v32 lora Wq+Wk+Wv+Wo+W1+W2 r=4 r seed=0 lr=0.003 val=0.9790 acc=0.9782 changed=0.9468302658486708  1688s
v32 lora Wq+Wk+Wv+Wo+W1+W2 r=4 r seed=0 lr=0.01 val=0.9850 acc=0.9812 changed=0.9570552147239264  1694s
v32 lora Wq+Wk+Wv+Wo+W1+W2 r=4 r seed=0 lr=0.03 val=0.9785 acc=0.9725 changed=0.9355828220858896  1699s
v32 lora Wq+Wk+Wv+Wo+W1+W2 r=4 r seed=1 lr=0.01 val=0.9845 acc=0.9805 changed=0.9488752556237219  1704s
v32 lora Wq+Wk+Wv+Wo+W1+W2 r=4 r seed=2 lr=0.01 val=0.9870 acc=0.9848 changed=0.9591002044989775  1710s
config 84/124 done
v32 lora Wq+Wk+Wv+Wo+W1+W2 r=8 r seed=0 lr=0.003 val=0.9870 acc=0.9838 changed=0.9601226993865031  1715s
v32 lora Wq+Wk+Wv+Wo+W1+W2 r=8 r seed=0 lr=0.01 val=0.9890 acc=0.9890 changed=0.9734151329243353  1722s
v32 lora Wq+Wk+Wv+Wo+W1+W2 r=8 r seed=0 lr=0.03 val=0.9905 acc=0.9875 changed=0.9693251533742331  1728s
v32 lora Wq+Wk+Wv+Wo+W1+W2 r=8 r seed=1 lr=0.03 val=0.9605 acc=0.9515 changed=0.8813905930470347  1734s
v32 lora Wq+Wk+Wv+Wo+W1+W2 r=8 r seed=2 lr=0.03 val=0.9765 acc=0.9695 changed=0.9294478527607362  1740s
config 85/124 done
v32 lora Wq+Wk+Wv+Wo+W1+W2 r=16 r seed=0 lr=0.003 val=0.9860 acc=0.9842 changed=0.9601226993865031  1746s
v32 lora Wq+Wk+Wv+Wo+W1+W2 r=16 r seed=0 lr=0.01 val=0.9910 acc=0.9908 changed=0.9805725971370143  1751s
v32 lora Wq+Wk+Wv+Wo+W1+W2 r=16 r seed=0 lr=0.03 val=0.9570 acc=0.9547 changed=0.8926380368098159  1757s
v32 lora Wq+Wk+Wv+Wo+W1+W2 r=16 r seed=1 lr=0.01 val=0.9895 acc=0.9915 changed=0.9795501022494888  1762s
v32 lora Wq+Wk+Wv+Wo+W1+W2 r=16 r seed=2 lr=0.01 val=0.9900 acc=0.9895 changed=0.976482617586912  1767s
config 86/124 done
v32 lora Wq+Wk+Wv+Wo+W1+W2 r=32 r seed=0 lr=0.003 val=0.9875 acc=0.9870 changed=0.9652351738241309  1773s
v32 lora Wq+Wk+Wv+Wo+W1+W2 r=32 r seed=0 lr=0.01 val=0.9905 acc=0.9918 changed=0.9815950920245399  1778s
v32 lora Wq+Wk+Wv+Wo+W1+W2 r=32 r seed=0 lr=0.03 val=0.9785 acc=0.9715 changed=0.9263803680981595  1784s
v32 lora Wq+Wk+Wv+Wo+W1+W2 r=32 r seed=1 lr=0.01 val=0.9915 acc=0.9915 changed=0.9785276073619632  1790s
v32 lora Wq+Wk+Wv+Wo+W1+W2 r=32 r seed=2 lr=0.01 val=0.9915 acc=0.9900 changed=0.9795501022494888  1795s
config 87/124 done
configs 124
config 1/124 done
config 2/124 done
config 3/124 done
config 4/124 done
config 5/124 done
config 6/124 done
config 7/124 done
config 8/124 done
config 9/124 done
config 10/124 done
config 11/124 done
config 12/124 done
config 13/124 done
config 14/124 done
config 15/124 done
config 16/124 done
config 17/124 done
config 18/124 done
config 19/124 done
config 20/124 done
config 21/124 done
config 22/124 done
config 23/124 done
config 24/124 done
config 25/124 done
config 26/124 done
config 27/124 done
config 28/124 done
config 29/124 done
config 30/124 done
config 31/124 done
config 32/124 done
config 33/124 done
config 34/124 done
config 35/124 done
config 36/124 done
config 37/124 done
config 38/124 done
config 39/124 done
config 40/124 done
config 41/124 done
config 42/124 done
config 43/124 done
config 44/124 done
config 45/124 done
config 46/124 done
config 47/124 done
config 48/124 done
config 49/124 done
config 50/124 done
config 51/124 done
config 52/124 done
config 53/124 done
config 54/124 done
config 55/124 done
config 56/124 done
config 57/124 done
config 58/124 done
config 59/124 done
config 60/124 done
config 61/124 done
config 62/124 done
config 75/124 done
config 76/124 done
config 77/124 done
config 78/124 done
config 79/124 done
config 80/124 done
config 81/124 done
config 82/124 done
config 83/124 done
config 84/124 done
config 85/124 done
config 86/124 done
config 87/124 done
v32 lora Wk r=8 r seed=0 lr=0.003 val=0.8935 acc=0.8780 changed=0.6901840490797546  28s
v32 lora Wk r=8 r seed=0 lr=0.01 val=0.8895 acc=0.8725 changed=0.6932515337423313  32s
v32 lora Wk r=8 r seed=0 lr=0.03 val=0.8825 acc=0.8728 changed=0.6952965235173824  37s
v32 lora Wk r=8 r seed=1 lr=0.003 val=0.8885 acc=0.8738 changed=0.6912065439672802  41s
v32 lora Wk r=8 r seed=2 lr=0.003 val=0.8890 acc=0.8750 changed=0.6932515337423313  46s
config 88/124 done
v32 lora Wo r=8 r seed=0 lr=0.003 val=0.9630 acc=0.9577 changed=0.8813905930470347  50s
v32 lora Wo r=8 r seed=0 lr=0.01 val=0.9700 acc=0.9637 changed=0.9008179959100204  55s
v32 lora Wo r=8 r seed=0 lr=0.03 val=0.9740 acc=0.9675 changed=0.9141104294478528  59s
v32 lora Wo r=8 r seed=1 lr=0.03 val=0.9715 acc=0.9655 changed=0.9028629856850716  64s
v32 lora Wo r=8 r seed=2 lr=0.03 val=0.9750 acc=0.9680 changed=0.9100204498977505  68s
config 89/124 done
v32 lora Wq+Wk r=4 r seed=0 lr=0.003 val=0.8900 acc=0.8748 changed=0.6973415132924335  73s
v32 lora Wq+Wk r=4 r seed=0 lr=0.01 val=0.8810 acc=0.8692 changed=0.6820040899795501  78s
v32 lora Wq+Wk r=4 r seed=0 lr=0.03 val=0.3505 acc=0.3355 changed=0.07259713701431493  83s
v32 lora Wq+Wk r=4 r seed=1 lr=0.003 val=0.8835 acc=0.8705 changed=0.6922290388548057  87s
v32 lora Wq+Wk r=4 r seed=2 lr=0.003 val=0.8915 acc=0.8762 changed=0.7044989775051125  92s
config 90/124 done
v32 lora Wv+Wo r=4 r seed=0 lr=0.003 val=0.9740 acc=0.9702 changed=0.9161554192229039  97s
v32 lora Wv+Wo r=4 r seed=0 lr=0.01 val=0.9805 acc=0.9768 changed=0.9366053169734151  101s
v32 lora Wv+Wo r=4 r seed=0 lr=0.03 val=0.9815 acc=0.9755 changed=0.9355828220858896  107s
v32 lora Wv+Wo r=4 r seed=1 lr=0.03 val=0.9775 acc=0.9740 changed=0.9274028629856851  111s
v32 lora Wv+Wo r=4 r seed=2 lr=0.03 val=0.9800 acc=0.9790 changed=0.9427402862985685  116s
config 91/124 done
v32 lora Wq+Wk+Wv+Wo r=2 r seed=0 lr=0.003 val=0.9665 acc=0.9615 changed=0.8916155419222904  121s
v32 lora Wq+Wk+Wv+Wo r=2 r seed=0 lr=0.01 val=0.9680 acc=0.9597 changed=0.8752556237218814  126s
v32 lora Wq+Wk+Wv+Wo r=2 r seed=0 lr=0.03 val=0.9140 acc=0.9163 changed=0.8793456032719836  131s
v32 lora Wq+Wk+Wv+Wo r=2 r seed=1 lr=0.01 val=0.9615 acc=0.9605 changed=0.8834355828220859  136s
v32 lora Wq+Wk+Wv+Wo r=2 r seed=2 lr=0.01 val=0.9700 acc=0.9573 changed=0.8824130879345603  141s
config 92/124 done
v32 lora W1+W2 r=2 r seed=0 lr=0.003 val=0.9505 acc=0.9447 changed=0.8374233128834356  146s
v32 lora W1+W2 r=2 r seed=0 lr=0.01 val=0.9565 acc=0.9473 changed=0.8486707566462167  151s
v32 lora W1+W2 r=2 r seed=0 lr=0.03 val=0.9545 acc=0.9475 changed=0.8323108384458078  156s
v32 lora W1+W2 r=2 r seed=1 lr=0.01 val=0.9560 acc=0.9503 changed=0.8548057259713702  161s
v32 lora W1+W2 r=2 r seed=2 lr=0.01 val=0.9490 acc=0.9427 changed=0.8312883435582822  166s
config 93/124 done
v32 lora Wq+Wv r=1 r seed=1 lr=0.01 val=0.9295 acc=0.9147 changed=0.7770961145194274  171s
v32 lora Wq+Wv r=1 r seed=2 lr=0.01 val=0.9110 acc=0.9018 changed=0.7382413087934561  175s
v32 lora Wq+Wv r=4 r seed=1 lr=0.01 val=0.9470 acc=0.9415 changed=0.8834355828220859  180s
v32 lora Wq+Wv r=4 r seed=2 lr=0.01 val=0.9710 acc=0.9645 changed=0.9049079754601227  185s
v32 lora Wq+Wv r=16 r seed=1 lr=0.01 val=0.9900 acc=0.9912 changed=0.9826175869120655  190s
v32 lora Wq+Wv r=16 r seed=2 lr=0.01 val=0.9920 acc=0.9882 changed=0.9734151329243353  195s
v32 lora Wq+Wv r=1 sqrt seed=0 lr=0.01 val=0.9240 acc=0.9100 changed=0.7822085889570553  200s
v32 lora Wq+Wv r=1 sqrt seed=1 lr=0.01 val=0.9295 acc=0.9147 changed=0.7770961145194274  205s
v32 lora Wq+Wv r=1 sqrt seed=2 lr=0.01 val=0.9110 acc=0.9018 changed=0.7382413087934561  210s
v32 lora Wq+Wv r=2 sqrt seed=0 lr=0.01 val=0.9540 acc=0.9400 changed=0.843558282208589  215s
v32 lora Wq+Wv r=2 sqrt seed=1 lr=0.01 val=0.9525 acc=0.9437 changed=0.8568507157464212  220s
v32 lora Wq+Wv r=2 sqrt seed=2 lr=0.01 val=0.9480 acc=0.9443 changed=0.8548057259713702  224s
v32 lora Wq+Wv r=4 sqrt seed=0 lr=0.01 val=0.9730 acc=0.9657 changed=0.8967280163599182  229s
v32 lora Wq+Wv r=4 sqrt seed=1 lr=0.01 val=0.9710 acc=0.9663 changed=0.8997955010224948  234s
v32 lora Wq+Wv r=4 sqrt seed=2 lr=0.01 val=0.9715 acc=0.9655 changed=0.9038854805725971  239s
v32 lora Wq+Wv r=8 sqrt seed=0 lr=0.01 val=0.9850 acc=0.9802 changed=0.9427402862985685  243s
v32 lora Wq+Wv r=8 sqrt seed=1 lr=0.01 val=0.9850 acc=0.9818 changed=0.9539877300613497  248s
v32 lora Wq+Wv r=8 sqrt seed=2 lr=0.01 val=0.9805 acc=0.9820 changed=0.9478527607361963  253s
v32 lora Wq+Wv r=16 sqrt seed=0 lr=0.01 val=0.9865 acc=0.9890 changed=0.9775051124744376  258s
v32 lora Wq+Wv r=16 sqrt seed=1 lr=0.01 val=0.9930 acc=0.9902 changed=0.9805725971370143  263s
v32 lora Wq+Wv r=16 sqrt seed=2 lr=0.01 val=0.9915 acc=0.9888 changed=0.9754601226993865  267s
v32 lora Wq+Wv r=32 sqrt seed=0 lr=0.01 val=0.9220 acc=0.9175 changed=0.8210633946830266  272s
v32 lora Wq+Wv r=32 sqrt seed=1 lr=0.01 val=0.9905 acc=0.9920 changed=0.9846625766871165  276s
v32 lora Wq+Wv r=32 sqrt seed=2 lr=0.01 val=0.9450 acc=0.9415 changed=0.8353783231083844  280s
mlp4 ft  r=0 r seed=0 lr=0.001 val=0.9935 acc=0.9905 changed=0.9766990291262136  285s
mlp4 ft  r=0 r seed=0 lr=0.003 val=0.9880 acc=0.9835 changed=0.9650485436893204  290s
mlp4 ft  r=0 r seed=0 lr=0.01 val=0.9575 acc=0.9605 changed=0.9262135922330097  296s
mlp4 ft  r=0 r seed=1 lr=0.001 val=0.9935 acc=0.9912 changed=0.9757281553398058  301s
mlp4 ft  r=0 r seed=2 lr=0.001 val=0.9930 acc=0.9920 changed=0.9786407766990292  306s
config 106/124 done
mlp4 lora Wq+Wv r=1 r seed=0 lr=0.003 val=0.8690 acc=0.8788 changed=0.6718446601941748  311s
mlp4 lora Wq+Wv r=1 r seed=0 lr=0.01 val=0.8770 acc=0.8840 changed=0.683495145631068  315s
mlp4 lora Wq+Wv r=1 r seed=0 lr=0.03 val=0.8680 acc=0.8770 changed=0.6844660194174758  320s
mlp4 lora Wq+Wv r=1 r seed=1 lr=0.01 val=0.8590 acc=0.8648 changed=0.6194174757281553  324s
mlp4 lora Wq+Wv r=1 r seed=2 lr=0.01 val=0.8740 acc=0.8810 changed=0.6689320388349514  328s
config 107/124 done
mlp4 lora Wq+Wv r=2 r seed=0 lr=0.003 val=0.8990 acc=0.9015 changed=0.7436893203883496  333s
mlp4 lora Wq+Wv r=2 r seed=0 lr=0.01 val=0.9120 acc=0.9200 changed=0.7650485436893204  337s
mlp4 lora Wq+Wv r=2 r seed=0 lr=0.03 val=0.9105 acc=0.9233 changed=0.7951456310679612  341s
mlp4 lora Wq+Wv r=2 r seed=1 lr=0.01 val=0.8925 acc=0.9058 changed=0.7495145631067961  346s
mlp4 lora Wq+Wv r=2 r seed=2 lr=0.01 val=0.9060 acc=0.9052 changed=0.7310679611650486  350s
config 108/124 done
mlp4 lora Wq+Wv r=4 r seed=0 lr=0.003 val=0.9145 acc=0.9163 changed=0.7728155339805826  355s
mlp4 lora Wq+Wv r=4 r seed=0 lr=0.01 val=0.9230 acc=0.9290 changed=0.8126213592233009  360s
mlp4 lora Wq+Wv r=4 r seed=0 lr=0.03 val=0.9255 acc=0.9250 changed=0.7796116504854369  364s
mlp4 lora Wq+Wv r=4 r seed=1 lr=0.03 val=0.9210 acc=0.9265 changed=0.816504854368932  370s
mlp4 lora Wq+Wv r=4 r seed=2 lr=0.03 val=0.8050 acc=0.8100 changed=0.7456310679611651  374s
config 109/124 done
mlp4 lora Wq+Wv r=8 r seed=0 lr=0.003 val=0.9335 acc=0.9420 changed=0.8436893203883495  378s
mlp4 lora Wq+Wv r=8 r seed=0 lr=0.01 val=0.9435 acc=0.9460 changed=0.8601941747572815  383s
mlp4 lora Wq+Wv r=8 r seed=0 lr=0.03 val=0.9380 acc=0.9443 changed=0.8563106796116505  388s
mlp4 lora Wq+Wv r=8 r seed=1 lr=0.01 val=0.9370 acc=0.9433 changed=0.8514563106796117  393s
mlp4 lora Wq+Wv r=8 r seed=2 lr=0.01 val=0.9350 acc=0.9410 changed=0.8504854368932039  397s
config 110/124 done
mlp4 lora Wq+Wv r=16 r seed=0 lr=0.003 val=0.9415 acc=0.9440 changed=0.8543689320388349  402s
mlp4 lora Wq+Wv r=16 r seed=0 lr=0.01 val=0.9485 acc=0.9487 changed=0.8660194174757282  406s
mlp4 lora Wq+Wv r=16 r seed=0 lr=0.03 val=0.9295 acc=0.9247 changed=0.8699029126213592  410s
mlp4 lora Wq+Wv r=16 r seed=1 lr=0.01 val=0.9450 acc=0.9463 changed=0.8592233009708737  415s
mlp4 lora Wq+Wv r=16 r seed=2 lr=0.01 val=0.9435 acc=0.9445 changed=0.8601941747572815  420s
config 111/124 done
mlp4 lora Wq+Wv r=32 r seed=0 lr=0.003 val=0.9425 acc=0.9427 changed=0.8466019417475729  424s
mlp4 lora Wq+Wv r=32 r seed=0 lr=0.01 val=0.9480 acc=0.9510 changed=0.8757281553398059  429s
mlp4 lora Wq+Wv r=32 r seed=0 lr=0.03 val=0.9500 acc=0.9537 changed=0.8776699029126214  433s
mlp4 lora Wq+Wv r=32 r seed=1 lr=0.03 val=0.9465 acc=0.9533 changed=0.8757281553398059  437s
mlp4 lora Wq+Wv r=32 r seed=2 lr=0.03 val=0.5125 acc=0.5225 changed=0.7592233009708738  441s
config 112/124 done
mlp4 lora Wq+Wk+Wv+Wo+W1+W2 r=1 r seed=0 lr=0.003 val=0.9780 acc=0.9812 changed=0.9533980582524272  445s
mlp4 lora Wq+Wk+Wv+Wo+W1+W2 r=1 r seed=0 lr=0.01 val=0.9765 acc=0.9788 changed=0.9475728155339805  449s
mlp4 lora Wq+Wk+Wv+Wo+W1+W2 r=1 r seed=0 lr=0.03 val=0.9665 acc=0.9667 changed=0.9300970873786408  454s
mlp4 lora Wq+Wk+Wv+Wo+W1+W2 r=1 r seed=1 lr=0.003 val=0.9655 acc=0.9670 changed=0.9097087378640777  458s
mlp4 lora Wq+Wk+Wv+Wo+W1+W2 r=1 r seed=2 lr=0.003 val=0.9820 acc=0.9792 changed=0.9533980582524272  463s
config 113/124 done
mlp4 lora Wq+Wk+Wv+Wo+W1+W2 r=2 r seed=0 lr=0.003 val=0.9860 acc=0.9855 changed=0.9640776699029127  469s
mlp4 lora Wq+Wk+Wv+Wo+W1+W2 r=2 r seed=0 lr=0.01 val=0.9895 acc=0.9850 changed=0.9640776699029127  474s
mlp4 lora Wq+Wk+Wv+Wo+W1+W2 r=2 r seed=0 lr=0.03 val=0.9600 acc=0.9640 changed=0.9378640776699029  479s
mlp4 lora Wq+Wk+Wv+Wo+W1+W2 r=2 r seed=1 lr=0.01 val=0.9875 acc=0.9862 changed=0.9718446601941747  484s
mlp4 lora Wq+Wk+Wv+Wo+W1+W2 r=2 r seed=2 lr=0.01 val=0.9865 acc=0.9880 changed=0.9679611650485437  488s
config 114/124 done
mlp4 lora Wq+Wk+Wv+Wo+W1+W2 r=4 r seed=0 lr=0.003 val=0.9935 acc=0.9885 changed=0.9699029126213592  492s
mlp4 lora Wq+Wk+Wv+Wo+W1+W2 r=4 r seed=0 lr=0.01 val=0.9950 acc=0.9895 changed=0.9737864077669903  496s
mlp4 lora Wq+Wk+Wv+Wo+W1+W2 r=4 r seed=0 lr=0.03 val=0.9875 acc=0.9875 changed=0.9689320388349515  501s
mlp4 lora Wq+Wk+Wv+Wo+W1+W2 r=4 r seed=1 lr=0.01 val=0.9905 acc=0.9902 changed=0.9728155339805825  505s
mlp4 lora Wq+Wk+Wv+Wo+W1+W2 r=4 r seed=2 lr=0.01 val=0.9935 acc=0.9935 changed=0.9815533980582525  509s
config 115/124 done
mlp4 lora Wq+Wk+Wv+Wo+W1+W2 r=8 r seed=0 lr=0.003 val=0.9935 acc=0.9888 changed=0.9699029126213592  514s
mlp4 lora Wq+Wk+Wv+Wo+W1+W2 r=8 r seed=0 lr=0.01 val=0.9930 acc=0.9918 changed=0.9786407766990292  519s
mlp4 lora Wq+Wk+Wv+Wo+W1+W2 r=8 r seed=0 lr=0.03 val=0.9905 acc=0.9908 changed=0.9786407766990292  525s
mlp4 lora Wq+Wk+Wv+Wo+W1+W2 r=8 r seed=1 lr=0.003 val=0.9935 acc=0.9902 changed=0.9766990291262136  530s
mlp4 lora Wq+Wk+Wv+Wo+W1+W2 r=8 r seed=2 lr=0.003 val=0.9930 acc=0.9882 changed=0.9660194174757282  535s
config 116/124 done
mlp4 lora Wq+Wk+Wv+Wo+W1+W2 r=16 r seed=0 lr=0.003 val=0.9960 acc=0.9900 changed=0.970873786407767  540s
mlp4 lora Wq+Wk+Wv+Wo+W1+W2 r=16 r seed=0 lr=0.01 val=0.9960 acc=0.9938 changed=0.9854368932038835  544s
mlp4 lora Wq+Wk+Wv+Wo+W1+W2 r=16 r seed=0 lr=0.03 val=0.9940 acc=0.9918 changed=0.9786407766990292  550s
mlp4 lora Wq+Wk+Wv+Wo+W1+W2 r=16 r seed=1 lr=0.003 val=0.9955 acc=0.9928 changed=0.9796116504854369  555s
mlp4 lora Wq+Wk+Wv+Wo+W1+W2 r=16 r seed=2 lr=0.003 val=0.9925 acc=0.9902 changed=0.9728155339805825  561s
config 117/124 done
mlp4 lora Wq+Wk+Wv+Wo+W1+W2 r=32 r seed=0 lr=0.003 val=0.9950 acc=0.9910 changed=0.9737864077669903  565s
mlp4 lora Wq+Wk+Wv+Wo+W1+W2 r=32 r seed=0 lr=0.01 val=0.9955 acc=0.9945 changed=0.9864077669902913  570s
mlp4 lora Wq+Wk+Wv+Wo+W1+W2 r=32 r seed=0 lr=0.03 val=0.9675 acc=0.9657 changed=0.9194174757281554  574s
mlp4 lora Wq+Wk+Wv+Wo+W1+W2 r=32 r seed=1 lr=0.01 val=0.9940 acc=0.9940 changed=0.9844660194174757  578s
mlp4 lora Wq+Wk+Wv+Wo+W1+W2 r=32 r seed=2 lr=0.01 val=0.9955 acc=0.9935 changed=0.983495145631068  583s
config 118/124 done
mlp4 lora Wk r=8 r seed=0 lr=0.003 val=0.7455 acc=0.7475 changed=0.2  587s
mlp4 lora Wk r=8 r seed=0 lr=0.01 val=0.7465 acc=0.7498 changed=0.24271844660194175  592s
mlp4 lora Wk r=8 r seed=0 lr=0.03 val=0.7415 acc=0.7442 changed=0.27184466019417475  596s
mlp4 lora Wk r=8 r seed=1 lr=0.01 val=0.7395 acc=0.7538 changed=0.26019417475728157  600s
mlp4 lora Wk r=8 r seed=2 lr=0.01 val=0.7385 acc=0.7512 changed=0.22233009708737864  605s
config 119/124 done
mlp4 lora Wo r=8 r seed=0 lr=0.003 val=0.9670 acc=0.9660 changed=0.9174757281553398  609s
mlp4 lora Wo r=8 r seed=0 lr=0.01 val=0.9640 acc=0.9667 changed=0.9145631067961165  614s
mlp4 lora Wo r=8 r seed=0 lr=0.03 val=0.9695 acc=0.9718 changed=0.9213592233009709  618s
mlp4 lora Wo r=8 r seed=1 lr=0.03 val=0.9750 acc=0.9708 changed=0.9242718446601942  622s
mlp4 lora Wo r=8 r seed=2 lr=0.03 val=0.9735 acc=0.9708 changed=0.920388349514563  626s
config 120/124 done
mlp4 lora Wq+Wk r=4 r seed=0 lr=0.003 val=0.7480 acc=0.7628 changed=0.2961165048543689  630s
mlp4 lora Wq+Wk r=4 r seed=0 lr=0.01 val=0.7420 acc=0.7525 changed=0.229126213592233  634s
mlp4 lora Wq+Wk r=4 r seed=0 lr=0.03 val=0.2145 acc=0.2200 changed=0.4533980582524272  638s
mlp4 lora Wq+Wk r=4 r seed=1 lr=0.003 val=0.7530 acc=0.7708 changed=0.30097087378640774  642s
mlp4 lora Wq+Wk r=4 r seed=2 lr=0.003 val=0.7520 acc=0.7638 changed=0.3029126213592233  646s
config 121/124 done
mlp4 lora Wv+Wo r=4 r seed=0 lr=0.003 val=0.9600 acc=0.9560 changed=0.8864077669902912  649s
mlp4 lora Wv+Wo r=4 r seed=0 lr=0.01 val=0.9590 acc=0.9587 changed=0.9029126213592233  653s
mlp4 lora Wv+Wo r=4 r seed=0 lr=0.03 val=0.9675 acc=0.9685 changed=0.920388349514563  658s
mlp4 lora Wv+Wo r=4 r seed=1 lr=0.03 val=0.9715 acc=0.9725 changed=0.9300970873786408  662s
mlp4 lora Wv+Wo r=4 r seed=2 lr=0.03 val=0.9750 acc=0.9735 changed=0.933009708737864  667s
config 122/124 done
mlp4 lora Wq+Wk+Wv+Wo r=2 r seed=0 lr=0.003 val=0.9505 acc=0.9493 changed=0.8689320388349514  671s
mlp4 lora Wq+Wk+Wv+Wo r=2 r seed=0 lr=0.01 val=0.9555 acc=0.9530 changed=0.8825242718446602  675s
mlp4 lora Wq+Wk+Wv+Wo r=2 r seed=0 lr=0.03 val=0.6050 acc=0.6055 changed=0.7368932038834951  679s
mlp4 lora Wq+Wk+Wv+Wo r=2 r seed=1 lr=0.01 val=0.9580 acc=0.9565 changed=0.9058252427184466  683s
mlp4 lora Wq+Wk+Wv+Wo r=2 r seed=2 lr=0.01 val=0.9495 acc=0.9525 changed=0.8825242718446602  687s
config 123/124 done
mlp4 lora W1+W2 r=2 r seed=0 lr=0.003 val=0.9845 acc=0.9812 changed=0.9398058252427185  691s
mlp4 lora W1+W2 r=2 r seed=0 lr=0.01 val=0.9850 acc=0.9822 changed=0.9495145631067962  694s
mlp4 lora W1+W2 r=2 r seed=0 lr=0.03 val=0.9880 acc=0.9878 changed=0.9640776699029127  698s
mlp4 lora W1+W2 r=2 r seed=1 lr=0.03 val=0.9865 acc=0.9848 changed=0.9611650485436893  702s
mlp4 lora W1+W2 r=2 r seed=2 lr=0.03 val=0.9895 acc=0.9868 changed=0.9699029126213592  705s
config 124/124 done
sweep complete 705s
