step 0 loss 2.6754 acc 0.0895 t 0s
step 250 loss 1.6106 acc 0.4775 t 1s
step 500 loss 1.3177 acc 0.6770 t 3s
step 750 loss 1.1206 acc 0.8270 t 4s
step 1000 loss 0.9470 acc 0.9530 t 5s
step 1250 loss 0.8159 acc 0.9810 t 7s
step 1500 loss 0.7863 acc 0.9830 t 8s
step 1750 loss 0.7395 acc 0.9800 t 9s
step 2000 loss 0.7146 acc 0.9935 t 11s
step 2250 loss 0.6797 acc 0.9985 t 12s
step 2500 loss 0.6789 acc 0.9955 t 13s
step 2750 loss 0.6307 acc 0.9995 t 15s
step 3000 loss 0.6239 acc 1.0000 t 16s
step 3250 loss 0.6155 acc 1.0000 t 17s
step 3500 loss 0.5999 acc 1.0000 t 19s
step 3750 loss 0.5934 acc 1.0000 t 20s
step 4000 loss 0.5866 acc 1.0000 t 22s
step 4250 loss 0.5825 acc 1.0000 t 23s
step 4500 loss 0.5759 acc 1.0000 t 24s
step 4750 loss 0.5712 acc 1.0000 t 26s
step 5000 loss 0.5752 acc 1.0000 t 27s
step 5250 loss 0.5636 acc 1.0000 t 29s
step 5500 loss 0.5641 acc 1.0000 t 30s
step 5750 loss 0.5586 acc 1.0000 t 31s
step 5999 loss 0.5642 acc 1.0000 t 33s
{
 "label_smoothing": 0.1,
 "float": {
  "acc": 1.0,
  "moved": null,
  "kept": 1.0
 },
 "quantised": {
  "acc": 0.99525,
  "moved": null,
  "kept": 0.99525
 },
 "steps": 6000,
 "batch": 256,
 "lr": 0.003,
 "params": 13739,
 "base_on_pre": {
  "acc": 0.99525,
  "moved": null,
  "kept": 0.99525
 },
 "base_on_swap1": {
  "acc": 0.53525,
  "moved": 0.08300198807157058,
  "kept": 0.9929577464788732
 },
 "base_on_swap2": {
  "acc": 0.53775,
  "moved": 0.08016032064128256,
  "kept": 0.9935129740518962
 },
 "base_on_swap4": {
  "acc": 0.5455,
  "moved": 0.09242424242424242,
  "kept": 0.9896039603960396
 },
 "base_on_shift": {
  "acc": 0.089,
  "moved": 0.089,
  "kept": null
 }
}
