s_dec 500 1.1097 probe 0.155 13s
s_dec 1000 1.1033 probe 0.155 25s
s_dec 1500 1.1041 probe 0.16 38s
s_dec 2000 1.0737 probe 0.185 52s
s_dec 2500 1.0136 probe 0.165 66s
s_dec 3000 1.0015 probe 0.18 79s
s_dec 3500 0.9949 probe 0.16 92s
s_dec 4000 0.9181 probe 0.13 105s
s_dec 4500 0.9037 probe 0.155 117s
s_dec 5000 0.9049 probe 0.16 129s
s_dec 5500 0.9003 probe 0.155 142s
s_dec 6000 0.8235 probe 0.41 154s
s_dec 6500 0.7714 probe 0.525 167s
s_dec 7000 0.7629 probe 0.53 179s
s_dec 7500 0.758 probe 0.515 191s
s_dec 8000 0.7539 probe 0.54 203s
s_enc 500 1.0579 probe 0.12 12s
s_enc 1000 0.971 probe 0.155 25s
s_enc 1500 0.8595 probe 0.42 37s
s_enc 2000 0.7411 probe 0.575 49s
s_enc 2500 0.6986 probe 0.535 61s
s_enc 3000 0.673 probe 0.565 73s
s_enc 3500 0.6549 probe 0.575 85s
s_enc 4000 0.6505 probe 0.495 98s
s_enc 4500 0.6465 probe 0.53 110s
s_enc 5000 0.6395 probe 0.48 123s
s_enc 5500 0.6359 probe 0.51 136s
s_enc 6000 0.6311 probe 0.525 148s
s_enc 6500 0.6336 probe 0.53 160s
s_enc 7000 0.6301 probe 0.555 173s
s_enc 7500 0.5393 probe 0.495 185s
s_enc 8000 0.5213 probe 0.54 197s
m_dec 500 1.1084 probe 0.155 22s
m_dec 1000 0.951 probe 0.545 44s
m_dec 1500 0.7877 probe 0.45 66s
m_dec 2000 0.7714 probe 0.48 88s
m_dec 2500 0.7647 probe 0.535 110s
m_dec 3000 0.7639 probe 0.55 132s
m_dec 3500 0.7594 probe 0.52 155s
m_dec 4000 0.7596 probe 0.56 177s
m_dec 4500 0.7549 probe 0.5 199s
m_dec 5000 0.7593 probe 0.51 221s
m_dec 5500 0.7546 probe 0.53 243s
m_dec 6000 0.7568 probe 0.525 266s
m_dec 6500 0.7555 probe 0.52 288s
m_dec 7000 0.7539 probe 0.555 310s
m_dec 7500 0.7537 probe 0.515 332s
m_dec 8000 0.7514 probe 0.53 354s
m_enc 500 0.9179 probe 0.51 22s
m_enc 1000 0.7515 probe 0.5 45s
m_enc 1500 0.6613 probe 0.515 67s
m_enc 2000 0.6263 probe 0.525 89s
m_enc 2500 0.6004 probe 0.495 112s
m_enc 3000 0.5915 probe 0.555 134s
m_enc 3500 0.5721 probe 0.745 156s
m_enc 4000 0.56 probe 0.855 178s
m_enc 4500 0.5398 probe 0.96 201s
m_enc 5000 0.5177 probe 0.945 223s
m_enc 5500 0.5074 probe 0.965 245s
m_enc 6000 0.4941 probe 1.0 267s
m_enc 6500 0.4978 probe 0.98 290s
m_enc 7000 0.4901 probe 0.965 313s
m_enc 7500 0.3411 probe 0.995 336s
m_enc 8000 0.3126 probe 1.0 358s
l_dec 500 0.8785 probe 0.48 29s
l_dec 1000 0.7676 probe 0.555 59s
l_dec 1500 0.738 probe 0.97 87s
l_dec 2000 0.6841 probe 0.985 115s
l_dec 2500 0.6808 probe 1.0 145s
l_dec 3000 0.6825 probe 1.0 176s
l_dec 3500 0.6791 probe 1.0 206s
l_dec 4000 0.6804 probe 1.0 236s
l_dec 4500 0.6768 probe 1.0 269s
l_dec 5000 0.6817 probe 1.0 300s
l_dec 5500 0.6774 probe 1.0 329s
l_dec 6000 0.6803 probe 1.0 359s
l_dec 6500 0.6787 probe 1.0 388s
l_dec 7000 0.6777 probe 1.0 417s
l_dec 7500 0.6783 probe 1.0 447s
l_dec 8000 0.6763 probe 1.0 476s
l_enc 500 0.7347 probe 0.53 29s
l_enc 1000 0.612 probe 0.505 58s
l_enc 1500 0.5885 probe 0.475 87s
l_enc 2000 0.5773 probe 0.495 116s
l_enc 2500 0.5685 probe 0.505 145s
l_enc 3000 0.5683 probe 0.565 174s
l_enc 3500 0.5587 probe 0.56 203s
l_enc 4000 0.5583 probe 0.465 232s
