s_dec 500 1.2797 probe 0.285 19s
s_dec 1000 1.0462 probe 0.555 37s
s_dec 1500 0.724 probe 1.0 55s
s_dec 2000 0.7109 probe 1.0 75s
s_dec 2500 0.7077 probe 1.0 94s
s_dec 3000 0.7039 probe 1.0 111s
s_dec 3500 0.6977 probe 1.0 129s
s_dec 4000 0.6973 probe 1.0 147s
s_dec 4500 0.6975 probe 1.0 165s
s_dec 5000 0.6972 probe 1.0 185s
s_dec 5500 0.6931 probe 1.0 205s
s_dec 6000 0.6938 probe 1.0 226s
s_dec 6500 0.6944 probe 1.0 246s
s_dec 7000 0.6962 probe 1.0 265s
s_dec 7500 0.6958 probe 1.0 283s
s_dec 8000 0.6903 probe 1.0 302s
s_enc 500 1.1628 probe 0.465 20s
s_enc 1000 1.0083 probe 0.555 39s
s_enc 1500 0.9699 probe 0.555 59s
s_enc 2000 0.9303 probe 0.55 80s
s_enc 2500 0.8708 probe 0.47 100s
s_enc 3000 0.8371 probe 0.545 119s
s_enc 3500 0.8146 probe 0.495 139s
s_enc 4000 0.7896 probe 0.47 159s
s_enc 4500 0.7767 probe 0.49 180s
s_enc 5000 0.762 probe 0.515 200s
s_enc 5500 0.7525 probe 0.48 220s
s_enc 6000 0.747 probe 0.49 239s
s_enc 6500 0.7421 probe 0.47 259s
s_enc 7000 0.7379 probe 0.485 278s
s_enc 7500 0.6339 probe 0.495 298s
s_enc 8000 0.6033 probe 0.515 318s
m_dec 500 0.8418 probe 1.0 39s
m_dec 1000 0.7084 probe 1.0 75s
m_dec 1500 0.6986 probe 1.0 113s
m_dec 2000 0.6974 probe 1.0 152s
m_dec 2500 0.6967 probe 1.0 188s
m_dec 3000 0.6956 probe 1.0 224s
m_dec 3500 0.6919 probe 1.0 266s
m_dec 4000 0.6935 probe 1.0 307s
m_dec 4500 0.6947 probe 1.0 343s
m_dec 5000 0.695 probe 1.0 382s
m_dec 5500 0.6919 probe 1.0 421s
m_dec 6000 0.6927 probe 1.0 463s
m_dec 6500 0.6935 probe 1.0 501s
m_dec 7000 0.6956 probe 1.0 537s
m_dec 7500 0.6953 probe 1.0 577s
m_dec 8000 0.6901 probe 1.0 619s
m_enc 500 0.8212 probe 0.505 38s
m_enc 1000 0.6784 probe 0.53 77s
m_enc 1500 0.6326 probe 0.51 122s
m_enc 2000 0.6224 probe 0.555 158s
m_enc 2500 0.6085 probe 0.505 193s
m_enc 3000 0.6038 probe 0.545 228s
m_enc 3500 0.5562 probe 0.82 263s
m_enc 4000 0.5228 probe 0.905 300s
m_enc 4500 0.4929 probe 0.935 336s
m_enc 5000 0.4745 probe 0.94 374s
m_enc 5500 0.4663 probe 0.975 409s
m_enc 6000 0.4566 probe 0.99 446s
m_enc 6500 0.452 probe 0.96 482s
m_enc 7000 0.4404 probe 0.96 520s
m_enc 7500 0.2727 probe 1.0 558s
m_enc 8000 0.2469 probe 1.0 598s
l_dec 500 0.8174 probe 1.0 49s
l_dec 1000 0.7041 probe 1.0 88s
l_dec 1500 0.6981 probe 1.0 129s
l_dec 2000 0.6969 probe 1.0 166s
l_dec 2500 0.6966 probe 1.0 203s
l_dec 3000 0.6954 probe 1.0 243s
l_dec 3500 0.6919 probe 1.0 282s
l_dec 4000 0.6934 probe 1.0 321s
l_dec 4500 0.6944 probe 1.0 360s
l_dec 5000 0.6948 probe 1.0 400s
l_dec 5500 0.6916 probe 1.0 440s
l_dec 6000 0.6925 probe 1.0 479s
l_dec 6500 0.6935 probe 0.995 1726s
l_dec 7000 0.6952 probe 1.0 1898s
l_dec 7500 0.6952 probe 1.0 2095s
l_dec 8000 0.6901 probe 1.0 2293s
l_enc 500 0.8051 probe 0.49 43s
l_enc 1000 0.6652 probe 0.485 1132s
l_enc 1500 0.6169 probe 0.66 1172s
l_enc 2000 0.5857 probe 0.76 1236s
l_enc 2500 0.547 probe 0.885 1271s
l_enc 3000 0.5237 probe 0.885 1304s
l_enc 3500 0.5109 probe 0.895 1335s
l_enc 4000 0.4982 probe 0.915 1365s
l_enc 4500 0.4862 probe 0.935 2434s
l_enc 5000 0.4831 probe 0.96 2558s
l_enc 5500 0.4734 probe 0.985 3213s
l_enc 6000 0.4722 probe 0.985 4180s
l_enc 6500 0.4693 probe 0.93 4211s
l_enc 7000 0.4647 probe 0.895 4242s
l_enc 7500 0.3301 probe 0.985 5108s
l_enc 8000 0.3071 probe 1.0 5920s
skip s 0.1
skip s 0.25
m_efd_10 500 0.6195 probe 1.0 1010s
m_dfe_10 500 0.7069 probe 1.0 982s
m_efd_25 500 0.6306 probe 1.0 180s
m_efd_25 1000 0.5498 probe 1.0 211s
m_efd_25 1500 0.4722 probe 1.0 241s
m_efd_25 2000 0.4218 probe 1.0 270s
m_dfe_25 500 0.7101 probe 0.995 751s
m_dfe_25 1000 0.7044 probe 0.995 2028s
m_dfe_25 1500 0.6985 probe 1.0 2059s
m_dfe_25 2000 0.6913 probe 1.0 2090s
skip l 0.1
skip l 0.25
s_enc {'generate': 0.276, 'first_token': 0.501, 'choose': 0.425, 'n': 1000, 'params': 19482, 'seconds': 318, 'steps': 8000}
s_dec {'generate': 1.0, 'first_token': 1.0, 'choose': 1.0, 'n': 1000, 'params': 19482, 'seconds': 302, 'steps': 8000}
s_efd_2p5 {'generate': 0.995, 'first_token': 0.997, 'choose': 0.998, 'n': 1000, 'params': 19482, 'seconds': 7, 'steps': 200}
s_dfe_2p5 {'generate': 0.285, 'first_token': 0.525, 'choose': 0.425, 'n': 1000, 'params': 19482, 'seconds': 305, 'steps': 200}
m_enc {'generate': 1.0, 'first_token': 1.0, 'choose': 1.0, 'n': 1000, 'params': 62714, 'seconds': 598, 'steps': 8000}
m_dec {'generate': 1.0, 'first_token': 1.0, 'choose': 1.0, 'n': 1000, 'params': 62714, 'seconds': 619, 'steps': 8000}
m_efd_2p5 {'generate': 1.0, 'first_token': 1.0, 'choose': 1.0, 'n': 1000, 'params': 62714, 'seconds': 13, 'steps': 200}
m_dfe_2p5 {'generate': 0.99, 'first_token': 1.0, 'choose': 0.999, 'n': 1000, 'params': 62714, 'seconds': 13, 'steps': 200}
m_efd_10 {'generate': 0.999, 'first_token': 0.999, 'choose': 1.0, 'n': 1000, 'params': 62714, 'seconds': 1029, 'steps': 800}
m_dfe_10 {'generate': 0.999, 'first_token': 1.0, 'choose': 1.0, 'n': 1000, 'params': 62714, 'seconds': 1172, 'steps': 800}
m_efd_25 {'generate': 1.0, 'first_token': 1.0, 'choose': 1.0, 'n': 1000, 'params': 62714, 'seconds': 270, 'steps': 2000}
m_dfe_25 {'generate': 1.0, 'first_token': 1.0, 'choose': 1.0, 'n': 1000, 'params': 62714, 'seconds': 2090, 'steps': 2000}
l_enc {'generate': 0.985, 'first_token': 0.995, 'choose': 0.995, 'n': 1000, 'params': 145690, 'seconds': 5920, 'steps': 8000}
l_dec {'generate': 1.0, 'first_token': 1.0, 'choose': 1.0, 'n': 1000, 'params': 145690, 'seconds': 2293, 'steps': 8000}
l_efd_2p5 {'generate': 1.0, 'first_token': 1.0, 'choose': 1.0, 'n': 1000, 'params': 145690, 'seconds': 1011, 'steps': 200}
l_dfe_2p5 {'generate': 0.997, 'first_token': 1.0, 'choose': 1.0, 'n': 1000, 'params': 145690, 'seconds': 13, 'steps': 200}
s_enc@256 {'lr': 0.003, 'dev': 0.476, 'test': [0.521, 0.518, 0.5047], 'mean': 0.5146, 'sd': 0.0071} 12s
s_enc@2048 {'lr': 0.003, 'dev': 0.503, 'test': [0.522, 0.5017, 0.5157], 'mean': 0.5131, 'sd': 0.0085} 11s
s_dec@256 {'lr': 0.001, 'dev': 0.511, 'test': [0.5007, 0.524, 0.511], 'mean': 0.5119, 'sd': 0.0095} 11s
s_dec@2048 {'lr': 0.001, 'dev': 0.515, 'test': [0.5157, 0.5073, 0.4897], 'mean': 0.5042, 'sd': 0.0108} 11s
s_efd_2p5@256 {'lr': 0.001, 'dev': 0.545, 'test': [0.5707, 0.5683, 0.5797], 'mean': 0.5729, 'sd': 0.0049} 11s
s_efd_2p5@2048 {'lr': 0.001, 'dev': 0.741, 'test': [0.7673, 0.674, 0.6157], 'mean': 0.6857, 'sd': 0.0625} 12s
s_dfe_2p5@256 {'lr': 0.001, 'dev': 0.48, 'test': [0.5263, 0.5193, 0.5213], 'mean': 0.5223, 'sd': 0.0029} 11s
s_dfe_2p5@2048 {'lr': 0.003, 'dev': 0.518, 'test': [0.5077, 0.496, 0.4997], 'mean': 0.5011, 'sd': 0.0049} 12s
m_enc@256 {'lr': 0.001, 'dev': 0.569, 'test': [0.5747, 0.6873, 0.6567], 'mean': 0.6396, 'sd': 0.0476} 21s
m_enc@2048 {'lr': 0.003, 'dev': 0.995, 'test': [0.995, 0.995, 0.9993], 'mean': 0.9964, 'sd': 0.002} 19s
m_dec@256 {'lr': 0.001, 'dev': 0.516, 'test': [0.513, 0.5057, 0.5137], 'mean': 0.5108, 'sd': 0.0036} 31s
m_dec@2048 {'lr': 0.003, 'dev': 0.492, 'test': [0.5043, 0.5067, 0.5083], 'mean': 0.5064, 'sd': 0.0016} 20s
m_efd_2p5@256 {'lr': 0.001, 'dev': 0.65, 'test': [0.6513, 0.6663, 0.6773], 'mean': 0.665, 'sd': 0.0107} 928s
m_efd_2p5@2048 {'lr': 0.001, 'dev': 0.88, 'test': [0.8707, 0.892, 0.9483], 'mean': 0.9037, 'sd': 0.0328} 196s
m_dfe_2p5@256 {'lr': 0.003, 'dev': 0.517, 'test': [0.5087, 0.502, 0.5107], 'mean': 0.5071, 'sd': 0.0037} 70s
m_dfe_2p5@2048 {'lr': 0.001, 'dev': 0.509, 'test': [0.5203, 0.4963, 0.518], 'mean': 0.5116, 'sd': 0.0108} 1120s
m_efd_10@256 {'lr': 0.001, 'dev': 0.607, 'test': [0.6103, 0.6593, 0.7163], 'mean': 0.662, 'sd': 0.0433} 370s
m_efd_10@2048 {'lr': 0.001, 'dev': 0.913, 'test': [0.9147, 0.9207, 0.946], 'mean': 0.9271, 'sd': 0.0136} 534s
m_dfe_10@256 {'lr': 0.001, 'dev': 0.497, 'test': [0.5073, 0.511, 0.5133], 'mean': 0.5106, 'sd': 0.0025} 444s
m_dfe_10@2048 {'lr': 0.001, 'dev': 0.514, 'test': [0.5157, 0.5163, 0.5017], 'mean': 0.5112, 'sd': 0.0068} 20s
m_efd_25@256 {'lr': 0.001, 'dev': 0.605, 'test': [0.598, 0.6917, 0.737], 'mean': 0.6756, 'sd': 0.0579} 354s
m_efd_25@2048 {'lr': 0.001, 'dev': 0.898, 'test': [0.9047, 0.9383, 0.9513], 'mean': 0.9314, 'sd': 0.0197} 950s
m_dfe_25@256 {'lr': 0.001, 'dev': 0.505, 'test': [0.504, 0.5117, 0.4857], 'mean': 0.5004, 'sd': 0.0109} 434s
m_dfe_25@2048 {'lr': 0.001, 'dev': 0.538, 'test': [0.5413, 0.502, 0.5187], 'mean': 0.5207, 'sd': 0.0161} 21s
l_enc@256 {'lr': 0.001, 'dev': 0.603, 'test': [0.6087, 0.6243, 0.5987], 'mean': 0.6106, 'sd': 0.0106} 26s
l_enc@2048 {'lr': 0.001, 'dev': 0.895, 'test': [0.8863, 0.699, 0.8557], 'mean': 0.8137, 'sd': 0.082} 30s
l_dec@256 {'lr': 0.001, 'dev': 0.515, 'test': [0.508, 0.5223, 0.5117], 'mean': 0.514, 'sd': 0.0061} 266s
l_dec@2048 {'lr': 0.001, 'dev': 0.506, 'test': [0.505, 0.4943, 0.5077], 'mean': 0.5023, 'sd': 0.0058} 27s
l_efd_2p5@256 {'lr': 0.001, 'dev': 0.663, 'test': [0.6843, 0.7323, 0.684], 'mean': 0.7002, 'sd': 0.0227} 664s
l_efd_2p5@2048 {'lr': 0.001, 'dev': 0.992, 'test': [0.9853, 0.9807, 0.9883], 'mean': 0.9848, 'sd': 0.0032} 456s
l_dfe_2p5@256 {'lr': 0.003, 'dev': 0.477, 'test': [0.516, 0.498, 0.5127], 'mean': 0.5089, 'sd': 0.0078} 25s
l_dfe_2p5@2048 {'lr': 0.001, 'dev': 0.557, 'test': [0.5443, 0.505, 0.5077], 'mean': 0.519, 'sd': 0.0179} 190s
dec_mean_pool {'lr': 0.003, 'mean': 0.5089, 'sd': 0.0113, 'test': [0.518, 0.5157, 0.493]}
dec_5x_steps {'lr': 0.003, 'mean': 0.4957, 'sd': 0.0076, 'test': [0.5063, 0.4917, 0.489]}
enc_5x_steps {'lr': 0.003, 'mean': 0.9994, 'sd': 0.0004, 'test': [1.0, 0.999, 0.9993]}
dec_mean_pool_5x {'lr': 0.001, 'mean': 0.5143, 'sd': 0.001, 'test': [0.5157, 0.514, 0.5133]}
enc {'quantised': {'generate': 0.999, 'first_token': 1.0, 'choose': 0.999, 'n': 1000}, 'chars': 64626, 'params': 62714}
dec {'quantised': {'generate': 1.0, 'first_token': 1.0, 'choose': 1.0, 'n': 1000}, 'chars': 64626, 'params': 62714}
efd {'quantised': {'generate': 1.0, 'first_token': 1.0, 'choose': 1.0, 'n': 1000}, 'chars': 64626, 'params': 62714}
dfe {'quantised': {'generate': 0.99, 'first_token': 1.0, 'choose': 0.999, 'n': 1000}, 'chars': 64626, 'params': 62714}
wrote parts/20_model_data.js 259684 bytes
dec {'same_generation': '200/200', 'max_abs_prob_diff': 1.7881393432617188e-07, 'max_abs_attention_diff': 2.205371856689453e-06}
enc {'same_generation': '200/200', 'max_abs_prob_diff': 1.6093254089355469e-06, 'max_abs_attention_diff': 2.1457672119140625e-06}
efd {'same_generation': '200/200', 'max_abs_prob_diff': 5.364418029785156e-07, 'max_abs_attention_diff': 2.4437904357910156e-06}
dfe {'same_generation': '200/200', 'max_abs_prob_diff': 2.980232238769531e-07, 'max_abs_attention_diff': 1.6093254089355469e-06}
PASS identical greedy generations on 200 held-out prompts for all four models; next-token probabilities within 1.6e-06 and attention weights within 2.4e-06.
141 of 1000 test prompts (14.1%) have a fact list that occurred in pretraining; the training stream drew 1,024,000 documents from about 15,748,992 possible fact lists.
ALL DONE
