tok bert 32 0 0.003 0.946 {'all': 0.845, 'R': 0.759, 'R_seen': 0.885, 'L': 0.926, 'L_seen': 0.973, 'L_unseen': 0.876, 'R_unseen': 0.64} 6 s
tok bert 32 1 0.001 0.884 {'all': 0.864, 'R': 0.721, 'R_seen': 0.756, 'L': 1.0, 'L_seen': 1.0, 'L_unseen': 1.0, 'R_unseen': 0.686} 15 s
tok bert 32 2 0.001 0.899 {'all': 0.891, 'R': 0.777, 'R_seen': 0.833, 'L': 0.999, 'L_seen': 1.0, 'L_unseen': 0.998, 'R_unseen': 0.723} 21 s
tok bert 128 0 0.003 1.0 {'all': 0.944, 'R': 0.885, 'R_seen': 1.0, 'L': 1.0, 'L_seen': 1.0, 'L_unseen': 1.0, 'R_unseen': 0.775} 27 s
tok bert 128 1 0.001 0.99 {'all': 0.938, 'R': 0.873, 'R_seen': 0.972, 'L': 1.0, 'L_seen': 1.0, 'L_unseen': 1.0, 'R_unseen': 0.779} 33 s
tok bert 128 2 0.003 1.0 {'all': 0.984, 'R': 0.966, 'R_seen': 1.0, 'L': 1.0, 'L_seen': 1.0, 'L_unseen': 1.0, 'R_unseen': 0.934} 38 s
tok bert 512 0 0.001 1.0 {'all': 0.979, 'R': 0.956, 'R_seen': 1.0, 'L': 1.0, 'L_seen': 1.0, 'L_unseen': 1.0, 'R_unseen': 0.914} 45 s
tok bert 512 1 0.001 1.0 {'all': 0.992, 'R': 0.984, 'R_seen': 1.0, 'L': 1.0, 'L_seen': 1.0, 'L_unseen': 1.0, 'R_unseen': 0.968} 51 s
tok bert 512 2 0.001 1.0 {'all': 0.996, 'R': 0.991, 'R_seen': 1.0, 'L': 1.0, 'L_seen': 1.0, 'L_unseen': 1.0, 'R_unseen': 0.983} 57 s
tok bert 2048 0 0.001 1.0 {'all': 0.996, 'R': 0.991, 'R_seen': 1.0, 'L': 1.0, 'L_seen': 1.0, 'L_unseen': 1.0, 'R_unseen': 0.983} 62 s
tok bert 2048 1 0.001 1.0 {'all': 0.998, 'R': 0.996, 'R_seen': 1.0, 'L': 1.0, 'L_seen': 1.0, 'L_unseen': 1.0, 'R_unseen': 0.993} 68 s
tok bert 2048 2 0.001 1.0 {'all': 1.0, 'R': 1.0, 'R_seen': 1.0, 'L': 1.0, 'L_seen': 1.0, 'L_unseen': 1.0, 'R_unseen': 1.0} 74 s
tok nonsp 32 0 0.003 0.839 {'all': 0.8, 'R': 0.618, 'R_seen': 0.713, 'L': 0.973, 'L_seen': 0.998, 'L_unseen': 0.945, 'R_unseen': 0.527} 80 s
tok nonsp 32 1 0.003 0.847 {'all': 0.826, 'R': 0.658, 'R_seen': 0.7, 'L': 0.985, 'L_seen': 0.986, 'L_unseen': 0.983, 'R_unseen': 0.618} 86 s
tok nonsp 32 2 0.003 0.817 {'all': 0.787, 'R': 0.614, 'R_seen': 0.705, 'L': 0.951, 'L_seen': 0.952, 'L_unseen': 0.95, 'R_unseen': 0.527} 92 s
tok nonsp 128 0 0.003 1.0 {'all': 0.855, 'R': 0.762, 'R_seen': 1.0, 'L': 0.943, 'L_seen': 1.0, 'L_unseen': 0.881, 'R_unseen': 0.534} 98 s
tok nonsp 128 1 0.003 0.98 {'all': 0.886, 'R': 0.784, 'R_seen': 0.962, 'L': 0.982, 'L_seen': 1.0, 'L_unseen': 0.963, 'R_unseen': 0.615} 104 s
tok nonsp 128 2 0.003 1.0 {'all': 0.877, 'R': 0.753, 'R_seen': 1.0, 'L': 0.995, 'L_seen': 1.0, 'L_unseen': 0.99, 'R_unseen': 0.517} 110 s
tok nonsp 512 0 0.003 1.0 {'all': 0.877, 'R': 0.753, 'R_seen': 1.0, 'L': 0.994, 'L_seen': 1.0, 'L_unseen': 0.988, 'R_unseen': 0.517} 117 s
tok nonsp 512 1 0.003 1.0 {'all': 0.882, 'R': 0.757, 'R_seen': 1.0, 'L': 1.0, 'L_seen': 1.0, 'L_unseen': 1.0, 'R_unseen': 0.525} 123 s
tok nonsp 512 2 0.003 1.0 {'all': 0.891, 'R': 0.776, 'R_seen': 1.0, 'L': 1.0, 'L_seen': 1.0, 'L_unseen': 1.0, 'R_unseen': 0.561} 130 s
tok nonsp 2048 0 0.003 1.0 {'all': 0.833, 'R': 0.698, 'R_seen': 1.0, 'L': 0.961, 'L_seen': 1.0, 'L_unseen': 0.918, 'R_unseen': 0.409} 136 s
tok nonsp 2048 1 0.003 1.0 {'all': 0.887, 'R': 0.768, 'R_seen': 1.0, 'L': 1.0, 'L_seen': 1.0, 'L_unseen': 1.0, 'R_unseen': 0.547} 142 s
tok nonsp 2048 2 0.003 1.0 {'all': 0.852, 'R': 0.732, 'R_seen': 1.0, 'L': 0.966, 'L_seen': 1.0, 'L_unseen': 0.928, 'R_unseen': 0.475} 150 s
tok ltr 32 0 0.001 0.743 {'all': 0.759, 'R': 0.504, 'R_seen': 0.515, 'L': 1.0, 'L_seen': 1.0, 'L_unseen': 1.0, 'R_unseen': 0.493} 156 s
tok ltr 32 1 0.001 0.75 {'all': 0.744, 'R': 0.505, 'R_seen': 0.474, 'L': 0.97, 'L_seen': 0.984, 'L_unseen': 0.955, 'R_unseen': 0.534} 162 s
tok ltr 32 2 0.001 0.757 {'all': 0.74, 'R': 0.49, 'R_seen': 0.477, 'L': 0.976, 'L_seen': 1.0, 'L_unseen': 0.95, 'R_unseen': 0.502} 170 s
tok ltr 128 0 0.001 0.735 {'all': 0.755, 'R': 0.497, 'R_seen': 0.515, 'L': 1.0, 'L_seen': 1.0, 'L_unseen': 1.0, 'R_unseen': 0.48} 177 s
tok ltr 128 1 0.003 0.775 {'all': 0.749, 'R': 0.506, 'R_seen': 0.503, 'L': 0.979, 'L_seen': 1.0, 'L_unseen': 0.955, 'R_unseen': 0.51} 183 s
tok ltr 128 2 0.003 0.765 {'all': 0.745, 'R': 0.49, 'R_seen': 0.474, 'L': 0.987, 'L_seen': 1.0, 'L_unseen': 0.973, 'R_unseen': 0.505} 189 s
tok ltr 512 0 0.001 0.765 {'all': 0.754, 'R': 0.494, 'R_seen': 0.482, 'L': 1.0, 'L_seen': 1.0, 'L_unseen': 1.0, 'R_unseen': 0.505} 195 s
tok ltr 512 1 0.003 0.745 {'all': 0.76, 'R': 0.506, 'R_seen': 0.492, 'L': 1.0, 'L_seen': 1.0, 'L_unseen': 1.0, 'R_unseen': 0.52} 202 s
tok ltr 512 2 0.003 0.762 {'all': 0.752, 'R': 0.491, 'R_seen': 0.487, 'L': 1.0, 'L_seen': 1.0, 'L_unseen': 1.0, 'R_unseen': 0.495} 209 s
tok ltr 2048 0 0.003 0.743 {'all': 0.752, 'R': 0.491, 'R_seen': 0.479, 'L': 1.0, 'L_seen': 1.0, 'L_unseen': 1.0, 'R_unseen': 0.502} 216 s
tok ltr 2048 1 0.003 0.785 {'all': 0.752, 'R': 0.49, 'R_seen': 0.503, 'L': 1.0, 'L_seen': 1.0, 'L_unseen': 1.0, 'R_unseen': 0.478} 222 s
tok ltr 2048 2 0.003 0.775 {'all': 0.756, 'R': 0.499, 'R_seen': 0.482, 'L': 1.0, 'L_seen': 1.0, 'L_unseen': 1.0, 'R_unseen': 0.515} 228 s
tok ltr_bi 32 0 0.003 0.911 {'all': 0.921, 'R': 0.837, 'R_seen': 0.838, 'L': 1.0, 'L_seen': 1.0, 'L_unseen': 1.0, 'R_unseen': 0.836} 237 s
tok ltr_bi 32 1 0.001 0.765 {'all': 0.75, 'R': 0.518, 'R_seen': 0.472, 'L': 0.97, 'L_seen': 0.984, 'L_unseen': 0.955, 'R_unseen': 0.561} 246 s
tok ltr_bi 32 2 0.001 0.772 {'all': 0.755, 'R': 0.501, 'R_seen': 0.477, 'L': 0.995, 'L_seen': 1.0, 'L_unseen': 0.99, 'R_unseen': 0.525} 255 s
tok ltr_bi 128 0 0.003 1.0 {'all': 1.0, 'R': 1.0, 'R_seen': 1.0, 'L': 1.0, 'L_seen': 1.0, 'L_unseen': 1.0, 'R_unseen': 1.0} 263 s
tok ltr_bi 128 1 0.003 0.95 {'all': 0.948, 'R': 0.893, 'R_seen': 0.9, 'L': 1.0, 'L_seen': 1.0, 'L_unseen': 1.0, 'R_unseen': 0.887} 271 s
tok ltr_bi 128 2 0.003 0.859 {'all': 0.852, 'R': 0.697, 'R_seen': 0.695, 'L': 0.999, 'L_seen': 1.0, 'L_unseen': 0.998, 'R_unseen': 0.699} 281 s
tok ltr_bi 512 0 0.003 1.0 {'all': 1.0, 'R': 1.0, 'R_seen': 1.0, 'L': 1.0, 'L_seen': 1.0, 'L_unseen': 1.0, 'R_unseen': 1.0} 290 s
tok ltr_bi 512 1 0.003 0.983 {'all': 0.963, 'R': 0.924, 'R_seen': 0.949, 'L': 1.0, 'L_seen': 1.0, 'L_unseen': 1.0, 'R_unseen': 0.9} 300 s
tok ltr_bi 512 2 0.003 0.953 {'all': 0.948, 'R': 0.892, 'R_seen': 0.9, 'L': 1.0, 'L_seen': 1.0, 'L_unseen': 1.0, 'R_unseen': 0.885} 309 s
tok ltr_bi 2048 0 0.001 1.0 {'all': 1.0, 'R': 1.0, 'R_seen': 1.0, 'L': 1.0, 'L_seen': 1.0, 'L_unseen': 1.0, 'R_unseen': 1.0} 318 s
tok ltr_bi 2048 1 0.003 1.0 {'all': 1.0, 'R': 1.0, 'R_seen': 1.0, 'L': 1.0, 'L_seen': 1.0, 'L_unseen': 1.0, 'R_unseen': 1.0} 327 s
tok ltr_bi 2048 2 0.003 0.876 {'all': 0.871, 'R': 0.734, 'R_seen': 0.741, 'L': 1.0, 'L_seen': 1.0, 'L_unseen': 1.0, 'R_unseen': 0.728} 336 s
tok scratch 32 0 0.003 0.787 {'all': 0.749, 'R': 0.576, 'R_seen': 0.638, 'L': 0.913, 'L_seen': 0.918, 'L_unseen': 0.908, 'R_unseen': 0.517} 342 s
tok scratch 32 1 0.003 0.814 {'all': 0.803, 'R': 0.682, 'R_seen': 0.764, 'L': 0.918, 'L_seen': 0.909, 'L_unseen': 0.928, 'R_unseen': 0.603} 348 s
tok scratch 32 2 0.003 0.668 {'all': 0.632, 'R': 0.526, 'R_seen': 0.551, 'L': 0.733, 'L_seen': 0.724, 'L_unseen': 0.742, 'R_unseen': 0.502} 354 s
tok scratch 128 0 0.003 0.983 {'all': 0.852, 'R': 0.734, 'R_seen': 0.987, 'L': 0.963, 'L_seen': 1.0, 'L_unseen': 0.923, 'R_unseen': 0.493} 359 s
tok scratch 128 1 0.003 1.0 {'all': 0.865, 'R': 0.723, 'R_seen': 0.99, 'L': 1.0, 'L_seen': 1.0, 'L_unseen': 1.0, 'R_unseen': 0.468} 367 s
tok scratch 128 2 0.003 0.983 {'all': 0.865, 'R': 0.777, 'R_seen': 0.949, 'L': 0.948, 'L_seen': 1.0, 'L_unseen': 0.891, 'R_unseen': 0.613} 374 s
tok scratch 512 0 0.003 1.0 {'all': 0.864, 'R': 0.739, 'R_seen': 1.0, 'L': 0.982, 'L_seen': 1.0, 'L_unseen': 0.963, 'R_unseen': 0.49} 380 s
tok scratch 512 1 0.003 1.0 {'all': 0.865, 'R': 0.722, 'R_seen': 1.0, 'L': 1.0, 'L_seen': 1.0, 'L_unseen': 1.0, 'R_unseen': 0.456} 389 s
tok scratch 512 2 0.003 1.0 {'all': 0.816, 'R': 0.701, 'R_seen': 1.0, 'L': 0.926, 'L_seen': 1.0, 'L_unseen': 0.846, 'R_unseen': 0.414} 397 s
tok scratch 2048 0 0.003 1.0 {'all': 0.872, 'R': 0.737, 'R_seen': 1.0, 'L': 1.0, 'L_seen': 1.0, 'L_unseen': 1.0, 'R_unseen': 0.485} 407 s
tok scratch 2048 1 0.003 1.0 {'all': 0.86, 'R': 0.713, 'R_seen': 1.0, 'L': 1.0, 'L_seen': 1.0, 'L_unseen': 1.0, 'R_unseen': 0.439} 415 s
tok scratch 2048 2 0.003 1.0 {'all': 0.871, 'R': 0.743, 'R_seen': 1.0, 'L': 0.992, 'L_seen': 1.0, 'L_unseen': 0.983, 'R_unseen': 0.498} 422 s
sent bert 32 0 0.001 0.99 {'all': 0.969, 'R': 0.938, 'R_seen': 0.983, 'L': 1.0, 'L_seen': 1.0, 'L_unseen': 1.0, 'R_unseen': 0.894} 432 s
sent bert 32 1 0.001 0.934 {'all': 0.9, 'R': 0.799, 'R_seen': 0.888, 'L': 1.0, 'L_seen': 1.0, 'L_unseen': 1.0, 'R_unseen': 0.715} 439 s
sent bert 32 2 0.0003 0.984 {'all': 0.977, 'R': 0.953, 'R_seen': 0.961, 'L': 1.0, 'L_seen': 1.0, 'L_unseen': 1.0, 'R_unseen': 0.945} 446 s
sent bert 128 0 0.001 1.0 {'all': 0.992, 'R': 0.983, 'R_seen': 1.0, 'L': 1.0, 'L_seen': 1.0, 'L_unseen': 1.0, 'R_unseen': 0.967} 453 s
sent bert 128 1 0.001 1.0 {'all': 0.967, 'R': 0.932, 'R_seen': 0.996, 'L': 1.0, 'L_seen': 1.0, 'L_unseen': 1.0, 'R_unseen': 0.872} 459 s
sent bert 128 2 0.001 1.0 {'all': 0.973, 'R': 0.945, 'R_seen': 1.0, 'L': 1.0, 'L_seen': 1.0, 'L_unseen': 1.0, 'R_unseen': 0.892} 466 s
sent bert 512 0 0.0003 1.0 {'all': 1.0, 'R': 1.0, 'R_seen': 1.0, 'L': 1.0, 'L_seen': 1.0, 'L_unseen': 1.0, 'R_unseen': 1.0} 473 s
sent bert 512 1 0.0003 1.0 {'all': 1.0, 'R': 1.0, 'R_seen': 1.0, 'L': 1.0, 'L_seen': 1.0, 'L_unseen': 1.0, 'R_unseen': 1.0} 479 s
sent bert 512 2 0.0003 1.0 {'all': 1.0, 'R': 0.999, 'R_seen': 1.0, 'L': 1.0, 'L_seen': 1.0, 'L_unseen': 1.0, 'R_unseen': 0.998} 485 s
sent bert 2048 0 0.0003 1.0 {'all': 1.0, 'R': 1.0, 'R_seen': 1.0, 'L': 1.0, 'L_seen': 1.0, 'L_unseen': 1.0, 'R_unseen': 1.0} 492 s
sent bert 2048 1 0.0003 1.0 {'all': 1.0, 'R': 1.0, 'R_seen': 1.0, 'L': 1.0, 'L_seen': 1.0, 'L_unseen': 1.0, 'R_unseen': 1.0} 498 s
sent bert 2048 2 0.0003 1.0 {'all': 1.0, 'R': 1.0, 'R_seen': 1.0, 'L': 1.0, 'L_seen': 1.0, 'L_unseen': 1.0, 'R_unseen': 1.0} 505 s
sent nonsp 32 0 0.003 0.92 {'all': 0.809, 'R': 0.706, 'R_seen': 0.855, 'L': 0.911, 'L_seen': 0.974, 'L_unseen': 0.841, 'R_unseen': 0.563} 511 s
sent nonsp 32 1 0.003 0.874 {'all': 0.824, 'R': 0.649, 'R_seen': 0.736, 'L': 0.995, 'L_seen': 1.0, 'L_unseen': 0.99, 'R_unseen': 0.567} 517 s
sent nonsp 32 2 0.003 0.952 {'all': 0.856, 'R': 0.709, 'R_seen': 0.926, 'L': 1.0, 'L_seen': 1.0, 'L_unseen': 1.0, 'R_unseen': 0.502} 524 s
sent nonsp 128 0 0.001 0.986 {'all': 0.884, 'R': 0.772, 'R_seen': 0.963, 'L': 0.994, 'L_seen': 1.0, 'L_unseen': 0.987, 'R_unseen': 0.591} 530 s
sent nonsp 128 1 0.003 1.0 {'all': 0.902, 'R': 0.806, 'R_seen': 1.0, 'L': 0.997, 'L_seen': 1.0, 'L_unseen': 0.994, 'R_unseen': 0.622} 536 s
sent nonsp 128 2 0.003 1.0 {'all': 0.875, 'R': 0.749, 'R_seen': 1.0, 'L': 1.0, 'L_seen': 1.0, 'L_unseen': 1.0, 'R_unseen': 0.51} 542 s
sent nonsp 512 0 0.001 1.0 {'all': 0.894, 'R': 0.806, 'R_seen': 1.0, 'L': 0.98, 'L_seen': 1.0, 'L_unseen': 0.958, 'R_unseen': 0.622} 549 s
sent nonsp 512 1 0.001 1.0 {'all': 0.872, 'R': 0.742, 'R_seen': 1.0, 'L': 1.0, 'L_seen': 1.0, 'L_unseen': 1.0, 'R_unseen': 0.496} 555 s
sent nonsp 512 2 0.001 1.0 {'all': 0.871, 'R': 0.74, 'R_seen': 1.0, 'L': 1.0, 'L_seen': 1.0, 'L_unseen': 1.0, 'R_unseen': 0.492} 561 s
sent nonsp 2048 0 0.001 1.0 {'all': 0.868, 'R': 0.801, 'R_seen': 1.0, 'L': 0.933, 'L_seen': 1.0, 'L_unseen': 0.858, 'R_unseen': 0.612} 568 s
sent nonsp 2048 1 0.001 1.0 {'all': 0.857, 'R': 0.711, 'R_seen': 1.0, 'L': 1.0, 'L_seen': 1.0, 'L_unseen': 1.0, 'R_unseen': 0.435} 575 s
sent nonsp 2048 2 0.001 1.0 {'all': 0.861, 'R': 0.719, 'R_seen': 1.0, 'L': 1.0, 'L_seen': 1.0, 'L_unseen': 1.0, 'R_unseen': 0.451} 582 s
sent ltr 32 0 0.0003 1.0 {'all': 1.0, 'R': 1.0, 'R_seen': 1.0, 'L': 1.0, 'L_seen': 1.0, 'L_unseen': 1.0, 'R_unseen': 1.0} 589 s
sent ltr 32 1 0.0003 1.0 {'all': 1.0, 'R': 1.0, 'R_seen': 1.0, 'L': 1.0, 'L_seen': 1.0, 'L_unseen': 1.0, 'R_unseen': 1.0} 595 s
sent ltr 32 2 0.0003 1.0 {'all': 1.0, 'R': 1.0, 'R_seen': 1.0, 'L': 1.0, 'L_seen': 1.0, 'L_unseen': 1.0, 'R_unseen': 1.0} 600 s
sent ltr 128 0 0.0003 1.0 {'all': 1.0, 'R': 1.0, 'R_seen': 1.0, 'L': 1.0, 'L_seen': 1.0, 'L_unseen': 1.0, 'R_unseen': 1.0} 606 s
sent ltr 128 1 0.0003 1.0 {'all': 1.0, 'R': 1.0, 'R_seen': 1.0, 'L': 1.0, 'L_seen': 1.0, 'L_unseen': 1.0, 'R_unseen': 1.0} 612 s
sent ltr 128 2 0.0003 1.0 {'all': 1.0, 'R': 1.0, 'R_seen': 1.0, 'L': 1.0, 'L_seen': 1.0, 'L_unseen': 1.0, 'R_unseen': 1.0} 619 s
sent ltr 512 0 0.0003 1.0 {'all': 1.0, 'R': 1.0, 'R_seen': 1.0, 'L': 1.0, 'L_seen': 1.0, 'L_unseen': 1.0, 'R_unseen': 1.0} 625 s
sent ltr 512 1 0.0003 1.0 {'all': 1.0, 'R': 1.0, 'R_seen': 1.0, 'L': 1.0, 'L_seen': 1.0, 'L_unseen': 1.0, 'R_unseen': 1.0} 631 s
sent ltr 512 2 0.0003 1.0 {'all': 1.0, 'R': 1.0, 'R_seen': 1.0, 'L': 1.0, 'L_seen': 1.0, 'L_unseen': 1.0, 'R_unseen': 1.0} 637 s
sent ltr 2048 0 0.0003 1.0 {'all': 1.0, 'R': 1.0, 'R_seen': 1.0, 'L': 1.0, 'L_seen': 1.0, 'L_unseen': 1.0, 'R_unseen': 1.0} 645 s
sent ltr 2048 1 0.0003 1.0 {'all': 1.0, 'R': 1.0, 'R_seen': 1.0, 'L': 1.0, 'L_seen': 1.0, 'L_unseen': 1.0, 'R_unseen': 1.0} 652 s
sent ltr 2048 2 0.0003 1.0 {'all': 1.0, 'R': 1.0, 'R_seen': 1.0, 'L': 1.0, 'L_seen': 1.0, 'L_unseen': 1.0, 'R_unseen': 1.0} 658 s
sent scratch 32 0 0.003 0.942 {'all': 0.787, 'R': 0.723, 'R_seen': 0.905, 'L': 0.851, 'L_seen': 0.957, 'L_unseen': 0.734, 'R_unseen': 0.549} 666 s
sent scratch 32 1 0.001 0.844 {'all': 0.764, 'R': 0.617, 'R_seen': 0.649, 'L': 0.91, 'L_seen': 0.994, 'L_unseen': 0.816, 'R_unseen': 0.587} 673 s
sent scratch 32 2 0.003 0.89 {'all': 0.698, 'R': 0.703, 'R_seen': 0.899, 'L': 0.692, 'L_seen': 0.838, 'L_unseen': 0.531, 'R_unseen': 0.516} 679 s
sent scratch 128 0 0.003 0.992 {'all': 0.79, 'R': 0.747, 'R_seen': 0.986, 'L': 0.833, 'L_seen': 1.0, 'L_unseen': 0.649, 'R_unseen': 0.52} 688 s
sent scratch 128 1 0.003 1.0 {'all': 0.838, 'R': 0.741, 'R_seen': 1.0, 'L': 0.933, 'L_seen': 1.0, 'L_unseen': 0.858, 'R_unseen': 0.494} 693 s
sent scratch 128 2 0.003 0.998 {'all': 0.844, 'R': 0.753, 'R_seen': 1.0, 'L': 0.933, 'L_seen': 1.0, 'L_unseen': 0.858, 'R_unseen': 0.518} 700 s
sent scratch 512 0 0.0003 1.0 {'all': 0.841, 'R': 0.747, 'R_seen': 1.0, 'L': 0.933, 'L_seen': 1.0, 'L_unseen': 0.858, 'R_unseen': 0.506} 707 s
sent scratch 512 1 0.0003 1.0 {'all': 0.837, 'R': 0.739, 'R_seen': 1.0, 'L': 0.933, 'L_seen': 1.0, 'L_unseen': 0.858, 'R_unseen': 0.49} 713 s
sent scratch 512 2 0.0003 1.0 {'all': 0.83, 'R': 0.726, 'R_seen': 1.0, 'L': 0.933, 'L_seen': 1.0, 'L_unseen': 0.858, 'R_unseen': 0.465} 719 s
sent scratch 2048 0 0.0003 1.0 {'all': 0.876, 'R': 0.82, 'R_seen': 1.0, 'L': 0.933, 'L_seen': 1.0, 'L_unseen': 0.858, 'R_unseen': 0.648} 725 s
sent scratch 2048 1 0.0003 1.0 {'all': 0.836, 'R': 0.737, 'R_seen': 1.0, 'L': 0.933, 'L_seen': 1.0, 'L_unseen': 0.858, 'R_unseen': 0.486} 731 s
sent scratch 2048 2 0.0003 1.0 {'all': 0.864, 'R': 0.794, 'R_seen': 1.0, 'L': 0.933, 'L_seen': 1.0, 'L_unseen': 0.858, 'R_unseen': 0.598} 737 s
fig5 {'variant': 'bert', 'step': 500, 'test': {'all': 0.8607723577235772, 'R': 0.7309941520467836, 'R_seen': 0.9017094017094017, 'L': 0.9837688044338876, 'L_seen': 1.0, 'L_unseen': 0.966087675765095, 'R_unseen': 0.56781045751634}}
fig5 {'variant': 'bert', 'step': 1000, 'test': {'all': 0.882520325203252, 'R': 0.7614870509607351, 'R_seen': 1.0, 'L': 0.9972288202692003, 'L_seen': 1.0, 'L_unseen': 0.9942100909842845, 'R_unseen': 0.5334967320261438}}
fig5 {'variant': 'bert', 'step': 2000, 'test': {'all': 0.8709349593495935, 'R': 0.7740183792815372, 'R_seen': 0.976923076923077, 'L': 0.962787015043547, 'L_seen': 1.0, 'L_unseen': 0.9222497932175351, 'R_unseen': 0.5800653594771242}}
fig5 {'variant': 'bert', 'step': 5000, 'test': {'all': 0.8489837398373984, 'R': 0.7418546365914787, 'R_seen': 0.9871794871794872, 'L': 0.9505146476642913, 'L_seen': 1.0, 'L_unseen': 0.8966087675765095, 'R_unseen': 0.5073529411764706}}
fig5 {'variant': 'bert', 'step': 10000, 'test': {'all': 0.8997967479674797, 'R': 0.7940685045948204, 'R_seen': 0.9743589743589745, 'L': 1.0, 'L_seen': 1.0, 'L_unseen': 1.0, 'R_unseen': 0.6217320261437909}}
fig5 {'variant': 'bert', 'step': 20000, 'test': {'all': 0.9552845528455284, 'R': 0.9081035923141186, 'R_seen': 0.9905982905982906, 'L': 1.0, 'L_seen': 1.0, 'L_unseen': 1.0, 'R_unseen': 0.829248366013072}}
fig5 {'variant': 'ltr', 'step': 500, 'test': {'all': 0.6859756097560975, 'R': 0.4995822890559733, 'R_seen': 0.48376068376068376, 'L': 0.8626286619160729, 'L_seen': 1.0, 'L_unseen': 0.7129859387923904, 'R_unseen': 0.5147058823529412}}
fig5 {'variant': 'ltr', 'step': 1000, 'test': {'all': 0.7166666666666667, 'R': 0.506265664160401, 'R_seen': 0.4794871794871795, 'L': 0.9160728424386382, 'L_seen': 1.0, 'L_unseen': 0.8246484698097601, 'R_unseen': 0.5318627450980392}}
fig5 {'variant': 'ltr', 'step': 2000, 'test': {'all': 0.7512195121951221, 'R': 0.5083542188805347, 'R_seen': 0.4811965811965812, 'L': 0.9813935075217736, 'L_seen': 1.0, 'L_unseen': 0.9611248966087675, 'R_unseen': 0.5343137254901961}}
fig5 {'variant': 'ltr', 'step': 5000, 'test': {'all': 0.7467479674796748, 'R': 0.49582289055973267, 'R_seen': 0.4871794871794872, 'L': 0.9845605700712589, 'L_seen': 1.0, 'L_unseen': 0.967741935483871, 'R_unseen': 0.5040849673202614}}
fig5 {'variant': 'ltr', 'step': 10000, 'test': {'all': 0.750609756097561, 'R': 0.5087719298245613, 'R_seen': 0.48717948717948717, 'L': 0.9798099762470308, 'L_seen': 1.0, 'L_unseen': 0.9578163771712158, 'R_unseen': 0.5294117647058824}}
fig5 {'variant': 'ltr', 'step': 20000, 'test': {'all': 0.7497967479674797, 'R': 0.4979114452798663, 'R_seen': 0.49743589743589745, 'L': 0.9885193982581155, 'L_seen': 1.0, 'L_unseen': 0.9760132340777502, 'R_unseen': 0.49836601307189543}}
