bert 2000 [2000, 1.2942, 0.4758] 51 s
bert 4000 [4000, 1.1992, 0.5413] 101 s
bert 6000 [6000, 0.9633, 0.5523] 149 s
bert 8000 [8000, 0.8113, 0.539] 197 s
bert 10000 [10000, 0.8751, 0.497] 244 s
bert 12000 [12000, 0.7997, 0.4978] 295 s
bert 14000 [14000, 0.8143, 0.5569] 345 s
bert 16000 [16000, 0.7984, 0.4998] 393 s
bert 18000 [18000, 0.7622, 0.5549] 442 s
bert 20000 [20000, 0.8427, 0.5079] 490 s
bert {'lm_accuracy': 0.6632638179962083, 'nsp_accuracy': 0.713, 'animal_from_right': 1.0}
nonsp 2000 [2000, 1.2886, None] 47 s
nonsp 4000 [4000, 1.2233, None] 94 s
nonsp 6000 [6000, 0.9395, None] 141 s
nonsp 8000 [8000, 0.8289, None] 188 s
nonsp 10000 [10000, 0.9409, None] 236 s
nonsp 12000 [12000, 0.802, None] 286 s
nonsp 14000 [14000, 0.8493, None] 335 s
nonsp 16000 [16000, 0.7848, None] 383 s
nonsp 18000 [18000, 0.7648, None] 433 s
nonsp 20000 [20000, 0.8237, None] 485 s
nonsp {'lm_accuracy': 0.659034563220067, 'nsp_accuracy': None, 'animal_from_right': 1.0}
seed2 bert_s2 128 0 0.003 {'all': 0.927, 'R': 0.85, 'R_seen': 0.997, 'L': 1.0, 'L_seen': 1.0, 'L_unseen': 1.0, 'R_unseen': 0.708} 985 s
seed2 bert_s2 128 1 0.003 {'all': 0.92, 'R': 0.835, 'R_seen': 1.0, 'L': 1.0, 'L_seen': 1.0, 'L_unseen': 1.0, 'R_unseen': 0.676} 992 s
seed2 bert_s2 128 2 0.003 {'all': 0.907, 'R': 0.827, 'R_seen': 1.0, 'L': 0.982, 'L_seen': 1.0, 'L_unseen': 0.963, 'R_unseen': 0.662} 998 s
seed2 bert_s2 512 0 0.003 {'all': 0.88, 'R': 0.754, 'R_seen': 1.0, 'L': 1.0, 'L_seen': 1.0, 'L_unseen': 1.0, 'R_unseen': 0.52} 1006 s
seed2 bert_s2 512 1 0.001 {'all': 0.91, 'R': 0.816, 'R_seen': 1.0, 'L': 1.0, 'L_seen': 1.0, 'L_unseen': 1.0, 'R_unseen': 0.64} 1012 s
seed2 bert_s2 512 2 0.001 {'all': 0.931, 'R': 0.858, 'R_seen': 1.0, 'L': 1.0, 'L_seen': 1.0, 'L_unseen': 1.0, 'R_unseen': 0.723} 1019 s
seed2 bert_s2 128 0 0.001 {'all': 0.924, 'R': 0.848, 'R_seen': 1.0, 'L': 1.0, 'L_seen': 1.0, 'L_unseen': 1.0, 'R_unseen': 0.703} 1027 s
seed2 bert_s2 128 1 0.003 {'all': 0.92, 'R': 0.84, 'R_seen': 1.0, 'L': 1.0, 'L_seen': 1.0, 'L_unseen': 1.0, 'R_unseen': 0.687} 1034 s
seed2 bert_s2 128 2 0.003 {'all': 0.89, 'R': 0.779, 'R_seen': 1.0, 'L': 1.0, 'L_seen': 1.0, 'L_unseen': 1.0, 'R_unseen': 0.569} 1041 s
seed2 bert_s2 512 0 0.001 {'all': 0.902, 'R': 0.802, 'R_seen': 1.0, 'L': 1.0, 'L_seen': 1.0, 'L_unseen': 1.0, 'R_unseen': 0.614} 1047 s
seed2 bert_s2 512 1 0.001 {'all': 0.908, 'R': 0.815, 'R_seen': 1.0, 'L': 1.0, 'L_seen': 1.0, 'L_unseen': 1.0, 'R_unseen': 0.638} 1054 s
seed2 bert_s2 512 2 0.001 {'all': 0.92, 'R': 0.84, 'R_seen': 1.0, 'L': 1.0, 'L_seen': 1.0, 'L_unseen': 1.0, 'R_unseen': 0.687} 1061 s
seed2 nonsp_s2 128 0 0.003 {'all': 0.908, 'R': 0.811, 'R_seen': 1.0, 'L': 1.0, 'L_seen': 1.0, 'L_unseen': 1.0, 'R_unseen': 0.63} 1068 s
seed2 nonsp_s2 128 1 0.003 {'all': 0.892, 'R': 0.778, 'R_seen': 0.954, 'L': 1.0, 'L_seen': 1.0, 'L_unseen': 1.0, 'R_unseen': 0.61} 1075 s
seed2 nonsp_s2 128 2 0.003 {'all': 0.881, 'R': 0.756, 'R_seen': 0.979, 'L': 1.0, 'L_seen': 1.0, 'L_unseen': 1.0, 'R_unseen': 0.542} 1082 s
seed2 nonsp_s2 512 0 0.003 {'all': 0.924, 'R': 0.861, 'R_seen': 1.0, 'L': 0.983, 'L_seen': 1.0, 'L_unseen': 0.965, 'R_unseen': 0.728} 1089 s
seed2 nonsp_s2 512 1 0.003 {'all': 0.859, 'R': 0.711, 'R_seen': 1.0, 'L': 1.0, 'L_seen': 1.0, 'L_unseen': 1.0, 'R_unseen': 0.434} 1095 s
seed2 nonsp_s2 512 2 0.003 {'all': 0.87, 'R': 0.732, 'R_seen': 1.0, 'L': 1.0, 'L_seen': 1.0, 'L_unseen': 1.0, 'R_unseen': 0.475} 1102 s
seed2 nonsp_s2 128 0 0.003 {'all': 0.875, 'R': 0.747, 'R_seen': 1.0, 'L': 1.0, 'L_seen': 1.0, 'L_unseen': 1.0, 'R_unseen': 0.506} 1108 s
seed2 nonsp_s2 128 1 0.001 {'all': 0.832, 'R': 0.73, 'R_seen': 0.932, 'L': 0.933, 'L_seen': 1.0, 'L_unseen': 0.858, 'R_unseen': 0.537} 1115 s
seed2 nonsp_s2 128 2 0.003 {'all': 0.896, 'R': 0.79, 'R_seen': 1.0, 'L': 1.0, 'L_seen': 1.0, 'L_unseen': 1.0, 'R_unseen': 0.591} 1122 s
seed2 nonsp_s2 512 0 0.001 {'all': 0.898, 'R': 0.795, 'R_seen': 1.0, 'L': 1.0, 'L_seen': 1.0, 'L_unseen': 1.0, 'R_unseen': 0.6} 1128 s
seed2 nonsp_s2 512 1 0.001 {'all': 0.877, 'R': 0.752, 'R_seen': 1.0, 'L': 1.0, 'L_seen': 1.0, 'L_unseen': 1.0, 'R_unseen': 0.516} 1136 s
seed2 nonsp_s2 512 2 0.001 {'all': 0.9, 'R': 0.799, 'R_seen': 1.0, 'L': 1.0, 'L_seen': 1.0, 'L_unseen': 1.0, 'R_unseen': 0.608} 1144 s
