sec_1: 7.0
linerr_1: 1.0
sec_0.1: 6.1
linerr_0.1: 0.01
sec_0.01: 6.01
linerr_0.01: 0.0001
sec_0.001: 6.001
linerr_0.001: 1e-06
rules_ok: True
sigmoid_slope0: 0.25
x2ex_at1: 8.1548
tiny_loss: 2.408
tiny_p: [0.665, 0.245, 0.09]
tiny_gz: [0.665, 0.245, -0.91]
tiny_gnorm: 1.153
tiny_slope_sat: -0.91
nudge_actual: 2.317
nudge_first: 2.3166
nudge_second: 2.317
Hz_satsat: 0.0819
Hz_eigs: [-0.0, 0.1186, 0.3709]
tiny_Hx: [[0.1848, -0.2289], [-0.2289, 0.6007]]
tiny_Hx_eigs: [0.0835, 0.702]
step_actual: 1.773
step_first: 1.742
step_second: 1.768
dir_cat: 0.665
dir_sat: -0.91
dir_grad: 1.153
dir_neg: -1.153
bowl_g: [2.0, 6.0]
bowl_gnorm: 6.325
bowl_dir_x: 2.0
bowl_dir_45: 5.657
exp_first: 1.5
exp_second: 1.625
exp_true: 1.6487
mse_half_L: 0.125
mse_half_g: 0.5
mse_full_L: 0.25
mse_full_g: 1.0
bce_m6_p: 0.0025
bce_m6_L: 6.0025
bce_m6_g: -0.9975
bce_2_p: 0.8808
bce_2_L: 0.1269
bce_2_g: -0.1192
mse_sig_g: -0.0049
mse_vs_ce_ratio: 202.7
ce_exp: [7.389, 2.718, 1.105]
ce_sum: 11.2125
ce_p: [0.659, 0.242, 0.099]
ce_L: 0.417
ce_g: [-0.341, 0.242, 0.099]
lse_1000: 1001.313
pois_rate: 2.0
pois_g: -1.0
pois_L: 1.712
soft_g: [-0.235, 0.195, 0.04]
ne_w: [-0.3333, 1.5]
ne_res: [0.167, -0.333, 0.167]
lu_z: 0.1
lu_p: 0.525
lu_L: 0.644
lu_gz: -0.475
lu_gw: [-0.475, -0.95]
lu_gx: [-0.2375, 0.1188]
lu_w2: [0.5475, -0.155]
lu_b2: 0.1475
lu_z2: 0.385
lu_p2: 0.595
H_bowl: [[2.0, 0.0], [0.0, 2.0]]
H_saddle: [[2.0, 0.0], [0.0, -2.0]]
H_cap: [[-2.0, 0.0], [0.0, -2.0]]
H_flat: [[2.0, 0.0], [0.0, 0.0]]
H_x2y_symmetric: True
lab_saddle_min_y: 1.0
lab_saddle_min_f: -0.25
q_limit: 0.2
q_best_eta: 0.1818
q_rate: 0.8182
q_steps_1000: 34.42
q_rate_1overL: 0.9
q_steps_1000_1overL: 65.56
q_after35: 0.000891
hb_alpha: 0.2309
hb_beta: 0.2699
hb_rate: 0.5195
hb_steps_1000: 10.55
hb_rate_measured: 0.5237
hb_limit_beta09: 0.38
tiny_lmax_W: 1.855
tiny_eta_limit: 1.078
newton_entries_1e9: 1e+18
newton_bytes_bf16_EB: 2.0
od_L: 0.2518
od_eta: 3.9722
od_newton_0: [0.0, 1.524, 2.539, 3.262, 3.526, 3.551, 3.551]
od_gd_0: [0.0, 1.524, 1.934, 2.204, 2.404, 2.56, 2.687, 2.792, 2.881, 2.957, 3.023, 3.08, 3.129, 3.173, 3.212, 3.246, 3.277, 3.304, 3.328, 3.35, 3.369, 3.387, 3.402, 3.416, 3.429, 3.441, 3.451, 3.46, 3.469, 3.476, 3.483]
od_f_0: 0.6931
od_g_0: -0.3837
od_h_0: 0.2518
od_newton_8: [8.0, -2.584, 14.162, -13.301, 365.624, -19.926, 425.951]
od_gd_8: [8.0, 7.836, 7.675, 7.517, 7.361, 7.208, 7.058, 6.91, 6.766, 6.624, 6.486, 6.351, 6.219, 6.09, 5.965, 5.843, 5.724, 5.609, 5.498, 5.39, 5.286, 5.185, 5.089, 4.996, 4.907, 4.822, 4.74, 4.662, 4.588, 4.518, 4.451]
od_f_8: 0.394
od_g_8: 0.0412
od_h_8: 0.0039
od_wstar: 3.551
od_fstar: 0.2754
od_hstar: 0.0228
od_gd_rate: 0.91
lab_logit_wstar: [3.5464, 0.834]
lab_logit_Hstar_eigs: [0.0189, 0.0888]
hb_kappa100: 0.8182
gd_kappa100: 0.9802
gd_steps_kappa100: 345.4
lr_fstar: 0.06636
lr_f0: 0.693147
lr_L_global: 3.322159
lr_Hstar_eig_max: 0.150387
lr_Hstar_eig_min: 0.001752
lr_kappa_star: 85.85918
lr_kappa_0: 1855.197911
lr_eta_gd: 0.301009
lr_eta_gd_best: 13.145925
lr_nag_beta: 0.955108
lr_adam_best_lr: 1.0
lr_gd_best_rate_measured: 0.974388
lr_gd_best_rate_predicted: 0.976974
lr_sklearn_max_abs_diff: 1e-06
lr_gd_final_gap: 0.002141
lr_iters: {'gd': None, 'gd_armijo': 109, 'gd_best': 131, 'nesterov': 274, 'adam': 144, 'lbfgs': 21, 'newton': 7}
lr_lbfgs_nfev: 23
lr_newton_gaps: [0.627, 0.177, 0.0805, 0.0354, 0.0103, 0.00159, 6.09e-05, 1.26e-07, 6.41e-13, 0.0]
lr_noise_w0: {'1': [5.5312, 5.739], '2': [2.8459, 2.8644], '4': [1.4182, 1.4272], '8': [0.7118, 0.7085], '16': [0.3511, 0.3492], '32': [0.1689, 0.1696], '64': [0.0803, 0.0797], '128': [0.0349, 0.0348], '256': [0.0124, 0.0124], '512': [0.0011, 0.0011]}
lr_sigma2_w0: 5.739
lr_gnorm2_w0: 2.011
lr_sigma2_wstar: 0.189
sgd_final: {'const_2': 0.0147, 'const_0.5': 0.00134, 'const_0.1': 4.2e-05, 'decay_2': 2.7e-05}
xgb_w: 0.5
xgb_gain: 0.493
xgb_wL: 0.857
xgb_wR: -0.4
xgb_newton_unreg: 1.0
chord_lhs: 1.0
chord_rhs: 5.0
jensen_logE: 0.916
jensen_Elog: 0.693
lag_x: 0.707
lag_lam: 0.707
lag_f: 1.414
lag_shadow: 0.707
kkt_mu: 2.0
maxent_p: [0.665, 0.245, 0.09]
trpo_F_0.5: 0.25
trpo_step_0.5: 0.283
trpo_kl_0.5: 0.00997
trpo_newp_0.5: 0.57
trpo_F_0.9: 0.09
trpo_step_0.9: 0.471
trpo_kl_0.9: 0.00883
trpo_newp_0.9: 0.935
eos_0.02: {'ups': 0, 'steps': 6000, 'sharp0': 8.6071, 'sharp_max': 9.4628, 'late_mean': 8.959, 'final_loss': 0.04008, 'two_over_eta': 100.0}
eos_0.05: {'ups': 0, 'steps': 6000, 'sharp0': 8.607, 'sharp_max': 10.6843, 'late_mean': 10.257, 'final_loss': 0.01973, 'two_over_eta': 40.0}
eos_0.1: {'ups': 0, 'steps': 6000, 'sharp0': 8.607, 'sharp_max': 11.6847, 'late_mean': 11.231, 'final_loss': 0.01122, 'two_over_eta': 20.0}
eos_0.2: {'ups': 1790, 'steps': 6000, 'sharp0': 8.6056, 'sharp_max': 10.6031, 'late_mean': 10.02, 'final_loss': 0.00688, 'two_over_eta': 10.0}
eos_0.3: {'ups': 2411, 'steps': 6000, 'sharp0': 8.6069, 'sharp_max': 8.6069, 'late_mean': 6.703, 'final_loss': 0.00557, 'two_over_eta': 6.667}
eos_seed_0.2_seed1: 10.011
eos_seed_0.2_seed2: 10.024
eos_seed_0.3_seed1: 6.707
eos_seed_0.3_seed2: 6.712
eos_crosscheck: {'power': 10.106, 'lanczos': 10.1067, 'params': 8970}
