{'date': '2026-10-05 21:14', 'mlx': '0.32.3', 'numpy': '2.5.3', 'python': '3.12.11', 'device': 'Apple M1 Pro', 'arch': 'applegpu_g13s', 'memory_bytes': 17179869184, 'load_start': (5.4501953125, 5.4326171875, 7.5703125)}
reduce  R1 interleaved, divergent branch                         1.589 ms [1.566-1.998] err 4.051681053412349e-08 load 5.45
reduce  R2 interleaved, strided index                            1.468 ms [1.462-1.575] err 4.051681053412349e-08 load 5.45
reduce  R3 sequential addressing                                 1.397 ms [1.391-1.419] err 4.051681053412349e-08 load 5.45
reduce  R4 first add during load                                 0.953 ms [0.936-0.985] err 4.051681053412349e-08 load 5.45
reduce  R5 last SIMD-group in registers                          0.947 ms [0.928-0.968] err 4.051681053412349e-08 load 5.45
reduce  R6 grid-stride, float4, SIMD sums                        0.986 ms [0.975-1.234] err 4.051681053412349e-08 load 5.25
reduce  A1 one launch, atomic add per threadgroup                1.025 ms [0.992-1.063] err 1.5972258072696152e-07 load 5.25
reduce  MLX library mx.sum                                       1.012 ms [1.006-1.306] err 4.051681053412349e-08 load 5.25
accuracy {'exact_f64': 16777711.32022065, 'seq_f32': 16777216.0, 'numpy_pairwise_f32': 16777712.0, 'R3': 16777712.0, 'R6': 16777712.0, 'A1_first': 16777712.0, 'mx_sum': 16777712.0, 'atomic_distinct_bits': 7, 'atomic_runs': 30, 'atomic_values': [16777702.0, 16777704.0, 16777706.0, 16777708.0, 16777710.0, 16777712.0, 16777714.0], 'tree_distinct_bits': 1, 'tree_runs': 30}
scan    C1 Hillis-Steele, 24 launches                           18.584 ms [18.514-18.776] err 0.002496937907380925 load 5.25
scan    C2 reduce, then scan (3 launches)                        1.366 ms [1.353-1.409] err 0.002159811849196558 load 5.25
scan    MLX library mx.cumsum                                    7.681 ms [7.625-7.756] err 0.00789797617289878 load 5.25
scan    copy (read once, write once), for scale                  0.966 ms [0.956-1.046] err 0.0 load 5.25
norm    LN eager: 7 MLX operations                               9.679 ms [9.579-10.533] err 9.838323595801057e-07 load 5.25
norm    LN eager under mx.compile                                6.386 ms [6.343-12.370] err 9.838323595801057e-07 load 5.25
norm    LN MLX library mx.fast.layer_norm                        1.788 ms [1.766-1.931] err 8.959617225912098e-07 load 5.15
norm    LN ours, two-pass from registers                         1.716 ms [1.705-1.742] err 9.253838104683609e-07 load 5.15
norm    LN ours, E[x^2] - E[x]^2                                 1.724 ms [1.703-2.347] err 9.529717015510641e-07 load 5.15
norm    LN ours, Welford                                         1.733 ms [1.726-1.831] err 9.86189107266e-07 load 5.15
ln accuracy {'0': {'two': 6.815993955910926e-07, 'naive': 7.254041687332347e-07, 'welford': 9.135140333071945e-07, 'mlx': 6.666880709715883e-07}, '30': {'two': 5.718187280623344e-06, 'naive': 0.0005439414352359506, 'welford': 4.123497225894113e-06, 'mlx': 3.439066371346833e-06}, '300': {'two': 5.9728517476709264e-05, 'naive': 0.06453065869960195, 'welford': 6.478636038120822e-05, 'mlx': 6.0343300810172806e-05}, '3000': {'two': 0.0006330093176075691, 'naive': 1652.9551640898324, 'welford': 0.0005963757068112585, 'mlx': 0.0004844808064747852}}
norm    residual + RMSNorm, MLX: add then mx.fast.rms_norm       4.030 ms [3.962-14.683] err 8.250882759242018e-07 load 5.15
norm    residual + RMSNorm, MLX under mx.compile                 4.090 ms [3.954-4.678] err 8.250882759242018e-07 load 5.15
norm    residual + RMSNorm, ours fused                           3.463 ms [3.235-3.822] err 9.576826913715308e-07 load 5.15
fuse    matmul alone, ours (K=1024)                              9.860 ms [9.836-9.972] err 8.451095153905186e-06 load 4.82
fuse    MLX eager: A @ B, + bias, GELU (K=1024)                 17.472 ms [17.236-19.095] err 7.724647957729758e-06 load 4.82
fuse    MLX eager under mx.compile (K=1024)                      9.203 ms [9.162-9.500] err 7.724647957729758e-06 load 4.82
fuse    ours unfused: matmul, then bias + GELU (K=1024)         10.709 ms [10.633-10.963] err 7.724647957729758e-06 load 4.82
fuse    ours fused epilogue, first attempt: 16 KB staging tile (K=1024)    13.757 ms [13.592-15.021] err 7.724647957729758e-06 load 4.82
fuse    ours fused epilogue, in registers, precise::tanh (K=1024)    11.333 ms [11.287-11.779] err 7.724647957729758e-06 load 4.82
fuse    ours fused epilogue, in registers (K=1024)              10.045 ms [10.022-10.927] err 7.724647957729758e-06 load 4.82
fuse    RMSNorm then matmul, MLX (K=1024)                        8.383 ms [8.359-8.689] err 8.215409441625354e-06 load 4.82
fuse    RMSNorm then matmul, ours separate (K=1024)             10.075 ms [10.052-10.106] err 8.215409441625354e-06 load 4.82
fuse    RMSNorm fused into the matmul, first attempt: 16 KB staging (K=1024)    14.873 ms [14.850-15.022] err 7.504411012604351e-06 load 4.82
fuse    RMSNorm fused into the matmul, in registers (K=1024)    10.365 ms [10.342-10.833] err 7.504411012604351e-06 load 4.59
fuse    matmul alone, ours (K=256)                               2.672 ms [2.652-2.814] err 4.274818762084465e-06 load 4.59
fuse    MLX eager: A @ B, + bias, GELU (K=256)                  11.541 ms [11.342-14.256] err 3.877633071525111e-06 load 4.59
fuse    MLX eager under mx.compile (K=256)                       3.265 ms [3.228-3.285] err 3.877633071525111e-06 load 4.59
fuse    ours unfused: matmul, then bias + GELU (K=256)           3.430 ms [3.407-3.555] err 3.877633071525111e-06 load 4.59
fuse    ours fused epilogue, first attempt: 16 KB staging tile (K=256)     3.750 ms [3.742-3.771] err 3.877633071525111e-06 load 4.59
fuse    ours fused epilogue, in registers, precise::tanh (K=256)     4.037 ms [4.021-4.054] err 3.864599844582983e-06 load 4.59
fuse    ours fused epilogue, in registers (K=256)                2.785 ms [2.774-2.840] err 3.877633071525111e-06 load 4.59
fuse    RMSNorm then matmul, MLX (K=256)                         2.287 ms [2.279-2.311] err 3.802130740471199e-06 load 4.59
fuse    RMSNorm then matmul, ours separate (K=256)               2.723 ms [2.694-2.862] err 3.802130740471199e-06 load 4.59
fuse    RMSNorm fused into the matmul, first attempt: 16 KB staging (K=256)     4.344 ms [3.966-5.906] err 4.317430414957357e-06 load 5.03
fuse    RMSNorm fused into the matmul, in registers (K=256)      2.831 ms [2.819-2.858] err 4.317430414957357e-06 load 5.03
format check 3.0517578125e-05
gemv    read the 4-bit codes only (mx.sum of wq), for scale      0.384 ms [0.378-1.422] err None load 5.03
gemv    float16 weights, MLX W @ x                               0.939 ms [0.890-0.965] err 0.0019374179446458584 load 5.03
gemv    float16 weights, ours (16-byte loads)                    1.018 ms [0.933-1.086] err 5.705974217562471e-07 load 5.03
gemv    4-bit: dequantize to float16, then W @ x (MLX)           1.838 ms [1.823-1.874] err 0.001953555533873441 load 5.03
gemv    4-bit fused, one thread per row                          2.695 ms [2.683-2.767] err 0.0008969815789896529 load 5.03
gemv    4-bit fused, SIMD-group per row                          0.459 ms [0.433-0.468] err 0.0008976074277597945 load 5.03
gemv    4-bit fused, SIMD-group per row, 16-byte loads           0.441 ms [0.430-0.463] err 0.0008975776254374068 load 5.03
gemv    4-bit, MLX library mx.quantized_matmul                   0.429 ms [0.392-0.480] err 0.003977177261731413 load 4.78
attn    full, FA-2 grid (N=1024)                                 0.743 ms [0.689-0.798] err 4.663678258576276e-07 load 4.78
attn    full, FA-1 grid: one threadgroup per head (N=1024)       3.499 ms [3.483-5.446] err 4.663678258576276e-07 load 4.78
attn    causal, mask only (N=1024)                               0.701 ms [0.699-0.703] err 7.239289147031869e-07 load 4.78
attn    causal, skip tiles above the diagonal (N=1024)           0.704 ms [0.700-0.707] err 7.239289147031869e-07 load 4.78
attn    causal, MLX fused attention (N=1024)                     0.561 ms [0.553-0.565] err 6.047196251524056e-07 load 4.78
attn    full, FA-2 grid (N=2048)                                 2.085 ms [2.080-2.264] err 4.6349173091209117e-07 load 4.78
attn    full, FA-1 grid: one threadgroup per head (N=2048)      13.151 ms [13.077-13.188] err 4.6349173091209117e-07 load 4.78
attn    causal, mask only (N=2048)                               2.122 ms [2.077-2.402] err 9.050243883201858e-07 load 4.78
attn    causal, skip tiles above the diagonal (N=2048)           1.771 ms [1.767-1.801] err 9.050243883201858e-07 load 4.78
attn    causal, MLX fused attention (N=2048)                     1.132 ms [1.126-1.229] err 1.024233677870967e-06 load 4.78
attn    full, FA-2 grid (N=4096)                                 7.914 ms [7.662-8.452] err 4.028342199813295e-07 load 4.78
attn    full, FA-1 grid: one threadgroup per head (N=4096)      51.843 ms [51.659-52.443] err 4.028342199813295e-07 load 4.48
attn    causal, mask only (N=4096)                               7.688 ms [7.641-7.848] err 7.178098325733018e-07 load 4.48
attn    causal, skip tiles above the diagonal (N=4096)           4.672 ms [4.658-4.691] err 7.178098325733018e-07 load 4.48
attn    causal, MLX fused attention (N=4096)                     3.580 ms [3.568-3.637] err 7.178098325733018e-07 load 4.48
attn    full, FA-2 grid (N=8192)                                30.424 ms [30.156-30.690] err 1.043081283569336e-07 load 4.48
attn    full, FA-1 grid: one threadgroup per head (N=8192)     211.946 ms [210.616-214.383] err 1.043081283569336e-07 load 4.2
attn    causal, mask only (N=8192)                              30.419 ms [30.059-31.303] err 2.384185791015625e-07 load 4.2
attn    causal, skip tiles above the diagonal (N=8192)          16.978 ms [16.641-17.342] err 2.384185791015625e-07 load 4.2
attn    causal, MLX fused attention (N=8192)                    12.662 ms [12.553-12.775] err 0.0 load 4.2
decode  split-KV S=1 (L=4096)                                    0.460 ms [0.435-1.125] err 4.9939541486886726e-08 load 4.2
decode  split-KV S=2 (L=4096)                                    0.410 ms [0.370-0.484] err 3.7733096633352226e-08 load 4.2
decode  split-KV S=4 (L=4096)                                    0.367 ms [0.350-0.395] err 2.4194895857643228e-08 load 4.2
decode  split-KV S=8 (L=4096)                                    0.351 ms [0.345-0.378] err 1.6352671560609933e-08 load 4.2
decode  split-KV S=16 (L=4096)                                   0.351 ms [0.342-0.375] err 2.0369595912783645e-08 load 4.2
decode  split-KV S=32 (L=4096)                                   0.368 ms [0.362-0.402] err 1.9811108722261883e-08 load 4.2
decode  split-KV S=64 (L=4096)                                   0.438 ms [0.402-0.491] err 2.149342727408854e-08 load 4.2
decode  MLX fused attention, 1 query (L=4096)                    0.388 ms [0.365-0.467] err 2.989944962383806e-05 load 4.2
decode  split-KV S=1 (L=16384)                                   1.302 ms [1.242-2.039] err 4.349286378355771e-08 load 4.2
decode  split-KV S=2 (L=16384)                                   0.836 ms [0.815-0.889] err 2.892377007693292e-08 load 4.2
decode  split-KV S=4 (L=16384)                                   0.674 ms [0.638-0.798] err 2.3690649081364867e-08 load 4.2
decode  split-KV S=8 (L=16384)                                   0.781 ms [0.722-1.345] err 1.4179037663604455e-08 load 4.2
decode  split-KV S=16 (L=16384)                                  0.911 ms [0.830-1.049] err 1.443746744465152e-08 load 4.2
decode  split-KV S=32 (L=16384)                                  0.810 ms [0.764-0.823] err 1.2232974570813848e-08 load 4.2
decode  split-KV S=64 (L=16384)                                  0.824 ms [0.778-0.867] err 1.8953062612403482e-08 load 4.2
decode  MLX fused attention, 1 query (L=16384)                   0.850 ms [0.794-1.592] err 1.5229622212706989e-05 load 5.71
decode  split-KV S=1 (L=65536)                                   3.938 ms [3.900-4.112] err 5.6845861060028646e-08 load 5.71
decode  split-KV S=2 (L=65536)                                   2.453 ms [2.315-2.488] err 2.7216519385420135e-08 load 5.71
decode  split-KV S=4 (L=65536)                                   1.909 ms [1.815-2.162] err 1.9300277501188567e-08 load 5.71
decode  split-KV S=8 (L=65536)                                   6.304 ms [6.105-6.337] err 1.3891027024720386e-08 load 5.71
decode  split-KV S=16 (L=65536)                                  3.444 ms [3.330-3.582] err 1.1034392254083425e-08 load 5.71
decode  split-KV S=32 (L=65536)                                  2.368 ms [2.179-2.787] err 8.517434207586105e-09 load 5.71
decode  split-KV S=64 (L=65536)                                  1.929 ms [1.894-2.049] err 6.964710410825581e-09 load 5.71
decode  MLX fused attention, 1 query (L=65536)                   1.931 ms [1.840-2.156] err 7.333878716021813e-06 load 5.71
wrote m1/out/run_1.json
