~/technical_knowledge_base/technical_knowledge_base/reference/papers/diffusiongemma_technical_report/src/train.py:210: UserWarning: Converting a tensor with requires_grad=True to a scalar may lead to unexpected behavior.
Consider using tensor.detach() first. (Triggered internally at /Users/runner/work/pytorch/pytorch/torch/csrc/autograd/generated/python_variable_methods.cpp:821.)
  print('step %d loss %.4f enc %.4f | AR answer loss seq %.4f conv %.4f | denoise loss seq %.4f conv %.4f | lr %.2e time %.0fs' % (step, loss.item(), le.item(), ce[sq].mean(), ce[~sq].mean(), cd[sq].mean(), cd[~sq].mean(), lr_at(step, c), time.time() - t0), file=lf, flush=True)
multinomial exported 76754 chars
masked exported 76754 chars
wrote parts/20_model_data.js 154468 bytes
multinomial {'max_abs_logit_diff': {'encoder': 1.8596649169921875e-05, 'decoder': 1.8835067749023438e-05, 'decoder_selfcond': 1.8596649169921875e-05, 'decoder_canvas3': 2.193450927734375e-05}, 'argmax_agree': '1536/1536', 'ar_answers_identical': '64/64'}
masked {'max_abs_logit_diff': {'encoder': 1.3589859008789062e-05, 'decoder': 2.2411346435546875e-05, 'decoder_selfcond': 2.0265579223632812e-05, 'decoder_canvas3': 1.9550323486328125e-05}, 'argmax_agree': '1536/1536', 'ar_answers_identical': '64/64'}
{'variant': 'multinomial', 'task': 'seq', 'N': 4, 'b': 0.1, 'selfcond': True, 'acc': 0.7109, 'bit_acc': 0.9245, 'steps_per_canvas': 2.449, 'tpf': 2.61, 'revisions': 0.121, 'ar_acc': 0.8945}
{'variant': 'multinomial', 'task': 'seq', 'N': 4, 'b': 1.0, 'selfcond': True, 'acc': 0.6484, 'bit_acc': 0.91, 'steps_per_canvas': 2.411, 'tpf': 2.64, 'revisions': 0.555, 'ar_acc': 0.8945}
{'variant': 'multinomial', 'task': 'seq', 'N': 8, 'b': 0.1, 'selfcond': True, 'acc': 0.7461, 'bit_acc': 0.9289, 'steps_per_canvas': 2.728, 'tpf': 2.471, 'revisions': 0.137, 'ar_acc': 0.8945}
{'variant': 'multinomial', 'task': 'seq', 'N': 8, 'b': 1.0, 'selfcond': True, 'acc': 0.6797, 'bit_acc': 0.9124, 'steps_per_canvas': 2.768, 'tpf': 2.468, 'revisions': 0.672, 'ar_acc': 0.8945}
{'variant': 'multinomial', 'task': 'seq', 'N': 16, 'b': 0.1, 'selfcond': True, 'acc': 0.7617, 'bit_acc': 0.929, 'steps_per_canvas': 3.082, 'tpf': 2.367, 'revisions': 0.246, 'ar_acc': 0.8945}
{'variant': 'multinomial', 'task': 'seq', 'N': 16, 'b': 1.0, 'selfcond': True, 'acc': 0.6836, 'bit_acc': 0.9087, 'steps_per_canvas': 3.263, 'tpf': 2.321, 'revisions': 0.723, 'ar_acc': 0.8945}
{'variant': 'multinomial', 'task': 'seq', 'N': 24, 'b': 0.1, 'selfcond': True, 'acc': 0.7617, 'bit_acc': 0.9282, 'steps_per_canvas': 3.422, 'tpf': 2.308, 'revisions': 0.207, 'ar_acc': 0.8945}
{'variant': 'multinomial', 'task': 'seq', 'N': 24, 'b': 1.0, 'selfcond': True, 'acc': 0.6914, 'bit_acc': 0.909, 'steps_per_canvas': 3.785, 'tpf': 2.239, 'revisions': 0.777, 'ar_acc': 0.8945}
{'variant': 'multinomial', 'task': 'seq', 'N': 48, 'b': 0.1, 'selfcond': True, 'acc': 0.7656, 'bit_acc': 0.9318, 'steps_per_canvas': 4.181, 'tpf': 2.217, 'revisions': 0.305, 'ar_acc': 0.8945}
{'variant': 'multinomial', 'task': 'seq', 'N': 48, 'b': 0.1, 'selfcond': False, 'acc': 0.707, 'bit_acc': 0.911, 'steps_per_canvas': 4.462, 'tpf': 2.161, 'revisions': 0.594, 'ar_acc': 0.8945}
{'variant': 'multinomial', 'task': 'seq', 'N': 48, 'b': 1.0, 'selfcond': True, 'acc': 0.7109, 'bit_acc': 0.9124, 'steps_per_canvas': 4.87, 'tpf': 2.142, 'revisions': 1.035, 'ar_acc': 0.8945}
{'variant': 'multinomial', 'task': 'conv', 'N': 4, 'b': 0.1, 'selfcond': True, 'acc': 0.5898, 'bit_acc': 0.9676, 'steps_per_canvas': 2.152, 'tpf': 2.86, 'revisions': 0.133, 'ar_acc': 0.5469}
{'variant': 'multinomial', 'task': 'conv', 'N': 4, 'b': 1.0, 'selfcond': True, 'acc': 0.5898, 'bit_acc': 0.9683, 'steps_per_canvas': 2.132, 'tpf': 2.878, 'revisions': 0.145, 'ar_acc': 0.5469}
{'variant': 'multinomial', 'task': 'conv', 'N': 8, 'b': 0.1, 'selfcond': True, 'acc': 0.5898, 'bit_acc': 0.9683, 'steps_per_canvas': 2.206, 'tpf': 2.825, 'revisions': 0.18, 'ar_acc': 0.5469}
{'variant': 'multinomial', 'task': 'conv', 'N': 8, 'b': 1.0, 'selfcond': True, 'acc': 0.5742, 'bit_acc': 0.9681, 'steps_per_canvas': 2.178, 'tpf': 2.847, 'revisions': 0.219, 'ar_acc': 0.5469}
{'variant': 'multinomial', 'task': 'conv', 'N': 16, 'b': 0.1, 'selfcond': True, 'acc': 0.5977, 'bit_acc': 0.9683, 'steps_per_canvas': 2.229, 'tpf': 2.821, 'revisions': 0.148, 'ar_acc': 0.5469}
{'variant': 'multinomial', 'task': 'conv', 'N': 16, 'b': 1.0, 'selfcond': True, 'acc': 0.5938, 'bit_acc': 0.9683, 'steps_per_canvas': 2.236, 'tpf': 2.827, 'revisions': 0.199, 'ar_acc': 0.5469}
{'variant': 'multinomial', 'task': 'conv', 'N': 24, 'b': 0.1, 'selfcond': True, 'acc': 0.5938, 'bit_acc': 0.9681, 'steps_per_canvas': 2.27, 'tpf': 2.815, 'revisions': 0.168, 'ar_acc': 0.5469}
{'variant': 'multinomial', 'task': 'conv', 'N': 24, 'b': 1.0, 'selfcond': True, 'acc': 0.5898, 'bit_acc': 0.9683, 'steps_per_canvas': 2.285, 'tpf': 2.815, 'revisions': 0.203, 'ar_acc': 0.5469}
{'variant': 'multinomial', 'task': 'conv', 'N': 48, 'b': 0.1, 'selfcond': True, 'acc': 0.5859, 'bit_acc': 0.9679, 'steps_per_canvas': 2.441, 'tpf': 2.765, 'revisions': 0.191, 'ar_acc': 0.5469}
{'variant': 'multinomial', 'task': 'conv', 'N': 48, 'b': 0.1, 'selfcond': False, 'acc': 0.5391, 'bit_acc': 0.9618, 'steps_per_canvas': 6.294, 'tpf': 2.046, 'revisions': 1.164, 'ar_acc': 0.5469}
{'variant': 'multinomial', 'task': 'conv', 'N': 48, 'b': 1.0, 'selfcond': True, 'acc': 0.5781, 'bit_acc': 0.9668, 'steps_per_canvas': 2.464, 'tpf': 2.784, 'revisions': 0.215, 'ar_acc': 0.5469}
{'variant': 'masked', 'task': 'seq', 'N': 4, 'b': 0.1, 'selfcond': True, 'acc': 0.7422, 'bit_acc': 0.9318, 'steps_per_canvas': 2.219, 'tpf': 2.794, 'revisions': 0.008, 'ar_acc': 0.9961}
{'variant': 'masked', 'task': 'seq', 'N': 4, 'b': 1.0, 'selfcond': True, 'acc': 0.543, 'bit_acc': 0.8617, 'steps_per_canvas': 2.177, 'tpf': 2.833, 'revisions': 0.031, 'ar_acc': 0.9961}
{'variant': 'masked', 'task': 'seq', 'N': 8, 'b': 0.1, 'selfcond': True, 'acc': 0.7422, 'bit_acc': 0.9303, 'steps_per_canvas': 2.219, 'tpf': 2.794, 'revisions': 0.016, 'ar_acc': 0.9961}
{'variant': 'masked', 'task': 'seq', 'N': 8, 'b': 1.0, 'selfcond': True, 'acc': 0.543, 'bit_acc': 0.861, 'steps_per_canvas': 2.185, 'tpf': 2.827, 'revisions': 0.035, 'ar_acc': 0.9961}
{'variant': 'masked', 'task': 'seq', 'N': 16, 'b': 0.1, 'selfcond': True, 'acc': 0.7422, 'bit_acc': 0.9303, 'steps_per_canvas': 2.219, 'tpf': 2.794, 'revisions': 0.016, 'ar_acc': 0.9961}
{'variant': 'masked', 'task': 'seq', 'N': 16, 'b': 1.0, 'selfcond': True, 'acc': 0.543, 'bit_acc': 0.861, 'steps_per_canvas': 2.195, 'tpf': 2.823, 'revisions': 0.035, 'ar_acc': 0.9961}
{'variant': 'masked', 'task': 'seq', 'N': 24, 'b': 0.1, 'selfcond': True, 'acc': 0.7422, 'bit_acc': 0.9303, 'steps_per_canvas': 2.219, 'tpf': 2.794, 'revisions': 0.016, 'ar_acc': 0.9961}
{'variant': 'masked', 'task': 'seq', 'N': 24, 'b': 1.0, 'selfcond': True, 'acc': 0.543, 'bit_acc': 0.861, 'steps_per_canvas': 2.207, 'tpf': 2.82, 'revisions': 0.035, 'ar_acc': 0.9961}
{'variant': 'masked', 'task': 'seq', 'N': 48, 'b': 0.1, 'selfcond': True, 'acc': 0.7422, 'bit_acc': 0.9297, 'steps_per_canvas': 2.216, 'tpf': 2.796, 'revisions': 0.016, 'ar_acc': 0.9961}
{'variant': 'masked', 'task': 'seq', 'N': 48, 'b': 0.1, 'selfcond': False, 'acc': 0.75, 'bit_acc': 0.9341, 'steps_per_canvas': 2.293, 'tpf': 2.75, 'revisions': 0.0, 'ar_acc': 0.9961}
{'variant': 'masked', 'task': 'seq', 'N': 48, 'b': 1.0, 'selfcond': True, 'acc': 0.543, 'bit_acc': 0.861, 'steps_per_canvas': 2.241, 'tpf': 2.815, 'revisions': 0.035, 'ar_acc': 0.9961}
{'variant': 'masked', 'task': 'conv', 'N': 4, 'b': 0.1, 'selfcond': True, 'acc': 1.0, 'bit_acc': 1.0, 'steps_per_canvas': 2.0, 'tpf': 3.0, 'revisions': 0.0, 'ar_acc': 1.0}
{'variant': 'masked', 'task': 'conv', 'N': 4, 'b': 1.0, 'selfcond': True, 'acc': 1.0, 'bit_acc': 1.0, 'steps_per_canvas': 2.0, 'tpf': 3.0, 'revisions': 0.0, 'ar_acc': 1.0}
{'variant': 'masked', 'task': 'conv', 'N': 8, 'b': 0.1, 'selfcond': True, 'acc': 1.0, 'bit_acc': 1.0, 'steps_per_canvas': 2.0, 'tpf': 3.0, 'revisions': 0.0, 'ar_acc': 1.0}
{'variant': 'masked', 'task': 'conv', 'N': 8, 'b': 1.0, 'selfcond': True, 'acc': 1.0, 'bit_acc': 1.0, 'steps_per_canvas': 2.0, 'tpf': 3.0, 'revisions': 0.0, 'ar_acc': 1.0}
{'variant': 'masked', 'task': 'conv', 'N': 16, 'b': 0.1, 'selfcond': True, 'acc': 1.0, 'bit_acc': 1.0, 'steps_per_canvas': 2.0, 'tpf': 3.0, 'revisions': 0.0, 'ar_acc': 1.0}
{'variant': 'masked', 'task': 'conv', 'N': 16, 'b': 1.0, 'selfcond': True, 'acc': 1.0, 'bit_acc': 1.0, 'steps_per_canvas': 2.0, 'tpf': 3.0, 'revisions': 0.0, 'ar_acc': 1.0}
{'variant': 'masked', 'task': 'conv', 'N': 24, 'b': 0.1, 'selfcond': True, 'acc': 1.0, 'bit_acc': 1.0, 'steps_per_canvas': 2.0, 'tpf': 3.0, 'revisions': 0.0, 'ar_acc': 1.0}
{'variant': 'masked', 'task': 'conv', 'N': 24, 'b': 1.0, 'selfcond': True, 'acc': 1.0, 'bit_acc': 1.0, 'steps_per_canvas': 2.0, 'tpf': 3.0, 'revisions': 0.0, 'ar_acc': 1.0}
{'variant': 'masked', 'task': 'conv', 'N': 48, 'b': 0.1, 'selfcond': True, 'acc': 1.0, 'bit_acc': 1.0, 'steps_per_canvas': 2.0, 'tpf': 3.0, 'revisions': 0.0, 'ar_acc': 1.0}
{'variant': 'masked', 'task': 'conv', 'N': 48, 'b': 0.1, 'selfcond': False, 'acc': 1.0, 'bit_acc': 1.0, 'steps_per_canvas': 2.0, 'tpf': 3.0, 'revisions': 0.0, 'ar_acc': 1.0}
{'variant': 'masked', 'task': 'conv', 'N': 48, 'b': 1.0, 'selfcond': True, 'acc': 1.0, 'bit_acc': 1.0, 'steps_per_canvas': 2.0, 'tpf': 3.0, 'revisions': 0.0, 'ar_acc': 1.0}
{'multinomial_seq': 0.832, 'multinomial_conv': 1.0, 'masked_seq': 0.7734, 'masked_conv': 0.9961}
PIPELINE_EXIT 0
