== KV cache and state
Text-01 softmax layers 10 lightning 70
Text-01 KV/token 40960 40.0 KiB; all-80 320.0 KiB
Text-01 at 1,048,576 tokens 40.0 GiB vs 320.0
state elements 73400320 bytes bf16 140.0 MiB
M2 KV/token 248.0 KiB; at 196,608 46.5 GiB; ratio to 01 6.2
M2.7 max_position 204800 M2 196608
M3 KV/token 120.0 KiB; 1M 120.0 GiB; MSA layers 57 index keys/token 14592 14.25 KiB 0.11875
== Lightning
n^2 d 140737488355328 n d (d+B) 51539607552 ratio 2730.6666666666665
toy o [2, 6, 5, 24]
== MSA per query (page formula, multiply-adds)
Cfull 17179869184 Cmsa 570425344 ratio 30.11764705882353 index share 0.9411764705882353 read share 1 in 512.0
== MSA paper eq.12, per token averaged over a prefill of N (FLOPs)
paper ratio at 1M (reproduces 28.4x) 28.444444444444443
  N 32768 6.4
  N 131072 16.0
  N 524288 25.6
  N 1048576 28.444444444444443
== Kernel arithmetic intensity (paper eqs 13-16, BF16 IO)
G 16 Q-outer 15.875968992248062 KV-outer 83.3791348600509 approx 2/3 Bk 85.33333333333333
== Generation-level attention compute per decoded token at n (multiply-adds, summed over layers)
 n 32768 M2 24964497408 M3 4479516672 ratio M2/M3 5.573033707865169 if all 60 MSA 8.266666666666667 M2/01 4.526235741444867
 n 196608 M2 149786984448 M3 17314086912 ratio M2/M3 8.651162790697674 if all 60 MSA 18.6 M2/01 4.628904731043422
 n 1048576 M2 798863917056 M3 84053852160 ratio M2/M3 9.504191616766468 if all 60 MSA 23.341176470588234 M2/01 4.646030003658983
== Parameters from config
Text-01 total 456.1B active excl emb 45.94B incl output emb 47.17B
M2 total 228.7B active excl emb 9.80B incl output emb 10.42B
M3 text total 426.2B active excl emb 23.52B incl output emb 24.74B
HF safetensors totals: Text-01 456.09B, M2 228.69B (FP8 + BF16 + F32 scales), M3 427.04B
== CISPO example
PPO weight 0 CISPO 1.2
== Prices (per M tokens, MiniMax pay-as-you-go read 1 Oct 2026)
M3 100K in 4K out 0.0348 M3 600K in 0.3696
== Decode bytes read per layer at n = 1M, paper / M3 head shape (BF16)
full 2.0 GiB; MSA index keys 256.0 MiB + selected 4.0 MiB; ratio 7.876923076923077
== SWA ablation diffs (M2 report Tables 2, 3)
[('HELMET ICL', -3.1), ('MMLU', 0.1), ('MATH', 0.0), ('RULER 128K CWE', -18.0), ('RULER 128K MQ', -6.0), ('RULER 32K CWE', 0.0), ('RULER 32K MQ', 0.0), ('MTOB K-e Bleurt', -15.0), ('MTOB e-k ChrF', -17.6)]
