released s0 lr0.003 0 train 4.1622 val {'loss': 3.8839, 'tf_eq': 0.0714, 'tf_eq_scrambled': 0.0893, 'gen_acc': 0.0, 'gen_eq': 0.1071, 'gen_exact': 0.0} 0s
released s0 lr0.003 250 train 0.4041 val {'loss': 0.8928, 'tf_eq': 0.4821, 'tf_eq_scrambled': 0.4643, 'gen_acc': 0.0179, 'gen_eq': 0.0179, 'gen_exact': 0.0} 6s
released s0 lr0.003 500 train 0.0382 val {'loss': 0.5168, 'tf_eq': 0.5, 'tf_eq_scrambled': 0.4464, 'gen_acc': 0.0179, 'gen_eq': 0.0, 'gen_exact': 0.0} 12s
released s0 lr0.003 750 train 0.0091 val {'loss': 0.4821, 'tf_eq': 0.625, 'tf_eq_scrambled': 0.5, 'gen_acc': 0.0, 'gen_eq': 0.0, 'gen_exact': 0.0} 19s
released s0 lr0.003 1000 train 0.0052 val {'loss': 0.4415, 'tf_eq': 0.625, 'tf_eq_scrambled': 0.3929, 'gen_acc': 0.0, 'gen_eq': 0.0, 'gen_exact': 0.0} 24s
released s0 lr0.003 1250 train 0.0028 val {'loss': 0.3736, 'tf_eq': 0.6786, 'tf_eq_scrambled': 0.4464, 'gen_acc': 0.0, 'gen_eq': 0.0, 'gen_exact': 0.0} 30s
released s0 lr0.003 1500 train 0.0061 val {'loss': 0.3321, 'tf_eq': 0.7143, 'tf_eq_scrambled': 0.4107, 'gen_acc': 0.0, 'gen_eq': 0.0, 'gen_exact': 0.0} 36s
released s0 lr0.003 1750 train 0.0013 val {'loss': 0.3798, 'tf_eq': 0.7143, 'tf_eq_scrambled': 0.4286, 'gen_acc': 0.0, 'gen_eq': 0.0, 'gen_exact': 0.0} 42s
released s0 lr0.003 2000 train 0.0004 val {'loss': 0.2956, 'tf_eq': 0.7679, 'tf_eq_scrambled': 0.5, 'gen_acc': 0.0, 'gen_eq': 0.0, 'gen_exact': 0.0} 47s
released s0 lr0.003 2250 train 0.0032 val {'loss': 0.2543, 'tf_eq': 0.8036, 'tf_eq_scrambled': 0.4643, 'gen_acc': 0.0893, 'gen_eq': 0.0893, 'gen_exact': 0.0} 53s
released s0 lr0.003 2499 train 0.0007 val {'loss': 0.2382, 'tf_eq': 0.8036, 'tf_eq_scrambled': 0.4464, 'gen_acc': 0.0536, 'gen_eq': 0.0536, 'gen_exact': 0.0} 59s
released_s0 {'loss': 0.2262, 'tf_eq': 0.8462, 'tf_eq_scrambled': 0.4945, 'gen_acc': 0.033, 'gen_eq': 0.033, 'gen_exact': 0.0027}
released s1 lr0.003 0 train 4.1796 val {'loss': 3.848, 'tf_eq': 0.0, 'tf_eq_scrambled': 0.0, 'gen_acc': 0.0, 'gen_eq': 0.0, 'gen_exact': 0.0} 0s
released s1 lr0.003 250 train 0.5126 val {'loss': 0.8962, 'tf_eq': 0.6607, 'tf_eq_scrambled': 0.5536, 'gen_acc': 0.0179, 'gen_eq': 0.0357, 'gen_exact': 0.0} 6s
released s1 lr0.003 500 train 0.0395 val {'loss': 0.4298, 'tf_eq': 0.7857, 'tf_eq_scrambled': 0.5714, 'gen_acc': 0.0357, 'gen_eq': 0.0357, 'gen_exact': 0.0} 13s
released s1 lr0.003 750 train 0.0074 val {'loss': 0.3575, 'tf_eq': 0.7679, 'tf_eq_scrambled': 0.5536, 'gen_acc': 0.0, 'gen_eq': 0.0, 'gen_exact': 0.0} 21s
released s1 lr0.003 1000 train 0.0047 val {'loss': 0.3252, 'tf_eq': 0.8036, 'tf_eq_scrambled': 0.5179, 'gen_acc': 0.0357, 'gen_eq': 0.0179, 'gen_exact': 0.0} 29s
released s1 lr0.003 1250 train 0.0415 val {'loss': 0.2649, 'tf_eq': 0.7857, 'tf_eq_scrambled': 0.5357, 'gen_acc': 0.0357, 'gen_eq': 0.0357, 'gen_exact': 0.0} 35s
released s1 lr0.003 1500 train 0.0014 val {'loss': 0.2426, 'tf_eq': 0.7857, 'tf_eq_scrambled': 0.5536, 'gen_acc': 0.0179, 'gen_eq': 0.0179, 'gen_exact': 0.0179} 41s
released s1 lr0.003 1750 train 0.0075 val {'loss': 0.3113, 'tf_eq': 0.8393, 'tf_eq_scrambled': 0.5357, 'gen_acc': 0.0357, 'gen_eq': 0.0357, 'gen_exact': 0.0} 46s
released s1 lr0.003 2000 train 0.0014 val {'loss': 0.2418, 'tf_eq': 0.8036, 'tf_eq_scrambled': 0.5179, 'gen_acc': 0.1071, 'gen_eq': 0.1071, 'gen_exact': 0.0} 52s
released s1 lr0.003 2250 train 0.0037 val {'loss': 0.2117, 'tf_eq': 0.8393, 'tf_eq_scrambled': 0.5714, 'gen_acc': 0.0357, 'gen_eq': 0.0357, 'gen_exact': 0.0} 59s
released s1 lr0.003 2499 train 0.0026 val {'loss': 0.3206, 'tf_eq': 0.8571, 'tf_eq_scrambled': 0.5, 'gen_acc': 0.125, 'gen_eq': 0.125, 'gen_exact': 0.0} 66s
released_s1 {'loss': 0.3033, 'tf_eq': 0.8956, 'tf_eq_scrambled': 0.4753, 'gen_acc': 0.0165, 'gen_eq': 0.0165, 'gen_exact': 0.0}
released s2 lr0.003 0 train 4.2092 val {'loss': 3.9331, 'tf_eq': 0.0179, 'tf_eq_scrambled': 0.0179, 'gen_acc': 0.0, 'gen_eq': 0.0, 'gen_exact': 0.0} 0s
released s2 lr0.003 250 train 0.4548 val {'loss': 0.9228, 'tf_eq': 0.6429, 'tf_eq_scrambled': 0.5, 'gen_acc': 0.0714, 'gen_eq': 0.0357, 'gen_exact': 0.0} 6s
released s2 lr0.003 500 train 0.0674 val {'loss': 0.7141, 'tf_eq': 0.7143, 'tf_eq_scrambled': 0.5893, 'gen_acc': 0.0536, 'gen_eq': 0.0536, 'gen_exact': 0.0} 11s
released s2 lr0.003 750 train 0.0144 val {'loss': 0.6017, 'tf_eq': 0.8393, 'tf_eq_scrambled': 0.6964, 'gen_acc': 0.0179, 'gen_eq': 0.0179, 'gen_exact': 0.0} 16s
released s2 lr0.003 1000 train 0.0052 val {'loss': 0.661, 'tf_eq': 0.7143, 'tf_eq_scrambled': 0.5536, 'gen_acc': 0.0893, 'gen_eq': 0.0893, 'gen_exact': 0.0} 21s
released s2 lr0.003 1250 train 0.0125 val {'loss': 0.6134, 'tf_eq': 0.7679, 'tf_eq_scrambled': 0.6607, 'gen_acc': 0.0, 'gen_eq': 0.0, 'gen_exact': 0.0} 27s
released s2 lr0.003 1500 train 0.0006 val {'loss': 0.4925, 'tf_eq': 0.7679, 'tf_eq_scrambled': 0.6071, 'gen_acc': 0.0893, 'gen_eq': 0.0893, 'gen_exact': 0.0} 32s
released s2 lr0.003 1750 train 0.0118 val {'loss': 0.7425, 'tf_eq': 0.7679, 'tf_eq_scrambled': 0.5893, 'gen_acc': 0.0536, 'gen_eq': 0.0536, 'gen_exact': 0.0} 37s
released s2 lr0.003 2000 train 0.0008 val {'loss': 0.5384, 'tf_eq': 0.875, 'tf_eq_scrambled': 0.6786, 'gen_acc': 0.0357, 'gen_eq': 0.0357, 'gen_exact': 0.0} 42s
released s2 lr0.003 2250 train 0.0020 val {'loss': 0.4319, 'tf_eq': 0.8214, 'tf_eq_scrambled': 0.5893, 'gen_acc': 0.0893, 'gen_eq': 0.0893, 'gen_exact': 0.0} 47s
released s2 lr0.003 2499 train 0.0052 val {'loss': 0.5082, 'tf_eq': 0.8214, 'tf_eq_scrambled': 0.4821, 'gen_acc': 0.0, 'gen_eq': 0.0, 'gen_exact': 0.0} 53s
released_s2 {'loss': 0.3937, 'tf_eq': 0.8571, 'tf_eq_scrambled': 0.5797, 'gen_acc': 0.022, 'gen_eq': 0.022, 'gen_exact': 0.0}
causal s0 lr0.003 0 train 4.1659 val {'loss': 3.8843, 'tf_eq': 0.0714, 'tf_eq_scrambled': 0.0714, 'gen_acc': 0.0, 'gen_eq': 0.0893, 'gen_exact': 0.0} 0s
causal s0 lr0.003 250 train 0.9285 val {'loss': 1.1927, 'tf_eq': 0.6071, 'tf_eq_scrambled': 0.6071, 'gen_acc': 0.0536, 'gen_eq': 0.0179, 'gen_exact': 0.0} 6s
causal s0 lr0.003 500 train 0.6031 val {'loss': 1.073, 'tf_eq': 0.6964, 'tf_eq_scrambled': 0.6964, 'gen_acc': 0.0536, 'gen_eq': 0.0536, 'gen_exact': 0.0179} 11s
causal s0 lr0.003 750 train 0.4226 val {'loss': 0.968, 'tf_eq': 0.6786, 'tf_eq_scrambled': 0.6786, 'gen_acc': 0.2143, 'gen_eq': 0.2321, 'gen_exact': 0.0357} 16s
causal s0 lr0.003 1000 train 0.3256 val {'loss': 0.859, 'tf_eq': 0.625, 'tf_eq_scrambled': 0.625, 'gen_acc': 0.5357, 'gen_eq': 0.4643, 'gen_exact': 0.1429} 22s
causal s0 lr0.003 1250 train 0.3163 val {'loss': 0.8703, 'tf_eq': 0.6607, 'tf_eq_scrambled': 0.6607, 'gen_acc': 0.625, 'gen_eq': 0.5714, 'gen_exact': 0.1607} 27s
causal s0 lr0.003 1500 train 0.3122 val {'loss': 0.9804, 'tf_eq': 0.6786, 'tf_eq_scrambled': 0.6786, 'gen_acc': 0.4464, 'gen_eq': 0.4286, 'gen_exact': 0.2143} 35s
causal s0 lr0.003 1750 train 0.2734 val {'loss': 0.8635, 'tf_eq': 0.75, 'tf_eq_scrambled': 0.75, 'gen_acc': 0.6964, 'gen_eq': 0.6607, 'gen_exact': 0.1786} 42s
causal s0 lr0.003 2000 train 0.2766 val {'loss': 0.9016, 'tf_eq': 0.6429, 'tf_eq_scrambled': 0.6429, 'gen_acc': 0.5893, 'gen_eq': 0.5714, 'gen_exact': 0.25} 49s
causal s0 lr0.003 2250 train 0.2712 val {'loss': 0.8927, 'tf_eq': 0.7321, 'tf_eq_scrambled': 0.7321, 'gen_acc': 0.6786, 'gen_eq': 0.625, 'gen_exact': 0.3036} 56s
causal s0 lr0.003 2499 train 0.2725 val {'loss': 0.8343, 'tf_eq': 0.75, 'tf_eq_scrambled': 0.75, 'gen_acc': 0.7143, 'gen_eq': 0.6786, 'gen_exact': 0.3393} 64s
causal_s0 {'loss': 0.8834, 'tf_eq': 0.7775, 'tf_eq_scrambled': 0.7775, 'gen_acc': 0.7143, 'gen_eq': 0.7005, 'gen_exact': 0.2885}
causal s1 lr0.003 0 train 4.1794 val {'loss': 3.8442, 'tf_eq': 0.0, 'tf_eq_scrambled': 0.0, 'gen_acc': 0.0, 'gen_eq': 0.0, 'gen_exact': 0.0} 0s
causal s1 lr0.003 250 train 0.9315 val {'loss': 1.1258, 'tf_eq': 0.6607, 'tf_eq_scrambled': 0.6607, 'gen_acc': 0.0714, 'gen_eq': 0.0714, 'gen_exact': 0.0} 7s
causal s1 lr0.003 500 train 0.4608 val {'loss': 0.7971, 'tf_eq': 0.625, 'tf_eq_scrambled': 0.625, 'gen_acc': 0.3571, 'gen_eq': 0.3929, 'gen_exact': 0.0357} 12s
causal s1 lr0.003 750 train 0.3306 val {'loss': 0.667, 'tf_eq': 0.6964, 'tf_eq_scrambled': 0.6964, 'gen_acc': 0.5714, 'gen_eq': 0.6071, 'gen_exact': 0.2679} 18s
causal s1 lr0.003 1000 train 0.3163 val {'loss': 0.7312, 'tf_eq': 0.7143, 'tf_eq_scrambled': 0.7143, 'gen_acc': 0.6607, 'gen_eq': 0.6607, 'gen_exact': 0.3036} 24s
causal s1 lr0.003 1250 train 0.2913 val {'loss': 0.6829, 'tf_eq': 0.6607, 'tf_eq_scrambled': 0.6607, 'gen_acc': 0.6786, 'gen_eq': 0.6607, 'gen_exact': 0.4821} 31s
causal s1 lr0.003 1500 train 0.2714 val {'loss': 0.7101, 'tf_eq': 0.75, 'tf_eq_scrambled': 0.75, 'gen_acc': 0.6786, 'gen_eq': 0.6786, 'gen_exact': 0.5714} 37s
causal s1 lr0.003 1750 train 0.2744 val {'loss': 0.7732, 'tf_eq': 0.6607, 'tf_eq_scrambled': 0.6607, 'gen_acc': 0.6071, 'gen_eq': 0.5714, 'gen_exact': 0.4821} 42s
causal s1 lr0.003 2000 train 0.2615 val {'loss': 0.6964, 'tf_eq': 0.7143, 'tf_eq_scrambled': 0.7143, 'gen_acc': 0.6964, 'gen_eq': 0.6429, 'gen_exact': 0.5179} 47s
causal s1 lr0.003 2250 train 0.2618 val {'loss': 0.6947, 'tf_eq': 0.75, 'tf_eq_scrambled': 0.75, 'gen_acc': 0.7321, 'gen_eq': 0.7321, 'gen_exact': 0.5893} 53s
causal s1 lr0.003 2499 train 0.2767 val {'loss': 0.7767, 'tf_eq': 0.7143, 'tf_eq_scrambled': 0.7143, 'gen_acc': 0.6429, 'gen_eq': 0.6786, 'gen_exact': 0.4286} 58s
causal_s1 {'loss': 0.7869, 'tf_eq': 0.7308, 'tf_eq_scrambled': 0.7308, 'gen_acc': 0.6456, 'gen_eq': 0.6648, 'gen_exact': 0.3736}
causal s2 lr0.003 0 train 4.2104 val {'loss': 3.9373, 'tf_eq': 0.0179, 'tf_eq_scrambled': 0.0179, 'gen_acc': 0.0, 'gen_eq': 0.0, 'gen_exact': 0.0} 0s
causal s2 lr0.003 250 train 0.9276 val {'loss': 1.1817, 'tf_eq': 0.5893, 'tf_eq_scrambled': 0.5893, 'gen_acc': 0.0179, 'gen_eq': 0.0179, 'gen_exact': 0.0} 6s
causal s2 lr0.003 500 train 0.5494 val {'loss': 0.8889, 'tf_eq': 0.7679, 'tf_eq_scrambled': 0.7679, 'gen_acc': 0.1786, 'gen_eq': 0.1786, 'gen_exact': 0.0179} 12s
causal s2 lr0.003 750 train 0.3722 val {'loss': 0.7096, 'tf_eq': 0.7143, 'tf_eq_scrambled': 0.7143, 'gen_acc': 0.4821, 'gen_eq': 0.4821, 'gen_exact': 0.1964} 18s
causal s2 lr0.003 1000 train 0.3262 val {'loss': 0.6726, 'tf_eq': 0.7857, 'tf_eq_scrambled': 0.7857, 'gen_acc': 0.625, 'gen_eq': 0.6429, 'gen_exact': 0.3036} 25s
causal s2 lr0.003 1250 train 0.3227 val {'loss': 0.7124, 'tf_eq': 0.6964, 'tf_eq_scrambled': 0.6964, 'gen_acc': 0.6429, 'gen_eq': 0.6429, 'gen_exact': 0.3571} 31s
causal s2 lr0.003 1500 train 0.2834 val {'loss': 0.6705, 'tf_eq': 0.8036, 'tf_eq_scrambled': 0.8036, 'gen_acc': 0.7857, 'gen_eq': 0.7857, 'gen_exact': 0.5714} 37s
causal s2 lr0.003 1750 train 0.3251 val {'loss': 0.6772, 'tf_eq': 0.7321, 'tf_eq_scrambled': 0.7321, 'gen_acc': 0.7143, 'gen_eq': 0.625, 'gen_exact': 0.4821} 43s
causal s2 lr0.003 2000 train 0.2693 val {'loss': 0.715, 'tf_eq': 0.75, 'tf_eq_scrambled': 0.75, 'gen_acc': 0.7857, 'gen_eq': 0.6964, 'gen_exact': 0.5} 50s
causal s2 lr0.003 2250 train 0.2652 val {'loss': 0.7067, 'tf_eq': 0.8036, 'tf_eq_scrambled': 0.8036, 'gen_acc': 0.7321, 'gen_eq': 0.7143, 'gen_exact': 0.5179} 58s
causal s2 lr0.003 2499 train 0.2710 val {'loss': 0.6735, 'tf_eq': 0.8571, 'tf_eq_scrambled': 0.8571, 'gen_acc': 0.8036, 'gen_eq': 0.8214, 'gen_exact': 0.6786} 66s
causal_s2 {'loss': 0.7097, 'tf_eq': 0.8132, 'tf_eq_scrambled': 0.8132, 'gen_acc': 0.7143, 'gen_eq': 0.7308, 'gen_exact': 0.4615}
plain s0 lr0.001 0 train 4.1620 val {'loss': 4.0286, 'tf_eq': 0.0, 'tf_eq_scrambled': 0.0, 'gen_acc': 0.0, 'gen_eq': 0.0357, 'gen_exact': 0.0} 0s
plain s0 lr0.001 250 train 1.5182 val {'loss': 1.6082, 'tf_eq': 0.3571, 'tf_eq_scrambled': 0.3571, 'gen_acc': 0.0, 'gen_eq': 0.0, 'gen_exact': 0.0} 6s
plain s0 lr0.001 500 train 0.9900 val {'loss': 1.2917, 'tf_eq': 0.6071, 'tf_eq_scrambled': 0.6071, 'gen_acc': 0.0357, 'gen_eq': 0.0357, 'gen_exact': 0.0} 13s
plain s0 lr0.001 750 train 0.7058 val {'loss': 1.0301, 'tf_eq': 0.6607, 'tf_eq_scrambled': 0.6607, 'gen_acc': 0.2143, 'gen_eq': 0.2143, 'gen_exact': 0.0357} 18s
plain s0 lr0.001 1000 train 0.4860 val {'loss': 0.889, 'tf_eq': 0.5893, 'tf_eq_scrambled': 0.5893, 'gen_acc': 0.4286, 'gen_eq': 0.3929, 'gen_exact': 0.125} 23s
plain s0 lr0.001 1250 train 0.4113 val {'loss': 0.7851, 'tf_eq': 0.625, 'tf_eq_scrambled': 0.625, 'gen_acc': 0.5536, 'gen_eq': 0.5179, 'gen_exact': 0.1429} 28s
plain s0 lr0.001 1500 train 0.3475 val {'loss': 0.7672, 'tf_eq': 0.6607, 'tf_eq_scrambled': 0.6607, 'gen_acc': 0.5893, 'gen_eq': 0.5893, 'gen_exact': 0.2143} 34s
plain s0 lr0.001 1750 train 0.3070 val {'loss': 0.7887, 'tf_eq': 0.6071, 'tf_eq_scrambled': 0.6071, 'gen_acc': 0.5893, 'gen_eq': 0.5357, 'gen_exact': 0.1964} 39s
plain s0 lr0.001 2000 train 0.2998 val {'loss': 0.7961, 'tf_eq': 0.6071, 'tf_eq_scrambled': 0.6071, 'gen_acc': 0.5893, 'gen_eq': 0.5536, 'gen_exact': 0.2321} 44s
plain s0 lr0.001 2250 train 0.2854 val {'loss': 0.8114, 'tf_eq': 0.6429, 'tf_eq_scrambled': 0.6429, 'gen_acc': 0.5893, 'gen_eq': 0.5179, 'gen_exact': 0.1964} 48s
plain s0 lr0.001 2499 train 0.2774 val {'loss': 0.8032, 'tf_eq': 0.6429, 'tf_eq_scrambled': 0.6429, 'gen_acc': 0.6429, 'gen_eq': 0.5893, 'gen_exact': 0.2143} 53s
plain_s0 {'loss': 0.7862, 'tf_eq': 0.7033, 'tf_eq_scrambled': 0.7033, 'gen_acc': 0.6566, 'gen_eq': 0.6374, 'gen_exact': 0.2225}
plain s1 lr0.001 0 train 4.1390 val {'loss': 3.9279, 'tf_eq': 0.0, 'tf_eq_scrambled': 0.0, 'gen_acc': 0.0, 'gen_eq': 0.0, 'gen_exact': 0.0} 0s
plain s1 lr0.001 250 train 1.4951 val {'loss': 1.6291, 'tf_eq': 0.3929, 'tf_eq_scrambled': 0.3929, 'gen_acc': 0.0179, 'gen_eq': 0.0, 'gen_exact': 0.0} 6s
plain s1 lr0.001 500 train 1.0727 val {'loss': 1.3117, 'tf_eq': 0.5536, 'tf_eq_scrambled': 0.5536, 'gen_acc': 0.0357, 'gen_eq': 0.0536, 'gen_exact': 0.0} 11s
plain s1 lr0.001 750 train 0.7436 val {'loss': 1.0785, 'tf_eq': 0.625, 'tf_eq_scrambled': 0.625, 'gen_acc': 0.1429, 'gen_eq': 0.1429, 'gen_exact': 0.0} 16s
plain s1 lr0.001 1000 train 0.6180 val {'loss': 0.995, 'tf_eq': 0.625, 'tf_eq_scrambled': 0.625, 'gen_acc': 0.1786, 'gen_eq': 0.1429, 'gen_exact': 0.0357} 21s
plain s1 lr0.001 1250 train 0.4898 val {'loss': 0.8052, 'tf_eq': 0.6429, 'tf_eq_scrambled': 0.6429, 'gen_acc': 0.4464, 'gen_eq': 0.4643, 'gen_exact': 0.125} 27s
plain s1 lr0.001 1500 train 0.3723 val {'loss': 0.7242, 'tf_eq': 0.625, 'tf_eq_scrambled': 0.625, 'gen_acc': 0.6071, 'gen_eq': 0.5714, 'gen_exact': 0.2143} 32s
plain s1 lr0.001 1750 train 0.3621 val {'loss': 0.7161, 'tf_eq': 0.7143, 'tf_eq_scrambled': 0.7143, 'gen_acc': 0.6607, 'gen_eq': 0.6786, 'gen_exact': 0.3393} 37s
plain s1 lr0.001 2000 train 0.3132 val {'loss': 0.7109, 'tf_eq': 0.6607, 'tf_eq_scrambled': 0.6607, 'gen_acc': 0.6607, 'gen_eq': 0.625, 'gen_exact': 0.3214} 43s
plain s1 lr0.001 2250 train 0.2997 val {'loss': 0.7003, 'tf_eq': 0.6964, 'tf_eq_scrambled': 0.6964, 'gen_acc': 0.625, 'gen_eq': 0.625, 'gen_exact': 0.4286} 48s
plain s1 lr0.001 2499 train 0.2891 val {'loss': 0.6906, 'tf_eq': 0.6786, 'tf_eq_scrambled': 0.6786, 'gen_acc': 0.6607, 'gen_eq': 0.6607, 'gen_exact': 0.3571} 53s
plain_s1 {'loss': 0.7127, 'tf_eq': 0.6566, 'tf_eq_scrambled': 0.6566, 'gen_acc': 0.6291, 'gen_eq': 0.6099, 'gen_exact': 0.4093}
plain s2 lr0.001 0 train 4.1102 val {'loss': 3.9456, 'tf_eq': 0.0536, 'tf_eq_scrambled': 0.0536, 'gen_acc': 0.0, 'gen_eq': 0.0, 'gen_exact': 0.0} 0s
plain s2 lr0.001 250 train 1.4544 val {'loss': 1.6215, 'tf_eq': 0.3929, 'tf_eq_scrambled': 0.3929, 'gen_acc': 0.1071, 'gen_eq': 0.0536, 'gen_exact': 0.0} 5s
plain s2 lr0.001 500 train 1.0102 val {'loss': 1.2772, 'tf_eq': 0.5714, 'tf_eq_scrambled': 0.5714, 'gen_acc': 0.0714, 'gen_eq': 0.1071, 'gen_exact': 0.0} 10s
plain s2 lr0.001 750 train 0.7909 val {'loss': 1.0453, 'tf_eq': 0.625, 'tf_eq_scrambled': 0.625, 'gen_acc': 0.0179, 'gen_eq': 0.0179, 'gen_exact': 0.0} 15s
plain s2 lr0.001 1000 train 0.5755 val {'loss': 0.85, 'tf_eq': 0.625, 'tf_eq_scrambled': 0.625, 'gen_acc': 0.4464, 'gen_eq': 0.4107, 'gen_exact': 0.125} 20s
plain s2 lr0.001 1250 train 0.3915 val {'loss': 0.7317, 'tf_eq': 0.6429, 'tf_eq_scrambled': 0.6429, 'gen_acc': 0.625, 'gen_eq': 0.6071, 'gen_exact': 0.2679} 25s
plain s2 lr0.001 1500 train 0.3642 val {'loss': 0.7063, 'tf_eq': 0.625, 'tf_eq_scrambled': 0.625, 'gen_acc': 0.6071, 'gen_eq': 0.625, 'gen_exact': 0.2857} 30s
plain s2 lr0.001 1750 train 0.3117 val {'loss': 0.6777, 'tf_eq': 0.5893, 'tf_eq_scrambled': 0.5893, 'gen_acc': 0.5714, 'gen_eq': 0.5714, 'gen_exact': 0.3929} 35s
plain s2 lr0.001 2000 train 0.3073 val {'loss': 0.6634, 'tf_eq': 0.6429, 'tf_eq_scrambled': 0.6429, 'gen_acc': 0.6071, 'gen_eq': 0.625, 'gen_exact': 0.4286} 40s
plain s2 lr0.001 2250 train 0.2971 val {'loss': 0.7272, 'tf_eq': 0.625, 'tf_eq_scrambled': 0.625, 'gen_acc': 0.5179, 'gen_eq': 0.5536, 'gen_exact': 0.25} 45s
plain s2 lr0.001 2499 train 0.2710 val {'loss': 0.6839, 'tf_eq': 0.6429, 'tf_eq_scrambled': 0.6429, 'gen_acc': 0.6429, 'gen_eq': 0.625, 'gen_exact': 0.4643} 50s
plain_s2 {'loss': 0.6697, 'tf_eq': 0.7253, 'tf_eq_scrambled': 0.7253, 'gen_acc': 0.6731, 'gen_eq': 0.6923, 'gen_exact': 0.456}
small s0 lr0.0001 0 train 4.0860 val {'loss': 4.0498, 'tf_eq': 0.0179, 'tf_eq_scrambled': 0.0179, 'gen_acc': 0.0, 'gen_eq': 0.0, 'gen_exact': 0.0} 0s
small s0 lr0.0001 250 train 2.7407 val {'loss': 2.7628, 'tf_eq': 0.0, 'tf_eq_scrambled': 0.0, 'gen_acc': 0.0, 'gen_eq': 0.0, 'gen_exact': 0.0} 2s
small s0 lr0.0001 500 train 2.0448 val {'loss': 2.0743, 'tf_eq': 0.0357, 'tf_eq_scrambled': 0.0357, 'gen_acc': 0.0357, 'gen_eq': 0.0357, 'gen_exact': 0.0} 5s
small s0 lr0.0001 750 train 1.7026 val {'loss': 1.7597, 'tf_eq': 0.0357, 'tf_eq_scrambled': 0.0357, 'gen_acc': 0.0357, 'gen_eq': 0.0357, 'gen_exact': 0.0} 7s
small s0 lr0.0001 1000 train 1.3840 val {'loss': 1.5132, 'tf_eq': 0.0536, 'tf_eq_scrambled': 0.0536, 'gen_acc': 0.0357, 'gen_eq': 0.0357, 'gen_exact': 0.0} 10s
small s0 lr0.0001 1250 train 1.1122 val {'loss': 1.2455, 'tf_eq': 0.0357, 'tf_eq_scrambled': 0.0357, 'gen_acc': 0.0536, 'gen_eq': 0.0536, 'gen_exact': 0.0} 12s
small s0 lr0.0001 1500 train 0.8398 val {'loss': 1.0274, 'tf_eq': 0.0357, 'tf_eq_scrambled': 0.0357, 'gen_acc': 0.0357, 'gen_eq': 0.0357, 'gen_exact': 0.0} 14s
small s0 lr0.0001 1750 train 0.7019 val {'loss': 0.8717, 'tf_eq': 0.0536, 'tf_eq_scrambled': 0.0536, 'gen_acc': 0.0357, 'gen_eq': 0.0357, 'gen_exact': 0.0179} 17s
small s0 lr0.0001 2000 train 0.5822 val {'loss': 0.7749, 'tf_eq': 0.0536, 'tf_eq_scrambled': 0.0536, 'gen_acc': 0.0536, 'gen_eq': 0.0536, 'gen_exact': 0.0536} 19s
small s0 lr0.0001 2250 train 0.4943 val {'loss': 0.7286, 'tf_eq': 0.0714, 'tf_eq_scrambled': 0.0714, 'gen_acc': 0.0893, 'gen_eq': 0.0714, 'gen_exact': 0.0714} 22s
small s0 lr0.0001 2499 train 0.4853 val {'loss': 0.7104, 'tf_eq': 0.1071, 'tf_eq_scrambled': 0.1071, 'gen_acc': 0.125, 'gen_eq': 0.1071, 'gen_exact': 0.1071} 24s
small_s0 {'loss': 0.7167, 'tf_eq': 0.0907, 'tf_eq_scrambled': 0.0907, 'gen_acc': 0.0934, 'gen_eq': 0.0907, 'gen_exact': 0.0907}
small s1 lr0.0001 0 train 4.2565 val {'loss': 4.2657, 'tf_eq': 0.0, 'tf_eq_scrambled': 0.0, 'gen_acc': 0.0, 'gen_eq': 0.0, 'gen_exact': 0.0} 0s
small s1 lr0.0001 250 train 2.9638 val {'loss': 2.9757, 'tf_eq': 0.0, 'tf_eq_scrambled': 0.0, 'gen_acc': 0.0, 'gen_eq': 0.0, 'gen_exact': 0.0} 2s
small s1 lr0.0001 500 train 2.0970 val {'loss': 2.1669, 'tf_eq': 0.0714, 'tf_eq_scrambled': 0.0714, 'gen_acc': 0.0, 'gen_eq': 0.0714, 'gen_exact': 0.0} 5s
small s1 lr0.0001 750 train 1.6888 val {'loss': 1.7703, 'tf_eq': 0.0357, 'tf_eq_scrambled': 0.0357, 'gen_acc': 0.0179, 'gen_eq': 0.0357, 'gen_exact': 0.0} 7s
small s1 lr0.0001 1000 train 1.3345 val {'loss': 1.4489, 'tf_eq': 0.0357, 'tf_eq_scrambled': 0.0357, 'gen_acc': 0.0536, 'gen_eq': 0.0357, 'gen_exact': 0.0} 10s
small s1 lr0.0001 1250 train 1.0216 val {'loss': 1.1202, 'tf_eq': 0.0536, 'tf_eq_scrambled': 0.0536, 'gen_acc': 0.0536, 'gen_eq': 0.0714, 'gen_exact': 0.0179} 12s
small s1 lr0.0001 1500 train 0.7621 val {'loss': 0.9185, 'tf_eq': 0.0536, 'tf_eq_scrambled': 0.0536, 'gen_acc': 0.0714, 'gen_eq': 0.0714, 'gen_exact': 0.0536} 14s
small s1 lr0.0001 1750 train 0.6619 val {'loss': 0.805, 'tf_eq': 0.0714, 'tf_eq_scrambled': 0.0714, 'gen_acc': 0.0714, 'gen_eq': 0.0714, 'gen_exact': 0.0714} 17s
small s1 lr0.0001 2000 train 0.5648 val {'loss': 0.7448, 'tf_eq': 0.0714, 'tf_eq_scrambled': 0.0714, 'gen_acc': 0.0714, 'gen_eq': 0.0714, 'gen_exact': 0.0714} 19s
small s1 lr0.0001 2250 train 0.5033 val {'loss': 0.7136, 'tf_eq': 0.0357, 'tf_eq_scrambled': 0.0357, 'gen_acc': 0.0357, 'gen_eq': 0.0357, 'gen_exact': 0.0357} 21s
small s1 lr0.0001 2499 train 0.4772 val {'loss': 0.702, 'tf_eq': 0.0714, 'tf_eq_scrambled': 0.0714, 'gen_acc': 0.0714, 'gen_eq': 0.0714, 'gen_exact': 0.0714} 24s
small_s1 {'loss': 0.7031, 'tf_eq': 0.1154, 'tf_eq_scrambled': 0.1154, 'gen_acc': 0.1154, 'gen_eq': 0.1154, 'gen_exact': 0.1154}
small s2 lr0.0001 0 train 4.1616 val {'loss': 4.1285, 'tf_eq': 0.0, 'tf_eq_scrambled': 0.0, 'gen_acc': 0.0, 'gen_eq': 0.0, 'gen_exact': 0.0} 0s
small s2 lr0.0001 250 train 2.8573 val {'loss': 2.864, 'tf_eq': 0.0, 'tf_eq_scrambled': 0.0, 'gen_acc': 0.0, 'gen_eq': 0.0, 'gen_exact': 0.0} 2s
small s2 lr0.0001 500 train 2.0405 val {'loss': 2.0954, 'tf_eq': 0.0, 'tf_eq_scrambled': 0.0, 'gen_acc': 0.0357, 'gen_eq': 0.0, 'gen_exact': 0.0} 5s
small s2 lr0.0001 750 train 1.7336 val {'loss': 1.7718, 'tf_eq': 0.0357, 'tf_eq_scrambled': 0.0357, 'gen_acc': 0.0357, 'gen_eq': 0.0179, 'gen_exact': 0.0} 7s
small s2 lr0.0001 1000 train 1.4728 val {'loss': 1.555, 'tf_eq': 0.0, 'tf_eq_scrambled': 0.0, 'gen_acc': 0.0179, 'gen_eq': 0.0357, 'gen_exact': 0.0} 9s
small s2 lr0.0001 1250 train 1.1195 val {'loss': 1.2771, 'tf_eq': 0.0714, 'tf_eq_scrambled': 0.0714, 'gen_acc': 0.0536, 'gen_eq': 0.0714, 'gen_exact': 0.0} 12s
small s2 lr0.0001 1500 train 0.8527 val {'loss': 1.0045, 'tf_eq': 0.1071, 'tf_eq_scrambled': 0.1071, 'gen_acc': 0.0893, 'gen_eq': 0.1071, 'gen_exact': 0.0357} 14s
small s2 lr0.0001 1750 train 0.7147 val {'loss': 0.8387, 'tf_eq': 0.0714, 'tf_eq_scrambled': 0.0714, 'gen_acc': 0.0714, 'gen_eq': 0.0714, 'gen_exact': 0.0536} 16s
small s2 lr0.0001 2000 train 0.6269 val {'loss': 0.7504, 'tf_eq': 0.1071, 'tf_eq_scrambled': 0.1071, 'gen_acc': 0.1071, 'gen_eq': 0.1071, 'gen_exact': 0.1071} 19s
small s2 lr0.0001 2250 train 0.5046 val {'loss': 0.7086, 'tf_eq': 0.1071, 'tf_eq_scrambled': 0.1071, 'gen_acc': 0.1071, 'gen_eq': 0.1071, 'gen_exact': 0.1071} 21s
small s2 lr0.0001 2499 train 0.4476 val {'loss': 0.6862, 'tf_eq': 0.0893, 'tf_eq_scrambled': 0.0893, 'gen_acc': 0.0893, 'gen_eq': 0.0893, 'gen_exact': 0.0893} 23s
small_s2 {'loss': 0.7145, 'tf_eq': 0.1154, 'tf_eq_scrambled': 0.1154, 'gen_acc': 0.1154, 'gen_eq': 0.1154, 'gen_exact': 0.1099}
bigft s0 lr0.001 0 train 8.4817 val {'loss': 7.78, 'tf_eq': 1.0, 'tf_eq_scrambled': 1.0, 'gen_acc': 0.0, 'gen_eq': 0.0357, 'gen_exact': 0.0} 0s
bigft s0 lr0.001 250 train 0.5598 val {'loss': 1.0934, 'tf_eq': 0.5536, 'tf_eq_scrambled': 0.5536, 'gen_acc': 0.1964, 'gen_eq': 0.5179, 'gen_exact': 0.0179} 3s
bigft s0 lr0.001 500 train 0.2813 val {'loss': 1.1265, 'tf_eq': 0.4821, 'tf_eq_scrambled': 0.4821, 'gen_acc': 0.4464, 'gen_eq': 0.4821, 'gen_exact': 0.1071} 6s
bigft s0 lr0.001 750 train 0.2707 val {'loss': 1.1828, 'tf_eq': 0.4464, 'tf_eq_scrambled': 0.4464, 'gen_acc': 0.4107, 'gen_eq': 0.4464, 'gen_exact': 0.0893} 8s
bigft s0 lr0.001 1000 train 0.2639 val {'loss': 1.1473, 'tf_eq': 0.4821, 'tf_eq_scrambled': 0.4821, 'gen_acc': 0.4286, 'gen_eq': 0.4821, 'gen_exact': 0.125} 11s
bigft s0 lr0.001 1250 train 0.2631 val {'loss': 1.1194, 'tf_eq': 0.4464, 'tf_eq_scrambled': 0.4464, 'gen_acc': 0.4107, 'gen_eq': 0.4464, 'gen_exact': 0.1071} 14s
bigft s0 lr0.001 1500 train 0.2780 val {'loss': 1.1236, 'tf_eq': 0.4643, 'tf_eq_scrambled': 0.4643, 'gen_acc': 0.4286, 'gen_eq': 0.4643, 'gen_exact': 0.125} 16s
bigft s0 lr0.001 1750 train 0.2607 val {'loss': 1.1404, 'tf_eq': 0.4286, 'tf_eq_scrambled': 0.4286, 'gen_acc': 0.4107, 'gen_eq': 0.4286, 'gen_exact': 0.125} 19s
bigft s0 lr0.001 2000 train 0.2659 val {'loss': 1.1259, 'tf_eq': 0.4286, 'tf_eq_scrambled': 0.4286, 'gen_acc': 0.4286, 'gen_eq': 0.4286, 'gen_exact': 0.1429} 22s
bigft s0 lr0.001 2250 train 0.2641 val {'loss': 1.1692, 'tf_eq': 0.4286, 'tf_eq_scrambled': 0.4286, 'gen_acc': 0.4107, 'gen_eq': 0.4286, 'gen_exact': 0.1429} 25s
bigft s0 lr0.001 2499 train 0.2580 val {'loss': 1.1289, 'tf_eq': 0.4107, 'tf_eq_scrambled': 0.4107, 'gen_acc': 0.375, 'gen_eq': 0.4107, 'gen_exact': 0.1071} 27s
bigft_s0 {'loss': 1.0971, 'tf_eq': 0.4808, 'tf_eq_scrambled': 0.4808, 'gen_acc': 0.4258, 'gen_eq': 0.4808, 'gen_exact': 0.1538}
bigft s1 lr0.001 0 train 8.3462 val {'loss': 7.7482, 'tf_eq': 1.0, 'tf_eq_scrambled': 1.0, 'gen_acc': 0.0, 'gen_eq': 0.0, 'gen_exact': 0.0} 0s
bigft s1 lr0.001 250 train 0.5289 val {'loss': 1.0091, 'tf_eq': 0.5536, 'tf_eq_scrambled': 0.5536, 'gen_acc': 0.1429, 'gen_eq': 0.4821, 'gen_exact': 0.0179} 3s
bigft s1 lr0.001 500 train 0.2746 val {'loss': 0.999, 'tf_eq': 0.5179, 'tf_eq_scrambled': 0.5179, 'gen_acc': 0.3571, 'gen_eq': 0.5, 'gen_exact': 0.1607} 5s
bigft s1 lr0.001 750 train 0.2710 val {'loss': 1.0571, 'tf_eq': 0.4821, 'tf_eq_scrambled': 0.4821, 'gen_acc': 0.375, 'gen_eq': 0.4821, 'gen_exact': 0.0893} 8s
bigft s1 lr0.001 1000 train 0.2749 val {'loss': 1.0327, 'tf_eq': 0.5, 'tf_eq_scrambled': 0.5, 'gen_acc': 0.4464, 'gen_eq': 0.5, 'gen_exact': 0.125} 11s
bigft s1 lr0.001 1250 train 0.2717 val {'loss': 1.0075, 'tf_eq': 0.4286, 'tf_eq_scrambled': 0.4286, 'gen_acc': 0.375, 'gen_eq': 0.4286, 'gen_exact': 0.125} 14s
bigft s1 lr0.001 1500 train 0.2529 val {'loss': 1.0383, 'tf_eq': 0.4107, 'tf_eq_scrambled': 0.4107, 'gen_acc': 0.3571, 'gen_eq': 0.4107, 'gen_exact': 0.1071} 16s
bigft s1 lr0.001 1750 train 0.2610 val {'loss': 1.0411, 'tf_eq': 0.3929, 'tf_eq_scrambled': 0.3929, 'gen_acc': 0.3571, 'gen_eq': 0.3929, 'gen_exact': 0.1071} 19s
bigft s1 lr0.001 2000 train 0.2565 val {'loss': 1.0954, 'tf_eq': 0.375, 'tf_eq_scrambled': 0.375, 'gen_acc': 0.3036, 'gen_eq': 0.375, 'gen_exact': 0.125} 22s
bigft s1 lr0.001 2250 train 0.2610 val {'loss': 1.0559, 'tf_eq': 0.375, 'tf_eq_scrambled': 0.375, 'gen_acc': 0.3214, 'gen_eq': 0.375, 'gen_exact': 0.125} 25s
bigft s1 lr0.001 2499 train 0.2681 val {'loss': 1.0512, 'tf_eq': 0.4286, 'tf_eq_scrambled': 0.4286, 'gen_acc': 0.3571, 'gen_eq': 0.4286, 'gen_exact': 0.125} 27s
bigft_s1 {'loss': 1.0654, 'tf_eq': 0.5055, 'tf_eq_scrambled': 0.5055, 'gen_acc': 0.4093, 'gen_eq': 0.5055, 'gen_exact': 0.1703}
bigft s2 lr0.001 0 train 8.4933 val {'loss': 7.7721, 'tf_eq': 0.9821, 'tf_eq_scrambled': 0.9821, 'gen_acc': 0.0, 'gen_eq': 0.0179, 'gen_exact': 0.0} 0s
bigft s2 lr0.001 250 train 0.5107 val {'loss': 1.0165, 'tf_eq': 0.5893, 'tf_eq_scrambled': 0.5893, 'gen_acc': 0.2679, 'gen_eq': 0.5, 'gen_exact': 0.0179} 3s
bigft s2 lr0.001 500 train 0.2756 val {'loss': 1.134, 'tf_eq': 0.5179, 'tf_eq_scrambled': 0.5179, 'gen_acc': 0.3929, 'gen_eq': 0.4643, 'gen_exact': 0.125} 6s
bigft s2 lr0.001 750 train 0.2701 val {'loss': 1.1955, 'tf_eq': 0.5, 'tf_eq_scrambled': 0.5, 'gen_acc': 0.4286, 'gen_eq': 0.4643, 'gen_exact': 0.1429} 8s
bigft s2 lr0.001 1000 train 0.2767 val {'loss': 1.1396, 'tf_eq': 0.5179, 'tf_eq_scrambled': 0.5179, 'gen_acc': 0.4286, 'gen_eq': 0.5, 'gen_exact': 0.1607} 11s
bigft s2 lr0.001 1250 train 0.2667 val {'loss': 1.2043, 'tf_eq': 0.4821, 'tf_eq_scrambled': 0.4821, 'gen_acc': 0.3929, 'gen_eq': 0.4464, 'gen_exact': 0.1429} 14s
bigft s2 lr0.001 1500 train 0.2729 val {'loss': 1.1697, 'tf_eq': 0.5, 'tf_eq_scrambled': 0.5, 'gen_acc': 0.4107, 'gen_eq': 0.5, 'gen_exact': 0.1429} 17s
bigft s2 lr0.001 1750 train 0.2643 val {'loss': 1.163, 'tf_eq': 0.5, 'tf_eq_scrambled': 0.5, 'gen_acc': 0.4464, 'gen_eq': 0.4821, 'gen_exact': 0.1429} 19s
bigft s2 lr0.001 2000 train 0.2597 val {'loss': 1.1837, 'tf_eq': 0.5, 'tf_eq_scrambled': 0.5, 'gen_acc': 0.4464, 'gen_eq': 0.4821, 'gen_exact': 0.1607} 22s
bigft s2 lr0.001 2250 train 0.2591 val {'loss': 1.1545, 'tf_eq': 0.5, 'tf_eq_scrambled': 0.5, 'gen_acc': 0.4643, 'gen_eq': 0.4821, 'gen_exact': 0.1607} 25s
bigft s2 lr0.001 2499 train 0.2593 val {'loss': 1.1485, 'tf_eq': 0.5179, 'tf_eq_scrambled': 0.5179, 'gen_acc': 0.4643, 'gen_eq': 0.5, 'gen_exact': 0.1429} 28s
bigft_s2 {'loss': 1.1058, 'tf_eq': 0.544, 'tf_eq_scrambled': 0.544, 'gen_acc': 0.5027, 'gen_eq': 0.5302, 'gen_exact': 0.1593}
head s0 lr0.003 0 train 4.3027 val {'loss': 4.1853, 'tf_eq': 0.0, 'tf_eq_scrambled': 0.0, 'gen_acc': 0.0, 'gen_eq': 0.0714, 'gen_exact': 0.0} 0s
head s0 lr0.003 250 train 2.2471 val {'loss': 2.3455, 'tf_eq': 0.5893, 'tf_eq_scrambled': 0.5893, 'gen_acc': 0.0, 'gen_eq': 0.0, 'gen_exact': 0.0} 1s
head s0 lr0.003 500 train 2.0054 val {'loss': 2.1561, 'tf_eq': 0.625, 'tf_eq_scrambled': 0.625, 'gen_acc': 0.0714, 'gen_eq': 0.0, 'gen_exact': 0.0} 2s
head s0 lr0.003 750 train 1.8694 val {'loss': 2.0246, 'tf_eq': 0.625, 'tf_eq_scrambled': 0.625, 'gen_acc': 0.0179, 'gen_eq': 0.0, 'gen_exact': 0.0} 4s
head s0 lr0.003 1000 train 1.7318 val {'loss': 1.9591, 'tf_eq': 0.625, 'tf_eq_scrambled': 0.625, 'gen_acc': 0.0, 'gen_eq': 0.0, 'gen_exact': 0.0} 5s
head s0 lr0.003 1250 train 1.6717 val {'loss': 1.8889, 'tf_eq': 0.625, 'tf_eq_scrambled': 0.625, 'gen_acc': 0.0357, 'gen_eq': 0.0, 'gen_exact': 0.0} 6s
head s0 lr0.003 1500 train 1.6028 val {'loss': 1.8633, 'tf_eq': 0.625, 'tf_eq_scrambled': 0.625, 'gen_acc': 0.0, 'gen_eq': 0.0, 'gen_exact': 0.0} 7s
head s0 lr0.003 1750 train 1.5431 val {'loss': 1.83, 'tf_eq': 0.625, 'tf_eq_scrambled': 0.625, 'gen_acc': 0.0, 'gen_eq': 0.0, 'gen_exact': 0.0} 9s
head s0 lr0.003 2000 train 1.4962 val {'loss': 1.7904, 'tf_eq': 0.625, 'tf_eq_scrambled': 0.625, 'gen_acc': 0.0179, 'gen_eq': 0.0, 'gen_exact': 0.0} 10s
head s0 lr0.003 2250 train 1.4189 val {'loss': 1.7961, 'tf_eq': 0.625, 'tf_eq_scrambled': 0.625, 'gen_acc': 0.0, 'gen_eq': 0.0, 'gen_exact': 0.0} 11s
head s0 lr0.003 2499 train 1.4785 val {'loss': 1.7671, 'tf_eq': 0.6071, 'tf_eq_scrambled': 0.6071, 'gen_acc': 0.0536, 'gen_eq': 0.0179, 'gen_exact': 0.0} 12s
head_s0 {'loss': 1.7918, 'tf_eq': 0.5989, 'tf_eq_scrambled': 0.5989, 'gen_acc': 0.0137, 'gen_eq': 0.0027, 'gen_exact': 0.0}
head s1 lr0.003 0 train 4.3783 val {'loss': 4.2507, 'tf_eq': 0.0179, 'tf_eq_scrambled': 0.0179, 'gen_acc': 0.0, 'gen_eq': 0.0714, 'gen_exact': 0.0} 0s
head s1 lr0.003 250 train 2.2382 val {'loss': 2.3519, 'tf_eq': 0.5893, 'tf_eq_scrambled': 0.5893, 'gen_acc': 0.0, 'gen_eq': 0.0, 'gen_exact': 0.0} 1s
head s1 lr0.003 500 train 1.9659 val {'loss': 2.1522, 'tf_eq': 0.6429, 'tf_eq_scrambled': 0.6429, 'gen_acc': 0.0, 'gen_eq': 0.0, 'gen_exact': 0.0} 3s
head s1 lr0.003 750 train 1.8208 val {'loss': 2.0424, 'tf_eq': 0.6429, 'tf_eq_scrambled': 0.6429, 'gen_acc': 0.0536, 'gen_eq': 0.0, 'gen_exact': 0.0} 4s
head s1 lr0.003 1000 train 1.7233 val {'loss': 1.9594, 'tf_eq': 0.6071, 'tf_eq_scrambled': 0.6071, 'gen_acc': 0.0714, 'gen_eq': 0.0357, 'gen_exact': 0.0} 5s
head s1 lr0.003 1250 train 1.7073 val {'loss': 1.9141, 'tf_eq': 0.625, 'tf_eq_scrambled': 0.625, 'gen_acc': 0.0, 'gen_eq': 0.0, 'gen_exact': 0.0} 14s
head s1 lr0.003 1500 train 1.5931 val {'loss': 1.8643, 'tf_eq': 0.625, 'tf_eq_scrambled': 0.625, 'gen_acc': 0.0179, 'gen_eq': 0.0, 'gen_exact': 0.0} 15s
head s1 lr0.003 1750 train 1.6018 val {'loss': 1.819, 'tf_eq': 0.6429, 'tf_eq_scrambled': 0.6429, 'gen_acc': 0.0179, 'gen_eq': 0.0, 'gen_exact': 0.0} 17s
head s1 lr0.003 2000 train 1.5091 val {'loss': 1.8068, 'tf_eq': 0.625, 'tf_eq_scrambled': 0.625, 'gen_acc': 0.0536, 'gen_eq': 0.0179, 'gen_exact': 0.0} 18s
head s1 lr0.003 2250 train 1.4716 val {'loss': 1.7712, 'tf_eq': 0.625, 'tf_eq_scrambled': 0.625, 'gen_acc': 0.0357, 'gen_eq': 0.0, 'gen_exact': 0.0} 20s
head s1 lr0.003 2499 train 1.4628 val {'loss': 1.7768, 'tf_eq': 0.625, 'tf_eq_scrambled': 0.625, 'gen_acc': 0.0357, 'gen_eq': 0.0179, 'gen_exact': 0.0} 23s
head_s1 {'loss': 1.7944, 'tf_eq': 0.6154, 'tf_eq_scrambled': 0.6154, 'gen_acc': 0.0082, 'gen_eq': 0.0027, 'gen_exact': 0.0}
head s2 lr0.003 0 train 4.1901 val {'loss': 4.0843, 'tf_eq': 0.0536, 'tf_eq_scrambled': 0.0536, 'gen_acc': 0.0, 'gen_eq': 0.0, 'gen_exact': 0.0} 0s
head s2 lr0.003 250 train 2.1808 val {'loss': 2.3371, 'tf_eq': 0.5179, 'tf_eq_scrambled': 0.5179, 'gen_acc': 0.0, 'gen_eq': 0.0, 'gen_exact': 0.0} 1s
head s2 lr0.003 500 train 2.0024 val {'loss': 2.1388, 'tf_eq': 0.6071, 'tf_eq_scrambled': 0.6071, 'gen_acc': 0.0, 'gen_eq': 0.0, 'gen_exact': 0.0} 3s
head s2 lr0.003 750 train 1.8734 val {'loss': 2.0306, 'tf_eq': 0.625, 'tf_eq_scrambled': 0.625, 'gen_acc': 0.0, 'gen_eq': 0.0, 'gen_exact': 0.0} 633s
head s2 lr0.003 1000 train 1.7558 val {'loss': 1.9492, 'tf_eq': 0.6429, 'tf_eq_scrambled': 0.6429, 'gen_acc': 0.0179, 'gen_eq': 0.0, 'gen_exact': 0.0} 635s
head s2 lr0.003 1250 train 1.6460 val {'loss': 1.8979, 'tf_eq': 0.6071, 'tf_eq_scrambled': 0.6071, 'gen_acc': 0.0, 'gen_eq': 0.0357, 'gen_exact': 0.0} 636s
head s2 lr0.003 1500 train 1.5903 val {'loss': 1.851, 'tf_eq': 0.625, 'tf_eq_scrambled': 0.625, 'gen_acc': 0.0, 'gen_eq': 0.0, 'gen_exact': 0.0} 638s
head s2 lr0.003 1750 train 1.5646 val {'loss': 1.8256, 'tf_eq': 0.625, 'tf_eq_scrambled': 0.625, 'gen_acc': 0.0, 'gen_eq': 0.0179, 'gen_exact': 0.0} 639s
head s2 lr0.003 2000 train 1.5314 val {'loss': 1.7996, 'tf_eq': 0.6071, 'tf_eq_scrambled': 0.6071, 'gen_acc': 0.0, 'gen_eq': 0.0, 'gen_exact': 0.0} 641s
head s2 lr0.003 2250 train 1.4716 val {'loss': 1.7784, 'tf_eq': 0.6071, 'tf_eq_scrambled': 0.6071, 'gen_acc': 0.0357, 'gen_eq': 0.0357, 'gen_exact': 0.0} 643s
head s2 lr0.003 2499 train 1.4296 val {'loss': 1.7571, 'tf_eq': 0.625, 'tf_eq_scrambled': 0.625, 'gen_acc': 0.0357, 'gen_eq': 0.0, 'gen_exact': 0.0} 1206s
head_s2 {'loss': 1.7834, 'tf_eq': 0.5989, 'tf_eq_scrambled': 0.5989, 'gen_acc': 0.0137, 'gen_eq': 0.0, 'gen_exact': 0.0}
