released s0 lr0.0003 0 train 4.1622 val {'loss': 4.1303, 'tf_eq': 0.0536, 'tf_eq_scrambled': 0.0536, 'gen_acc': 0.0, 'gen_eq': 0.0536, 'gen_exact': 0.0} 0s
released s0 lr0.0003 250 train 2.2906 val {'loss': 2.3684, 'tf_eq': 0.0893, 'tf_eq_scrambled': 0.0893, 'gen_acc': 0.0357, 'gen_eq': 0.0357, 'gen_exact': 0.0} 5s
released s0 lr0.0003 500 train 1.7177 val {'loss': 1.8823, 'tf_eq': 0.1607, 'tf_eq_scrambled': 0.1607, 'gen_acc': 0.0357, 'gen_eq': 0.0357, 'gen_exact': 0.0} 10s
released s0 lr0.0003 750 train 1.4610 val {'loss': 1.6389, 'tf_eq': 0.1964, 'tf_eq_scrambled': 0.1786, 'gen_acc': 0.0357, 'gen_eq': 0.0357, 'gen_exact': 0.0} 15s
released s0 lr0.0003 1000 train 1.1826 val {'loss': 1.4543, 'tf_eq': 0.2321, 'tf_eq_scrambled': 0.2143, 'gen_acc': 0.0179, 'gen_eq': 0.0179, 'gen_exact': 0.0} 20s
released s0 lr0.0003 1250 train 1.0080 val {'loss': 1.3014, 'tf_eq': 0.25, 'tf_eq_scrambled': 0.2857, 'gen_acc': 0.0179, 'gen_eq': 0.0179, 'gen_exact': 0.0} 26s
released s0 lr0.0003 1500 train 0.7475 val {'loss': 1.1698, 'tf_eq': 0.3393, 'tf_eq_scrambled': 0.3393, 'gen_acc': 0.0179, 'gen_eq': 0.0893, 'gen_exact': 0.0} 31s
released s0 lr0.0003 1750 train 0.6361 val {'loss': 1.0618, 'tf_eq': 0.4107, 'tf_eq_scrambled': 0.3929, 'gen_acc': 0.0357, 'gen_eq': 0.125, 'gen_exact': 0.0} 37s
released s0 lr0.0003 2000 train 0.4652 val {'loss': 0.9455, 'tf_eq': 0.5, 'tf_eq_scrambled': 0.4464, 'gen_acc': 0.1071, 'gen_eq': 0.1071, 'gen_exact': 0.0} 43s
released s0 lr0.0003 2250 train 0.3172 val {'loss': 0.8399, 'tf_eq': 0.5357, 'tf_eq_scrambled': 0.4821, 'gen_acc': 0.0357, 'gen_eq': 0.0893, 'gen_exact': 0.0} 49s
released s0 lr0.0003 2499 train 0.2662 val {'loss': 0.7439, 'tf_eq': 0.5536, 'tf_eq_scrambled': 0.4643, 'gen_acc': 0.0536, 'gen_eq': 0.0714, 'gen_exact': 0.0} 54s
released s0 lr0.001 0 train 4.1622 val {'loss': 4.0519, 'tf_eq': 0.0536, 'tf_eq_scrambled': 0.0536, 'gen_acc': 0.0, 'gen_eq': 0.0893, 'gen_exact': 0.0} 0s
released s0 lr0.001 250 train 1.4390 val {'loss': 1.6091, 'tf_eq': 0.1964, 'tf_eq_scrambled': 0.1786, 'gen_acc': 0.0, 'gen_eq': 0.0357, 'gen_exact': 0.0} 5s
released s0 lr0.001 500 train 0.7568 val {'loss': 1.1782, 'tf_eq': 0.375, 'tf_eq_scrambled': 0.375, 'gen_acc': 0.0179, 'gen_eq': 0.0179, 'gen_exact': 0.0} 10s
released s0 lr0.001 750 train 0.3143 val {'loss': 0.7852, 'tf_eq': 0.4643, 'tf_eq_scrambled': 0.3929, 'gen_acc': 0.0893, 'gen_eq': 0.0, 'gen_exact': 0.0} 15s
released s0 lr0.001 1000 train 0.0748 val {'loss': 0.591, 'tf_eq': 0.5179, 'tf_eq_scrambled': 0.3929, 'gen_acc': 0.0, 'gen_eq': 0.0, 'gen_exact': 0.0} 20s
released s0 lr0.001 1250 train 0.0262 val {'loss': 0.4852, 'tf_eq': 0.5714, 'tf_eq_scrambled': 0.4107, 'gen_acc': 0.0179, 'gen_eq': 0.0179, 'gen_exact': 0.0} 25s
released s0 lr0.001 1500 train 0.0106 val {'loss': 0.4786, 'tf_eq': 0.5893, 'tf_eq_scrambled': 0.4107, 'gen_acc': 0.0179, 'gen_eq': 0.0179, 'gen_exact': 0.0} 30s
released s0 lr0.001 1750 train 0.0112 val {'loss': 0.4126, 'tf_eq': 0.5357, 'tf_eq_scrambled': 0.3929, 'gen_acc': 0.0536, 'gen_eq': 0.0536, 'gen_exact': 0.0} 35s
released s0 lr0.001 2000 train 0.0098 val {'loss': 0.4773, 'tf_eq': 0.5714, 'tf_eq_scrambled': 0.4464, 'gen_acc': 0.0, 'gen_eq': 0.0, 'gen_exact': 0.0} 40s
released s0 lr0.001 2250 train 0.0044 val {'loss': 0.3802, 'tf_eq': 0.5714, 'tf_eq_scrambled': 0.4464, 'gen_acc': 0.0893, 'gen_eq': 0.0893, 'gen_exact': 0.0} 44s
released s0 lr0.001 2499 train 0.0023 val {'loss': 0.489, 'tf_eq': 0.5536, 'tf_eq_scrambled': 0.4464, 'gen_acc': 0.0, 'gen_eq': 0.0, 'gen_exact': 0.0} 49s
released s0 lr0.003 0 train 4.1622 val {'loss': 3.8839, 'tf_eq': 0.0714, 'tf_eq_scrambled': 0.0893, 'gen_acc': 0.0, 'gen_eq': 0.1071, 'gen_exact': 0.0} 0s
released s0 lr0.003 250 train 0.4041 val {'loss': 0.8928, 'tf_eq': 0.4821, 'tf_eq_scrambled': 0.4643, 'gen_acc': 0.0179, 'gen_eq': 0.0179, 'gen_exact': 0.0} 5s
released s0 lr0.003 500 train 0.0382 val {'loss': 0.5168, 'tf_eq': 0.5, 'tf_eq_scrambled': 0.4464, 'gen_acc': 0.0179, 'gen_eq': 0.0, 'gen_exact': 0.0} 10s
released s0 lr0.003 750 train 0.0091 val {'loss': 0.4821, 'tf_eq': 0.625, 'tf_eq_scrambled': 0.5, 'gen_acc': 0.0, 'gen_eq': 0.0, 'gen_exact': 0.0} 15s
released s0 lr0.003 1000 train 0.0052 val {'loss': 0.4415, 'tf_eq': 0.625, 'tf_eq_scrambled': 0.3929, 'gen_acc': 0.0, 'gen_eq': 0.0, 'gen_exact': 0.0} 19s
released s0 lr0.003 1250 train 0.0028 val {'loss': 0.3736, 'tf_eq': 0.6786, 'tf_eq_scrambled': 0.4464, 'gen_acc': 0.0, 'gen_eq': 0.0, 'gen_exact': 0.0} 24s
released s0 lr0.003 1500 train 0.0061 val {'loss': 0.3321, 'tf_eq': 0.7143, 'tf_eq_scrambled': 0.4107, 'gen_acc': 0.0, 'gen_eq': 0.0, 'gen_exact': 0.0} 29s
released s0 lr0.003 1750 train 0.0013 val {'loss': 0.3798, 'tf_eq': 0.7143, 'tf_eq_scrambled': 0.4286, 'gen_acc': 0.0, 'gen_eq': 0.0, 'gen_exact': 0.0} 34s
released s0 lr0.003 2000 train 0.0004 val {'loss': 0.2956, 'tf_eq': 0.7679, 'tf_eq_scrambled': 0.5, 'gen_acc': 0.0, 'gen_eq': 0.0, 'gen_exact': 0.0} 40s
released s0 lr0.003 2250 train 0.0032 val {'loss': 0.2543, 'tf_eq': 0.8036, 'tf_eq_scrambled': 0.4643, 'gen_acc': 0.0893, 'gen_eq': 0.0893, 'gen_exact': 0.0} 46s
released s0 lr0.003 2499 train 0.0007 val {'loss': 0.2382, 'tf_eq': 0.8036, 'tf_eq_scrambled': 0.4464, 'gen_acc': 0.0536, 'gen_eq': 0.0536, 'gen_exact': 0.0} 52s
causal s0 lr0.0003 0 train 4.1659 val {'loss': 4.1318, 'tf_eq': 0.0536, 'tf_eq_scrambled': 0.0536, 'gen_acc': 0.0, 'gen_eq': 0.0536, 'gen_exact': 0.0} 0s
causal s0 lr0.0003 250 train 2.2629 val {'loss': 2.3093, 'tf_eq': 0.125, 'tf_eq_scrambled': 0.125, 'gen_acc': 0.0, 'gen_eq': 0.0714, 'gen_exact': 0.0} 6s
causal s0 lr0.0003 500 train 1.7853 val {'loss': 1.8832, 'tf_eq': 0.125, 'tf_eq_scrambled': 0.125, 'gen_acc': 0.0179, 'gen_eq': 0.0536, 'gen_exact': 0.0} 13s
causal s0 lr0.0003 750 train 1.5457 val {'loss': 1.6326, 'tf_eq': 0.1429, 'tf_eq_scrambled': 0.1429, 'gen_acc': 0.0, 'gen_eq': 0.0179, 'gen_exact': 0.0} 19s
causal s0 lr0.0003 1000 train 1.3368 val {'loss': 1.4872, 'tf_eq': 0.25, 'tf_eq_scrambled': 0.25, 'gen_acc': 0.0536, 'gen_eq': 0.0357, 'gen_exact': 0.0} 25s
causal s0 lr0.0003 1250 train 1.2102 val {'loss': 1.3682, 'tf_eq': 0.3214, 'tf_eq_scrambled': 0.3214, 'gen_acc': 0.0536, 'gen_eq': 0.0714, 'gen_exact': 0.0} 31s
causal s0 lr0.0003 1500 train 1.0433 val {'loss': 1.2439, 'tf_eq': 0.4107, 'tf_eq_scrambled': 0.4107, 'gen_acc': 0.25, 'gen_eq': 0.1786, 'gen_exact': 0.0357} 37s
causal s0 lr0.0003 1750 train 0.9043 val {'loss': 1.1354, 'tf_eq': 0.4821, 'tf_eq_scrambled': 0.4821, 'gen_acc': 0.2679, 'gen_eq': 0.2857, 'gen_exact': 0.0536} 42s
causal s0 lr0.0003 2000 train 0.7542 val {'loss': 1.0285, 'tf_eq': 0.5357, 'tf_eq_scrambled': 0.5357, 'gen_acc': 0.4821, 'gen_eq': 0.4643, 'gen_exact': 0.1429} 48s
causal s0 lr0.0003 2250 train 0.6235 val {'loss': 0.9583, 'tf_eq': 0.6071, 'tf_eq_scrambled': 0.6071, 'gen_acc': 0.4464, 'gen_eq': 0.5, 'gen_exact': 0.1071} 54s
causal s0 lr0.0003 2499 train 0.6100 val {'loss': 0.8825, 'tf_eq': 0.625, 'tf_eq_scrambled': 0.625, 'gen_acc': 0.4821, 'gen_eq': 0.5179, 'gen_exact': 0.125} 60s
causal s0 lr0.001 0 train 4.1659 val {'loss': 4.053, 'tf_eq': 0.0536, 'tf_eq_scrambled': 0.0536, 'gen_acc': 0.0, 'gen_eq': 0.0893, 'gen_exact': 0.0} 0s
causal s0 lr0.001 250 train 1.5847 val {'loss': 1.6768, 'tf_eq': 0.2321, 'tf_eq_scrambled': 0.2321, 'gen_acc': 0.0179, 'gen_eq': 0.0179, 'gen_exact': 0.0} 6s
causal s0 lr0.001 500 train 1.0423 val {'loss': 1.2737, 'tf_eq': 0.4643, 'tf_eq_scrambled': 0.4643, 'gen_acc': 0.0357, 'gen_eq': 0.0179, 'gen_exact': 0.0} 11s
causal s0 lr0.001 750 train 0.7084 val {'loss': 0.9858, 'tf_eq': 0.6071, 'tf_eq_scrambled': 0.6071, 'gen_acc': 0.2857, 'gen_eq': 0.3036, 'gen_exact': 0.0179} 17s
causal s0 lr0.001 1000 train 0.4758 val {'loss': 0.8169, 'tf_eq': 0.6071, 'tf_eq_scrambled': 0.6071, 'gen_acc': 0.4821, 'gen_eq': 0.5179, 'gen_exact': 0.125} 21s
causal s0 lr0.001 1250 train 0.4080 val {'loss': 0.7549, 'tf_eq': 0.6071, 'tf_eq_scrambled': 0.6071, 'gen_acc': 0.5893, 'gen_eq': 0.5536, 'gen_exact': 0.1429} 26s
causal s0 lr0.001 1500 train 0.3525 val {'loss': 0.6932, 'tf_eq': 0.6429, 'tf_eq_scrambled': 0.6429, 'gen_acc': 0.6071, 'gen_eq': 0.6071, 'gen_exact': 0.3036} 32s
causal s0 lr0.001 1750 train 0.3134 val {'loss': 0.7068, 'tf_eq': 0.6607, 'tf_eq_scrambled': 0.6607, 'gen_acc': 0.625, 'gen_eq': 0.6429, 'gen_exact': 0.3214} 37s
causal s0 lr0.001 2000 train 0.2979 val {'loss': 0.6714, 'tf_eq': 0.75, 'tf_eq_scrambled': 0.75, 'gen_acc': 0.7321, 'gen_eq': 0.75, 'gen_exact': 0.4821} 43s
causal s0 lr0.001 2250 train 0.2952 val {'loss': 0.7429, 'tf_eq': 0.625, 'tf_eq_scrambled': 0.625, 'gen_acc': 0.625, 'gen_eq': 0.5893, 'gen_exact': 0.3214} 48s
causal s0 lr0.001 2499 train 0.2889 val {'loss': 0.6983, 'tf_eq': 0.7143, 'tf_eq_scrambled': 0.7143, 'gen_acc': 0.6964, 'gen_eq': 0.6786, 'gen_exact': 0.5} 53s
causal s0 lr0.003 0 train 4.1659 val {'loss': 3.8843, 'tf_eq': 0.0714, 'tf_eq_scrambled': 0.0714, 'gen_acc': 0.0, 'gen_eq': 0.0893, 'gen_exact': 0.0} 0s
causal s0 lr0.003 250 train 0.9285 val {'loss': 1.1927, 'tf_eq': 0.6071, 'tf_eq_scrambled': 0.6071, 'gen_acc': 0.0536, 'gen_eq': 0.0179, 'gen_exact': 0.0} 6s
causal s0 lr0.003 500 train 0.6031 val {'loss': 1.073, 'tf_eq': 0.6964, 'tf_eq_scrambled': 0.6964, 'gen_acc': 0.0536, 'gen_eq': 0.0536, 'gen_exact': 0.0179} 11s
causal s0 lr0.003 750 train 0.4226 val {'loss': 0.968, 'tf_eq': 0.6786, 'tf_eq_scrambled': 0.6786, 'gen_acc': 0.2143, 'gen_eq': 0.2321, 'gen_exact': 0.0357} 17s
causal s0 lr0.003 1000 train 0.3256 val {'loss': 0.859, 'tf_eq': 0.625, 'tf_eq_scrambled': 0.625, 'gen_acc': 0.5357, 'gen_eq': 0.4643, 'gen_exact': 0.1429} 23s
causal s0 lr0.003 1250 train 0.3163 val {'loss': 0.8703, 'tf_eq': 0.6607, 'tf_eq_scrambled': 0.6607, 'gen_acc': 0.625, 'gen_eq': 0.5714, 'gen_exact': 0.1607} 28s
causal s0 lr0.003 1500 train 0.3122 val {'loss': 0.9804, 'tf_eq': 0.6786, 'tf_eq_scrambled': 0.6786, 'gen_acc': 0.4464, 'gen_eq': 0.4286, 'gen_exact': 0.2143} 33s
causal s0 lr0.003 1750 train 0.2734 val {'loss': 0.8635, 'tf_eq': 0.75, 'tf_eq_scrambled': 0.75, 'gen_acc': 0.6964, 'gen_eq': 0.6607, 'gen_exact': 0.1786} 39s
causal s0 lr0.003 2000 train 0.2766 val {'loss': 0.9016, 'tf_eq': 0.6429, 'tf_eq_scrambled': 0.6429, 'gen_acc': 0.5893, 'gen_eq': 0.5714, 'gen_exact': 0.25} 44s
causal s0 lr0.003 2250 train 0.2712 val {'loss': 0.8927, 'tf_eq': 0.7321, 'tf_eq_scrambled': 0.7321, 'gen_acc': 0.6786, 'gen_eq': 0.625, 'gen_exact': 0.3036} 50s
causal s0 lr0.003 2499 train 0.2725 val {'loss': 0.8343, 'tf_eq': 0.75, 'tf_eq_scrambled': 0.75, 'gen_acc': 0.7143, 'gen_eq': 0.6786, 'gen_exact': 0.3393} 55s
plain s0 lr0.0003 0 train 4.1620 val {'loss': 4.1215, 'tf_eq': 0.0, 'tf_eq_scrambled': 0.0, 'gen_acc': 0.0, 'gen_eq': 0.0, 'gen_exact': 0.0} 0s
plain s0 lr0.0003 250 train 2.2112 val {'loss': 2.261, 'tf_eq': 0.1071, 'tf_eq_scrambled': 0.1071, 'gen_acc': 0.0, 'gen_eq': 0.0179, 'gen_exact': 0.0} 6s
plain s0 lr0.0003 500 train 1.7814 val {'loss': 1.8413, 'tf_eq': 0.2857, 'tf_eq_scrambled': 0.2857, 'gen_acc': 0.0179, 'gen_eq': 0.0357, 'gen_exact': 0.0} 12s
plain s0 lr0.0003 750 train 1.4623 val {'loss': 1.5673, 'tf_eq': 0.3571, 'tf_eq_scrambled': 0.3571, 'gen_acc': 0.0179, 'gen_eq': 0.0357, 'gen_exact': 0.0} 19s
plain s0 lr0.0003 1000 train 1.2418 val {'loss': 1.4161, 'tf_eq': 0.5179, 'tf_eq_scrambled': 0.5179, 'gen_acc': 0.0357, 'gen_eq': 0.0179, 'gen_exact': 0.0} 24s
plain s0 lr0.0003 1250 train 1.1333 val {'loss': 1.3146, 'tf_eq': 0.5536, 'tf_eq_scrambled': 0.5536, 'gen_acc': 0.0357, 'gen_eq': 0.0536, 'gen_exact': 0.0} 29s
plain s0 lr0.0003 1500 train 0.9739 val {'loss': 1.2156, 'tf_eq': 0.5536, 'tf_eq_scrambled': 0.5536, 'gen_acc': 0.125, 'gen_eq': 0.125, 'gen_exact': 0.0179} 34s
plain s0 lr0.0003 1750 train 0.8898 val {'loss': 1.1642, 'tf_eq': 0.625, 'tf_eq_scrambled': 0.625, 'gen_acc': 0.1429, 'gen_eq': 0.125, 'gen_exact': 0.0179} 39s
plain s0 lr0.0003 2000 train 0.7831 val {'loss': 1.0817, 'tf_eq': 0.6786, 'tf_eq_scrambled': 0.6786, 'gen_acc': 0.1607, 'gen_eq': 0.1786, 'gen_exact': 0.0357} 44s
plain s0 lr0.0003 2250 train 0.6568 val {'loss': 1.0456, 'tf_eq': 0.6607, 'tf_eq_scrambled': 0.6607, 'gen_acc': 0.2321, 'gen_eq': 0.2679, 'gen_exact': 0.0179} 49s
plain s0 lr0.0003 2499 train 0.6368 val {'loss': 0.9703, 'tf_eq': 0.6429, 'tf_eq_scrambled': 0.6429, 'gen_acc': 0.2857, 'gen_eq': 0.2857, 'gen_exact': 0.0536} 54s
plain s0 lr0.001 0 train 4.1620 val {'loss': 4.0286, 'tf_eq': 0.0, 'tf_eq_scrambled': 0.0, 'gen_acc': 0.0, 'gen_eq': 0.0357, 'gen_exact': 0.0} 0s
plain s0 lr0.001 250 train 1.5182 val {'loss': 1.6082, 'tf_eq': 0.3571, 'tf_eq_scrambled': 0.3571, 'gen_acc': 0.0, 'gen_eq': 0.0, 'gen_exact': 0.0} 5s
plain s0 lr0.001 500 train 0.9900 val {'loss': 1.2917, 'tf_eq': 0.6071, 'tf_eq_scrambled': 0.6071, 'gen_acc': 0.0357, 'gen_eq': 0.0357, 'gen_exact': 0.0} 10s
plain s0 lr0.001 750 train 0.7058 val {'loss': 1.0301, 'tf_eq': 0.6607, 'tf_eq_scrambled': 0.6607, 'gen_acc': 0.2143, 'gen_eq': 0.2143, 'gen_exact': 0.0357} 15s
plain s0 lr0.001 1000 train 0.4860 val {'loss': 0.889, 'tf_eq': 0.5893, 'tf_eq_scrambled': 0.5893, 'gen_acc': 0.4286, 'gen_eq': 0.3929, 'gen_exact': 0.125} 21s
plain s0 lr0.001 1250 train 0.4113 val {'loss': 0.7851, 'tf_eq': 0.625, 'tf_eq_scrambled': 0.625, 'gen_acc': 0.5536, 'gen_eq': 0.5179, 'gen_exact': 0.1429} 26s
plain s0 lr0.001 1500 train 0.3475 val {'loss': 0.7672, 'tf_eq': 0.6607, 'tf_eq_scrambled': 0.6607, 'gen_acc': 0.5893, 'gen_eq': 0.5893, 'gen_exact': 0.2143} 31s
plain s0 lr0.001 1750 train 0.3070 val {'loss': 0.7887, 'tf_eq': 0.6071, 'tf_eq_scrambled': 0.6071, 'gen_acc': 0.5893, 'gen_eq': 0.5357, 'gen_exact': 0.1964} 37s
plain s0 lr0.001 2000 train 0.2998 val {'loss': 0.7961, 'tf_eq': 0.6071, 'tf_eq_scrambled': 0.6071, 'gen_acc': 0.5893, 'gen_eq': 0.5536, 'gen_exact': 0.2321} 43s
plain s0 lr0.001 2250 train 0.2854 val {'loss': 0.8114, 'tf_eq': 0.6429, 'tf_eq_scrambled': 0.6429, 'gen_acc': 0.5893, 'gen_eq': 0.5179, 'gen_exact': 0.1964} 48s
plain s0 lr0.001 2499 train 0.2774 val {'loss': 0.8032, 'tf_eq': 0.6429, 'tf_eq_scrambled': 0.6429, 'gen_acc': 0.6429, 'gen_eq': 0.5893, 'gen_exact': 0.2143} 52s
plain s0 lr0.003 0 train 4.1620 val {'loss': 3.8897, 'tf_eq': 0.0, 'tf_eq_scrambled': 0.0, 'gen_acc': 0.0, 'gen_eq': 0.0, 'gen_exact': 0.0} 0s
plain s0 lr0.003 250 train 0.8852 val {'loss': 1.1606, 'tf_eq': 0.6429, 'tf_eq_scrambled': 0.6429, 'gen_acc': 0.0714, 'gen_eq': 0.0714, 'gen_exact': 0.0} 6s
plain s0 lr0.003 500 train 0.5115 val {'loss': 0.973, 'tf_eq': 0.6964, 'tf_eq_scrambled': 0.6964, 'gen_acc': 0.1607, 'gen_eq': 0.1786, 'gen_exact': 0.0357} 12s
plain s0 lr0.003 750 train 0.3586 val {'loss': 0.8987, 'tf_eq': 0.6786, 'tf_eq_scrambled': 0.6786, 'gen_acc': 0.2857, 'gen_eq': 0.2857, 'gen_exact': 0.0536} 18s
plain s0 lr0.003 1000 train 0.3175 val {'loss': 0.8843, 'tf_eq': 0.7143, 'tf_eq_scrambled': 0.7143, 'gen_acc': 0.4821, 'gen_eq': 0.5, 'gen_exact': 0.1429} 24s
plain s0 lr0.003 1250 train 0.2949 val {'loss': 0.8365, 'tf_eq': 0.6786, 'tf_eq_scrambled': 0.6786, 'gen_acc': 0.625, 'gen_eq': 0.625, 'gen_exact': 0.2321} 30s
plain s0 lr0.003 1500 train 0.2983 val {'loss': 0.9126, 'tf_eq': 0.7321, 'tf_eq_scrambled': 0.7321, 'gen_acc': 0.5714, 'gen_eq': 0.625, 'gen_exact': 0.1964} 35s
plain s0 lr0.003 1750 train 0.2724 val {'loss': 0.8689, 'tf_eq': 0.5893, 'tf_eq_scrambled': 0.5893, 'gen_acc': 0.5536, 'gen_eq': 0.5536, 'gen_exact': 0.2143} 40s
plain s0 lr0.003 2000 train 0.2654 val {'loss': 0.7942, 'tf_eq': 0.5893, 'tf_eq_scrambled': 0.5893, 'gen_acc': 0.6607, 'gen_eq': 0.5714, 'gen_exact': 0.3393} 45s
plain s0 lr0.003 2250 train 0.2656 val {'loss': 0.7764, 'tf_eq': 0.6429, 'tf_eq_scrambled': 0.6429, 'gen_acc': 0.6429, 'gen_eq': 0.5893, 'gen_exact': 0.4464} 50s
plain s0 lr0.003 2499 train 0.2586 val {'loss': 0.8033, 'tf_eq': 0.625, 'tf_eq_scrambled': 0.625, 'gen_acc': 0.6429, 'gen_eq': 0.5893, 'gen_exact': 0.4107} 56s
small s0 lr0.0003 0 train 4.0860 val {'loss': 4.0389, 'tf_eq': 0.0179, 'tf_eq_scrambled': 0.0179, 'gen_acc': 0.0, 'gen_eq': 0.0, 'gen_exact': 0.0} 0s
small s0 lr0.0003 250 train 1.7194 val {'loss': 1.7842, 'tf_eq': 0.0357, 'tf_eq_scrambled': 0.0357, 'gen_acc': 0.0179, 'gen_eq': 0.0357, 'gen_exact': 0.0} 2s
small s0 lr0.0003 500 train 0.9011 val {'loss': 1.1066, 'tf_eq': 0.0357, 'tf_eq_scrambled': 0.0357, 'gen_acc': 0.0536, 'gen_eq': 0.0357, 'gen_exact': 0.0} 5s
small s0 lr0.0003 750 train 0.5690 val {'loss': 0.7419, 'tf_eq': 0.0714, 'tf_eq_scrambled': 0.0714, 'gen_acc': 0.0714, 'gen_eq': 0.0714, 'gen_exact': 0.0714} 7s
small s0 lr0.0003 1000 train 0.4137 val {'loss': 0.7131, 'tf_eq': 0.0536, 'tf_eq_scrambled': 0.0536, 'gen_acc': 0.0714, 'gen_eq': 0.0536, 'gen_exact': 0.0536} 9s
small s0 lr0.0003 1250 train 0.3581 val {'loss': 0.7305, 'tf_eq': 0.0893, 'tf_eq_scrambled': 0.0893, 'gen_acc': 0.0893, 'gen_eq': 0.0893, 'gen_exact': 0.0893} 12s
small s0 lr0.0003 1500 train 0.3187 val {'loss': 0.7563, 'tf_eq': 0.0714, 'tf_eq_scrambled': 0.0714, 'gen_acc': 0.0714, 'gen_eq': 0.0714, 'gen_exact': 0.0714} 14s
small s0 lr0.0003 1750 train 0.2903 val {'loss': 0.7791, 'tf_eq': 0.0714, 'tf_eq_scrambled': 0.0714, 'gen_acc': 0.0714, 'gen_eq': 0.0714, 'gen_exact': 0.0714} 17s
small s0 lr0.0003 2000 train 0.2769 val {'loss': 0.7971, 'tf_eq': 0.0714, 'tf_eq_scrambled': 0.0714, 'gen_acc': 0.0714, 'gen_eq': 0.0714, 'gen_exact': 0.0714} 19s
small s0 lr0.0003 2250 train 0.2787 val {'loss': 0.8206, 'tf_eq': 0.0893, 'tf_eq_scrambled': 0.0893, 'gen_acc': 0.0893, 'gen_eq': 0.0893, 'gen_exact': 0.0893} 21s
small s0 lr0.0003 2499 train 0.2704 val {'loss': 0.8356, 'tf_eq': 0.0714, 'tf_eq_scrambled': 0.0714, 'gen_acc': 0.0714, 'gen_eq': 0.0714, 'gen_exact': 0.0714} 24s
small s0 lr0.001 0 train 4.0860 val {'loss': 4.0009, 'tf_eq': 0.0179, 'tf_eq_scrambled': 0.0179, 'gen_acc': 0.0, 'gen_eq': 0.0, 'gen_exact': 0.0} 0s
small s0 lr0.001 250 train 0.5943 val {'loss': 0.7764, 'tf_eq': 0.0357, 'tf_eq_scrambled': 0.0357, 'gen_acc': 0.0179, 'gen_eq': 0.0179, 'gen_exact': 0.0179} 2s
small s0 lr0.001 500 train 0.3299 val {'loss': 0.7303, 'tf_eq': 0.1071, 'tf_eq_scrambled': 0.1071, 'gen_acc': 0.1071, 'gen_eq': 0.1071, 'gen_exact': 0.1071} 5s
small s0 lr0.001 750 train 0.2873 val {'loss': 0.7966, 'tf_eq': 0.1071, 'tf_eq_scrambled': 0.1071, 'gen_acc': 0.125, 'gen_eq': 0.1071, 'gen_exact': 0.1071} 7s
small s0 lr0.001 1000 train 0.2658 val {'loss': 0.8392, 'tf_eq': 0.0893, 'tf_eq_scrambled': 0.0893, 'gen_acc': 0.125, 'gen_eq': 0.0893, 'gen_exact': 0.0893} 10s
small s0 lr0.001 1250 train 0.2638 val {'loss': 0.8582, 'tf_eq': 0.0893, 'tf_eq_scrambled': 0.0893, 'gen_acc': 0.125, 'gen_eq': 0.0893, 'gen_exact': 0.0893} 12s
small s0 lr0.001 1500 train 0.2767 val {'loss': 0.8892, 'tf_eq': 0.0893, 'tf_eq_scrambled': 0.0893, 'gen_acc': 0.1071, 'gen_eq': 0.0893, 'gen_exact': 0.0893} 14s
small s0 lr0.001 1750 train 0.2581 val {'loss': 0.908, 'tf_eq': 0.0714, 'tf_eq_scrambled': 0.0714, 'gen_acc': 0.1071, 'gen_eq': 0.0714, 'gen_exact': 0.0714} 17s
small s0 lr0.001 2000 train 0.2630 val {'loss': 0.9256, 'tf_eq': 0.0536, 'tf_eq_scrambled': 0.0536, 'gen_acc': 0.0714, 'gen_eq': 0.0536, 'gen_exact': 0.0536} 19s
small s0 lr0.001 2250 train 0.2682 val {'loss': 0.9317, 'tf_eq': 0.0893, 'tf_eq_scrambled': 0.0893, 'gen_acc': 0.0893, 'gen_eq': 0.0893, 'gen_exact': 0.0893} 21s
small s0 lr0.001 2499 train 0.2580 val {'loss': 0.9354, 'tf_eq': 0.0714, 'tf_eq_scrambled': 0.0714, 'gen_acc': 0.0714, 'gen_eq': 0.0714, 'gen_exact': 0.0714} 24s
small s0 lr0.003 0 train 4.0860 val {'loss': 3.8944, 'tf_eq': 0.0179, 'tf_eq_scrambled': 0.0179, 'gen_acc': 0.0357, 'gen_eq': 0.0179, 'gen_exact': 0.0} 0s
small s0 lr0.003 250 train 0.3301 val {'loss': 0.7492, 'tf_eq': 0.0893, 'tf_eq_scrambled': 0.0893, 'gen_acc': 0.0893, 'gen_eq': 0.0893, 'gen_exact': 0.0893} 2s
small s0 lr0.003 500 train 0.2715 val {'loss': 0.8414, 'tf_eq': 0.125, 'tf_eq_scrambled': 0.125, 'gen_acc': 0.125, 'gen_eq': 0.125, 'gen_exact': 0.125} 5s
small s0 lr0.003 750 train 0.2771 val {'loss': 0.8767, 'tf_eq': 0.0893, 'tf_eq_scrambled': 0.0893, 'gen_acc': 0.0893, 'gen_eq': 0.0893, 'gen_exact': 0.0893} 7s
small s0 lr0.003 1000 train 0.2612 val {'loss': 0.9019, 'tf_eq': 0.0893, 'tf_eq_scrambled': 0.0893, 'gen_acc': 0.0893, 'gen_eq': 0.0893, 'gen_exact': 0.0893} 9s
small s0 lr0.003 1250 train 0.2580 val {'loss': 0.9029, 'tf_eq': 0.0893, 'tf_eq_scrambled': 0.0893, 'gen_acc': 0.1071, 'gen_eq': 0.0893, 'gen_exact': 0.0893} 12s
small s0 lr0.003 1500 train 0.2721 val {'loss': 0.9395, 'tf_eq': 0.1071, 'tf_eq_scrambled': 0.1071, 'gen_acc': 0.1071, 'gen_eq': 0.1071, 'gen_exact': 0.1071} 14s
small s0 lr0.003 1750 train 0.2592 val {'loss': 0.9462, 'tf_eq': 0.0714, 'tf_eq_scrambled': 0.0714, 'gen_acc': 0.0714, 'gen_eq': 0.0714, 'gen_exact': 0.0714} 17s
small s0 lr0.003 2000 train 0.2624 val {'loss': 0.9424, 'tf_eq': 0.0714, 'tf_eq_scrambled': 0.0714, 'gen_acc': 0.1071, 'gen_eq': 0.0714, 'gen_exact': 0.0714} 19s
small s0 lr0.003 2250 train 0.2688 val {'loss': 0.9137, 'tf_eq': 0.0893, 'tf_eq_scrambled': 0.0893, 'gen_acc': 0.0893, 'gen_eq': 0.0893, 'gen_exact': 0.0893} 21s
small s0 lr0.003 2499 train 0.2585 val {'loss': 0.9173, 'tf_eq': 0.125, 'tf_eq_scrambled': 0.125, 'gen_acc': 0.125, 'gen_eq': 0.125, 'gen_exact': 0.125} 24s
bigft s0 lr0.0003 0 train 8.4817 val {'loss': 8.3339, 'tf_eq': 1.0, 'tf_eq_scrambled': 1.0, 'gen_acc': 0.0, 'gen_eq': 0.0357, 'gen_exact': 0.0} 0s
bigft s0 lr0.0003 250 train 1.0916 val {'loss': 1.2902, 'tf_eq': 0.7321, 'tf_eq_scrambled': 0.7321, 'gen_acc': 0.0357, 'gen_eq': 0.0357, 'gen_exact': 0.0} 3s
bigft s0 lr0.0003 500 train 0.5455 val {'loss': 1.0136, 'tf_eq': 0.625, 'tf_eq_scrambled': 0.625, 'gen_acc': 0.1607, 'gen_eq': 0.5714, 'gen_exact': 0.0} 6s
bigft s0 lr0.0003 750 train 0.3807 val {'loss': 1.013, 'tf_eq': 0.5893, 'tf_eq_scrambled': 0.5893, 'gen_acc': 0.3929, 'gen_eq': 0.5893, 'gen_exact': 0.0536} 8s
bigft s0 lr0.0003 1000 train 0.2877 val {'loss': 1.0159, 'tf_eq': 0.5179, 'tf_eq_scrambled': 0.5179, 'gen_acc': 0.3929, 'gen_eq': 0.5179, 'gen_exact': 0.1607} 11s
bigft s0 lr0.0003 1250 train 0.2770 val {'loss': 1.0574, 'tf_eq': 0.5536, 'tf_eq_scrambled': 0.5536, 'gen_acc': 0.3929, 'gen_eq': 0.5357, 'gen_exact': 0.1607} 14s
bigft s0 lr0.0003 1500 train 0.2824 val {'loss': 1.0963, 'tf_eq': 0.5357, 'tf_eq_scrambled': 0.5357, 'gen_acc': 0.3929, 'gen_eq': 0.5357, 'gen_exact': 0.1429} 17s
bigft s0 lr0.0003 1750 train 0.2665 val {'loss': 1.0853, 'tf_eq': 0.5179, 'tf_eq_scrambled': 0.5179, 'gen_acc': 0.3393, 'gen_eq': 0.5179, 'gen_exact': 0.1429} 19s
bigft s0 lr0.0003 2000 train 0.2671 val {'loss': 1.0824, 'tf_eq': 0.5357, 'tf_eq_scrambled': 0.5357, 'gen_acc': 0.4107, 'gen_eq': 0.5357, 'gen_exact': 0.1786} 22s
bigft s0 lr0.0003 2250 train 0.2602 val {'loss': 1.0968, 'tf_eq': 0.5179, 'tf_eq_scrambled': 0.5179, 'gen_acc': 0.4107, 'gen_eq': 0.5179, 'gen_exact': 0.1964} 26s
bigft s0 lr0.0003 2499 train 0.2603 val {'loss': 1.0985, 'tf_eq': 0.5357, 'tf_eq_scrambled': 0.5357, 'gen_acc': 0.3571, 'gen_eq': 0.5357, 'gen_exact': 0.1607} 28s
bigft s0 lr0.001 0 train 8.4817 val {'loss': 7.78, 'tf_eq': 1.0, 'tf_eq_scrambled': 1.0, 'gen_acc': 0.0, 'gen_eq': 0.0357, 'gen_exact': 0.0} 0s
bigft s0 lr0.001 250 train 0.5598 val {'loss': 1.0934, 'tf_eq': 0.5536, 'tf_eq_scrambled': 0.5536, 'gen_acc': 0.1964, 'gen_eq': 0.5179, 'gen_exact': 0.0179} 3s
bigft s0 lr0.001 500 train 0.2813 val {'loss': 1.1265, 'tf_eq': 0.4821, 'tf_eq_scrambled': 0.4821, 'gen_acc': 0.4464, 'gen_eq': 0.4821, 'gen_exact': 0.1071} 6s
bigft s0 lr0.001 750 train 0.2707 val {'loss': 1.1828, 'tf_eq': 0.4464, 'tf_eq_scrambled': 0.4464, 'gen_acc': 0.4107, 'gen_eq': 0.4464, 'gen_exact': 0.0893} 9s
bigft s0 lr0.001 1000 train 0.2639 val {'loss': 1.1473, 'tf_eq': 0.4821, 'tf_eq_scrambled': 0.4821, 'gen_acc': 0.4286, 'gen_eq': 0.4821, 'gen_exact': 0.125} 12s
bigft s0 lr0.001 1250 train 0.2631 val {'loss': 1.1194, 'tf_eq': 0.4464, 'tf_eq_scrambled': 0.4464, 'gen_acc': 0.4107, 'gen_eq': 0.4464, 'gen_exact': 0.1071} 16s
bigft s0 lr0.001 1500 train 0.2780 val {'loss': 1.1236, 'tf_eq': 0.4643, 'tf_eq_scrambled': 0.4643, 'gen_acc': 0.4286, 'gen_eq': 0.4643, 'gen_exact': 0.125} 19s
bigft s0 lr0.001 1750 train 0.2607 val {'loss': 1.1404, 'tf_eq': 0.4286, 'tf_eq_scrambled': 0.4286, 'gen_acc': 0.4107, 'gen_eq': 0.4286, 'gen_exact': 0.125} 22s
bigft s0 lr0.001 2000 train 0.2659 val {'loss': 1.1259, 'tf_eq': 0.4286, 'tf_eq_scrambled': 0.4286, 'gen_acc': 0.4286, 'gen_eq': 0.4286, 'gen_exact': 0.1429} 25s
bigft s0 lr0.001 2250 train 0.2641 val {'loss': 1.1692, 'tf_eq': 0.4286, 'tf_eq_scrambled': 0.4286, 'gen_acc': 0.4107, 'gen_eq': 0.4286, 'gen_exact': 0.1429} 28s
bigft s0 lr0.001 2499 train 0.2580 val {'loss': 1.1289, 'tf_eq': 0.4107, 'tf_eq_scrambled': 0.4107, 'gen_acc': 0.375, 'gen_eq': 0.4107, 'gen_exact': 0.1071} 31s
bigft s0 lr0.003 0 train 8.4817 val {'loss': 6.8101, 'tf_eq': 0.5357, 'tf_eq_scrambled': 0.5357, 'gen_acc': 0.0, 'gen_eq': 0.1071, 'gen_exact': 0.0} 0s
bigft s0 lr0.003 250 train 0.3038 val {'loss': 0.8471, 'tf_eq': 0.3036, 'tf_eq_scrambled': 0.3036, 'gen_acc': 0.2857, 'gen_eq': 0.3036, 'gen_exact': 0.2857} 3s
bigft s0 lr0.003 500 train 0.2662 val {'loss': 0.8519, 'tf_eq': 0.2679, 'tf_eq_scrambled': 0.2679, 'gen_acc': 0.2679, 'gen_eq': 0.2679, 'gen_exact': 0.2679} 5s
bigft s0 lr0.003 750 train 0.2735 val {'loss': 0.8602, 'tf_eq': 0.2857, 'tf_eq_scrambled': 0.2857, 'gen_acc': 0.2857, 'gen_eq': 0.2857, 'gen_exact': 0.2857} 8s
bigft s0 lr0.003 1000 train 0.2612 val {'loss': 0.8638, 'tf_eq': 0.2857, 'tf_eq_scrambled': 0.2857, 'gen_acc': 0.2857, 'gen_eq': 0.2857, 'gen_exact': 0.2857} 10s
bigft s0 lr0.003 1250 train 0.2650 val {'loss': 0.8604, 'tf_eq': 0.2857, 'tf_eq_scrambled': 0.2857, 'gen_acc': 0.2857, 'gen_eq': 0.2857, 'gen_exact': 0.2857} 14s
bigft s0 lr0.003 1500 train 0.2808 val {'loss': 0.9209, 'tf_eq': 0.2679, 'tf_eq_scrambled': 0.2679, 'gen_acc': 0.2679, 'gen_eq': 0.2679, 'gen_exact': 0.2679} 16s
bigft s0 lr0.003 1750 train 0.2621 val {'loss': 0.8848, 'tf_eq': 0.3036, 'tf_eq_scrambled': 0.3036, 'gen_acc': 0.3036, 'gen_eq': 0.3036, 'gen_exact': 0.3036} 19s
bigft s0 lr0.003 2000 train 0.2708 val {'loss': 0.8485, 'tf_eq': 0.2143, 'tf_eq_scrambled': 0.2143, 'gen_acc': 0.2143, 'gen_eq': 0.2143, 'gen_exact': 0.2143} 21s
bigft s0 lr0.003 2250 train 0.2667 val {'loss': 0.856, 'tf_eq': 0.2679, 'tf_eq_scrambled': 0.2679, 'gen_acc': 0.2679, 'gen_eq': 0.2679, 'gen_exact': 0.2679} 24s
bigft s0 lr0.003 2499 train 0.2584 val {'loss': 0.832, 'tf_eq': 0.2679, 'tf_eq_scrambled': 0.2679, 'gen_acc': 0.2679, 'gen_eq': 0.2679, 'gen_exact': 0.2679} 27s
head s0 lr0.0003 0 train 4.3027 val {'loss': 4.2627, 'tf_eq': 0.0, 'tf_eq_scrambled': 0.0, 'gen_acc': 0.0, 'gen_eq': 0.0714, 'gen_exact': 0.0} 0s
head s0 lr0.0003 250 train 3.2090 val {'loss': 3.2067, 'tf_eq': 0.0179, 'tf_eq_scrambled': 0.0179, 'gen_acc': 0.0, 'gen_eq': 0.0, 'gen_exact': 0.0} 1s
head s0 lr0.0003 500 train 2.8759 val {'loss': 2.8854, 'tf_eq': 0.0893, 'tf_eq_scrambled': 0.0893, 'gen_acc': 0.0, 'gen_eq': 0.0, 'gen_exact': 0.0} 2s
head s0 lr0.0003 750 train 2.6900 val {'loss': 2.7228, 'tf_eq': 0.2143, 'tf_eq_scrambled': 0.2143, 'gen_acc': 0.0, 'gen_eq': 0.0, 'gen_exact': 0.0} 4s
head s0 lr0.0003 1000 train 2.5492 val {'loss': 2.6211, 'tf_eq': 0.2679, 'tf_eq_scrambled': 0.2679, 'gen_acc': 0.0, 'gen_eq': 0.0, 'gen_exact': 0.0} 5s
head s0 lr0.0003 1250 train 2.4833 val {'loss': 2.5421, 'tf_eq': 0.375, 'tf_eq_scrambled': 0.375, 'gen_acc': 0.0, 'gen_eq': 0.0, 'gen_exact': 0.0} 6s
head s0 lr0.0003 1500 train 2.3943 val {'loss': 2.481, 'tf_eq': 0.4286, 'tf_eq_scrambled': 0.4286, 'gen_acc': 0.0, 'gen_eq': 0.0, 'gen_exact': 0.0} 7s
head s0 lr0.0003 1750 train 2.3339 val {'loss': 2.4295, 'tf_eq': 0.5357, 'tf_eq_scrambled': 0.5357, 'gen_acc': 0.0, 'gen_eq': 0.0, 'gen_exact': 0.0} 9s
head s0 lr0.0003 2000 train 2.2654 val {'loss': 2.3849, 'tf_eq': 0.5357, 'tf_eq_scrambled': 0.5357, 'gen_acc': 0.0, 'gen_eq': 0.0, 'gen_exact': 0.0} 10s
head s0 lr0.0003 2250 train 2.1778 val {'loss': 2.3468, 'tf_eq': 0.5714, 'tf_eq_scrambled': 0.5714, 'gen_acc': 0.0, 'gen_eq': 0.0, 'gen_exact': 0.0} 11s
head s0 lr0.0003 2499 train 2.2055 val {'loss': 2.3136, 'tf_eq': 0.5714, 'tf_eq_scrambled': 0.5714, 'gen_acc': 0.0, 'gen_eq': 0.0, 'gen_exact': 0.0} 12s
head s0 lr0.001 0 train 4.3027 val {'loss': 4.2422, 'tf_eq': 0.0, 'tf_eq_scrambled': 0.0, 'gen_acc': 0.0, 'gen_eq': 0.125, 'gen_exact': 0.0} 0s
head s0 lr0.001 250 train 2.6456 val {'loss': 2.6812, 'tf_eq': 0.2321, 'tf_eq_scrambled': 0.2321, 'gen_acc': 0.0, 'gen_eq': 0.0, 'gen_exact': 0.0} 1s
head s0 lr0.001 500 train 2.4026 val {'loss': 2.472, 'tf_eq': 0.5, 'tf_eq_scrambled': 0.5, 'gen_acc': 0.0, 'gen_eq': 0.0, 'gen_exact': 0.0} 3s
head s0 lr0.001 750 train 2.2561 val {'loss': 2.3386, 'tf_eq': 0.5714, 'tf_eq_scrambled': 0.5714, 'gen_acc': 0.0, 'gen_eq': 0.0, 'gen_exact': 0.0} 4s
head s0 lr0.001 1000 train 2.1115 val {'loss': 2.2548, 'tf_eq': 0.5893, 'tf_eq_scrambled': 0.5893, 'gen_acc': 0.0, 'gen_eq': 0.0, 'gen_exact': 0.0} 5s
head s0 lr0.001 1250 train 2.0447 val {'loss': 2.177, 'tf_eq': 0.6071, 'tf_eq_scrambled': 0.6071, 'gen_acc': 0.0536, 'gen_eq': 0.0, 'gen_exact': 0.0} 6s
head s0 lr0.001 1500 train 1.9675 val {'loss': 2.1257, 'tf_eq': 0.6071, 'tf_eq_scrambled': 0.6071, 'gen_acc': 0.0536, 'gen_eq': 0.0, 'gen_exact': 0.0} 7s
head s0 lr0.001 1750 train 1.8968 val {'loss': 2.0785, 'tf_eq': 0.6071, 'tf_eq_scrambled': 0.6071, 'gen_acc': 0.0, 'gen_eq': 0.0, 'gen_exact': 0.0} 9s
head s0 lr0.001 2000 train 1.8265 val {'loss': 2.03, 'tf_eq': 0.6429, 'tf_eq_scrambled': 0.6429, 'gen_acc': 0.0179, 'gen_eq': 0.0, 'gen_exact': 0.0} 10s
head s0 lr0.001 2250 train 1.7501 val {'loss': 2.0017, 'tf_eq': 0.6429, 'tf_eq_scrambled': 0.6429, 'gen_acc': 0.0, 'gen_eq': 0.0536, 'gen_exact': 0.0} 11s
head s0 lr0.001 2499 train 1.7898 val {'loss': 1.9718, 'tf_eq': 0.625, 'tf_eq_scrambled': 0.625, 'gen_acc': 0.0179, 'gen_eq': 0.0, 'gen_exact': 0.0} 12s
head s0 lr0.003 0 train 4.3027 val {'loss': 4.1853, 'tf_eq': 0.0, 'tf_eq_scrambled': 0.0, 'gen_acc': 0.0, 'gen_eq': 0.0714, 'gen_exact': 0.0} 0s
head s0 lr0.003 250 train 2.2471 val {'loss': 2.3455, 'tf_eq': 0.5893, 'tf_eq_scrambled': 0.5893, 'gen_acc': 0.0, 'gen_eq': 0.0, 'gen_exact': 0.0} 1s
head s0 lr0.003 500 train 2.0054 val {'loss': 2.1561, 'tf_eq': 0.625, 'tf_eq_scrambled': 0.625, 'gen_acc': 0.0714, 'gen_eq': 0.0, 'gen_exact': 0.0} 2s
head s0 lr0.003 750 train 1.8694 val {'loss': 2.0246, 'tf_eq': 0.625, 'tf_eq_scrambled': 0.625, 'gen_acc': 0.0179, 'gen_eq': 0.0, 'gen_exact': 0.0} 4s
head s0 lr0.003 1000 train 1.7318 val {'loss': 1.9591, 'tf_eq': 0.625, 'tf_eq_scrambled': 0.625, 'gen_acc': 0.0, 'gen_eq': 0.0, 'gen_exact': 0.0} 5s
head s0 lr0.003 1250 train 1.6717 val {'loss': 1.8889, 'tf_eq': 0.625, 'tf_eq_scrambled': 0.625, 'gen_acc': 0.0357, 'gen_eq': 0.0, 'gen_exact': 0.0} 6s
released s0 lr0.0001 0 train 4.1622 val {'loss': 4.1539, 'tf_eq': 0.0536, 'tf_eq_scrambled': 0.0536, 'gen_acc': 0.0, 'gen_eq': 0.0714, 'gen_exact': 0.0} 0s
released s0 lr0.0001 250 train 2.9409 val {'loss': 2.9661, 'tf_eq': 0.0893, 'tf_eq_scrambled': 0.0893, 'gen_acc': 0.0179, 'gen_eq': 0.0, 'gen_exact': 0.0} 7s
released s0 lr0.0001 500 train 2.4275 val {'loss': 2.5087, 'tf_eq': 0.0893, 'tf_eq_scrambled': 0.0893, 'gen_acc': 0.0, 'gen_eq': 0.0536, 'gen_exact': 0.0} 14s
released s0 lr0.0001 750 train 2.2032 val {'loss': 2.2493, 'tf_eq': 0.1429, 'tf_eq_scrambled': 0.1429, 'gen_acc': 0.0, 'gen_eq': 0.0357, 'gen_exact': 0.0} 19s
released s0 lr0.0001 1000 train 1.9756 val {'loss': 2.0822, 'tf_eq': 0.1786, 'tf_eq_scrambled': 0.1429, 'gen_acc': 0.0179, 'gen_eq': 0.0536, 'gen_exact': 0.0} 25s
released s0 lr0.0001 1250 train 1.8134 val {'loss': 1.9392, 'tf_eq': 0.1786, 'tf_eq_scrambled': 0.1964, 'gen_acc': 0.0357, 'gen_eq': 0.0893, 'gen_exact': 0.0} 31s
released s0 lr0.0001 1500 train 1.6593 val {'loss': 1.8492, 'tf_eq': 0.1964, 'tf_eq_scrambled': 0.1786, 'gen_acc': 0.0357, 'gen_eq': 0.0536, 'gen_exact': 0.0} 37s
released s0 lr0.0001 1750 train 1.5769 val {'loss': 1.7442, 'tf_eq': 0.1786, 'tf_eq_scrambled': 0.1786, 'gen_acc': 0.0357, 'gen_eq': 0.0357, 'gen_exact': 0.0} 43s
released s0 lr0.0001 2000 train 1.4424 val {'loss': 1.6589, 'tf_eq': 0.2143, 'tf_eq_scrambled': 0.2143, 'gen_acc': 0.0357, 'gen_eq': 0.0357, 'gen_exact': 0.0} 49s
released s0 lr0.0001 2250 train 1.3039 val {'loss': 1.5754, 'tf_eq': 0.2143, 'tf_eq_scrambled': 0.2143, 'gen_acc': 0.0357, 'gen_eq': 0.0357, 'gen_exact': 0.0} 54s
released s0 lr0.0001 2499 train 1.2827 val {'loss': 1.5144, 'tf_eq': 0.2143, 'tf_eq_scrambled': 0.2321, 'gen_acc': 0.0357, 'gen_eq': 0.0, 'gen_exact': 0.0} 59s
causal s0 lr0.0001 0 train 4.1659 val {'loss': 4.1556, 'tf_eq': 0.0357, 'tf_eq_scrambled': 0.0357, 'gen_acc': 0.0, 'gen_eq': 0.0536, 'gen_exact': 0.0} 0s
causal s0 lr0.0001 250 train 2.8536 val {'loss': 2.8744, 'tf_eq': 0.0893, 'tf_eq_scrambled': 0.0893, 'gen_acc': 0.0, 'gen_eq': 0.0, 'gen_exact': 0.0} 6s
causal s0 lr0.0001 500 train 2.4185 val {'loss': 2.4808, 'tf_eq': 0.1071, 'tf_eq_scrambled': 0.1071, 'gen_acc': 0.0, 'gen_eq': 0.0, 'gen_exact': 0.0} 11s
causal s0 lr0.0001 750 train 2.1967 val {'loss': 2.2336, 'tf_eq': 0.125, 'tf_eq_scrambled': 0.125, 'gen_acc': 0.0, 'gen_eq': 0.0179, 'gen_exact': 0.0} 17s
causal s0 lr0.0001 1000 train 1.9880 val {'loss': 2.0642, 'tf_eq': 0.125, 'tf_eq_scrambled': 0.125, 'gen_acc': 0.0, 'gen_eq': 0.0536, 'gen_exact': 0.0} 22s
causal s0 lr0.0001 1250 train 1.8357 val {'loss': 1.9177, 'tf_eq': 0.1607, 'tf_eq_scrambled': 0.1607, 'gen_acc': 0.0, 'gen_eq': 0.0536, 'gen_exact': 0.0} 27s
causal s0 lr0.0001 1500 train 1.6976 val {'loss': 1.8118, 'tf_eq': 0.1429, 'tf_eq_scrambled': 0.1429, 'gen_acc': 0.0, 'gen_eq': 0.0, 'gen_exact': 0.0} 33s
causal s0 lr0.0001 1750 train 1.6236 val {'loss': 1.726, 'tf_eq': 0.1786, 'tf_eq_scrambled': 0.1786, 'gen_acc': 0.0179, 'gen_eq': 0.0714, 'gen_exact': 0.0} 38s
causal s0 lr0.0001 2000 train 1.4957 val {'loss': 1.66, 'tf_eq': 0.1786, 'tf_eq_scrambled': 0.1786, 'gen_acc': 0.0179, 'gen_eq': 0.0357, 'gen_exact': 0.0} 43s
causal s0 lr0.0001 2250 train 1.3986 val {'loss': 1.5863, 'tf_eq': 0.1786, 'tf_eq_scrambled': 0.1786, 'gen_acc': 0.0357, 'gen_eq': 0.0536, 'gen_exact': 0.0} 49s
causal s0 lr0.0001 2499 train 1.3787 val {'loss': 1.5264, 'tf_eq': 0.2143, 'tf_eq_scrambled': 0.2143, 'gen_acc': 0.0536, 'gen_eq': 0.0893, 'gen_exact': 0.0} 54s
plain s0 lr0.0001 0 train 4.1620 val {'loss': 4.151, 'tf_eq': 0.0, 'tf_eq_scrambled': 0.0, 'gen_acc': 0.0, 'gen_eq': 0.0, 'gen_exact': 0.0} 0s
plain s0 lr0.0001 250 train 2.7848 val {'loss': 2.8407, 'tf_eq': 0.0, 'tf_eq_scrambled': 0.0, 'gen_acc': 0.0, 'gen_eq': 0.0179, 'gen_exact': 0.0} 5s
plain s0 lr0.0001 500 train 2.4098 val {'loss': 2.4302, 'tf_eq': 0.0536, 'tf_eq_scrambled': 0.0536, 'gen_acc': 0.0, 'gen_eq': 0.0, 'gen_exact': 0.0} 10s
plain s0 lr0.0001 750 train 2.1815 val {'loss': 2.1886, 'tf_eq': 0.1071, 'tf_eq_scrambled': 0.1071, 'gen_acc': 0.0, 'gen_eq': 0.0, 'gen_exact': 0.0} 15s
plain s0 lr0.0001 1000 train 1.9253 val {'loss': 1.9952, 'tf_eq': 0.125, 'tf_eq_scrambled': 0.125, 'gen_acc': 0.0, 'gen_eq': 0.0, 'gen_exact': 0.0} 20s
plain s0 lr0.0001 1250 train 1.7841 val {'loss': 1.8419, 'tf_eq': 0.1964, 'tf_eq_scrambled': 0.1964, 'gen_acc': 0.0, 'gen_eq': 0.0, 'gen_exact': 0.0} 25s
plain s0 lr0.0001 1500 train 1.6106 val {'loss': 1.7169, 'tf_eq': 0.2679, 'tf_eq_scrambled': 0.2679, 'gen_acc': 0.0, 'gen_eq': 0.0179, 'gen_exact': 0.0} 32s
plain s0 lr0.0001 1750 train 1.4921 val {'loss': 1.624, 'tf_eq': 0.3036, 'tf_eq_scrambled': 0.3036, 'gen_acc': 0.0, 'gen_eq': 0.0, 'gen_exact': 0.0} 39s
plain s0 lr0.0001 2000 train 1.4175 val {'loss': 1.5582, 'tf_eq': 0.3393, 'tf_eq_scrambled': 0.3393, 'gen_acc': 0.0, 'gen_eq': 0.0179, 'gen_exact': 0.0} 45s
plain s0 lr0.0001 2250 train 1.3022 val {'loss': 1.4835, 'tf_eq': 0.3393, 'tf_eq_scrambled': 0.3393, 'gen_acc': 0.0179, 'gen_eq': 0.0, 'gen_exact': 0.0} 51s
plain s0 lr0.0001 2499 train 1.2653 val {'loss': 1.4336, 'tf_eq': 0.3571, 'tf_eq_scrambled': 0.3571, 'gen_acc': 0.0, 'gen_eq': 0.0179, 'gen_exact': 0.0} 56s
small s0 lr0.0001 0 train 4.0860 val {'loss': 4.0498, 'tf_eq': 0.0179, 'tf_eq_scrambled': 0.0179, 'gen_acc': 0.0, 'gen_eq': 0.0, 'gen_exact': 0.0} 0s
small s0 lr0.0001 250 train 2.7407 val {'loss': 2.7628, 'tf_eq': 0.0, 'tf_eq_scrambled': 0.0, 'gen_acc': 0.0, 'gen_eq': 0.0, 'gen_exact': 0.0} 4s
small s0 lr0.0001 500 train 2.0448 val {'loss': 2.0743, 'tf_eq': 0.0357, 'tf_eq_scrambled': 0.0357, 'gen_acc': 0.0357, 'gen_eq': 0.0357, 'gen_exact': 0.0} 8s
small s0 lr0.0001 750 train 1.7026 val {'loss': 1.7597, 'tf_eq': 0.0357, 'tf_eq_scrambled': 0.0357, 'gen_acc': 0.0357, 'gen_eq': 0.0357, 'gen_exact': 0.0} 11s
small s0 lr0.0001 1000 train 1.3840 val {'loss': 1.5132, 'tf_eq': 0.0536, 'tf_eq_scrambled': 0.0536, 'gen_acc': 0.0357, 'gen_eq': 0.0357, 'gen_exact': 0.0} 15s
small s0 lr0.0001 1250 train 1.1122 val {'loss': 1.2455, 'tf_eq': 0.0357, 'tf_eq_scrambled': 0.0357, 'gen_acc': 0.0536, 'gen_eq': 0.0536, 'gen_exact': 0.0} 19s
small s0 lr0.0001 1500 train 0.8398 val {'loss': 1.0274, 'tf_eq': 0.0357, 'tf_eq_scrambled': 0.0357, 'gen_acc': 0.0357, 'gen_eq': 0.0357, 'gen_exact': 0.0} 22s
small s0 lr0.0001 1750 train 0.7019 val {'loss': 0.8717, 'tf_eq': 0.0536, 'tf_eq_scrambled': 0.0536, 'gen_acc': 0.0357, 'gen_eq': 0.0357, 'gen_exact': 0.0179} 24s
small s0 lr0.0001 2000 train 0.5822 val {'loss': 0.7749, 'tf_eq': 0.0536, 'tf_eq_scrambled': 0.0536, 'gen_acc': 0.0536, 'gen_eq': 0.0536, 'gen_exact': 0.0536} 27s
small s0 lr0.0001 2250 train 0.4943 val {'loss': 0.7286, 'tf_eq': 0.0714, 'tf_eq_scrambled': 0.0714, 'gen_acc': 0.0893, 'gen_eq': 0.0714, 'gen_exact': 0.0714} 29s
small s0 lr0.0001 2499 train 0.4853 val {'loss': 0.7104, 'tf_eq': 0.1071, 'tf_eq_scrambled': 0.1071, 'gen_acc': 0.125, 'gen_eq': 0.1071, 'gen_exact': 0.1071} 31s
bigft s0 lr0.0001 0 train 8.4817 val {'loss': 8.5033, 'tf_eq': 1.0, 'tf_eq_scrambled': 1.0, 'gen_acc': 0.0, 'gen_eq': 0.0, 'gen_exact': 0.0} 0s
bigft s0 lr0.0001 250 train 2.0011 val {'loss': 2.1092, 'tf_eq': 0.8393, 'tf_eq_scrambled': 0.8393, 'gen_acc': 0.0, 'gen_eq': 0.0714, 'gen_exact': 0.0} 3s
bigft s0 lr0.0001 500 train 1.2103 val {'loss': 1.5024, 'tf_eq': 0.75, 'tf_eq_scrambled': 0.75, 'gen_acc': 0.0179, 'gen_eq': 0.0, 'gen_exact': 0.0} 6s
bigft s0 lr0.0001 750 train 0.9822 val {'loss': 1.3536, 'tf_eq': 0.6607, 'tf_eq_scrambled': 0.6607, 'gen_acc': 0.0357, 'gen_eq': 0.0893, 'gen_exact': 0.0} 8s
bigft s0 lr0.0001 1000 train 0.7390 val {'loss': 1.2161, 'tf_eq': 0.6071, 'tf_eq_scrambled': 0.6071, 'gen_acc': 0.0893, 'gen_eq': 0.3214, 'gen_exact': 0.0} 11s
bigft s0 lr0.0001 1250 train 0.5933 val {'loss': 1.1339, 'tf_eq': 0.6071, 'tf_eq_scrambled': 0.6071, 'gen_acc': 0.2321, 'gen_eq': 0.5893, 'gen_exact': 0.0357} 14s
bigft s0 lr0.0001 1500 train 0.5022 val {'loss': 1.1844, 'tf_eq': 0.5536, 'tf_eq_scrambled': 0.5536, 'gen_acc': 0.1786, 'gen_eq': 0.5357, 'gen_exact': 0.0357} 17s
bigft s0 lr0.0001 1750 train 0.5094 val {'loss': 1.2415, 'tf_eq': 0.5357, 'tf_eq_scrambled': 0.5357, 'gen_acc': 0.2143, 'gen_eq': 0.5357, 'gen_exact': 0.0357} 20s
bigft s0 lr0.0001 2000 train 0.4030 val {'loss': 1.2616, 'tf_eq': 0.5357, 'tf_eq_scrambled': 0.5357, 'gen_acc': 0.3036, 'gen_eq': 0.5179, 'gen_exact': 0.0357} 23s
bigft s0 lr0.0001 2250 train 0.3458 val {'loss': 1.3258, 'tf_eq': 0.5714, 'tf_eq_scrambled': 0.5714, 'gen_acc': 0.3571, 'gen_eq': 0.5536, 'gen_exact': 0.0536} 26s
bigft s0 lr0.0001 2499 train 0.3063 val {'loss': 1.3274, 'tf_eq': 0.5893, 'tf_eq_scrambled': 0.5893, 'gen_acc': 0.3214, 'gen_eq': 0.5536, 'gen_exact': 0.1071} 28s
head s0 lr0.0001 0 train 4.3027 val {'loss': 4.2686, 'tf_eq': 0.0, 'tf_eq_scrambled': 0.0, 'gen_acc': 0.0, 'gen_eq': 0.0714, 'gen_exact': 0.0} 0s
head s0 lr0.0001 250 train 3.7265 val {'loss': 3.7154, 'tf_eq': 0.0179, 'tf_eq_scrambled': 0.0179, 'gen_acc': 0.0, 'gen_eq': 0.0, 'gen_exact': 0.0} 1s
head s0 lr0.0001 500 train 3.4156 val {'loss': 3.4119, 'tf_eq': 0.0179, 'tf_eq_scrambled': 0.0179, 'gen_acc': 0.0, 'gen_eq': 0.0, 'gen_exact': 0.0} 2s
head s0 lr0.0001 750 train 3.1980 val {'loss': 3.2115, 'tf_eq': 0.0179, 'tf_eq_scrambled': 0.0179, 'gen_acc': 0.0, 'gen_eq': 0.0, 'gen_exact': 0.0} 3s
head s0 lr0.0001 1000 train 3.0347 val {'loss': 3.0651, 'tf_eq': 0.0536, 'tf_eq_scrambled': 0.0536, 'gen_acc': 0.0, 'gen_eq': 0.0, 'gen_exact': 0.0} 5s
head s0 lr0.0001 1250 train 2.9367 val {'loss': 2.958, 'tf_eq': 0.0714, 'tf_eq_scrambled': 0.0714, 'gen_acc': 0.0, 'gen_eq': 0.0, 'gen_exact': 0.0} 6s
head s0 lr0.0001 1500 train 2.8354 val {'loss': 2.8747, 'tf_eq': 0.0893, 'tf_eq_scrambled': 0.0893, 'gen_acc': 0.0, 'gen_eq': 0.0, 'gen_exact': 0.0} 7s
head s0 lr0.0001 1750 train 2.7618 val {'loss': 2.8079, 'tf_eq': 0.1429, 'tf_eq_scrambled': 0.1429, 'gen_acc': 0.0, 'gen_eq': 0.0, 'gen_exact': 0.0} 8s
head s0 lr0.0001 2000 train 2.7053 val {'loss': 2.7533, 'tf_eq': 0.1786, 'tf_eq_scrambled': 0.1786, 'gen_acc': 0.0, 'gen_eq': 0.0, 'gen_exact': 0.0} 9s
head s0 lr0.0001 2250 train 2.5936 val {'loss': 2.7057, 'tf_eq': 0.1964, 'tf_eq_scrambled': 0.1964, 'gen_acc': 0.0, 'gen_eq': 0.0, 'gen_exact': 0.0} 10s
head s0 lr0.0001 2499 train 2.6281 val {'loss': 2.6672, 'tf_eq': 0.2321, 'tf_eq_scrambled': 0.2321, 'gen_acc': 0.0, 'gen_eq': 0.0, 'gen_exact': 0.0} 11s
head s0 lr0.003 0 train 4.3027 val {'loss': 4.1853, 'tf_eq': 0.0, 'tf_eq_scrambled': 0.0, 'gen_acc': 0.0, 'gen_eq': 0.0714, 'gen_exact': 0.0} 0s
head s0 lr0.003 250 train 2.2471 val {'loss': 2.3455, 'tf_eq': 0.5893, 'tf_eq_scrambled': 0.5893, 'gen_acc': 0.0, 'gen_eq': 0.0, 'gen_exact': 0.0} 1s
head s0 lr0.003 500 train 2.0054 val {'loss': 2.1561, 'tf_eq': 0.625, 'tf_eq_scrambled': 0.625, 'gen_acc': 0.0714, 'gen_eq': 0.0, 'gen_exact': 0.0} 2s
head s0 lr0.003 750 train 1.8694 val {'loss': 2.0246, 'tf_eq': 0.625, 'tf_eq_scrambled': 0.625, 'gen_acc': 0.0179, 'gen_eq': 0.0, 'gen_exact': 0.0} 4s
head s0 lr0.003 1000 train 1.7318 val {'loss': 1.9591, 'tf_eq': 0.625, 'tf_eq_scrambled': 0.625, 'gen_acc': 0.0, 'gen_eq': 0.0, 'gen_exact': 0.0} 5s
head s0 lr0.003 1250 train 1.6717 val {'loss': 1.8889, 'tf_eq': 0.625, 'tf_eq_scrambled': 0.625, 'gen_acc': 0.0357, 'gen_eq': 0.0, 'gen_exact': 0.0} 6s
head s0 lr0.003 1500 train 1.6028 val {'loss': 1.8633, 'tf_eq': 0.625, 'tf_eq_scrambled': 0.625, 'gen_acc': 0.0, 'gen_eq': 0.0, 'gen_exact': 0.0} 7s
head s0 lr0.003 1750 train 1.5431 val {'loss': 1.83, 'tf_eq': 0.625, 'tf_eq_scrambled': 0.625, 'gen_acc': 0.0, 'gen_eq': 0.0, 'gen_exact': 0.0} 9s
head s0 lr0.003 2000 train 1.4962 val {'loss': 1.7904, 'tf_eq': 0.625, 'tf_eq_scrambled': 0.625, 'gen_acc': 0.0179, 'gen_eq': 0.0, 'gen_exact': 0.0} 10s
head s0 lr0.003 2250 train 1.4189 val {'loss': 1.7961, 'tf_eq': 0.625, 'tf_eq_scrambled': 0.625, 'gen_acc': 0.0, 'gen_eq': 0.0, 'gen_exact': 0.0} 11s
head s0 lr0.003 2499 train 1.4785 val {'loss': 1.7671, 'tf_eq': 0.6071, 'tf_eq_scrambled': 0.6071, 'gen_acc': 0.0536, 'gen_eq': 0.0179, 'gen_exact': 0.0} 12s
