int_13_bin                         1101 
int8_m13                           11110011 
int8_127p1                         -128 (wraps)
loss_exact                         2.40760596444438 
loss_fp32                          2.4076058864593506 
loss_fp32_bits                     01000000000110100001011000110111 
loss_fp32_relerr                   3.2391109964351617e-08 
loss_bf16                          2.40625 
loss_bf16_bits                     0100000000011010 
loss_bf16_relerr                   0.0005632003178281942 
loss_fp16                          2.408203125 
loss_fp16_bits                     0100000011010001 
loss_fp16_relerr                   0.0002480308507449971 
loss_e4m3                          2.5 
loss_e4m3_bits                     01000010 
loss_e4m3_relerr                   0.03837589577368499 
loss_e5m2                          2.5 
loss_e5m2_bits                     01000001 
loss_e5m2_relerr                   0.03837589577368499 
loss_fp64                          2.40760596444438 
loss_fp64_bits                     0100000000000011010000101100011011101010011101111000101110010011 
loss_fp64_relerr                   0.0 
loss_fp32_ef                       128 
loss_fp32_mf                       1709623 
loss_fp32_sig                      1.2038029432296753 
struct_loss_fp32                   401a1637 
x01_fp64_dec                       0.1000000000000000055511151231257827021181583404541015625 
x01_fp32_dec                       0.100000001490116119384765625000 
x01_fp32_bits                      00111101110011001100110011001101 
x01_fp64_hex                       3fb999999999999a 
m25_fp32_bits                      11000000001000000000000000000000 
fp64_max                           1.7976931348623157e+308 
fp64_minnorm                       2.2250738585072014e-308 
fp64_minsub                        5e-324 
fp64_eps                           2.220446049250313e-16 
fp64_lnmax                         709.782712893384 
fp64_digits                        15.954589770191003 
fp64_binades                       2098.0 
fp32_max                           3.4028234663852886e+38 
fp32_minnorm                       1.1754943508222875e-38 
fp32_minsub                        1.401298464324817e-45 
fp32_eps                           1.1920928955078125e-07 
fp32_lnmax                         88.72283905206835 
fp32_digits                        7.224719895935548 
fp32_binades                       276.99999991400864 
fp16_max                           65504.0 
fp16_minnorm                       6.103515625e-05 
fp16_minsub                        5.960464477539063e-08 
fp16_eps                           0.0009765625 
fp16_lnmax                         11.089866488461016 
fp16_digits                        3.3113299523037933 
fp16_binades                       39.99929538702341 
bf16_max                           3.3895313892515355e+38 
bf16_minnorm                       1.1754943508222875e-38 
bf16_minsub                        9.183549615799121e-41 
bf16_eps                           0.0078125 
bf16_lnmax                         88.71892521235186 
bf16_digits                        2.4082399653118496 
bf16_binades                       260.9943534368589 
e4m3_max                           448.0 
e4m3_minnorm                       0.015625 
e4m3_minsub                        0.001953125 
e4m3_eps                           0.125 
e4m3_lnmax                         6.104793232414985 
e4m3_digits                        1.2041199826559248 
e4m3_binades                       17.807354922057606 
e5m2_max                           57344.0 
e5m2_minnorm                       6.103515625e-05 
e5m2_minsub                        1.52587890625e-05 
e5m2_eps                           0.25 
e5m2_lnmax                         10.956823496334602 
e5m2_digits                        0.9030899869919435 
e5m2_binades                       31.807354922057606 
tf32_max                           3.4011621342146535e+38 
tf32_eps                           0.0009765625 
fp16_1p2m11                        1.0 
fp16_1p3x2m11                      1.001953125 
bf16_1p2m8                         1.0 
sum_01_02                          0.30000000000000004 
assoc_l                            0.6000000000000001 
assoc_r                            0.6 
big_l                              0.0 
big_r                              1.0 
ulp_1e16                           2.0 
bf16_999                           1000.0 
fp16_999                           999.0 
e4m3_1000                          nan 
e5m2_1000                          1024.0 
canc_fp32                          0.0 
canc_fp64                          9.99999993922529e-09 
canc_fp64_relerr                   6.0774709918447105e-09 
log1p_naive                        1.000000082690371e-10 
log1p_good                         9.999999999500001e-11 
log1p_naive_relerr                 8.274037096679519e-08 
expm1_naive                        1.000000082740371e-10 
expm1_good                         1.00000000005e-10 
expm1_naive_relerr                 8.269037099242213e-08 
var_exact                          0.006679746839735243 
var_onepass                        -8.0 
var_twopass                        0.006679852958768606 
var_welford                        0.006630897521972656 
var_sumsq_fp32                     300011968.0 
var_xs_fp32                        [10000.099609375, 10000.2001953125, 10000.2998046875] 
welford_trace                      [[10000.099609375, 0.0], [10000.150390625, 0.005009651184082031], [10000.2001953125, 0.01989269256591797]] 
ulp_3e8_fp32                       32.0 
kappa_sub                          10001.0000000011 
kappa_exp1000                      1000.0 
kappa_log                          10000.499991668185 
stag_fp16                          2048.0 
stag_bf16                          256.0 
stag_fp32                          16777216.0 
kahan_seq_fp16                     [2048.0, 0.39990234375, 0.39990234375, 0.39990234375, 0.39990234375, 0.39990234375, 0.39990234375, 0.39990234375, 0.39990234375, 0.39990234375, 0.39990234375] 
kahan_exact                        2051.9990234375 
kahan_naive_trace                  [2048.0, 2048.0, 2048.0, 2048.0, 2048.0, 2048.0, 2048.0, 2048.0, 2048.0, 2048.0, 2048.0] 
kahan_trace                        [[2048.0, 2048.0, 0.0], [0.39990234375, 2048.0, -0.39990234375], [0.7998046875, 2048.0, -0.7998046875], [1.19921875, 2050.0, 0.80078125], [-0.40087890625, 2050.0, 0.40087890625], [-0.0009765625, 2050.0, 0.0009765625], [0.39892578125, 2050.0, -0.39892578125], [0.798828125, 2050.0, -0.798828125], [1.19921875, 2052.0, 0.80078125], [-0.40087890625, 2052.0, 0.40087890625], [-0.0009765625, 2052.0, 0.0009765625]] 
sm_fp32_z                          [1000.0, 999.0, 0.0] 
sm_fp32_naive_exp                  [inf, inf, 1.0] 
sm_fp32_naive_sum                  inf 
sm_fp32_naive_p                    [nan, nan, 0.0] 
sm_fp32_shift                      [0.0, -1.0, -1000.0] 
sm_fp32_exp                        [1.0, 0.3678794503211975, 0.0] 
sm_fp32_sum                        1.3678793907165527 
sm_fp32_p                          [0.7310585975646973, 0.2689414322376251, 0.0] 
sm_fp32_logS                       0.31326165795326233 
sm_fp32_logp                       [-0.31326165795326233, -1.31326162815094, -1000.313232421875] 
sm_fp32_bits_p0                    00111111001110110010011010101000 
sm_fp32_bits_naive_p0              01111111110000000000000000000000 
sm_bf16_z                          [1000.0, 1000.0, 0.0] 
sm_bf16_naive_exp                  [inf, inf, 1.0] 
sm_bf16_naive_sum                  inf 
sm_bf16_naive_p                    [nan, nan, 0.0] 
sm_bf16_shift                      [0.0, 0.0, -1000.0] 
sm_bf16_exp                        [1.0, 1.0, 0.0] 
sm_bf16_sum                        2.0 
sm_bf16_p                          [0.5, 0.5, 0.0] 
sm_bf16_logS                       0.69140625 
sm_bf16_logp                       [-0.69140625, -0.69140625, -1000.0] 
sm_bf16_bits_p0                    0011111100000000 
sm_bf16_bits_naive_p0              0111111111000000 
sm_fp16_z                          [1000.0, 999.0, 0.0] 
sm_fp16_naive_exp                  [inf, inf, 1.0] 
sm_fp16_naive_sum                  inf 
sm_fp16_naive_p                    [nan, nan, 0.0] 
sm_fp16_shift                      [0.0, -1.0, -1000.0] 
sm_fp16_exp                        [1.0, 0.367919921875, 0.0] 
sm_fp16_sum                        1.3681640625 
sm_fp16_p                          [0.73095703125, 0.268798828125, 0.0] 
sm_fp16_logS                       0.3134765625 
sm_fp16_logp                       [-0.3134765625, -1.3134765625, -1000.5] 
sm_fp16_bits_p0                    0011100111011001 
sm_fp16_bits_naive_p0              0111111000000000 
lse_exact                          1000.3132616875182 
p_exact                            [0.7310585786300168, 0.2689414213699995, 0.0] 
kappa_lse                          0.9994179792159411 
old_child_lse                      1001.3132616875182 
root_p                             [0.6652409557748219, 0.24472847105479764, 0.09003057317038046] 
root_loss                          2.40760596444438 
logsig_m100_naive_fp32             -inf 
logsig_m200_naive_fp32             -inf 
sig30_fp32                         1.0 
bce30_naive_fp32                   inf 
logsig_m200_stable                 -200.0 
bce30_stable                       30.000000000000092 
bce30_stable_fp32                  30.0 
softplus100_naive_fp32             inf 
softplus20_gap                     2.061153620314381e-09 
ulp_20_fp32                        1.9073486328125e-06 
bce_x2_y1                          0.1269280110429725 
bce_x2_y0                          2.1269280110429727 
ln_eps_scale                       316.2277660168379 
eps_1e5_fp16                       1.0013580322265625e-05 
fp16_minnorm                       6.103515625e-05 
fp32_eps_rms                       1.1920928955078125e-07 
smol_params                        134515008 
smol_loss                          3.5607471466064453 
smol_below24                       0.07158329872009524 
smol_below25                       0.05016611975371551 
smol_below14                       0.6825508719443409 
smol_maxabs                        0.5341125130653381 
smol_median                        3.1633637263439596e-05 
run_fp16_1_zero                    0.08248779199418402 
run_fp16_1_nonfinite               0 
run_fp16_16_zero                   0.010711563129074788 
run_fp16_16_nonfinite              0 
run_fp16_256_zero                  0.00101518040276963 
run_fp16_256_nonfinite             0 
run_fp16_4096_zero                 0.000257108857325422 
run_fp16_4096_nonfinite            0 
run_fp16_65536_zero                8.712782442833443e-06 
run_fp16_65536_nonfinite           0 
run_fp16_1048576_zero              6.467679799714245e-07 
run_fp16_1048576_nonfinite         96541441 
run_fp16_16777216_zero             1.4868229424630447e-08 
run_fp16_16777216_nonfinite        106336247 
run_bf16_1_zero                    4.757833415881743e-07 
run_bf16_1_nonfinite               0 
lost_0.001_fp32                    0.0 
lost_0.001_bf16                    0.013051703494676223 
lost_0.001_fp16                    5.278221445743809e-07 
lost_0.0001_fp32                   0.0 
lost_0.0001_bf16                   0.8375982849437886 
lost_0.0001_fp16                   0.15197817926755058 
lost_1e-05_fp32                    0.0 
lost_1e-05_bf16                    0.9793626522328275 
lost_1e-05_fp16                    0.8375982849437886 
ls_slider                          {0: [0.05016610488548608, 0.6323847001518225, 0.0], 1: [0.03282116297387426, 0.45846716226638445, 0.0], 2: [0.02013847406528794, 0.33631948339920553, 0.0], 3: [0.011766798541914371, 0.2636025862630882, 0.0], 4: [0.006695074500534542, 0.21998520046179532, 0.0], 5: [0.0038094039291139913, 0.1902490241088935, 0.0], 6: [0.0022132102910033652, 0.16597546498305973, 0.0], 7: [0.0013437162342509767, 0.14286814003683515, 0.0], 8: [0.0008633609121147284, 0.11917450133147968, 0.0], 9: [0.0005738764852171737, 0.0948868619923808, 0.0], 10: [0.0003643608302799937, 0.07121893045570053, 0.0], 11: [0.00020526334132173565, 0.04996084154416435, 0.0], 12: [0.000107140461233887, 0.03271402251264038, 0.0], 13: [5.476712308562625e-05, 0.020083706942202316, 0.0], 14: [2.6874324685019533e-05, 0.011739924217229351, 0.0], 15: [1.2913057255291543e-05, 0.006682161443279251, 0.0], 16: [6.750176158782223e-06, 0.0038026537529552095, 0.0], 17: [3.3379175058295355e-06, 0.0022098723734975357, 7.434114712315224e-09], 18: [1.5834664337231426e-06, 0.0013421327678172536, 2.527599002187176e-07], 19: [8.549231919162507e-07, 0.0008625059889228122, 2.326877904954665e-06], 20: [3.419692767665003e-07, 0.0005735345159404072, 7.701742841958572e-06], 21: [1.7841875309556536e-07, 0.0003641824115268982, 2.1610971468700356e-05], 22: [5.2038802986206565e-08, 0.00020521130251874943, 5.9718243484028194e-05], 23: [3.7170573561576116e-08, 0.00010710329066032543, 0.00016771362790983144], 24: [1.4868229424630447e-08, 5.475225485620162e-05, 0.0004843325735073368]} 
hist_mode_exp                      -15 
tm_loop                            258 
tm_sum                             102 
order_unique                       20 
order_spread                       0.004299163818359375 
order_exact                        29.32876824288536 
mps_index_add                      20 
cpu_index_add                      1 
mps_sum                            1 
lab                                {'fp16_100': {'exact': 48.76738357543945, 'naive': 48.71875, 'pairwise': 48.75, 'kahan': 48.78125, 'acc32': 48.76738357543945, 'first': 0.626953125}, 'fp16_1000': {'exact': 491.78248405456543, 'naive': 490.25, 'pairwise': 491.75, 'kahan': 491.75, 'acc32': 491.7824401855469, 'first': 0.626953125}, 'fp16_10000': {'exact': 4981.972482562065, 'naive': 2048.0, 'pairwise': 4984.0, 'kahan': 4980.0, 'acc32': 4981.9697265625, 'first': 0.626953125}, 'bf16_100': {'exact': 48.76957702636719, 'naive': 49.25, 'pairwise': 48.75, 'kahan': 48.75, 'acc32': 48.76957702636719, 'first': 0.62890625}, 'bf16_1000': {'exact': 491.77979278564453, 'naive': 256.0, 'pairwise': 492.0, 'kahan': 492.0, 'acc32': 491.77978515625, 'first': 0.62890625}, 'bf16_10000': {'exact': 4982.060599327087, 'naive': 256.0, 'pairwise': 4992.0, 'kahan': 4992.0, 'acc32': 4982.06103515625, 'first': 0.62890625}, 'fp32_100': {'exact': 48.766477355966344, 'naive': 48.7664680480957, 'pairwise': 48.76647186279297, 'kahan': 48.766475677490234, 'acc32': 48.7664680480957, 'first': 0.6270739436149597}, 'fp32_1000': {'exact': 491.7801017477177, 'naive': 491.7801208496094, 'pairwise': 491.78009033203125, 'kahan': 491.78009033203125, 'acc32': 491.7801208496094, 'first': 0.6270739436149597}, 'fp32_10000': {'exact': 4981.968331521377, 'naive': 4981.9599609375, 'pairwise': 4981.96826171875, 'kahan': 4981.96826171875, 'acc32': 4981.9599609375, 'first': 0.6270739436149597}} 
