   Compiling proc-macro2 v1.0.107
   Compiling quote v1.0.47
   Compiling unicode-ident v1.0.26
   Compiling libc v0.2.190
   Compiling pin-project-lite v0.2.17
   Compiling itoa v1.0.18
   Compiling bytes v1.12.1
   Compiling cfg-if v1.0.5
   Compiling smallvec v1.16.2
   Compiling futures-core v0.3.34
   Compiling parking_lot_core v0.9.12
   Compiling once_cell v1.21.4
   Compiling scopeguard v1.2.0
   Compiling serde_core v1.0.229
   Compiling lock_api v0.4.14
   Compiling log v0.4.34
   Compiling tracing-core v0.1.36
   Compiling tower-service v0.3.3
   Compiling httparse v1.10.1
   Compiling utf8parse v0.2.2
   Compiling zmij v1.0.23
   Compiling http v1.5.0
   Compiling serde v1.0.229
   Compiling tower-layer v0.3.3
   Compiling anstyle-parse v1.0.0
   Compiling futures-channel v0.3.34
   Compiling httpdate v1.0.3
   Compiling regex-syntax v0.8.11
   Compiling is_terminal_polyfill v1.70.2
   Compiling colorchoice v1.0.5
   Compiling anstyle-query v1.1.5
   Compiling anstyle v1.0.14
   Compiling serde_json v1.0.151
   Compiling sync_wrapper v1.0.2
   Compiling atomic-waker v1.1.2
   Compiling slab v0.4.12
   Compiling futures-task v0.3.34
   Compiling percent-encoding v2.3.2
   Compiling syn v3.0.6
   Compiling syn v2.0.119
   Compiling form_urlencoded v1.2.2
   Compiling futures-util v0.3.34
   Compiling anstream v1.0.0
   Compiling heck v0.5.0
   Compiling strsim v0.11.1
   Compiling clap_lex v1.1.1
   Compiling http-body v1.1.0
   Compiling ryu v1.0.23
   Compiling http-body-util v0.1.5
   Compiling errno v0.3.14
   Compiling socket2 v0.6.5
   Compiling mio v1.2.4
   Compiling signal-hook-registry v1.4.8
   Compiling memchr v2.8.3
   Compiling parking_lot v0.12.5
   Compiling mime v0.3.17
   Compiling lazy_static v1.5.1
   Compiling anyhow v1.0.104
   Compiling thiserror v2.0.21
   Compiling sharded-slab v0.1.7
   Compiling regex-automata v0.4.18
   Compiling clap_builder v4.6.7
   Compiling tracing-log v0.2.0
   Compiling thread_local v1.1.10
   Compiling matchit v0.8.4
   Compiling nu-ansi-term v0.50.3
   Compiling bitflags v2.13.2
   Compiling serde_path_to_error v0.1.20
   Compiling matchers v0.2.0
   Compiling tokio-macros v2.7.2
   Compiling serde_derive v1.0.229
   Compiling thiserror-impl v2.0.21
   Compiling clap_derive v4.6.7
   Compiling tokio v1.53.2
   Compiling tracing-attributes v0.1.31
   Compiling clap v4.6.7
   Compiling tracing v0.1.44
   Compiling axum-core v0.5.6
   Compiling tracing-subscriber v0.3.23
   Compiling serde_urlencoded v0.7.1
   Compiling hyper v1.11.1
   Compiling tower v0.5.3
   Compiling tower-http v0.6.11
   Compiling hyper-util v0.1.21
   Compiling axum v0.8.9
   Compiling tok v0.1.0 (~/technical_knowledge_base/technical_knowledge_base/engineering_foundations/topic_programming_languages/rust/src/rs/code/tok)
    Finished `dev` profile [unoptimized + debuginfo] target(s) in 15.19s
   Compiling proc-macro2 v1.0.107
   Compiling quote v1.0.47
   Compiling unicode-ident v1.0.26
   Compiling libc v0.2.190
   Compiling pin-project-lite v0.2.17
   Compiling itoa v1.0.18
   Compiling bytes v1.12.1
   Compiling cfg-if v1.0.5
   Compiling futures-core v0.3.34
   Compiling parking_lot_core v0.9.12
   Compiling smallvec v1.16.2
   Compiling once_cell v1.21.4
   Compiling scopeguard v1.2.0
   Compiling serde_core v1.0.229
   Compiling lock_api v0.4.14
   Compiling log v0.4.34
   Compiling tracing-core v0.1.36
   Compiling tower-service v0.3.3
   Compiling httparse v1.10.1
   Compiling zmij v1.0.23
   Compiling tower-layer v0.3.3
   Compiling serde v1.0.229
   Compiling utf8parse v0.2.2
   Compiling anstyle-parse v1.0.0
   Compiling futures-channel v0.3.34
   Compiling anstyle v1.0.14
   Compiling http v1.5.0
   Compiling percent-encoding v2.3.2
   Compiling serde_json v1.0.151
   Compiling sync_wrapper v1.0.2
   Compiling regex-syntax v0.8.11
   Compiling httpdate v1.0.3
   Compiling is_terminal_polyfill v1.70.2
   Compiling syn v3.0.6
   Compiling syn v2.0.119
   Compiling atomic-waker v1.1.2
   Compiling colorchoice v1.0.5
   Compiling anstyle-query v1.1.5
   Compiling slab v0.4.12
   Compiling futures-task v0.3.34
   Compiling anstream v1.0.0
   Compiling errno v0.3.14
   Compiling socket2 v0.6.5
   Compiling mio v1.2.4
   Compiling signal-hook-registry v1.4.8
   Compiling parking_lot v0.12.5
   Compiling futures-util v0.3.34
   Compiling http-body v1.1.0
   Compiling http-body-util v0.1.5
   Compiling form_urlencoded v1.2.2
   Compiling memchr v2.8.3
   Compiling mime v0.3.17
   Compiling lazy_static v1.5.1
   Compiling anyhow v1.0.104
   Compiling thiserror v2.0.21
   Compiling heck v0.5.0
   Compiling strsim v0.11.1
   Compiling regex-automata v0.4.18
   Compiling clap_lex v1.1.1
   Compiling ryu v1.0.23
   Compiling clap_builder v4.6.7
   Compiling sharded-slab v0.1.7
   Compiling tracing-log v0.2.0
   Compiling serde_path_to_error v0.1.20
   Compiling thread_local v1.1.10
   Compiling matchit v0.8.4
   Compiling nu-ansi-term v0.50.3
   Compiling bitflags v2.13.2
   Compiling tokio-macros v2.7.2
   Compiling serde_derive v1.0.229
   Compiling thiserror-impl v2.0.21
   Compiling clap_derive v4.6.7
   Compiling tokio v1.53.2
   Compiling tracing-attributes v0.1.31
   Compiling matchers v0.2.0
   Compiling clap v4.6.7
   Compiling tracing v0.1.44
   Compiling axum-core v0.5.6
   Compiling tracing-subscriber v0.3.23
   Compiling serde_urlencoded v0.7.1
   Compiling hyper v1.11.1
   Compiling tower v0.5.3
   Compiling tower-http v0.6.11
   Compiling hyper-util v0.1.21
   Compiling axum v0.8.9
   Compiling tok v0.1.0 (~/technical_knowledge_base/technical_knowledge_base/engineering_foundations/topic_programming_languages/rust/src/rs/code/tok)
    Finished `release` profile [optimized] target(s) in 19.91s
   Compiling proc-macro2 v1.0.107
   Compiling quote v1.0.47
   Compiling unicode-ident v1.0.26
   Compiling libc v0.2.190
   Compiling pin-project-lite v0.2.17
   Compiling itoa v1.0.18
   Compiling bytes v1.12.1
   Compiling cfg-if v1.0.5
   Compiling futures-core v0.3.34
   Compiling parking_lot_core v0.9.12
   Compiling smallvec v1.16.2
   Compiling scopeguard v1.2.0
   Compiling once_cell v1.21.4
   Compiling lock_api v0.4.14
   Compiling serde_core v1.0.229
   Compiling tracing-core v0.1.36
   Compiling log v0.4.34
   Compiling tower-service v0.3.3
   Compiling httparse v1.10.1
   Compiling utf8parse v0.2.2
   Compiling zmij v1.0.23
   Compiling serde v1.0.229
   Compiling tower-layer v0.3.3
   Compiling anstyle-parse v1.0.0
   Compiling futures-channel v0.3.34
   Compiling http v1.5.0
   Compiling anstyle-query v1.1.5
   Compiling colorchoice v1.0.5
   Compiling anstyle v1.0.14
   Compiling serde_json v1.0.151
   Compiling sync_wrapper v1.0.2
   Compiling regex-syntax v0.8.11
   Compiling atomic-waker v1.1.2
   Compiling slab v0.4.12
   Compiling futures-task v0.3.34
   Compiling percent-encoding v2.3.2
   Compiling syn v3.0.6
   Compiling syn v2.0.119
   Compiling httpdate v1.0.3
   Compiling is_terminal_polyfill v1.70.2
   Compiling form_urlencoded v1.2.2
   Compiling anstream v1.0.0
   Compiling futures-util v0.3.34
   Compiling ryu v1.0.23
   Compiling memchr v2.8.3
   Compiling errno v0.3.14
   Compiling signal-hook-registry v1.4.8
   Compiling socket2 v0.6.5
   Compiling http-body v1.1.0
   Compiling parking_lot v0.12.5
   Compiling mio v1.2.4
   Compiling http-body-util v0.1.5
   Compiling anyhow v1.0.104
   Compiling mime v0.3.17
   Compiling lazy_static v1.5.1
   Compiling thiserror v2.0.21
   Compiling heck v0.5.0
   Compiling strsim v0.11.1
   Compiling clap_lex v1.1.1
   Compiling sharded-slab v0.1.7
   Compiling regex-automata v0.4.18
   Compiling clap_builder v4.6.7
   Compiling tracing-log v0.2.0
   Compiling thread_local v1.1.10
   Compiling matchit v0.8.4
   Compiling nu-ansi-term v0.50.3
   Compiling bitflags v2.13.2
   Compiling serde_path_to_error v0.1.20
   Compiling tokio-macros v2.7.2
   Compiling serde_derive v1.0.229
   Compiling thiserror-impl v2.0.21
   Compiling clap_derive v4.6.7
   Compiling tokio v1.53.2
   Compiling tracing-attributes v0.1.31
   Compiling matchers v0.2.0
   Compiling tracing v0.1.44
   Compiling clap v4.6.7
   Compiling axum-core v0.5.6
   Compiling tracing-subscriber v0.3.23
   Compiling serde_urlencoded v0.7.1
   Compiling hyper v1.11.1
   Compiling tower v0.5.3
   Compiling tower-http v0.6.11
   Compiling hyper-util v0.1.21
   Compiling axum v0.8.9
   Compiling tok v0.1.0 (~/technical_knowledge_base/technical_knowledge_base/engineering_foundations/topic_programming_languages/rust/src/rs/code/tok)
    Finished `release-strip` profile [optimized] target(s) in 20.75s
   Compiling proc-macro2 v1.0.107
   Compiling quote v1.0.47
   Compiling unicode-ident v1.0.26
   Compiling libc v0.2.190
   Compiling pin-project-lite v0.2.17
   Compiling itoa v1.0.18
   Compiling cfg-if v1.0.5
   Compiling bytes v1.12.1
   Compiling parking_lot_core v0.9.12
   Compiling smallvec v1.16.2
   Compiling futures-core v0.3.34
   Compiling scopeguard v1.2.0
   Compiling once_cell v1.21.4
   Compiling lock_api v0.4.14
   Compiling serde_core v1.0.229
   Compiling tracing-core v0.1.36
   Compiling log v0.4.34
   Compiling httparse v1.10.1
   Compiling tower-service v0.3.3
   Compiling utf8parse v0.2.2
   Compiling zmij v1.0.23
   Compiling serde v1.0.229
   Compiling tower-layer v0.3.3
   Compiling anstyle-parse v1.0.0
   Compiling http v1.5.0
   Compiling futures-channel v0.3.34
   Compiling atomic-waker v1.1.2
   Compiling slab v0.4.12
   Compiling futures-task v0.3.34
   Compiling percent-encoding v2.3.2
   Compiling httpdate v1.0.3
   Compiling is_terminal_polyfill v1.70.2
   Compiling colorchoice v1.0.5
   Compiling anstyle-query v1.1.5
   Compiling anstyle v1.0.14
   Compiling serde_json v1.0.151
   Compiling sync_wrapper v1.0.2
   Compiling regex-syntax v0.8.11
   Compiling form_urlencoded v1.2.2
   Compiling futures-util v0.3.34
   Compiling syn v3.0.6
   Compiling syn v2.0.119
   Compiling anstream v1.0.0
   Compiling thiserror v2.0.21
   Compiling heck v0.5.0
   Compiling strsim v0.11.1
   Compiling clap_lex v1.1.1
   Compiling ryu v1.0.23
   Compiling errno v0.3.14
   Compiling signal-hook-registry v1.4.8
   Compiling http-body v1.1.0
   Compiling mio v1.2.4
   Compiling parking_lot v0.12.5
   Compiling socket2 v0.6.5
   Compiling http-body-util v0.1.5
   Compiling memchr v2.8.3
   Compiling anyhow v1.0.104
   Compiling mime v0.3.17
   Compiling lazy_static v1.5.1
   Compiling sharded-slab v0.1.7
   Compiling clap_builder v4.6.7
   Compiling regex-automata v0.4.18
   Compiling tracing-log v0.2.0
   Compiling thread_local v1.1.10
   Compiling matchit v0.8.4
   Compiling nu-ansi-term v0.50.3
   Compiling bitflags v2.13.2
   Compiling serde_path_to_error v0.1.20
   Compiling tokio-macros v2.7.2
   Compiling serde_derive v1.0.229
   Compiling thiserror-impl v2.0.21
   Compiling clap_derive v4.6.7
   Compiling tokio v1.53.2
   Compiling tracing-attributes v0.1.31
   Compiling matchers v0.2.0
   Compiling clap v4.6.7
   Compiling tracing v0.1.44
   Compiling axum-core v0.5.6
   Compiling tracing-subscriber v0.3.23
   Compiling serde_urlencoded v0.7.1
   Compiling hyper v1.11.1
   Compiling tower v0.5.3
   Compiling tower-http v0.6.11
   Compiling hyper-util v0.1.21
   Compiling axum v0.8.9
   Compiling tok v0.1.0 (~/technical_knowledge_base/technical_knowledge_base/engineering_foundations/topic_programming_languages/rust/src/rs/code/tok)
    Finished `release-lto` profile [optimized] target(s) in 37.29s
   Compiling proc-macro2 v1.0.107
   Compiling quote v1.0.47
   Compiling unicode-ident v1.0.26
   Compiling libc v0.2.190
   Compiling pin-project-lite v0.2.17
   Compiling itoa v1.0.18
   Compiling bytes v1.12.1
   Compiling cfg-if v1.0.5
   Compiling futures-core v0.3.34
   Compiling parking_lot_core v0.9.12
   Compiling smallvec v1.16.2
   Compiling once_cell v1.21.4
   Compiling scopeguard v1.2.0
   Compiling serde_core v1.0.229
   Compiling log v0.4.34
   Compiling lock_api v0.4.14
   Compiling tracing-core v0.1.36
   Compiling tower-service v0.3.3
   Compiling httparse v1.10.1
   Compiling utf8parse v0.2.2
   Compiling zmij v1.0.23
   Compiling serde v1.0.229
   Compiling tower-layer v0.3.3
   Compiling http v1.5.0
   Compiling anstyle-parse v1.0.0
   Compiling futures-channel v0.3.34
   Compiling httpdate v1.0.3
   Compiling is_terminal_polyfill v1.70.2
   Compiling colorchoice v1.0.5
   Compiling anstyle-query v1.1.5
   Compiling anstyle v1.0.14
   Compiling serde_json v1.0.151
   Compiling sync_wrapper v1.0.2
   Compiling regex-syntax v0.8.11
   Compiling atomic-waker v1.1.2
   Compiling slab v0.4.12
   Compiling futures-task v0.3.34
   Compiling percent-encoding v2.3.2
   Compiling anstream v1.0.0
   Compiling futures-util v0.3.34
   Compiling form_urlencoded v1.2.2
   Compiling clap_lex v1.1.1
   Compiling ryu v1.0.23
   Compiling memchr v2.8.3
   Compiling mime v0.3.17
   Compiling anyhow v1.0.104
   Compiling lazy_static v1.5.1
   Compiling thiserror v2.0.21
   Compiling heck v0.5.0
   Compiling strsim v0.11.1
   Compiling syn v3.0.6
   Compiling errno v0.3.14
   Compiling syn v2.0.119
   Compiling signal-hook-registry v1.4.8
   Compiling http-body v1.1.0
   Compiling parking_lot v0.12.5
   Compiling socket2 v0.6.5
   Compiling mio v1.2.4
   Compiling http-body-util v0.1.5
   Compiling clap_builder v4.6.7
   Compiling sharded-slab v0.1.7
   Compiling regex-automata v0.4.18
   Compiling tracing-log v0.2.0
   Compiling thread_local v1.1.10
   Compiling matchit v0.8.4
   Compiling nu-ansi-term v0.50.3
   Compiling bitflags v2.13.2
   Compiling serde_path_to_error v0.1.20
   Compiling matchers v0.2.0
   Compiling tokio-macros v2.7.2
   Compiling serde_derive v1.0.229
   Compiling thiserror-impl v2.0.21
   Compiling clap_derive v4.6.7
   Compiling tokio v1.53.2
   Compiling tracing-attributes v0.1.31
   Compiling clap v4.6.7
   Compiling tracing v0.1.44
   Compiling axum-core v0.5.6
   Compiling tracing-subscriber v0.3.23
   Compiling serde_urlencoded v0.7.1
   Compiling hyper v1.11.1
   Compiling tower v0.5.3
   Compiling tower-http v0.6.11
   Compiling hyper-util v0.1.21
   Compiling axum v0.8.9
   Compiling tok v0.1.0 (~/technical_knowledge_base/technical_knowledge_base/engineering_foundations/topic_programming_languages/rust/src/rs/code/tok)
    Finished `release-small` profile [optimized] target(s) in 23.51s
