[   0.4s] loaded
[transformers] Token indices sequence length is longer than the specified maximum sequence length for this model (283287 > 1024). Running this sequence through the model will result in indexing errors
[   4.1s] tokens torch.Size([2, 1024]) first chars: ' = Robert Boulter = \n Robert Boulter is an English film , television and theatre'
[transformers] `loss_type=None` was set in the config but it is unrecognized. Using the default loss: `ForCausalLMLoss`.
[   6.5s] base loss 3.174187421798706
[   8.2s] captured {'attn_in': (2048, 768), 'o_in': (2048, 768), 'fc_in': (2048, 768), 'proj_in': (2048, 3072)}
[   8.6s] W_Q (768, 768) {'sigma_max': 12.411502206229185, 'sigma_min': 0.0003564084590008585, 'kappa': 34823.8149033362, 'fro': 108.48457719042594, 'nuclear': 2278.3518482132095, 'stable_rank': 76.39893486081333, 'erank': 535.522509235497, 'k90': 298, 'k99': 521, 'n': 768}
[   8.9s] W_K (768, 768) {'sigma_max': 11.95087394717289, 'sigma_min': 0.00046349467785655946, 'kappa': 25784.274379244114, 'fro': 104.56096684023314, 'nuclear': 2175.1185533349826, 'stable_rank': 76.5490577692805, 'erank': 526.5985306495121, 'k90': 294, 'k99': 508, 'n': 768}
[   9.1s] W_V (768, 768) {'sigma_max': 9.47226457320638, 'sigma_min': 0.0002852876903293921, 'kappa': 33202.50012284, 'fro': 79.34034443934306, 'nuclear': 1693.7977683054964, 'stable_rank': 70.1585368233104, 'erank': 550.4720007022617, 'k90': 312, 'k99': 534, 'n': 768}
[   9.4s] W_O (768, 768) {'sigma_max': 12.84715787127485, 'sigma_min': 0.0015839527396965237, 'kappa': 8110.821459064677, 'fro': 72.01903281149838, 'nuclear': 1565.311785725762, 'stable_rank': 31.42537345088202, 'erank': 561.0083916449943, 'k90': 330, 'k99': 538, 'n': 768}
[  10.0s] W_in (768, 3072) {'sigma_max': 32.34236127867711, 'sigma_min': 0.41179225480370263, 'kappa': 78.54047982056971, 'fro': 194.7285580521307, 'nuclear': 4908.844100010521, 'stable_rank': 36.250654138012585, 'erank': 698.8524081411564, 'k90': 504, 'k99': 715, 'n': 768}
[  10.9s] W_out (3072, 768) {'sigma_max': 27.617652880649533, 'sigma_min': 0.2512674122847854, 'kappa': 109.91338920364176, 'fro': 149.5403400448898, 'nuclear': 3775.2609274233546, 'stable_rank': 29.318597693488066, 'erank': 701.5656281432296, 'k90': 513, 'k99': 718, 'n': 768}
[  41.0s] loss curve W_Q [[1, 3.5492], [2, 3.5144], [4, 3.4835], [8, 3.4691]] [[640, 3.1734], [768, 3.1742]]
[  66.6s] loss curve W_K [[1, 3.5271], [2, 3.4904], [4, 3.4957], [8, 3.5043]] [[640, 3.174], [768, 3.1742]]
[  98.1s] loss curve W_V [[1, 3.3521], [2, 3.3498], [4, 3.3427], [8, 3.3419]] [[640, 3.1778], [768, 3.1742]]
[ 142.1s] loss curve W_O [[1, 3.3557], [2, 3.3516], [4, 3.3462], [8, 3.3362]] [[640, 3.1742], [768, 3.1742]]
[ 182.0s] loss curve W_in [[1, 4.2583], [2, 4.2267], [4, 4.2399], [8, 4.2766]] [[640, 3.1816], [768, 3.1742]]
[ 239.1s] loss curve W_out [[1, 3.2658], [2, 3.2614], [4, 3.2578], [8, 3.257]] [[640, 3.1766], [768, 3.1742]]
[ 276.2s] svd all done
[ 295.8s] whole {'frac': 1.0, 'loss': 3.1742, 'params_lowrank_form': 84934656, 'params_full': 84934656}
[ 318.4s] whole {'frac': 0.9, 'loss': 3.9068, 'params_lowrank_form': 84934656, 'params_full': 84934656}
[ 341.2s] whole {'frac': 0.75, 'loss': 6.487, 'params_lowrank_form': 81395712, 'params_full': 84934656}
[ 357.3s] whole {'frac': 0.5, 'loss': 8.4994, 'params_lowrank_form': 63700992, 'params_full': 84934656}
[ 367.2s] whole {'frac': 0.25, 'loss': 9.0443, 'params_lowrank_form': 31850496, 'params_full': 84934656}
[ 370.6s] whole {'frac': 0.1, 'loss': 8.8311, 'params_lowrank_form': 12773376, 'params_full': 84934656}
[ 375.4s] emb done 0.269 0.518
[ 395.1s] monsterapi/gpt2_alpaca-lora [(0, 0.0242, 0.9), (1, 0.0295, 1.04), (2, 0.0199, 0.61), (3, 0.0242, 1.58), (4, 0.025, 1.99), (5, 0.0384, 2.06), (6, 0.0433, 2.22), (7, 0.0449, 2.45), (8, 0.0514, 3.37), (9, 0.057, 3.02), (10, 0.0784, 2.74), (11, 0.0785, 2.7)]
[ 395.1s] harigovind511/GPT2-Guanaco-LoRA [(0, 0.0176, 0.18), (1, 0.0193, 0.29), (2, 0.0183, 0.17), (3, 0.0158, 0.23), (4, 0.0151, 0.28), (5, 0.0164, 0.3), (6, 0.0201, 0.38), (7, 0.0216, 0.38), (8, 0.0306, 0.57), (9, 0.0317, 0.55), (10, 0.033, 0.52), (11, 0.0383, 0.62)]
[ 395.1s] done
