{'date': '2026-10-05 19:47', 'mlx': '0.32.3', 'numpy': '2.5.3', 'python': '3.12.11', 'device': 'Apple M1 Pro', 'arch': 'applegpu_g13s', 'memory_bytes': 17179869184, 'load_start': (3.69091796875, 4.58154296875, 4.9892578125)}
softmax   eager: 5 separate kernels                         13.080 ms  [12.338-33.664]  err 1.43261290497243e-07  peak 768 MiB  load 3.69
softmax   eager under mx.compile                             9.983 ms  [9.384-13.808]  err 1.43261290497243e-07  peak 768 MiB  load 3.69
softmax   MLX library mx.softmax                             3.300 ms  [3.229-3.365]  err 1.43261290497243e-07  peak 512 MiB  load 3.69
softmax   S1 one thread per row                            175.000 ms  [160.324-182.015]  err 1.4545634755558368e-06  peak 512 MiB  load 3.8
softmax   S2 threadgroup per row, coalesced                  3.539 ms  [3.448-4.034]  err 8.297610987195725e-08  peak 512 MiB  load 3.8
softmax   S3 + SIMD-group reductions                         3.622 ms  [3.594-3.693]  err 1.1458826143506684e-07  peak 512 MiB  load 3.8
softmax   S4 + float4 loads                                  3.458 ms  [3.412-3.572]  err 1.1504441899123918e-07  peak 512 MiB  load 3.8
softmax   S5 + online softmax (2 passes)                     3.475 ms  [3.232-4.096]  err 1.522435395528987e-07  peak 512 MiB  load 3.8
softmax   S6 row held in registers (1 pass)                  3.161 ms  [3.123-3.354]  err 1.1504441899123918e-07  peak 512 MiB  load 3.8
softmax_long S4 long rows                                       6.434 ms  [6.322-7.739]  err 2.9158032793796806e-09  peak 512 MiB  load 3.73
softmax_long S5 long rows                                       5.005 ms  [4.888-5.153]  err 9.688563708254438e-09  peak 512 MiB  load 3.73
softmax_long MLX library long rows                              4.166 ms  [4.111-4.654]  err 9.688563708254438e-09  peak 512 MiB  load 3.73
matmul    M1 naive, uncoalesced                            229.200 ms  [222.426-239.725]  err 0.000442122647115184  peak 48 MiB  load 3.73
matmul    M2 naive, coalesced                               47.533 ms  [47.401-49.398]  err 0.000442122647115184  peak 48 MiB  load 3.51
matmul    M3 tiled 16x16 in threadgroup memory              27.053 ms  [26.745-28.061]  err 0.000442122647115184  peak 48 MiB  load 3.51
matmul    M4 tiled 32x32                                    36.480 ms  [36.341-36.624]  err 0.000442122647115184  peak 48 MiB  load 3.51
matmul    M5 4x4 outputs per thread (registers)             10.581 ms  [10.551-10.779]  err 0.000442122647115184  peak 48 MiB  load 3.51
matmul    M6 8x8 per thread + float4                        13.691 ms  [13.555-13.970]  err 0.000442122647115184  peak 48 MiB  load 3.51
matmul    M7a 8x8 matrix instructions, from device memory     5.616 ms  [5.519-5.771]  err 0.000442122647115184  peak 48 MiB  load 3.51
matmul    M7 8x8 matrix instructions + threadgroup tiles     5.115 ms  [5.086-5.153]  err 0.000442122647115184  peak 48 MiB  load 3.51
matmul    M7nu M7 with loops not unrolled                  176.634 ms  [171.429-182.462]  err 0.000442122647115184  peak 48 MiB  load 3.63
matmul    MLX library A @ B                                  4.260 ms  [4.202-4.606]  err 0.000442122647115184  peak 48 MiB  load 3.63
fused     unfused, MLX: mx.softmax then @ (N=2048)           0.644 ms  [0.613-0.837]  err 3.358216922322299e-06  peak 34 MiB  load 3.63
fused     unfused, ours: S6 then M7 (N=2048)                 0.714 ms  [0.676-0.760]  err 5.265565555134799e-06  peak 33 MiB  load 3.63
fused     fused, two passes (N=2048)                         0.784 ms  [0.712-0.892]  err 7.172914187947299e-06  peak 17 MiB  load 3.63
fused     fused, one pass, online (N=2048)                   0.490 ms  [0.485-0.729]  err 3.870449169385282e-06  peak 17 MiB  load 3.63
fused     unfused, MLX: mx.softmax then @ (N=4096)           1.697 ms  [1.664-1.733]  err 4.4067277475967614e-06  peak 132 MiB  load 3.63
fused     unfused, ours: S6 then M7 (N=4096)                 1.712 ms  [1.671-2.068]  err 4.4067277475967614e-06  peak 130 MiB  load 3.63
fused     fused, two passes (N=4096)                         1.657 ms  [1.635-1.700]  err 4.168309168495199e-06  peak 66 MiB  load 3.63
fused     fused, one pass, online (N=4096)                   1.273 ms  [1.261-1.497]  err 3.872095343471216e-06  peak 66 MiB  load 3.63
fused     unfused, MLX: mx.softmax then @ (N=8192)           7.035 ms  [6.568-7.624]  err 3.891420335300211e-06  peak 520 MiB  load 3.63
fused     unfused, ours: S6 then M7 (N=8192)                 8.351 ms  [8.223-8.488]  err 9.49425694418693e-06  peak 516 MiB  load 4.38
fused     fused, two passes (N=8192)                         9.629 ms  [9.541-9.769]  err 9.971094102390055e-06  peak 260 MiB  load 4.38
fused     fused, one pass, online (N=8192)                   4.804 ms  [4.771-4.834]  err 4.339353691706904e-06  peak 260 MiB  load 4.38
attention naive: S and P in memory (N=512)                   0.387 ms  [0.374-0.395]  err 6.431342479129576e-07  peak 6 MiB  load 4.38
attention flash-style kernel, ours (N=512)                   0.430 ms  [0.392-0.533]  err 5.407451600936142e-07  peak 2 MiB  load 4.38
attention MLX fused attention (N=512)                        0.369 ms  [0.361-0.450]  err 5.83529603137567e-07  peak 3 MiB  load 4.38
attention naive: S and P in memory (N=1024)                  0.972 ms  [0.932-1.071]  err 4.122442647247482e-07  peak 20 MiB  load 4.38
attention flash-style kernel, ours (N=1024)                  0.956 ms  [0.846-1.282]  err 3.08193376430399e-07  peak 4 MiB  load 4.38
attention MLX fused attention (N=1024)                       0.893 ms  [0.697-1.026]  err 3.1765848565457055e-07  peak 5 MiB  load 4.38
attention naive: S and P in memory (N=2048)                  2.957 ms  [2.890-3.585]  err 4.5234817386274884e-07  peak 72 MiB  load 4.38
attention flash-style kernel, ours (N=2048)                  2.110 ms  [2.099-2.128]  err 4.845953143206572e-07  peak 8 MiB  load 4.38
attention MLX fused attention (N=2048)                       1.954 ms  [1.781-1.998]  err 4.771447337237333e-07  peak 10 MiB  load 4.38
attention naive: S and P in memory (N=4096)                 12.434 ms  [12.201-12.637]  err 3.947544262722369e-07  peak 272 MiB  load 4.38
attention flash-style kernel, ours (N=4096)                  7.795 ms  [7.760-7.926]  err 4.579517697694824e-07  peak 16 MiB  load 4.19
attention MLX fused attention (N=4096)                       6.282 ms  [6.247-7.747]  err 5.026552533510253e-07  peak 20 MiB  load 4.19
attention naive: S and P in memory (N=8192)                 56.063 ms  [54.987-57.917]  err 5.364418029785156e-07  peak 1056 MiB  load 4.19
attention flash-style kernel, ours (N=8192)                 30.248 ms  [30.199-30.641]  err 1.043081283569336e-07  peak 32 MiB  load 4.19
attention MLX fused attention (N=8192)                      23.621 ms  [23.551-23.746]  err 0.0  peak 40 MiB  load 4.19
attention flash-style kernel, ours (N=16384)               120.079 ms  [119.155-120.965]  err 7.078051567077637e-08  peak 64 MiB  load 4.19
attention MLX fused attention (N=16384)                     92.523 ms  [92.404-92.940]  err 0.0  peak 80 MiB  load 4.09
wrote out/run_2.json
