{'date': '2026-10-05 19:46', 'mlx': '0.32.3', 'numpy': '2.5.3', 'python': '3.12.11', 'device': 'Apple M1 Pro', 'arch': 'applegpu_g13s', 'memory_bytes': 17179869184, 'load_start': (4.51123046875, 4.896484375, 5.12548828125)}
softmax   eager: 5 separate kernels                         12.932 ms  [12.410-49.122]  err 1.43261290497243e-07  peak 768 MiB  load 4.31
softmax   eager under mx.compile                            10.093 ms  [9.752-40.528]  err 1.43261290497243e-07  peak 768 MiB  load 4.31
softmax   MLX library mx.softmax                             3.363 ms  [3.170-3.594]  err 1.43261290497243e-07  peak 512 MiB  load 4.31
softmax   S1 one thread per row                            177.144 ms  [155.229-180.517]  err 1.4545634755558368e-06  peak 512 MiB  load 4.12
softmax   S2 threadgroup per row, coalesced                  3.849 ms  [3.507-4.012]  err 8.297610987195725e-08  peak 512 MiB  load 4.12
softmax   S3 + SIMD-group reductions                         3.691 ms  [3.586-4.182]  err 1.1458826143506684e-07  peak 512 MiB  load 4.12
softmax   S4 + float4 loads                                  3.553 ms  [3.378-5.986]  err 1.1504441899123918e-07  peak 512 MiB  load 4.12
softmax   S5 + online softmax (2 passes)                     3.255 ms  [3.224-3.622]  err 1.522435395528987e-07  peak 512 MiB  load 4.12
softmax   S6 row held in registers (1 pass)                  3.273 ms  [3.215-3.614]  err 1.1504441899123918e-07  peak 512 MiB  load 4.12
softmax_long S4 long rows                                       6.770 ms  [6.594-6.949]  err 2.9158032793796806e-09  peak 512 MiB  load 4.12
softmax_long S5 long rows                                       5.035 ms  [4.884-5.276]  err 9.688563708254438e-09  peak 512 MiB  load 4.11
softmax_long MLX library long rows                              4.253 ms  [4.219-4.612]  err 9.688563708254438e-09  peak 512 MiB  load 4.11
matmul    M1 naive, uncoalesced                            228.823 ms  [222.028-236.547]  err 0.000442122647115184  peak 48 MiB  load 4.11
matmul    M2 naive, coalesced                               49.514 ms  [48.200-50.343]  err 0.000442122647115184  peak 48 MiB  load 4.11
matmul    M3 tiled 16x16 in threadgroup memory              26.891 ms  [26.782-27.185]  err 0.000442122647115184  peak 48 MiB  load 3.95
matmul    M4 tiled 32x32                                    36.532 ms  [36.451-36.605]  err 0.000442122647115184  peak 48 MiB  load 3.95
matmul    M5 4x4 outputs per thread (registers)             10.457 ms  [10.434-10.476]  err 0.000442122647115184  peak 48 MiB  load 3.95
matmul    M6 8x8 per thread + float4                        13.430 ms  [13.320-13.548]  err 0.000442122647115184  peak 48 MiB  load 3.95
matmul    M7a 8x8 matrix instructions, from device memory     5.535 ms  [5.503-5.577]  err 0.000442122647115184  peak 48 MiB  load 3.95
matmul    M7 8x8 matrix instructions + threadgroup tiles     5.091 ms  [5.078-5.162]  err 0.000442122647115184  peak 48 MiB  load 3.95
matmul    M7nu M7 with loops not unrolled                  173.214 ms  [170.732-176.278]  err 0.000442122647115184  peak 48 MiB  load 3.95
matmul    MLX library A @ B                                  4.210 ms  [4.187-4.299]  err 0.000442122647115184  peak 48 MiB  load 3.79
fused     unfused, MLX: mx.softmax then @ (N=2048)           0.628 ms  [0.616-0.747]  err 3.358216922322299e-06  peak 34 MiB  load 3.79
fused     unfused, ours: S6 then M7 (N=2048)                 0.721 ms  [0.683-0.912]  err 5.265565555134799e-06  peak 33 MiB  load 3.79
fused     fused, two passes (N=2048)                         0.551 ms  [0.526-0.968]  err 7.172914187947299e-06  peak 17 MiB  load 3.79
fused     fused, one pass, online (N=2048)                   0.496 ms  [0.480-0.544]  err 3.870449169385282e-06  peak 17 MiB  load 3.79
fused     unfused, MLX: mx.softmax then @ (N=4096)           1.687 ms  [1.644-2.649]  err 4.4067277475967614e-06  peak 132 MiB  load 3.79
fused     unfused, ours: S6 then M7 (N=4096)                 1.702 ms  [1.683-1.749]  err 4.4067277475967614e-06  peak 130 MiB  load 3.79
fused     fused, two passes (N=4096)                         1.641 ms  [1.620-1.668]  err 4.168309168495199e-06  peak 66 MiB  load 3.79
fused     fused, one pass, online (N=4096)                   1.256 ms  [1.247-1.276]  err 3.872095343471216e-06  peak 66 MiB  load 3.79
fused     unfused, MLX: mx.softmax then @ (N=8192)           6.988 ms  [6.709-8.470]  err 3.891420335300211e-06  peak 520 MiB  load 3.79
fused     unfused, ours: S6 then M7 (N=8192)                 8.214 ms  [8.099-8.307]  err 9.49425694418693e-06  peak 516 MiB  load 3.79
fused     fused, two passes (N=8192)                         7.986 ms  [7.891-8.086]  err 9.971094102390055e-06  peak 260 MiB  load 3.97
fused     fused, one pass, online (N=8192)                   4.381 ms  [4.353-5.252]  err 4.339353691706904e-06  peak 260 MiB  load 3.97
attention naive: S and P in memory (N=512)                   0.412 ms  [0.377-0.474]  err 6.431342479129576e-07  peak 6 MiB  load 3.97
attention flash-style kernel, ours (N=512)                   0.455 ms  [0.413-0.564]  err 5.407451600936142e-07  peak 2 MiB  load 3.97
attention MLX fused attention (N=512)                        0.647 ms  [0.421-0.665]  err 5.83529603137567e-07  peak 3 MiB  load 3.97
attention naive: S and P in memory (N=1024)                  0.928 ms  [0.777-1.626]  err 4.122442647247482e-07  peak 20 MiB  load 3.97
attention flash-style kernel, ours (N=1024)                  0.894 ms  [0.809-0.988]  err 3.08193376430399e-07  peak 4 MiB  load 3.97
attention MLX fused attention (N=1024)                       0.933 ms  [0.840-0.955]  err 3.1765848565457055e-07  peak 5 MiB  load 3.97
attention naive: S and P in memory (N=2048)                  3.052 ms  [2.917-3.154]  err 4.5234817386274884e-07  peak 72 MiB  load 3.97
attention flash-style kernel, ours (N=2048)                  2.116 ms  [2.086-2.144]  err 4.845953143206572e-07  peak 8 MiB  load 3.97
attention MLX fused attention (N=2048)                       1.771 ms  [1.766-2.156]  err 4.771447337237333e-07  peak 10 MiB  load 3.97
attention naive: S and P in memory (N=4096)                 12.205 ms  [12.138-12.352]  err 3.947544262722369e-07  peak 272 MiB  load 3.97
attention flash-style kernel, ours (N=4096)                  7.790 ms  [7.768-7.873]  err 4.579517697694824e-07  peak 16 MiB  load 3.97
attention MLX fused attention (N=4096)                       6.210 ms  [6.162-6.293]  err 5.026552533510253e-07  peak 20 MiB  load 3.81
attention naive: S and P in memory (N=8192)                 53.519 ms  [52.478-55.489]  err 5.364418029785156e-07  peak 1056 MiB  load 3.81
attention flash-style kernel, ours (N=8192)                 30.149 ms  [30.091-30.753]  err 1.043081283569336e-07  peak 32 MiB  load 3.81
attention MLX fused attention (N=8192)                      23.665 ms  [23.561-23.933]  err 0.0  peak 40 MiB  load 3.81
attention flash-style kernel, ours (N=16384)               118.836 ms  [118.602-121.521]  err 7.078051567077637e-08  peak 64 MiB  load 3.81
attention MLX fused attention (N=16384)                     92.602 ms  [92.390-92.752]  err 0.0  peak 80 MiB  load 3.98
wrote out/run_1.json
