{'date': '2026-10-05 19:48', 'mlx': '0.32.3', 'numpy': '2.5.3', 'python': '3.12.11', 'device': 'Apple M1 Pro', 'arch': 'applegpu_g13s', 'memory_bytes': 17179869184, 'load_start': (5.50634765625, 4.82666015625, 5.04736328125)}
softmax   eager: 5 separate kernels                         13.294 ms  [12.993-15.060]  err 1.43261290497243e-07  peak 768 MiB  load 5.51
softmax   eager under mx.compile                            10.134 ms  [9.689-36.215]  err 1.43261290497243e-07  peak 768 MiB  load 5.87
softmax   MLX library mx.softmax                             3.253 ms  [3.184-3.654]  err 1.43261290497243e-07  peak 512 MiB  load 5.87
softmax   S1 one thread per row                            177.483 ms  [156.174-179.396]  err 1.4545634755558368e-06  peak 512 MiB  load 5.87
softmax   S2 threadgroup per row, coalesced                  3.530 ms  [3.428-3.688]  err 8.297610987195725e-08  peak 512 MiB  load 5.87
softmax   S3 + SIMD-group reductions                         3.684 ms  [3.618-3.759]  err 1.1458826143506684e-07  peak 512 MiB  load 6.36
softmax   S4 + float4 loads                                  3.410 ms  [3.398-3.498]  err 1.1504441899123918e-07  peak 512 MiB  load 6.36
softmax   S5 + online softmax (2 passes)                     3.512 ms  [3.395-3.710]  err 1.522435395528987e-07  peak 512 MiB  load 6.36
softmax   S6 row held in registers (1 pass)                  3.400 ms  [3.350-3.675]  err 1.1504441899123918e-07  peak 512 MiB  load 6.36
softmax_long S4 long rows                                       6.470 ms  [6.385-6.801]  err 2.9158032793796806e-09  peak 512 MiB  load 6.36
softmax_long S5 long rows                                       5.019 ms  [4.848-6.345]  err 9.688563708254438e-09  peak 512 MiB  load 6.01
softmax_long MLX library long rows                              4.145 ms  [4.000-4.282]  err 9.688563708254438e-09  peak 512 MiB  load 6.01
matmul    M1 naive, uncoalesced                            234.243 ms  [225.580-237.357]  err 0.000442122647115184  peak 48 MiB  load 6.01
matmul    M2 naive, coalesced                               47.311 ms  [47.208-48.131]  err 0.000442122647115184  peak 48 MiB  load 6.01
matmul    M3 tiled 16x16 in threadgroup memory              26.896 ms  [26.722-27.161]  err 0.000442122647115184  peak 48 MiB  load 6.01
matmul    M4 tiled 32x32                                    36.393 ms  [36.256-36.486]  err 0.000442122647115184  peak 48 MiB  load 5.77
matmul    M5 4x4 outputs per thread (registers)             10.519 ms  [10.385-10.778]  err 0.000442122647115184  peak 48 MiB  load 5.77
matmul    M6 8x8 per thread + float4                        13.359 ms  [13.319-13.465]  err 0.000442122647115184  peak 48 MiB  load 5.77
matmul    M7a 8x8 matrix instructions, from device memory     5.530 ms  [5.504-6.183]  err 0.000442122647115184  peak 48 MiB  load 5.77
matmul    M7 8x8 matrix instructions + threadgroup tiles     5.096 ms  [5.063-6.069]  err 0.000442122647115184  peak 48 MiB  load 5.77
matmul    M7nu M7 with loops not unrolled                  174.961 ms  [167.920-178.231]  err 0.000442122647115184  peak 48 MiB  load 5.77
matmul    MLX library A @ B                                  4.244 ms  [4.195-4.871]  err 0.000442122647115184  peak 48 MiB  load 5.77
fused     unfused, MLX: mx.softmax then @ (N=2048)           0.621 ms  [0.601-0.627]  err 3.358216922322299e-06  peak 34 MiB  load 5.54
fused     unfused, ours: S6 then M7 (N=2048)                 0.652 ms  [0.642-0.663]  err 5.265565555134799e-06  peak 33 MiB  load 5.54
fused     fused, two passes (N=2048)                         0.540 ms  [0.530-0.585]  err 7.172914187947299e-06  peak 17 MiB  load 5.54
fused     fused, one pass, online (N=2048)                   0.641 ms  [0.561-0.692]  err 3.870449169385282e-06  peak 17 MiB  load 5.54
fused     unfused, MLX: mx.softmax then @ (N=4096)           1.731 ms  [1.671-1.804]  err 4.4067277475967614e-06  peak 132 MiB  load 5.54
fused     unfused, ours: S6 then M7 (N=4096)                 1.817 ms  [1.751-1.912]  err 4.4067277475967614e-06  peak 130 MiB  load 5.54
fused     fused, two passes (N=4096)                         1.616 ms  [1.612-1.714]  err 4.168309168495199e-06  peak 66 MiB  load 5.54
fused     fused, one pass, online (N=4096)                   1.262 ms  [1.253-1.305]  err 3.872095343471216e-06  peak 66 MiB  load 5.54
fused     unfused, MLX: mx.softmax then @ (N=8192)           6.998 ms  [6.568-7.304]  err 3.891420335300211e-06  peak 520 MiB  load 5.54
fused     unfused, ours: S6 then M7 (N=8192)                 8.402 ms  [8.206-12.087]  err 9.49425694418693e-06  peak 516 MiB  load 5.54
fused     fused, two passes (N=8192)                         7.975 ms  [7.934-8.060]  err 9.971094102390055e-06  peak 260 MiB  load 5.54
fused     fused, one pass, online (N=8192)                   4.330 ms  [4.319-4.425]  err 4.339353691706904e-06  peak 260 MiB  load 5.74
attention naive: S and P in memory (N=512)                   0.376 ms  [0.369-0.385]  err 6.431342479129576e-07  peak 6 MiB  load 5.74
attention flash-style kernel, ours (N=512)                   0.403 ms  [0.370-0.510]  err 5.407451600936142e-07  peak 2 MiB  load 5.74
attention MLX fused attention (N=512)                        0.645 ms  [0.509-0.651]  err 5.83529603137567e-07  peak 3 MiB  load 5.74
attention naive: S and P in memory (N=1024)                  1.033 ms  [0.969-1.261]  err 4.122442647247482e-07  peak 20 MiB  load 5.74
attention flash-style kernel, ours (N=1024)                  0.831 ms  [0.697-0.975]  err 3.08193376430399e-07  peak 4 MiB  load 5.74
attention MLX fused attention (N=1024)                       0.641 ms  [0.630-0.649]  err 3.1765848565457055e-07  peak 5 MiB  load 5.74
attention naive: S and P in memory (N=2048)                  2.899 ms  [2.887-2.938]  err 4.5234817386274884e-07  peak 72 MiB  load 5.74
attention flash-style kernel, ours (N=2048)                  2.103 ms  [2.097-2.231]  err 4.845953143206572e-07  peak 8 MiB  load 5.74
attention MLX fused attention (N=2048)                       1.794 ms  [1.774-1.820]  err 4.771447337237333e-07  peak 10 MiB  load 5.74
attention naive: S and P in memory (N=4096)                 12.553 ms  [12.332-14.755]  err 3.947544262722369e-07  peak 272 MiB  load 5.74
attention flash-style kernel, ours (N=4096)                  7.776 ms  [7.732-7.863]  err 4.579517697694824e-07  peak 16 MiB  load 5.74
attention MLX fused attention (N=4096)                       6.184 ms  [6.152-7.530]  err 5.026552533510253e-07  peak 20 MiB  load 5.74
attention naive: S and P in memory (N=8192)                 53.268 ms  [52.725-53.601]  err 5.364418029785156e-07  peak 1056 MiB  load 5.6
attention flash-style kernel, ours (N=8192)                 30.241 ms  [30.141-30.550]  err 1.043081283569336e-07  peak 32 MiB  load 5.6
attention MLX fused attention (N=8192)                      23.607 ms  [23.592-23.924]  err 0.0  peak 40 MiB  load 5.6
attention flash-style kernel, ours (N=16384)               119.993 ms  [118.593-123.132]  err 7.078051567077637e-08  peak 64 MiB  load 5.6
attention MLX fused attention (N=16384)                     92.680 ms  [92.606-93.387]  err 0.0  peak 80 MiB  load 5.6
wrote out/run_3.json
