=== run pre_small
pre_small step 0 exact 0.0 token 5.38 {'add1': 0.0, 'add3': 0.0, 'rev': 0.0, 'rev_add1': 0.0}
pre_small step 100 loss 2.3267 exact 0.0 token 13.45 {'add1': 0.0, 'add3': 0.0, 'rev': 0.0, 'rev_add1': 0.0} 5s
pre_small step 200 loss 1.8461 exact 0.3 token 55.38 {'add1': 0.38, 'add3': 0.0, 'rev': 0.4, 'rev_add1': 0.42} 9s
pre_small step 300 loss 1.1263 exact 99.9 token 99.99 {'add1': 100.0, 'add3': 100.0, 'rev': 100.0, 'rev_add1': 99.58} 13s
pre_small step 400 loss 1.0125 exact 100.0 token 100.0 {'add1': 100.0, 'add3': 100.0, 'rev': 100.0, 'rev_add1': 100.0} 16s
pre_small step 500 loss 1.0105 exact 100.0 token 100.0 {'add1': 100.0, 'add3': 100.0, 'rev': 100.0, 'rev_add1': 100.0} 18s
pre_small step 600 loss 1.0086 exact 100.0 token 100.0 {'add1': 100.0, 'add3': 100.0, 'rev': 100.0, 'rev_add1': 100.0} 21s
pre_small step 700 loss 1.0081 exact 100.0 token 100.0 {'add1': 100.0, 'add3': 100.0, 'rev': 100.0, 'rev_add1': 100.0} 24s
pre_small step 800 loss 1.0077 exact 100.0 token 100.0 {'add1': 100.0, 'add3': 100.0, 'rev': 100.0, 'rev_add1': 100.0} 27s
pre_small step 900 loss 1.0071 exact 100.0 token 100.0 {'add1': 100.0, 'add3': 100.0, 'rev': 100.0, 'rev_add1': 100.0} 30s
pre_small step 1000 loss 1.0073 exact 100.0 token 100.0 {'add1': 100.0, 'add3': 100.0, 'rev': 100.0, 'rev_add1': 100.0} 33s
pre_small step 1100 loss 1.0069 exact 100.0 token 100.0 {'add1': 100.0, 'add3': 100.0, 'rev': 100.0, 'rev_add1': 100.0} 35s
pre_small step 1200 loss 1.0065 exact 100.0 token 100.0 {'add1': 100.0, 'add3': 100.0, 'rev': 100.0, 'rev_add1': 100.0} 38s
pre_small step 1300 loss 1.0063 exact 100.0 token 100.0 {'add1': 100.0, 'add3': 100.0, 'rev': 100.0, 'rev_add1': 100.0} 41s
pre_small step 1400 loss 1.0062 exact 100.0 token 100.0 {'add1': 100.0, 'add3': 100.0, 'rev': 100.0, 'rev_add1': 100.0} 43s
pre_small step 1500 loss 1.0061 exact 100.0 token 100.0 {'add1': 100.0, 'add3': 100.0, 'rev': 100.0, 'rev_add1': 100.0} 46s
=== run pre_big
pre_big step 0 exact 0.0 token 5.91 {'add1': 0.0, 'add3': 0.0, 'rev': 0.0, 'rev_add1': 0.0}
pre_big step 100 loss 2.1972 exact 0.0 token 32.13 {'add1': 0.0, 'add3': 0.0, 'rev': 0.0, 'rev_add1': 0.0} 8s
pre_big step 200 loss 1.365 exact 100.0 token 100.0 {'add1': 100.0, 'add3': 100.0, 'rev': 100.0, 'rev_add1': 100.0} 13s
pre_big step 300 loss 1.0135 exact 97.9 token 99.79 {'add1': 98.85, 'add3': 100.0, 'rev': 96.02, 'rev_add1': 96.65} 19s
pre_big step 400 loss 1.0131 exact 99.95 token 99.99 {'add1': 99.81, 'add3': 100.0, 'rev': 100.0, 'rev_add1': 100.0} 25s
pre_big step 500 loss 1.0104 exact 100.0 token 100.0 {'add1': 100.0, 'add3': 100.0, 'rev': 100.0, 'rev_add1': 100.0} 30s
pre_big step 600 loss 1.0088 exact 100.0 token 100.0 {'add1': 100.0, 'add3': 100.0, 'rev': 100.0, 'rev_add1': 100.0} 35s
