ws        4096 B    1194.0 GB/s  (978.7-1201.1)  load 6.5
ws        8192 B    1211.8 GB/s  (1191.6-1214.8)  load 6.5
ws       16384 B    1261.8 GB/s  (1245.9-1265.0)  load 6.5
ws       32768 B    1260.9 GB/s  (1249.1-1267.2)  load 6.5
ws       65536 B    1260.4 GB/s  (1254.7-1267.3)  load 6.5
ws      131072 B    1238.6 GB/s  (643.0-1257.6)  load 6.5
ws      262144 B     674.1 GB/s  (642.1-690.7)  load 6.5
ws      524288 B     634.7 GB/s  (620.7-639.1)  load 6.5
ws     1048576 B     578.7 GB/s  (516.6-586.0)  load 6.5
ws     2097152 B     511.1 GB/s  (504.9-512.6)  load 6.5
ws     4194304 B     384.1 GB/s  (220.1-394.8)  load 6.5
ws     8388608 B     345.9 GB/s  (335.6-360.0)  load 6.5
ws    16777216 B     320.8 GB/s  (304.9-323.8)  load 6.5
ws    33554432 B     309.3 GB/s  (302.7-316.9)  load 6.5
ws    67108864 B     167.6 GB/s  (164.1-178.3)  load 6.5
ws   134217728 B     137.9 GB/s  (132.3-138.7)  load 6.5
ws   268435456 B     121.3 GB/s  (103.5-129.8)  load 6.5
ws   536870912 B     125.9 GB/s  (111.9-129.5)  load 6.5
ws  1073741824 B     127.5 GB/s  (123.8-128.9)  load 6.5
chase        4096 B     61.8 ns/hop (raw 68.3)  load 6.5
chase        8192 B     62.2 ns/hop (raw 69.1)  load 6.5
chase       16384 B     61.0 ns/hop (raw 68.5)  load 6.5
chase       32768 B     99.0 ns/hop (raw 105.1)  load 6.5
chase       65536 B     98.0 ns/hop (raw 106.8)  load 6.5
chase      131072 B     98.2 ns/hop (raw 110.0)  load 6.5
chase      262144 B     97.3 ns/hop (raw 114.7)  load 6.5
chase      524288 B     95.7 ns/hop (raw 123.4)  load 6.5
chase     1048576 B     96.3 ns/hop (raw 140.3)  load 6.5
chase     2097152 B    270.9 ns/hop (raw 290.1)  load 6.5
chase     4194304 B    285.1 ns/hop (raw 298.4)  load 6.5
chase     8388608 B    306.9 ns/hop (raw 311.0)  load 6.5
chase    16777216 B    324.4 ns/hop (raw 321.4)  load 6.5
chase    33554432 B    290.5 ns/hop (raw 306.3)  load 6.5
chase    67108864 B    377.4 ns/hop (raw 388.4)  load 6.5
chase   134217728 B    448.5 ns/hop (raw 445.8)  load 6.5
chase   268435456 B    433.3 ns/hop (raw 448.8)  load 6.5
chase   536870912 B    444.9 ns/hop (raw 458.6)  load 6.5
gather block     16 B       5.5 GB/s useful (5.0-5.5)  load 6.5
gather block     32 B      10.8 GB/s useful (9.8-10.9)  load 6.5
gather block     64 B      19.6 GB/s useful (19.5-20.8)  load 6.1
gather block    128 B      41.1 GB/s useful (40.3-41.3)  load 6.1
gather block    256 B      68.8 GB/s useful (68.4-68.9)  load 6.1
gather block    512 B     101.4 GB/s useful (98.0-104.9)  load 6.1
gather block   1024 B     116.5 GB/s useful (111.2-117.5)  load 6.1
gather block   2048 B     137.5 GB/s useful (135.0-138.2)  load 6.1
gather block   4096 B     145.4 GB/s useful (141.5-147.1)  load 6.1
gather block  16384 B     151.3 GB/s useful (145.6-154.4)  load 6.1
kvdec MHA L=  1024 kv     16.0 MiB      251.4 us     66.7 GB/s  load 6.1
kvdec MHA L=  2048 kv     32.0 MiB      459.7 us     73.0 GB/s  load 6.1
kvdec MHA L=  4096 kv     64.0 MiB      776.2 us     86.5 GB/s  load 6.1
kvdec MHA L=  8192 kv    128.0 MiB     1378.3 us     97.4 GB/s  load 6.1
kvdec MHA L= 16384 kv    256.0 MiB     2753.5 us     97.5 GB/s  load 6.1
kvdec MHA L= 32768 kv    512.0 MiB     6264.1 us     85.7 GB/s  load 6.1
kvdec MHA L= 65536 kv   1024.0 MiB    13036.5 us     82.4 GB/s  load 6.1
kvdec GQA L=  1024 kv      4.0 MiB      263.3 us     15.9 GB/s  load 6.1
kvdec GQA L=  2048 kv      8.0 MiB      299.1 us     28.0 GB/s  load 6.1
kvdec GQA L=  4096 kv     16.0 MiB      337.0 us     49.8 GB/s  load 6.1
kvdec GQA L=  8192 kv     32.0 MiB      768.8 us     43.6 GB/s  load 6.1
kvdec GQA L= 16384 kv     64.0 MiB      786.0 us     85.4 GB/s  load 6.1
kvdec GQA L= 32768 kv    128.0 MiB     1250.5 us    107.3 GB/s  load 6.1
kvdec GQA L= 65536 kv    256.0 MiB     2202.6 us    121.9 GB/s  load 6.1
kvdec GQA L=131072 kv    512.0 MiB     4113.7 us    130.5 GB/s  load 6.1
kvdec MQA L=  1024 kv      0.5 MiB      247.4 us      2.1 GB/s  load 6.1
kvdec MQA L=  2048 kv      1.0 MiB      257.2 us      4.1 GB/s  load 6.1
kvdec MQA L=  4096 kv      2.0 MiB      303.6 us      6.9 GB/s  load 6.1
kvdec MQA L=  8192 kv      4.0 MiB      415.9 us     10.1 GB/s  load 6.1
kvdec MQA L= 16384 kv      8.0 MiB      668.9 us     12.5 GB/s  load 6.1
kvdec MQA L= 32768 kv     16.0 MiB     1089.6 us     15.4 GB/s  load 6.1
kvdec MQA L= 65536 kv     32.0 MiB     1982.7 us     16.9 GB/s  load 6.1
kvdec MQA L=131072 kv     64.0 MiB     3706.3 us     18.1 GB/s  load 6.1
done 11.8 s
