ws        4096 B    1193.7 GB/s  (841.8-1213.8)  load 7.5
ws        8192 B    1213.5 GB/s  (1154.4-1221.5)  load 7.5
ws       16384 B    1221.5 GB/s  (239.9-1256.0)  load 7.5
ws       32768 B    1253.8 GB/s  (1083.5-1272.8)  load 7.5
ws       65536 B    1250.3 GB/s  (1189.1-1266.1)  load 7.5
ws      131072 B    1248.4 GB/s  (1226.1-1254.8)  load 7.2
ws      262144 B     681.3 GB/s  (650.0-688.9)  load 7.2
ws      524288 B     626.4 GB/s  (615.0-634.2)  load 7.2
ws     1048576 B     579.8 GB/s  (532.4-584.7)  load 7.2
ws     2097152 B     502.5 GB/s  (498.6-514.7)  load 7.2
ws     4194304 B     396.1 GB/s  (392.9-396.3)  load 7.2
ws     8388608 B     361.0 GB/s  (354.6-364.1)  load 7.2
ws    16777216 B     328.6 GB/s  (324.6-345.0)  load 7.2
ws    33554432 B     320.8 GB/s  (314.2-323.6)  load 7.2
ws    67108864 B     185.8 GB/s  (171.5-189.2)  load 7.2
ws   134217728 B     139.3 GB/s  (130.4-142.0)  load 7.2
ws   268435456 B     131.0 GB/s  (127.4-132.3)  load 7.2
ws   536870912 B     128.1 GB/s  (125.9-129.4)  load 7.2
ws  1073741824 B     125.7 GB/s  (125.2-128.6)  load 7.2
chase        4096 B     61.9 ns/hop (raw 67.5)  load 7.2
chase        8192 B     60.0 ns/hop (raw 67.7)  load 7.2
chase       16384 B     62.1 ns/hop (raw 68.6)  load 7.2
chase       32768 B     98.2 ns/hop (raw 106.2)  load 7.2
chase       65536 B     92.3 ns/hop (raw 103.4)  load 7.2
chase      131072 B     98.0 ns/hop (raw 109.3)  load 7.2
chase      262144 B     85.3 ns/hop (raw 110.5)  load 7.2
chase      524288 B     94.8 ns/hop (raw 120.4)  load 7.2
chase     1048576 B    112.1 ns/hop (raw 148.7)  load 7.2
chase     2097152 B    284.4 ns/hop (raw 325.9)  load 7.2
chase     4194304 B    276.1 ns/hop (raw 296.3)  load 7.2
chase     8388608 B    271.9 ns/hop (raw 298.7)  load 7.2
chase    16777216 B    370.6 ns/hop (raw 349.6)  load 7.2
chase    33554432 B    244.7 ns/hop (raw 310.6)  load 7.2
chase    67108864 B    397.4 ns/hop (raw 400.0)  load 7.2
chase   134217728 B    571.2 ns/hop (raw 523.4)  load 7.2
chase   268435456 B    542.1 ns/hop (raw 502.1)  load 7.2
chase   536870912 B    466.9 ns/hop (raw 475.2)  load 7.2
gather block     16 B       5.2 GB/s useful (5.0-5.5)  load 6.9
gather block     32 B      10.9 GB/s useful (10.2-10.9)  load 6.9
gather block     64 B      20.8 GB/s useful (19.4-21.6)  load 6.9
gather block    128 B      40.4 GB/s useful (40.3-41.2)  load 6.9
gather block    256 B      66.9 GB/s useful (66.5-67.4)  load 6.9
gather block    512 B     105.0 GB/s useful (104.5-105.6)  load 6.9
gather block   1024 B     111.4 GB/s useful (101.0-114.1)  load 6.9
gather block   2048 B     124.7 GB/s useful (51.0-127.2)  load 6.9
gather block   4096 B     131.1 GB/s useful (128.8-136.9)  load 6.9
gather block  16384 B     132.0 GB/s useful (114.4-139.5)  load 6.9
kvdec MHA L=  1024 kv     16.0 MiB      278.5 us     60.2 GB/s  load 6.9
kvdec MHA L=  2048 kv     32.0 MiB      587.2 us     57.1 GB/s  load 6.9
kvdec MHA L=  4096 kv     64.0 MiB      869.2 us     77.2 GB/s  load 6.9
kvdec MHA L=  8192 kv    128.0 MiB     1507.9 us     89.0 GB/s  load 6.9
kvdec MHA L= 16384 kv    256.0 MiB     2777.1 us     96.7 GB/s  load 6.9
kvdec MHA L= 32768 kv    512.0 MiB     5999.7 us     89.5 GB/s  load 6.9
kvdec MHA L= 65536 kv   1024.0 MiB    12947.1 us     82.9 GB/s  load 6.5
kvdec GQA L=  1024 kv      4.0 MiB      249.9 us     16.8 GB/s  load 6.5
kvdec GQA L=  2048 kv      8.0 MiB      277.3 us     30.2 GB/s  load 6.5
kvdec GQA L=  4096 kv     16.0 MiB      349.4 us     48.0 GB/s  load 6.5
kvdec GQA L=  8192 kv     32.0 MiB      491.8 us     68.2 GB/s  load 6.5
kvdec GQA L= 16384 kv     64.0 MiB      742.6 us     90.4 GB/s  load 6.5
kvdec GQA L= 32768 kv    128.0 MiB     1290.2 us    104.0 GB/s  load 6.5
kvdec GQA L= 65536 kv    256.0 MiB     2156.7 us    124.5 GB/s  load 6.5
kvdec GQA L=131072 kv    512.0 MiB     4082.5 us    131.5 GB/s  load 6.5
kvdec MQA L=  1024 kv      0.5 MiB      252.6 us      2.1 GB/s  load 6.5
kvdec MQA L=  2048 kv      1.0 MiB      277.5 us      3.8 GB/s  load 6.5
kvdec MQA L=  4096 kv      2.0 MiB      338.3 us      6.2 GB/s  load 6.5
kvdec MQA L=  8192 kv      4.0 MiB      435.9 us      9.6 GB/s  load 6.5
kvdec MQA L= 16384 kv      8.0 MiB      633.4 us     13.2 GB/s  load 6.5
kvdec MQA L= 32768 kv     16.0 MiB     1056.7 us     15.9 GB/s  load 6.5
kvdec MQA L= 65536 kv     32.0 MiB     1872.5 us     17.9 GB/s  load 6.5
kvdec MQA L=131072 kv     64.0 MiB     3515.7 us     19.1 GB/s  load 6.5
done 11.8 s
