ws        4096 B    1172.1 GB/s  (808.4-1191.9)  load 6.1
ws        8192 B    1188.2 GB/s  (1151.8-1209.4)  load 6.1
ws       16384 B    1237.7 GB/s  (1199.7-1260.1)  load 6.1
ws       32768 B    1214.5 GB/s  (691.8-1226.9)  load 6.1
ws       65536 B    1247.6 GB/s  (1236.9-1265.2)  load 6.1
ws      131072 B    1235.5 GB/s  (1122.5-1251.8)  load 6.1
ws      262144 B     674.3 GB/s  (652.1-686.3)  load 6.1
ws      524288 B     628.6 GB/s  (611.4-636.7)  load 6.1
ws     1048576 B     577.2 GB/s  (550.0-579.2)  load 6.1
ws     2097152 B     509.2 GB/s  (506.4-511.2)  load 6.1
ws     4194304 B     401.1 GB/s  (382.6-405.6)  load 6.1
ws     8388608 B     358.3 GB/s  (342.2-360.3)  load 6.1
ws    16777216 B     336.1 GB/s  (327.2-339.2)  load 6.1
ws    33554432 B     318.0 GB/s  (311.8-323.2)  load 6.1
ws    67108864 B     178.2 GB/s  (171.3-181.6)  load 6.1
ws   134217728 B     135.0 GB/s  (89.3-141.8)  load 6.1
ws   268435456 B     126.5 GB/s  (122.9-127.6)  load 6.1
ws   536870912 B     126.3 GB/s  (108.0-126.8)  load 6.1
ws  1073741824 B     129.1 GB/s  (127.5-131.3)  load 6.1
chase        4096 B     60.0 ns/hop (raw 67.8)  load 6.1
chase        8192 B     61.6 ns/hop (raw 68.3)  load 6.1
chase       16384 B     61.7 ns/hop (raw 69.0)  load 6.1
chase       32768 B     93.5 ns/hop (raw 102.2)  load 6.1
chase       65536 B     92.7 ns/hop (raw 103.4)  load 6.1
chase      131072 B     88.4 ns/hop (raw 108.7)  load 6.1
chase      262144 B     93.3 ns/hop (raw 111.0)  load 6.1
chase      524288 B    104.8 ns/hop (raw 126.3)  load 6.1
chase     1048576 B     92.6 ns/hop (raw 151.0)  load 6.1
chase     2097152 B    351.4 ns/hop (raw 364.9)  load 6.1
chase     4194304 B    366.4 ns/hop (raw 387.2)  load 6.1
chase     8388608 B    365.9 ns/hop (raw 391.2)  load 6.1
chase    16777216 B    361.7 ns/hop (raw 377.8)  load 6.1
chase    33554432 B    428.3 ns/hop (raw 376.2)  load 6.1
chase    67108864 B    524.1 ns/hop (raw 466.4)  load 6.1
chase   134217728 B    514.6 ns/hop (raw 511.9)  load 6.1
chase   268435456 B    512.9 ns/hop (raw 540.8)  load 6.1
chase   536870912 B    438.4 ns/hop (raw 487.3)  load 6.1
gather block     16 B       5.5 GB/s useful (5.3-5.5)  load 6.1
gather block     32 B      10.8 GB/s useful (10.7-10.9)  load 6.1
gather block     64 B      21.4 GB/s useful (21.0-21.6)  load 6.1
gather block    128 B      40.7 GB/s useful (39.6-41.3)  load 6.1
gather block    256 B      67.6 GB/s useful (54.3-68.3)  load 6.1
gather block    512 B      98.5 GB/s useful (48.1-104.0)  load 6.1
gather block   1024 B     108.0 GB/s useful (102.9-115.9)  load 6.1
gather block   2048 B     130.1 GB/s useful (54.5-133.9)  load 6.1
gather block   4096 B     142.9 GB/s useful (133.3-146.5)  load 6.1
gather block  16384 B     151.0 GB/s useful (144.5-155.5)  load 6.1
kvdec MHA L=  1024 kv     16.0 MiB      269.3 us     62.3 GB/s  load 6.1
kvdec MHA L=  2048 kv     32.0 MiB      481.6 us     69.7 GB/s  load 6.1
kvdec MHA L=  4096 kv     64.0 MiB      796.3 us     84.3 GB/s  load 6.1
kvdec MHA L=  8192 kv    128.0 MiB     1360.4 us     98.7 GB/s  load 6.1
kvdec MHA L= 16384 kv    256.0 MiB     2896.5 us     92.7 GB/s  load 6.1
kvdec MHA L= 32768 kv    512.0 MiB     6235.5 us     86.1 GB/s  load 6.5
kvdec MHA L= 65536 kv   1024.0 MiB    13193.2 us     81.4 GB/s  load 6.5
kvdec GQA L=  1024 kv      4.0 MiB      250.3 us     16.8 GB/s  load 6.5
kvdec GQA L=  2048 kv      8.0 MiB      276.2 us     30.4 GB/s  load 6.5
kvdec GQA L=  4096 kv     16.0 MiB      337.3 us     49.7 GB/s  load 6.5
kvdec GQA L=  8192 kv     32.0 MiB      505.3 us     66.4 GB/s  load 6.5
kvdec GQA L= 16384 kv     64.0 MiB      911.3 us     73.6 GB/s  load 6.5
kvdec GQA L= 32768 kv    128.0 MiB     1238.4 us    108.4 GB/s  load 6.5
kvdec GQA L= 65536 kv    256.0 MiB     2211.6 us    121.4 GB/s  load 6.5
kvdec GQA L=131072 kv    512.0 MiB     4161.8 us    129.0 GB/s  load 6.5
kvdec MQA L=  1024 kv      0.5 MiB      241.3 us      2.2 GB/s  load 6.5
kvdec MQA L=  2048 kv      1.0 MiB      285.0 us      3.7 GB/s  load 6.5
kvdec MQA L=  4096 kv      2.0 MiB      330.1 us      6.4 GB/s  load 6.5
kvdec MQA L=  8192 kv      4.0 MiB      432.9 us      9.7 GB/s  load 6.5
kvdec MQA L= 16384 kv      8.0 MiB      647.2 us     13.0 GB/s  load 6.5
kvdec MQA L= 32768 kv     16.0 MiB     1288.6 us     13.0 GB/s  load 6.5
kvdec MQA L= 65536 kv     32.0 MiB     1921.6 us     17.5 GB/s  load 6.5
kvdec MQA L=131072 kv     64.0 MiB     3655.6 us     18.4 GB/s  load 6.5
done 12.2 s
