experts {"N":1} test 0.2769 +- 0.0012 train drop 0.0% maxload 1.00 4s
experts {"N":2} test 0.1877 +- 0.0069 train drop 0.0% maxload 1.02 8s
experts {"N":4} test 0.1275 +- 0.0100 train drop 0.5% maxload 1.31 13s
experts {"N":8} test 0.1006 +- 0.0131 train drop 4.1% maxload 1.55 17s
experts {"N":16} test 0.0953 +- 0.0048 train drop 14.5% maxload 1.99 23s
experts {"N":32} test 0.1231 +- 0.0171 train drop 20.4% maxload 2.42 29s
alpha {"alpha":0} test 0.2115 +- 0.0114 train drop 37.0% maxload 4.64 34s
alpha {"alpha":0.00001} test 0.2076 +- 0.0120 train drop 36.4% maxload 4.59 39s
alpha {"alpha":0.0001} test 0.2097 +- 0.0132 train drop 36.7% maxload 4.61 44s
alpha {"alpha":0.001} test 0.1550 +- 0.0065 train drop 29.4% maxload 3.12 49s
alpha {"alpha":0.01} test 0.0953 +- 0.0048 train drop 14.5% maxload 1.99 54s
alpha {"alpha":0.1} test 0.0927 +- 0.0022 train drop 1.8% maxload 1.20 60s
alpha {"alpha":1} test 0.1124 +- 0.0103 train drop 0.6% maxload 1.24 66s
cf {"k":1,"cf":0.5} test 0.1069 +- 0.0038 train drop 54.0% maxload 1.70 71s
cf {"k":1,"cf":1} test 0.1292 +- 0.0531 train drop 26.4% maxload 2.62 76s
cf {"k":1,"cf":1.25} test 0.0953 +- 0.0048 train drop 14.5% maxload 1.99 82s
cf {"k":1,"cf":2} test 0.0958 +- 0.0051 train drop 1.5% maxload 1.98 87s
cf {"k":2,"cf":0.5} test 0.1688 +- 0.0580 train drop 21.9% maxload 2.10 94s
cf {"k":2,"cf":1} test 0.0834 +- 0.0021 train drop 0.9% maxload 2.10 102s
cf {"k":2,"cf":1.25} test 0.0732 +- 0.0023 train drop 0.9% maxload 2.45 110s
cf {"k":2,"cf":2} test 0.0685 +- 0.0006 train drop 0.0% maxload 2.48 119s
init {"initScale":1} test 0.0932 +- 0.0088 train drop 10.7% maxload 1.98 125s
init {"initScale":0.1} test 0.0953 +- 0.0048 train drop 14.5% maxload 1.99 130s
router {"jitter":0} test 0.0953 +- 0.0048 train drop 14.5% maxload 1.99 136s
router {"jitter":0.01} test 0.1063 +- 0.0047 train drop 17.3% maxload 2.15 141s
done 141s
