n 569
dims 31
lam 0.0017574692442882249
fstar 0.06636018622473809
f0 0.6931471805599453
sklearn_max_abs_diff 1.1275937281673976e-06
L_global 3.322159389808766
H0_eig_max 3.322159389808763
H0_eig_min 0.001790730449993467
Hstar_eig_max 0.15038684916778766
Hstar_eig_min 0.0017515523611572618
kappa_star 85.85917983543816
kappa_0 1855.1979108976916
eta_gd 0.30100903739527174
eta_gd_best 13.14592489404782
nag_beta 0.9551076838875965
adam_best_lr 1.0
adam_grid_final {'0.001': np.float64(0.07256688058003617), '0.003': np.float64(0.01961389160217003), '0.01': np.float64(0.0026508831052998033), '0.03': np.float64(0.00013100097922565113), '0.1': np.float64(3.0451852706114835e-08), '0.3': np.float64(-2.7755575615628914e-17), '1.0': np.float64(-1.3877787807814457e-17), '3.0': np.float64(1.5222716440166373e-07)}
iters_to_1e-6 {'gd': None, 'gd_armijo': 109, 'gd_best': 131, 'nesterov': 274, 'adam': 144, 'lbfgs': 21, 'newton': 7}
lbfgs_nfev_to_1e-6 23
gd_final_gap 0.002141061418464957
gd_best_final_gap 3.649858193455202e-15
gd_rate_measured 0.9980914171325675
gd_rate_predicted 0.9994727669098207
gd_best_rate_window [210, 387]
gd_best_rate_measured 0.9743880070607839
gd_best_rate_predicted 0.9769742242122346
newton_gaps [np.float64(0.6267869943352072), np.float64(0.17691932530855953), np.float64(0.08052445668589654), np.float64(0.03540545032580919), np.float64(0.010331824954203137), np.float64(0.0015867262936007792), np.float64(6.092302266844096e-05), np.float64(1.2565403691155996e-07), np.float64(6.408623631770638e-13), np.float64(-1.3877787807814457e-17), np.float64(0.0), np.float64(0.0), np.float64(1.3877787807814457e-17)]
sgd_steps_per_epoch 71
one_d {'feature': 'worst concave points', 'wstar': np.float64(3.5515136633371043), 'fstar': np.float64(0.2754253440296736), 'f0': np.float64(0.6931471805599453), 'g0': np.float64(-0.3836832444776388), 'h0': np.float64(0.25175746924428793), 'hstar': np.float64(0.02277348900289061)}
noise w0 {1: 0.964, 2: 0.994, 4: 0.994, 8: 1.005, 16: 1.006, 32: 0.996, 64: 1.007, 128: 1.002, 256: 1.002, 512: 0.988}
