=== run pre_small
pre_small step 0 exact 0.0 token 5.7 {'add0': 0.0, 'add1': 0.0, 'add2': 0.0, 'add3': 0.0, 'add4': 0.0, 'rev_add0': 0.0, 'rev_add1': 0.0, 'rev_add2': 0.0, 'rev_add3': 0.0, 'rev_add4': 0.0}
pre_small step 25 loss 3.0887 exact 0.0 token 9.93 {'add0': 0.0, 'add1': 0.0, 'add2': 0.0, 'add3': 0.0, 'add4': 0.0, 'rev_add0': 0.0, 'rev_add1': 0.0, 'rev_add2': 0.0, 'rev_add3': 0.0, 'rev_add4': 0.0} 4s
pre_small step 50 loss 2.5107 exact 0.0 token 9.83 {'add0': 0.0, 'add1': 0.0, 'add2': 0.0, 'add3': 0.0, 'add4': 0.0, 'rev_add0': 0.0, 'rev_add1': 0.0, 'rev_add2': 0.0, 'rev_add3': 0.0, 'rev_add4': 0.0} 5s
pre_small step 75 loss 2.1843 exact 0.0 token 10.61 {'add0': 0.0, 'add1': 0.0, 'add2': 0.0, 'add3': 0.0, 'add4': 0.0, 'rev_add0': 0.0, 'rev_add1': 0.0, 'rev_add2': 0.0, 'rev_add3': 0.0, 'rev_add4': 0.0} 7s
pre_small step 100 loss 2.1414 exact 0.0 token 10.61 {'add0': 0.0, 'add1': 0.0, 'add2': 0.0, 'add3': 0.0, 'add4': 0.0, 'rev_add0': 0.0, 'rev_add1': 0.0, 'rev_add2': 0.0, 'rev_add3': 0.0, 'rev_add4': 0.0} 9s
pre_small step 125 loss 2.1349 exact 0.0 token 10.6 {'add0': 0.0, 'add1': 0.0, 'add2': 0.0, 'add3': 0.0, 'add4': 0.0, 'rev_add0': 0.0, 'rev_add1': 0.0, 'rev_add2': 0.0, 'rev_add3': 0.0, 'rev_add4': 0.0} 10s
pre_small step 150 loss 2.1322 exact 0.0 token 10.98 {'add0': 0.0, 'add1': 0.0, 'add2': 0.0, 'add3': 0.0, 'add4': 0.0, 'rev_add0': 0.0, 'rev_add1': 0.0, 'rev_add2': 0.0, 'rev_add3': 0.0, 'rev_add4': 0.0} 12s
pre_small step 175 loss 2.1309 exact 0.0 token 11.05 {'add0': 0.0, 'add1': 0.0, 'add2': 0.0, 'add3': 0.0, 'add4': 0.0, 'rev_add0': 0.0, 'rev_add1': 0.0, 'rev_add2': 0.0, 'rev_add3': 0.0, 'rev_add4': 0.0} 14s
pre_small step 200 loss 2.1279 exact 0.0 token 12.81 {'add0': 0.0, 'add1': 0.0, 'add2': 0.0, 'add3': 0.0, 'add4': 0.0, 'rev_add0': 0.0, 'rev_add1': 0.0, 'rev_add2': 0.0, 'rev_add3': 0.0, 'rev_add4': 0.0} 15s
pre_small step 225 loss 2.1068 exact 0.0 token 16.17 {'add0': 0.0, 'add1': 0.0, 'add2': 0.0, 'add3': 0.0, 'add4': 0.0, 'rev_add0': 0.0, 'rev_add1': 0.0, 'rev_add2': 0.0, 'rev_add3': 0.0, 'rev_add4': 0.0} 17s
pre_small step 250 loss 2.0654 exact 0.0 token 17.77 {'add0': 0.0, 'add1': 0.0, 'add2': 0.0, 'add3': 0.0, 'add4': 0.0, 'rev_add0': 0.0, 'rev_add1': 0.0, 'rev_add2': 0.0, 'rev_add3': 0.0, 'rev_add4': 0.0} 19s
pre_small step 275 loss 2.0275 exact 0.0 token 21.07 {'add0': 0.0, 'add1': 0.0, 'add2': 0.0, 'add3': 0.0, 'add4': 0.0, 'rev_add0': 0.0, 'rev_add1': 0.0, 'rev_add2': 0.0, 'rev_add3': 0.0, 'rev_add4': 0.0} 20s
pre_small step 300 loss 1.9563 exact 0.0 token 25.92 {'add0': 0.0, 'add1': 0.0, 'add2': 0.0, 'add3': 0.0, 'add4': 0.0, 'rev_add0': 0.0, 'rev_add1': 0.0, 'rev_add2': 0.0, 'rev_add3': 0.0, 'rev_add4': 0.0} 22s
pre_small step 325 loss 1.8671 exact 0.0 token 26.26 {'add0': 0.0, 'add1': 0.0, 'add2': 0.0, 'add3': 0.0, 'add4': 0.0, 'rev_add0': 0.0, 'rev_add1': 0.0, 'rev_add2': 0.0, 'rev_add3': 0.0, 'rev_add4': 0.0} 24s
pre_small step 350 loss 1.8156 exact 0.0 token 29.27 {'add0': 0.0, 'add1': 0.0, 'add2': 0.0, 'add3': 0.0, 'add4': 0.0, 'rev_add0': 0.0, 'rev_add1': 0.0, 'rev_add2': 0.0, 'rev_add3': 0.0, 'rev_add4': 0.0} 25s
pre_small step 375 loss 1.7599 exact 0.0 token 33.99 {'add0': 0.0, 'add1': 0.0, 'add2': 0.0, 'add3': 0.0, 'add4': 0.0, 'rev_add0': 0.0, 'rev_add1': 0.0, 'rev_add2': 0.0, 'rev_add3': 0.0, 'rev_add4': 0.0} 27s
pre_small step 400 loss 1.7038 exact 0.1 token 40.12 {'add0': 0.0, 'add1': 0.0, 'add2': 0.0, 'add3': 0.0, 'add4': 0.0, 'rev_add0': 0.53, 'rev_add1': 0.51, 'rev_add2': 0.0, 'rev_add3': 0.0, 'rev_add4': 0.0} 29s
pre_small step 425 loss 1.6315 exact 0.1 token 53.18 {'add0': 1.02, 'add1': 0.0, 'add2': 0.0, 'add3': 0.0, 'add4': 0.0, 'rev_add0': 0.0, 'rev_add1': 0.0, 'rev_add2': 0.0, 'rev_add3': 0.0, 'rev_add4': 0.0} 30s
pre_small step 450 loss 1.532 exact 0.6 token 63.88 {'add0': 0.51, 'add1': 0.0, 'add2': 0.0, 'add3': 0.0, 'add4': 1.44, 'rev_add0': 3.19, 'rev_add1': 0.0, 'rev_add2': 0.0, 'rev_add3': 0.53, 'rev_add4': 0.48} 32s
pre_small step 475 loss 1.4457 exact 1.2 token 73.03 {'add0': 3.57, 'add1': 0.49, 'add2': 0.0, 'add3': 1.01, 'add4': 2.4, 'rev_add0': 2.66, 'rev_add1': 0.51, 'rev_add2': 1.02, 'rev_add3': 0.0, 'rev_add4': 0.48} 33s
pre_small step 500 loss 1.3547 exact 4.25 token 79.82 {'add0': 8.16, 'add1': 5.42, 'add2': 4.21, 'add3': 3.52, 'add4': 2.88, 'rev_add0': 4.26, 'rev_add1': 3.57, 'rev_add2': 6.6, 'rev_add3': 2.11, 'rev_add4': 1.91} 35s
pre_small step 525 loss 1.2845 exact 12.6 token 84.9 {'add0': 13.78, 'add1': 22.17, 'add2': 14.02, 'add3': 16.08, 'add4': 4.33, 'rev_add0': 9.57, 'rev_add1': 11.73, 'rev_add2': 16.75, 'rev_add3': 15.26, 'rev_add4': 2.87} 36s
pre_small step 550 loss 1.2252 exact 28.9 token 90.45 {'add0': 33.16, 'add1': 20.2, 'add2': 25.7, 'add3': 40.2, 'add4': 35.1, 'rev_add0': 29.79, 'rev_add1': 27.04, 'rev_add2': 27.92, 'rev_add3': 26.84, 'rev_add4': 23.44} 38s
pre_small step 575 loss 1.1795 exact 40.75 token 92.49 {'add0': 39.29, 'add1': 30.05, 'add2': 35.05, 'add3': 39.7, 'add4': 44.71, 'rev_add0': 43.62, 'rev_add1': 43.37, 'rev_add2': 59.9, 'rev_add3': 38.42, 'rev_add4': 34.45} 39s
pre_small step 600 loss 1.1421 exact 65.7 token 96.45 {'add0': 74.49, 'add1': 77.34, 'add2': 73.83, 'add3': 61.31, 'add4': 60.1, 'rev_add0': 67.02, 'rev_add1': 76.53, 'rev_add2': 62.44, 'rev_add3': 54.21, 'rev_add4': 49.76} 41s
pre_small step 625 loss 1.1113 exact 83.75 token 98.5 {'add0': 78.57, 'add1': 85.71, 'add2': 87.38, 'add3': 90.45, 'add4': 87.02, 'rev_add0': 82.98, 'rev_add1': 94.9, 'rev_add2': 85.79, 'rev_add3': 66.84, 'rev_add4': 77.03} 43s
pre_small step 650 loss 1.0957 exact 95.6 token 99.62 {'add0': 97.96, 'add1': 94.09, 'add2': 98.13, 'add3': 98.99, 'add4': 98.08, 'rev_add0': 97.34, 'rev_add1': 92.35, 'rev_add2': 89.85, 'rev_add3': 96.32, 'rev_add4': 92.82} 44s
pre_small step 675 loss 1.0868 exact 97.05 token 99.74 {'add0': 95.41, 'add1': 97.54, 'add2': 97.66, 'add3': 98.49, 'add4': 98.56, 'rev_add0': 100.0, 'rev_add1': 97.96, 'rev_add2': 96.45, 'rev_add3': 99.47, 'rev_add4': 89.47} 46s
pre_small step 700 loss 1.0804 exact 98.95 token 99.89 {'add0': 98.47, 'add1': 99.51, 'add2': 97.66, 'add3': 100.0, 'add4': 99.52, 'rev_add0': 100.0, 'rev_add1': 99.49, 'rev_add2': 100.0, 'rev_add3': 100.0, 'rev_add4': 95.22} 48s
pre_small step 725 loss 1.0738 exact 99.8 token 99.98 {'add0': 99.49, 'add1': 100.0, 'add2': 100.0, 'add3': 100.0, 'add4': 100.0, 'rev_add0': 100.0, 'rev_add1': 100.0, 'rev_add2': 99.49, 'rev_add3': 100.0, 'rev_add4': 99.04} 49s
pre_small step 750 loss 1.0716 exact 99.95 token 100.0 {'add0': 100.0, 'add1': 100.0, 'add2': 100.0, 'add3': 100.0, 'add4': 100.0, 'rev_add0': 100.0, 'rev_add1': 100.0, 'rev_add2': 99.49, 'rev_add3': 100.0, 'rev_add4': 100.0} 51s
pre_small step 775 loss 1.0716 exact 99.9 token 99.99 {'add0': 99.49, 'add1': 100.0, 'add2': 100.0, 'add3': 100.0, 'add4': 100.0, 'rev_add0': 100.0, 'rev_add1': 99.49, 'rev_add2': 100.0, 'rev_add3': 100.0, 'rev_add4': 100.0} 53s
pre_small step 800 loss 1.0713 exact 99.8 token 99.98 {'add0': 100.0, 'add1': 100.0, 'add2': 100.0, 'add3': 100.0, 'add4': 100.0, 'rev_add0': 100.0, 'rev_add1': 100.0, 'rev_add2': 99.49, 'rev_add3': 98.95, 'rev_add4': 99.52} 54s
pre_small step 825 loss 1.0713 exact 99.9 token 99.99 {'add0': 100.0, 'add1': 100.0, 'add2': 100.0, 'add3': 100.0, 'add4': 100.0, 'rev_add0': 100.0, 'rev_add1': 100.0, 'rev_add2': 98.98, 'rev_add3': 100.0, 'rev_add4': 100.0} 56s
pre_small step 850 loss 1.0694 exact 99.95 token 100.0 {'add0': 100.0, 'add1': 100.0, 'add2': 100.0, 'add3': 100.0, 'add4': 100.0, 'rev_add0': 100.0, 'rev_add1': 100.0, 'rev_add2': 100.0, 'rev_add3': 99.47, 'rev_add4': 100.0} 58s
pre_small step 875 loss 1.0685 exact 100.0 token 100.0 {'add0': 100.0, 'add1': 100.0, 'add2': 100.0, 'add3': 100.0, 'add4': 100.0, 'rev_add0': 100.0, 'rev_add1': 100.0, 'rev_add2': 100.0, 'rev_add3': 100.0, 'rev_add4': 100.0} 59s
pre_small step 900 loss 1.0676 exact 100.0 token 100.0 {'add0': 100.0, 'add1': 100.0, 'add2': 100.0, 'add3': 100.0, 'add4': 100.0, 'rev_add0': 100.0, 'rev_add1': 100.0, 'rev_add2': 100.0, 'rev_add3': 100.0, 'rev_add4': 100.0} 61s
pre_small step 925 loss 1.0673 exact 100.0 token 100.0 {'add0': 100.0, 'add1': 100.0, 'add2': 100.0, 'add3': 100.0, 'add4': 100.0, 'rev_add0': 100.0, 'rev_add1': 100.0, 'rev_add2': 100.0, 'rev_add3': 100.0, 'rev_add4': 100.0} 63s
pre_small step 950 loss 1.0669 exact 100.0 token 100.0 {'add0': 100.0, 'add1': 100.0, 'add2': 100.0, 'add3': 100.0, 'add4': 100.0, 'rev_add0': 100.0, 'rev_add1': 100.0, 'rev_add2': 100.0, 'rev_add3': 100.0, 'rev_add4': 100.0} 64s
pre_small step 975 loss 1.0675 exact 100.0 token 100.0 {'add0': 100.0, 'add1': 100.0, 'add2': 100.0, 'add3': 100.0, 'add4': 100.0, 'rev_add0': 100.0, 'rev_add1': 100.0, 'rev_add2': 100.0, 'rev_add3': 100.0, 'rev_add4': 100.0} 66s
pre_small step 1000 loss 1.0668 exact 100.0 token 100.0 {'add0': 100.0, 'add1': 100.0, 'add2': 100.0, 'add3': 100.0, 'add4': 100.0, 'rev_add0': 100.0, 'rev_add1': 100.0, 'rev_add2': 100.0, 'rev_add3': 100.0, 'rev_add4': 100.0} 68s
pre_small step 1025 loss 1.067 exact 100.0 token 100.0 {'add0': 100.0, 'add1': 100.0, 'add2': 100.0, 'add3': 100.0, 'add4': 100.0, 'rev_add0': 100.0, 'rev_add1': 100.0, 'rev_add2': 100.0, 'rev_add3': 100.0, 'rev_add4': 100.0} 69s
pre_small step 1050 loss 1.0661 exact 100.0 token 100.0 {'add0': 100.0, 'add1': 100.0, 'add2': 100.0, 'add3': 100.0, 'add4': 100.0, 'rev_add0': 100.0, 'rev_add1': 100.0, 'rev_add2': 100.0, 'rev_add3': 100.0, 'rev_add4': 100.0} 71s
pre_small step 1075 loss 1.0658 exact 100.0 token 100.0 {'add0': 100.0, 'add1': 100.0, 'add2': 100.0, 'add3': 100.0, 'add4': 100.0, 'rev_add0': 100.0, 'rev_add1': 100.0, 'rev_add2': 100.0, 'rev_add3': 100.0, 'rev_add4': 100.0} 73s
pre_small step 1100 loss 1.0658 exact 100.0 token 100.0 {'add0': 100.0, 'add1': 100.0, 'add2': 100.0, 'add3': 100.0, 'add4': 100.0, 'rev_add0': 100.0, 'rev_add1': 100.0, 'rev_add2': 100.0, 'rev_add3': 100.0, 'rev_add4': 100.0} 74s
pre_small step 1125 loss 1.0659 exact 100.0 token 100.0 {'add0': 100.0, 'add1': 100.0, 'add2': 100.0, 'add3': 100.0, 'add4': 100.0, 'rev_add0': 100.0, 'rev_add1': 100.0, 'rev_add2': 100.0, 'rev_add3': 100.0, 'rev_add4': 100.0} 76s
pre_small step 1150 loss 1.0661 exact 100.0 token 100.0 {'add0': 100.0, 'add1': 100.0, 'add2': 100.0, 'add3': 100.0, 'add4': 100.0, 'rev_add0': 100.0, 'rev_add1': 100.0, 'rev_add2': 100.0, 'rev_add3': 100.0, 'rev_add4': 100.0} 78s
pre_small step 1175 loss 1.0658 exact 100.0 token 100.0 {'add0': 100.0, 'add1': 100.0, 'add2': 100.0, 'add3': 100.0, 'add4': 100.0, 'rev_add0': 100.0, 'rev_add1': 100.0, 'rev_add2': 100.0, 'rev_add3': 100.0, 'rev_add4': 100.0} 80s
pre_small step 1200 loss 1.0658 exact 100.0 token 100.0 {'add0': 100.0, 'add1': 100.0, 'add2': 100.0, 'add3': 100.0, 'add4': 100.0, 'rev_add0': 100.0, 'rev_add1': 100.0, 'rev_add2': 100.0, 'rev_add3': 100.0, 'rev_add4': 100.0} 82s
pre_small step 1225 loss 1.0658 exact 100.0 token 100.0 {'add0': 100.0, 'add1': 100.0, 'add2': 100.0, 'add3': 100.0, 'add4': 100.0, 'rev_add0': 100.0, 'rev_add1': 100.0, 'rev_add2': 100.0, 'rev_add3': 100.0, 'rev_add4': 100.0} 83s
pre_small step 1250 loss 1.0659 exact 100.0 token 100.0 {'add0': 100.0, 'add1': 100.0, 'add2': 100.0, 'add3': 100.0, 'add4': 100.0, 'rev_add0': 100.0, 'rev_add1': 100.0, 'rev_add2': 100.0, 'rev_add3': 100.0, 'rev_add4': 100.0} 85s
pre_small step 1275 loss 1.065 exact 100.0 token 100.0 {'add0': 100.0, 'add1': 100.0, 'add2': 100.0, 'add3': 100.0, 'add4': 100.0, 'rev_add0': 100.0, 'rev_add1': 100.0, 'rev_add2': 100.0, 'rev_add3': 100.0, 'rev_add4': 100.0} 87s
pre_small step 1300 loss 1.0657 exact 100.0 token 100.0 {'add0': 100.0, 'add1': 100.0, 'add2': 100.0, 'add3': 100.0, 'add4': 100.0, 'rev_add0': 100.0, 'rev_add1': 100.0, 'rev_add2': 100.0, 'rev_add3': 100.0, 'rev_add4': 100.0} 88s
pre_small step 1325 loss 1.0651 exact 100.0 token 100.0 {'add0': 100.0, 'add1': 100.0, 'add2': 100.0, 'add3': 100.0, 'add4': 100.0, 'rev_add0': 100.0, 'rev_add1': 100.0, 'rev_add2': 100.0, 'rev_add3': 100.0, 'rev_add4': 100.0} 90s
pre_small step 1350 loss 1.0651 exact 100.0 token 100.0 {'add0': 100.0, 'add1': 100.0, 'add2': 100.0, 'add3': 100.0, 'add4': 100.0, 'rev_add0': 100.0, 'rev_add1': 100.0, 'rev_add2': 100.0, 'rev_add3': 100.0, 'rev_add4': 100.0} 92s
pre_small step 1375 loss 1.0648 exact 100.0 token 100.0 {'add0': 100.0, 'add1': 100.0, 'add2': 100.0, 'add3': 100.0, 'add4': 100.0, 'rev_add0': 100.0, 'rev_add1': 100.0, 'rev_add2': 100.0, 'rev_add3': 100.0, 'rev_add4': 100.0} 93s
pre_small step 1400 loss 1.0648 exact 100.0 token 100.0 {'add0': 100.0, 'add1': 100.0, 'add2': 100.0, 'add3': 100.0, 'add4': 100.0, 'rev_add0': 100.0, 'rev_add1': 100.0, 'rev_add2': 100.0, 'rev_add3': 100.0, 'rev_add4': 100.0} 95s
pre_small step 1425 loss 1.0651 exact 100.0 token 100.0 {'add0': 100.0, 'add1': 100.0, 'add2': 100.0, 'add3': 100.0, 'add4': 100.0, 'rev_add0': 100.0, 'rev_add1': 100.0, 'rev_add2': 100.0, 'rev_add3': 100.0, 'rev_add4': 100.0} 97s
pre_small step 1450 loss 1.0649 exact 100.0 token 100.0 {'add0': 100.0, 'add1': 100.0, 'add2': 100.0, 'add3': 100.0, 'add4': 100.0, 'rev_add0': 100.0, 'rev_add1': 100.0, 'rev_add2': 100.0, 'rev_add3': 100.0, 'rev_add4': 100.0} 98s
pre_small step 1475 loss 1.0647 exact 100.0 token 100.0 {'add0': 100.0, 'add1': 100.0, 'add2': 100.0, 'add3': 100.0, 'add4': 100.0, 'rev_add0': 100.0, 'rev_add1': 100.0, 'rev_add2': 100.0, 'rev_add3': 100.0, 'rev_add4': 100.0} 100s
pre_small step 1500 loss 1.0644 exact 100.0 token 100.0 {'add0': 100.0, 'add1': 100.0, 'add2': 100.0, 'add3': 100.0, 'add4': 100.0, 'rev_add0': 100.0, 'rev_add1': 100.0, 'rev_add2': 100.0, 'rev_add3': 100.0, 'rev_add4': 100.0} 102s
=== run pre_big
pre_big step 0 exact 0.0 token 4.63 {'add0': 0.0, 'add1': 0.0, 'add2': 0.0, 'add3': 0.0, 'add4': 0.0, 'rev_add0': 0.0, 'rev_add1': 0.0, 'rev_add2': 0.0, 'rev_add3': 0.0, 'rev_add4': 0.0}
pre_big step 25 loss 2.8565 exact 0.0 token 10.05 {'add0': 0.0, 'add1': 0.0, 'add2': 0.0, 'add3': 0.0, 'add4': 0.0, 'rev_add0': 0.0, 'rev_add1': 0.0, 'rev_add2': 0.0, 'rev_add3': 0.0, 'rev_add4': 0.0} 7s
pre_big step 50 loss 2.2389 exact 0.0 token 10.23 {'add0': 0.0, 'add1': 0.0, 'add2': 0.0, 'add3': 0.0, 'add4': 0.0, 'rev_add0': 0.0, 'rev_add1': 0.0, 'rev_add2': 0.0, 'rev_add3': 0.0, 'rev_add4': 0.0} 11s
pre_big step 75 loss 2.138 exact 0.0 token 10.9 {'add0': 0.0, 'add1': 0.0, 'add2': 0.0, 'add3': 0.0, 'add4': 0.0, 'rev_add0': 0.0, 'rev_add1': 0.0, 'rev_add2': 0.0, 'rev_add3': 0.0, 'rev_add4': 0.0} 15s
pre_big step 100 loss 2.1352 exact 0.0 token 11.33 {'add0': 0.0, 'add1': 0.0, 'add2': 0.0, 'add3': 0.0, 'add4': 0.0, 'rev_add0': 0.0, 'rev_add1': 0.0, 'rev_add2': 0.0, 'rev_add3': 0.0, 'rev_add4': 0.0} 19s
pre_big step 125 loss 2.1331 exact 0.0 token 11.5 {'add0': 0.0, 'add1': 0.0, 'add2': 0.0, 'add3': 0.0, 'add4': 0.0, 'rev_add0': 0.0, 'rev_add1': 0.0, 'rev_add2': 0.0, 'rev_add3': 0.0, 'rev_add4': 0.0} 23s
pre_big step 150 loss 2.0996 exact 0.0 token 17.43 {'add0': 0.0, 'add1': 0.0, 'add2': 0.0, 'add3': 0.0, 'add4': 0.0, 'rev_add0': 0.0, 'rev_add1': 0.0, 'rev_add2': 0.0, 'rev_add3': 0.0, 'rev_add4': 0.0} 27s
pre_big step 175 loss 2.0356 exact 0.0 token 18.49 {'add0': 0.0, 'add1': 0.0, 'add2': 0.0, 'add3': 0.0, 'add4': 0.0, 'rev_add0': 0.0, 'rev_add1': 0.0, 'rev_add2': 0.0, 'rev_add3': 0.0, 'rev_add4': 0.0} 32s
pre_big step 200 loss 1.9764 exact 0.0 token 26.01 {'add0': 0.0, 'add1': 0.0, 'add2': 0.0, 'add3': 0.0, 'add4': 0.0, 'rev_add0': 0.0, 'rev_add1': 0.0, 'rev_add2': 0.0, 'rev_add3': 0.0, 'rev_add4': 0.0} 36s
pre_big step 225 loss 1.8766 exact 0.0 token 27.85 {'add0': 0.0, 'add1': 0.0, 'add2': 0.0, 'add3': 0.0, 'add4': 0.0, 'rev_add0': 0.0, 'rev_add1': 0.0, 'rev_add2': 0.0, 'rev_add3': 0.0, 'rev_add4': 0.0} 41s
pre_big step 250 loss 1.8108 exact 0.0 token 30.88 {'add0': 0.0, 'add1': 0.0, 'add2': 0.0, 'add3': 0.0, 'add4': 0.0, 'rev_add0': 0.0, 'rev_add1': 0.0, 'rev_add2': 0.0, 'rev_add3': 0.0, 'rev_add4': 0.0} 45s
pre_big step 275 loss 1.7497 exact 0.0 token 39.38 {'add0': 0.0, 'add1': 0.0, 'add2': 0.0, 'add3': 0.0, 'add4': 0.0, 'rev_add0': 0.0, 'rev_add1': 0.0, 'rev_add2': 0.0, 'rev_add3': 0.0, 'rev_add4': 0.0} 49s
pre_big step 300 loss 1.6746 exact 0.35 token 52.71 {'add0': 1.02, 'add1': 0.0, 'add2': 0.0, 'add3': 0.0, 'add4': 2.4, 'rev_add0': 0.0, 'rev_add1': 0.0, 'rev_add2': 0.0, 'rev_add3': 0.0, 'rev_add4': 0.0} 53s
pre_big step 325 loss 1.4781 exact 9.3 token 76.3 {'add0': 35.71, 'add1': 7.39, 'add2': 6.54, 'add3': 7.04, 'add4': 30.29, 'rev_add0': 3.19, 'rev_add1': 0.0, 'rev_add2': 0.0, 'rev_add3': 0.53, 'rev_add4': 1.44} 56s
pre_big step 350 loss 1.2725 exact 37.4 token 91.99 {'add0': 47.96, 'add1': 42.36, 'add2': 52.8, 'add3': 43.72, 'add4': 50.48, 'rev_add0': 23.4, 'rev_add1': 15.82, 'rev_add2': 27.92, 'rev_add3': 37.37, 'rev_add4': 29.67} 60s
pre_big step 375 loss 1.1571 exact 66.6 token 96.73 {'add0': 63.27, 'add1': 64.04, 'add2': 70.56, 'add3': 55.28, 'add4': 76.92, 'rev_add0': 62.23, 'rev_add1': 73.98, 'rev_add2': 76.14, 'rev_add3': 67.89, 'rev_add4': 55.5} 64s
pre_big step 400 loss 1.1172 exact 86.4 token 98.78 {'add0': 74.49, 'add1': 83.74, 'add2': 85.98, 'add3': 85.43, 'add4': 94.23, 'rev_add0': 82.98, 'rev_add1': 87.24, 'rev_add2': 90.36, 'rev_add3': 94.74, 'rev_add4': 84.69} 68s
pre_big step 425 loss 1.0922 exact 91.45 token 99.26 {'add0': 89.8, 'add1': 93.1, 'add2': 95.33, 'add3': 89.95, 'add4': 92.31, 'rev_add0': 86.17, 'rev_add1': 91.33, 'rev_add2': 98.48, 'rev_add3': 90.0, 'rev_add4': 87.56} 72s
pre_big step 450 loss 1.0867 exact 79.65 token 98.03 {'add0': 85.2, 'add1': 93.1, 'add2': 98.13, 'add3': 87.44, 'add4': 98.08, 'rev_add0': 68.62, 'rev_add1': 66.33, 'rev_add2': 70.05, 'rev_add3': 52.63, 'rev_add4': 72.73} 76s
pre_big step 475 loss 1.0837 exact 90.05 token 99.12 {'add0': 96.94, 'add1': 95.07, 'add2': 91.12, 'add3': 98.49, 'add4': 90.38, 'rev_add0': 73.94, 'rev_add1': 92.35, 'rev_add2': 96.45, 'rev_add3': 84.21, 'rev_add4': 80.86} 80s
pre_big step 500 loss 1.0794 exact 95.05 token 99.58 {'add0': 91.33, 'add1': 97.04, 'add2': 99.07, 'add3': 93.97, 'add4': 89.9, 'rev_add0': 100.0, 'rev_add1': 97.96, 'rev_add2': 97.46, 'rev_add3': 87.37, 'rev_add4': 96.17} 84s
pre_big step 525 loss 1.0727 exact 98.45 token 99.87 {'add0': 96.94, 'add1': 99.01, 'add2': 100.0, 'add3': 100.0, 'add4': 98.56, 'rev_add0': 97.87, 'rev_add1': 95.92, 'rev_add2': 97.46, 'rev_add3': 98.95, 'rev_add4': 99.52} 88s
pre_big step 550 loss 1.07 exact 99.9 token 99.99 {'add0': 98.98, 'add1': 100.0, 'add2': 100.0, 'add3': 100.0, 'add4': 100.0, 'rev_add0': 100.0, 'rev_add1': 100.0, 'rev_add2': 100.0, 'rev_add3': 100.0, 'rev_add4': 100.0} 92s
pre_big step 575 loss 1.0685 exact 100.0 token 100.0 {'add0': 100.0, 'add1': 100.0, 'add2': 100.0, 'add3': 100.0, 'add4': 100.0, 'rev_add0': 100.0, 'rev_add1': 100.0, 'rev_add2': 100.0, 'rev_add3': 100.0, 'rev_add4': 100.0} 96s
pre_big step 600 loss 1.0687 exact 100.0 token 100.0 {'add0': 100.0, 'add1': 100.0, 'add2': 100.0, 'add3': 100.0, 'add4': 100.0, 'rev_add0': 100.0, 'rev_add1': 100.0, 'rev_add2': 100.0, 'rev_add3': 100.0, 'rev_add4': 100.0} 100s
pre_big step 625 loss 1.0675 exact 100.0 token 100.0 {'add0': 100.0, 'add1': 100.0, 'add2': 100.0, 'add3': 100.0, 'add4': 100.0, 'rev_add0': 100.0, 'rev_add1': 100.0, 'rev_add2': 100.0, 'rev_add3': 100.0, 'rev_add4': 100.0} 104s
pre_big step 650 loss 1.0677 exact 100.0 token 100.0 {'add0': 100.0, 'add1': 100.0, 'add2': 100.0, 'add3': 100.0, 'add4': 100.0, 'rev_add0': 100.0, 'rev_add1': 100.0, 'rev_add2': 100.0, 'rev_add3': 100.0, 'rev_add4': 100.0} 108s
pre_big step 675 loss 1.0664 exact 100.0 token 100.0 {'add0': 100.0, 'add1': 100.0, 'add2': 100.0, 'add3': 100.0, 'add4': 100.0, 'rev_add0': 100.0, 'rev_add1': 100.0, 'rev_add2': 100.0, 'rev_add3': 100.0, 'rev_add4': 100.0} 112s
pre_big step 700 loss 1.0669 exact 100.0 token 100.0 {'add0': 100.0, 'add1': 100.0, 'add2': 100.0, 'add3': 100.0, 'add4': 100.0, 'rev_add0': 100.0, 'rev_add1': 100.0, 'rev_add2': 100.0, 'rev_add3': 100.0, 'rev_add4': 100.0} 116s
pre_big step 725 loss 1.0664 exact 100.0 token 100.0 {'add0': 100.0, 'add1': 100.0, 'add2': 100.0, 'add3': 100.0, 'add4': 100.0, 'rev_add0': 100.0, 'rev_add1': 100.0, 'rev_add2': 100.0, 'rev_add3': 100.0, 'rev_add4': 100.0} 120s
pre_big step 750 loss 1.0656 exact 100.0 token 100.0 {'add0': 100.0, 'add1': 100.0, 'add2': 100.0, 'add3': 100.0, 'add4': 100.0, 'rev_add0': 100.0, 'rev_add1': 100.0, 'rev_add2': 100.0, 'rev_add3': 100.0, 'rev_add4': 100.0} 124s
pre_big step 775 loss 1.0664 exact 100.0 token 100.0 {'add0': 100.0, 'add1': 100.0, 'add2': 100.0, 'add3': 100.0, 'add4': 100.0, 'rev_add0': 100.0, 'rev_add1': 100.0, 'rev_add2': 100.0, 'rev_add3': 100.0, 'rev_add4': 100.0} 128s
pre_big step 800 loss 1.066 exact 100.0 token 100.0 {'add0': 100.0, 'add1': 100.0, 'add2': 100.0, 'add3': 100.0, 'add4': 100.0, 'rev_add0': 100.0, 'rev_add1': 100.0, 'rev_add2': 100.0, 'rev_add3': 100.0, 'rev_add4': 100.0} 132s
pre_big step 825 loss 1.0667 exact 100.0 token 100.0 {'add0': 100.0, 'add1': 100.0, 'add2': 100.0, 'add3': 100.0, 'add4': 100.0, 'rev_add0': 100.0, 'rev_add1': 100.0, 'rev_add2': 100.0, 'rev_add3': 100.0, 'rev_add4': 100.0} 136s
pre_big step 850 loss 1.0654 exact 100.0 token 100.0 {'add0': 100.0, 'add1': 100.0, 'add2': 100.0, 'add3': 100.0, 'add4': 100.0, 'rev_add0': 100.0, 'rev_add1': 100.0, 'rev_add2': 100.0, 'rev_add3': 100.0, 'rev_add4': 100.0} 140s
pre_big step 875 loss 1.0654 exact 100.0 token 100.0 {'add0': 100.0, 'add1': 100.0, 'add2': 100.0, 'add3': 100.0, 'add4': 100.0, 'rev_add0': 100.0, 'rev_add1': 100.0, 'rev_add2': 100.0, 'rev_add3': 100.0, 'rev_add4': 100.0} 144s
pre_big step 900 loss 1.0647 exact 100.0 token 100.0 {'add0': 100.0, 'add1': 100.0, 'add2': 100.0, 'add3': 100.0, 'add4': 100.0, 'rev_add0': 100.0, 'rev_add1': 100.0, 'rev_add2': 100.0, 'rev_add3': 100.0, 'rev_add4': 100.0} 149s
pre_big step 925 loss 1.0647 exact 100.0 token 100.0 {'add0': 100.0, 'add1': 100.0, 'add2': 100.0, 'add3': 100.0, 'add4': 100.0, 'rev_add0': 100.0, 'rev_add1': 100.0, 'rev_add2': 100.0, 'rev_add3': 100.0, 'rev_add4': 100.0} 153s
pre_big step 950 loss 1.0652 exact 100.0 token 100.0 {'add0': 100.0, 'add1': 100.0, 'add2': 100.0, 'add3': 100.0, 'add4': 100.0, 'rev_add0': 100.0, 'rev_add1': 100.0, 'rev_add2': 100.0, 'rev_add3': 100.0, 'rev_add4': 100.0} 157s
pre_big step 975 loss 1.0654 exact 100.0 token 100.0 {'add0': 100.0, 'add1': 100.0, 'add2': 100.0, 'add3': 100.0, 'add4': 100.0, 'rev_add0': 100.0, 'rev_add1': 100.0, 'rev_add2': 100.0, 'rev_add3': 100.0, 'rev_add4': 100.0} 161s
pre_big step 1000 loss 1.0648 exact 100.0 token 100.0 {'add0': 100.0, 'add1': 100.0, 'add2': 100.0, 'add3': 100.0, 'add4': 100.0, 'rev_add0': 100.0, 'rev_add1': 100.0, 'rev_add2': 100.0, 'rev_add3': 100.0, 'rev_add4': 100.0} 165s
pre_big step 1025 loss 1.0646 exact 100.0 token 100.0 {'add0': 100.0, 'add1': 100.0, 'add2': 100.0, 'add3': 100.0, 'add4': 100.0, 'rev_add0': 100.0, 'rev_add1': 100.0, 'rev_add2': 100.0, 'rev_add3': 100.0, 'rev_add4': 100.0} 168s
pre_big step 1050 loss 1.0643 exact 100.0 token 100.0 {'add0': 100.0, 'add1': 100.0, 'add2': 100.0, 'add3': 100.0, 'add4': 100.0, 'rev_add0': 100.0, 'rev_add1': 100.0, 'rev_add2': 100.0, 'rev_add3': 100.0, 'rev_add4': 100.0} 172s
pre_big step 1075 loss 1.0643 exact 100.0 token 100.0 {'add0': 100.0, 'add1': 100.0, 'add2': 100.0, 'add3': 100.0, 'add4': 100.0, 'rev_add0': 100.0, 'rev_add1': 100.0, 'rev_add2': 100.0, 'rev_add3': 100.0, 'rev_add4': 100.0} 176s
pre_big step 1100 loss 1.0644 exact 100.0 token 100.0 {'add0': 100.0, 'add1': 100.0, 'add2': 100.0, 'add3': 100.0, 'add4': 100.0, 'rev_add0': 100.0, 'rev_add1': 100.0, 'rev_add2': 100.0, 'rev_add3': 100.0, 'rev_add4': 100.0} 180s
pre_big step 1125 loss 1.0642 exact 100.0 token 100.0 {'add0': 100.0, 'add1': 100.0, 'add2': 100.0, 'add3': 100.0, 'add4': 100.0, 'rev_add0': 100.0, 'rev_add1': 100.0, 'rev_add2': 100.0, 'rev_add3': 100.0, 'rev_add4': 100.0} 184s
pre_big step 1150 loss 1.0642 exact 100.0 token 100.0 {'add0': 100.0, 'add1': 100.0, 'add2': 100.0, 'add3': 100.0, 'add4': 100.0, 'rev_add0': 100.0, 'rev_add1': 100.0, 'rev_add2': 100.0, 'rev_add3': 100.0, 'rev_add4': 100.0} 188s
pre_big step 1175 loss 1.0643 exact 100.0 token 100.0 {'add0': 100.0, 'add1': 100.0, 'add2': 100.0, 'add3': 100.0, 'add4': 100.0, 'rev_add0': 100.0, 'rev_add1': 100.0, 'rev_add2': 100.0, 'rev_add3': 100.0, 'rev_add4': 100.0} 191s
pre_big step 1200 loss 1.0642 exact 100.0 token 100.0 {'add0': 100.0, 'add1': 100.0, 'add2': 100.0, 'add3': 100.0, 'add4': 100.0, 'rev_add0': 100.0, 'rev_add1': 100.0, 'rev_add2': 100.0, 'rev_add3': 100.0, 'rev_add4': 100.0} 195s
pre_big step 1225 loss 1.0645 exact 100.0 token 100.0 {'add0': 100.0, 'add1': 100.0, 'add2': 100.0, 'add3': 100.0, 'add4': 100.0, 'rev_add0': 100.0, 'rev_add1': 100.0, 'rev_add2': 100.0, 'rev_add3': 100.0, 'rev_add4': 100.0} 199s
pre_big step 1250 loss 1.0644 exact 100.0 token 100.0 {'add0': 100.0, 'add1': 100.0, 'add2': 100.0, 'add3': 100.0, 'add4': 100.0, 'rev_add0': 100.0, 'rev_add1': 100.0, 'rev_add2': 100.0, 'rev_add3': 100.0, 'rev_add4': 100.0} 203s
pre_big step 1275 loss 1.0641 exact 100.0 token 100.0 {'add0': 100.0, 'add1': 100.0, 'add2': 100.0, 'add3': 100.0, 'add4': 100.0, 'rev_add0': 100.0, 'rev_add1': 100.0, 'rev_add2': 100.0, 'rev_add3': 100.0, 'rev_add4': 100.0} 207s
pre_big step 1300 loss 1.0642 exact 100.0 token 100.0 {'add0': 100.0, 'add1': 100.0, 'add2': 100.0, 'add3': 100.0, 'add4': 100.0, 'rev_add0': 100.0, 'rev_add1': 100.0, 'rev_add2': 100.0, 'rev_add3': 100.0, 'rev_add4': 100.0} 211s
pre_big step 1325 loss 1.0636 exact 100.0 token 100.0 {'add0': 100.0, 'add1': 100.0, 'add2': 100.0, 'add3': 100.0, 'add4': 100.0, 'rev_add0': 100.0, 'rev_add1': 100.0, 'rev_add2': 100.0, 'rev_add3': 100.0, 'rev_add4': 100.0} 215s
pre_big step 1350 loss 1.064 exact 100.0 token 100.0 {'add0': 100.0, 'add1': 100.0, 'add2': 100.0, 'add3': 100.0, 'add4': 100.0, 'rev_add0': 100.0, 'rev_add1': 100.0, 'rev_add2': 100.0, 'rev_add3': 100.0, 'rev_add4': 100.0} 219s
pre_big step 1375 loss 1.0637 exact 100.0 token 100.0 {'add0': 100.0, 'add1': 100.0, 'add2': 100.0, 'add3': 100.0, 'add4': 100.0, 'rev_add0': 100.0, 'rev_add1': 100.0, 'rev_add2': 100.0, 'rev_add3': 100.0, 'rev_add4': 100.0} 222s
pre_big step 1400 loss 1.0637 exact 100.0 token 100.0 {'add0': 100.0, 'add1': 100.0, 'add2': 100.0, 'add3': 100.0, 'add4': 100.0, 'rev_add0': 100.0, 'rev_add1': 100.0, 'rev_add2': 100.0, 'rev_add3': 100.0, 'rev_add4': 100.0} 226s
pre_big step 1425 loss 1.0637 exact 100.0 token 100.0 {'add0': 100.0, 'add1': 100.0, 'add2': 100.0, 'add3': 100.0, 'add4': 100.0, 'rev_add0': 100.0, 'rev_add1': 100.0, 'rev_add2': 100.0, 'rev_add3': 100.0, 'rev_add4': 100.0} 230s
pre_big step 1450 loss 1.0638 exact 100.0 token 100.0 {'add0': 100.0, 'add1': 100.0, 'add2': 100.0, 'add3': 100.0, 'add4': 100.0, 'rev_add0': 100.0, 'rev_add1': 100.0, 'rev_add2': 100.0, 'rev_add3': 100.0, 'rev_add4': 100.0} 234s
pre_big step 1475 loss 1.0638 exact 100.0 token 100.0 {'add0': 100.0, 'add1': 100.0, 'add2': 100.0, 'add3': 100.0, 'add4': 100.0, 'rev_add0': 100.0, 'rev_add1': 100.0, 'rev_add2': 100.0, 'rev_add3': 100.0, 'rev_add4': 100.0} 238s
pre_big step 1500 loss 1.0635 exact 100.0 token 100.0 {'add0': 100.0, 'add1': 100.0, 'add2': 100.0, 'add3': 100.0, 'add4': 100.0, 'rev_add0': 100.0, 'rev_add1': 100.0, 'rev_add2': 100.0, 'rev_add3': 100.0, 'rev_add4': 100.0} 242s
=== run dec_cont
dec_cont step 0 exact 100.0 token 100.0 {'add0': 100.0, 'add1': 100.0, 'add2': 100.0, 'add3': 100.0, 'add4': 100.0, 'rev_add0': 100.0, 'rev_add1': 100.0, 'rev_add2': 100.0, 'rev_add3': 100.0, 'rev_add4': 100.0}
dec_cont step 25 loss 1.0651 exact 99.8 token 99.98 {'add0': 100.0, 'add1': 100.0, 'add2': 100.0, 'add3': 100.0, 'add4': 100.0, 'rev_add0': 100.0, 'rev_add1': 100.0, 'rev_add2': 97.97, 'rev_add3': 100.0, 'rev_add4': 100.0} 3s
dec_cont step 50 loss 1.0686 exact 96.2 token 99.65 {'add0': 97.45, 'add1': 100.0, 'add2': 96.73, 'add3': 81.91, 'add4': 93.75, 'rev_add0': 98.94, 'rev_add1': 97.96, 'rev_add2': 98.48, 'rev_add3': 97.37, 'rev_add4': 99.52} 5s
dec_cont step 75 loss 1.0793 exact 87.85 token 98.9 {'add0': 89.29, 'add1': 89.66, 'add2': 85.51, 'add3': 86.43, 'add4': 83.65, 'rev_add0': 89.36, 'rev_add1': 86.22, 'rev_add2': 97.46, 'rev_add3': 94.21, 'rev_add4': 77.99} 6s
dec_cont step 100 loss 1.0893 exact 91.95 token 99.27 {'add0': 90.31, 'add1': 92.12, 'add2': 95.33, 'add3': 95.48, 'add4': 98.08, 'rev_add0': 91.49, 'rev_add1': 93.37, 'rev_add2': 96.95, 'rev_add3': 88.95, 'rev_add4': 77.51} 8s
dec_cont step 125 loss 1.0879 exact 94.95 token 99.57 {'add0': 90.82, 'add1': 90.64, 'add2': 94.39, 'add3': 100.0, 'add4': 92.79, 'rev_add0': 93.62, 'rev_add1': 97.96, 'rev_add2': 94.42, 'rev_add3': 95.79, 'rev_add4': 99.04} 10s
dec_cont step 150 loss 1.0752 exact 98.85 token 99.9 {'add0': 96.94, 'add1': 99.51, 'add2': 100.0, 'add3': 99.5, 'add4': 94.23, 'rev_add0': 100.0, 'rev_add1': 99.49, 'rev_add2': 100.0, 'rev_add3': 100.0, 'rev_add4': 99.04} 12s
dec_cont step 175 loss 1.069 exact 100.0 token 100.0 {'add0': 100.0, 'add1': 100.0, 'add2': 100.0, 'add3': 100.0, 'add4': 100.0, 'rev_add0': 100.0, 'rev_add1': 100.0, 'rev_add2': 100.0, 'rev_add3': 100.0, 'rev_add4': 100.0} 13s
dec_cont step 200 loss 1.0661 exact 100.0 token 100.0 {'add0': 100.0, 'add1': 100.0, 'add2': 100.0, 'add3': 100.0, 'add4': 100.0, 'rev_add0': 100.0, 'rev_add1': 100.0, 'rev_add2': 100.0, 'rev_add3': 100.0, 'rev_add4': 100.0} 15s
dec_cont step 225 loss 1.066 exact 100.0 token 100.0 {'add0': 100.0, 'add1': 100.0, 'add2': 100.0, 'add3': 100.0, 'add4': 100.0, 'rev_add0': 100.0, 'rev_add1': 100.0, 'rev_add2': 100.0, 'rev_add3': 100.0, 'rev_add4': 100.0} 17s
dec_cont step 250 loss 1.0671 exact 100.0 token 100.0 {'add0': 100.0, 'add1': 100.0, 'add2': 100.0, 'add3': 100.0, 'add4': 100.0, 'rev_add0': 100.0, 'rev_add1': 100.0, 'rev_add2': 100.0, 'rev_add3': 100.0, 'rev_add4': 100.0} 18s
dec_cont step 275 loss 1.067 exact 100.0 token 100.0 {'add0': 100.0, 'add1': 100.0, 'add2': 100.0, 'add3': 100.0, 'add4': 100.0, 'rev_add0': 100.0, 'rev_add1': 100.0, 'rev_add2': 100.0, 'rev_add3': 100.0, 'rev_add4': 100.0} 20s
dec_cont step 300 loss 1.0658 exact 100.0 token 100.0 {'add0': 100.0, 'add1': 100.0, 'add2': 100.0, 'add3': 100.0, 'add4': 100.0, 'rev_add0': 100.0, 'rev_add1': 100.0, 'rev_add2': 100.0, 'rev_add3': 100.0, 'rev_add4': 100.0} 22s
dec_cont step 325 loss 1.0653 exact 100.0 token 100.0 {'add0': 100.0, 'add1': 100.0, 'add2': 100.0, 'add3': 100.0, 'add4': 100.0, 'rev_add0': 100.0, 'rev_add1': 100.0, 'rev_add2': 100.0, 'rev_add3': 100.0, 'rev_add4': 100.0} 24s
dec_cont step 350 loss 1.0663 exact 100.0 token 100.0 {'add0': 100.0, 'add1': 100.0, 'add2': 100.0, 'add3': 100.0, 'add4': 100.0, 'rev_add0': 100.0, 'rev_add1': 100.0, 'rev_add2': 100.0, 'rev_add3': 100.0, 'rev_add4': 100.0} 25s
dec_cont step 375 loss 1.0662 exact 100.0 token 100.0 {'add0': 100.0, 'add1': 100.0, 'add2': 100.0, 'add3': 100.0, 'add4': 100.0, 'rev_add0': 100.0, 'rev_add1': 100.0, 'rev_add2': 100.0, 'rev_add3': 100.0, 'rev_add4': 100.0} 27s
dec_cont step 400 loss 1.0655 exact 100.0 token 100.0 {'add0': 100.0, 'add1': 100.0, 'add2': 100.0, 'add3': 100.0, 'add4': 100.0, 'rev_add0': 100.0, 'rev_add1': 100.0, 'rev_add2': 100.0, 'rev_add3': 100.0, 'rev_add4': 100.0} 29s
dec_cont step 425 loss 1.065 exact 100.0 token 100.0 {'add0': 100.0, 'add1': 100.0, 'add2': 100.0, 'add3': 100.0, 'add4': 100.0, 'rev_add0': 100.0, 'rev_add1': 100.0, 'rev_add2': 100.0, 'rev_add3': 100.0, 'rev_add4': 100.0} 30s
dec_cont step 450 loss 1.0667 exact 100.0 token 100.0 {'add0': 100.0, 'add1': 100.0, 'add2': 100.0, 'add3': 100.0, 'add4': 100.0, 'rev_add0': 100.0, 'rev_add1': 100.0, 'rev_add2': 100.0, 'rev_add3': 100.0, 'rev_add4': 100.0} 32s
dec_cont step 475 loss 1.0662 exact 100.0 token 100.0 {'add0': 100.0, 'add1': 100.0, 'add2': 100.0, 'add3': 100.0, 'add4': 100.0, 'rev_add0': 100.0, 'rev_add1': 100.0, 'rev_add2': 100.0, 'rev_add3': 100.0, 'rev_add4': 100.0} 34s
dec_cont step 500 loss 1.0649 exact 100.0 token 100.0 {'add0': 100.0, 'add1': 100.0, 'add2': 100.0, 'add3': 100.0, 'add4': 100.0, 'rev_add0': 100.0, 'rev_add1': 100.0, 'rev_add2': 100.0, 'rev_add3': 100.0, 'rev_add4': 100.0} 35s
dec_cont step 525 loss 1.0651 exact 100.0 token 100.0 {'add0': 100.0, 'add1': 100.0, 'add2': 100.0, 'add3': 100.0, 'add4': 100.0, 'rev_add0': 100.0, 'rev_add1': 100.0, 'rev_add2': 100.0, 'rev_add3': 100.0, 'rev_add4': 100.0} 37s
dec_cont step 550 loss 1.065 exact 100.0 token 100.0 {'add0': 100.0, 'add1': 100.0, 'add2': 100.0, 'add3': 100.0, 'add4': 100.0, 'rev_add0': 100.0, 'rev_add1': 100.0, 'rev_add2': 100.0, 'rev_add3': 100.0, 'rev_add4': 100.0} 39s
dec_cont step 575 loss 1.0647 exact 100.0 token 100.0 {'add0': 100.0, 'add1': 100.0, 'add2': 100.0, 'add3': 100.0, 'add4': 100.0, 'rev_add0': 100.0, 'rev_add1': 100.0, 'rev_add2': 100.0, 'rev_add3': 100.0, 'rev_add4': 100.0} 41s
dec_cont step 600 loss 1.0646 exact 100.0 token 100.0 {'add0': 100.0, 'add1': 100.0, 'add2': 100.0, 'add3': 100.0, 'add4': 100.0, 'rev_add0': 100.0, 'rev_add1': 100.0, 'rev_add2': 100.0, 'rev_add3': 100.0, 'rev_add4': 100.0} 43s
dec_cont step 625 loss 1.0647 exact 100.0 token 100.0 {'add0': 100.0, 'add1': 100.0, 'add2': 100.0, 'add3': 100.0, 'add4': 100.0, 'rev_add0': 100.0, 'rev_add1': 100.0, 'rev_add2': 100.0, 'rev_add3': 100.0, 'rev_add4': 100.0} 44s
dec_cont step 650 loss 1.0644 exact 100.0 token 100.0 {'add0': 100.0, 'add1': 100.0, 'add2': 100.0, 'add3': 100.0, 'add4': 100.0, 'rev_add0': 100.0, 'rev_add1': 100.0, 'rev_add2': 100.0, 'rev_add3': 100.0, 'rev_add4': 100.0} 46s
dec_cont step 675 loss 1.0643 exact 100.0 token 100.0 {'add0': 100.0, 'add1': 100.0, 'add2': 100.0, 'add3': 100.0, 'add4': 100.0, 'rev_add0': 100.0, 'rev_add1': 100.0, 'rev_add2': 100.0, 'rev_add3': 100.0, 'rev_add4': 100.0} 48s
dec_cont step 700 loss 1.0645 exact 100.0 token 100.0 {'add0': 100.0, 'add1': 100.0, 'add2': 100.0, 'add3': 100.0, 'add4': 100.0, 'rev_add0': 100.0, 'rev_add1': 100.0, 'rev_add2': 100.0, 'rev_add3': 100.0, 'rev_add4': 100.0} 50s
dec_cont step 725 loss 1.0637 exact 100.0 token 100.0 {'add0': 100.0, 'add1': 100.0, 'add2': 100.0, 'add3': 100.0, 'add4': 100.0, 'rev_add0': 100.0, 'rev_add1': 100.0, 'rev_add2': 100.0, 'rev_add3': 100.0, 'rev_add4': 100.0} 52s
dec_cont step 750 loss 1.0639 exact 100.0 token 100.0 {'add0': 100.0, 'add1': 100.0, 'add2': 100.0, 'add3': 100.0, 'add4': 100.0, 'rev_add0': 100.0, 'rev_add1': 100.0, 'rev_add2': 100.0, 'rev_add3': 100.0, 'rev_add4': 100.0} 54s
dec_cont step 775 loss 1.064 exact 100.0 token 100.0 {'add0': 100.0, 'add1': 100.0, 'add2': 100.0, 'add3': 100.0, 'add4': 100.0, 'rev_add0': 100.0, 'rev_add1': 100.0, 'rev_add2': 100.0, 'rev_add3': 100.0, 'rev_add4': 100.0} 55s
dec_cont step 800 loss 1.064 exact 100.0 token 100.0 {'add0': 100.0, 'add1': 100.0, 'add2': 100.0, 'add3': 100.0, 'add4': 100.0, 'rev_add0': 100.0, 'rev_add1': 100.0, 'rev_add2': 100.0, 'rev_add3': 100.0, 'rev_add4': 100.0} 57s
dec_cont step 825 loss 1.0638 exact 100.0 token 100.0 {'add0': 100.0, 'add1': 100.0, 'add2': 100.0, 'add3': 100.0, 'add4': 100.0, 'rev_add0': 100.0, 'rev_add1': 100.0, 'rev_add2': 100.0, 'rev_add3': 100.0, 'rev_add4': 100.0} 59s
dec_cont step 850 loss 1.0639 exact 100.0 token 100.0 {'add0': 100.0, 'add1': 100.0, 'add2': 100.0, 'add3': 100.0, 'add4': 100.0, 'rev_add0': 100.0, 'rev_add1': 100.0, 'rev_add2': 100.0, 'rev_add3': 100.0, 'rev_add4': 100.0} 61s
dec_cont step 875 loss 1.0632 exact 100.0 token 100.0 {'add0': 100.0, 'add1': 100.0, 'add2': 100.0, 'add3': 100.0, 'add4': 100.0, 'rev_add0': 100.0, 'rev_add1': 100.0, 'rev_add2': 100.0, 'rev_add3': 100.0, 'rev_add4': 100.0} 63s
dec_cont step 900 loss 1.0637 exact 100.0 token 100.0 {'add0': 100.0, 'add1': 100.0, 'add2': 100.0, 'add3': 100.0, 'add4': 100.0, 'rev_add0': 100.0, 'rev_add1': 100.0, 'rev_add2': 100.0, 'rev_add3': 100.0, 'rev_add4': 100.0} 65s
dec_cont step 925 loss 1.0633 exact 100.0 token 100.0 {'add0': 100.0, 'add1': 100.0, 'add2': 100.0, 'add3': 100.0, 'add4': 100.0, 'rev_add0': 100.0, 'rev_add1': 100.0, 'rev_add2': 100.0, 'rev_add3': 100.0, 'rev_add4': 100.0} 67s
dec_cont step 950 loss 1.064 exact 100.0 token 100.0 {'add0': 100.0, 'add1': 100.0, 'add2': 100.0, 'add3': 100.0, 'add4': 100.0, 'rev_add0': 100.0, 'rev_add1': 100.0, 'rev_add2': 100.0, 'rev_add3': 100.0, 'rev_add4': 100.0} 68s
dec_cont step 975 loss 1.0637 exact 100.0 token 100.0 {'add0': 100.0, 'add1': 100.0, 'add2': 100.0, 'add3': 100.0, 'add4': 100.0, 'rev_add0': 100.0, 'rev_add1': 100.0, 'rev_add2': 100.0, 'rev_add3': 100.0, 'rev_add4': 100.0} 70s
dec_cont step 1000 loss 1.0635 exact 100.0 token 100.0 {'add0': 100.0, 'add1': 100.0, 'add2': 100.0, 'add3': 100.0, 'add4': 100.0, 'rev_add0': 100.0, 'rev_add1': 100.0, 'rev_add2': 100.0, 'rev_add3': 100.0, 'rev_add4': 100.0} 72s
=== run ad_bi
ad_bi step 0 exact 0.0 token 9.55 {'add0': 0.0, 'add1': 0.0, 'add2': 0.0, 'add3': 0.0, 'add4': 0.0, 'rev_add0': 0.0, 'rev_add1': 0.0, 'rev_add2': 0.0, 'rev_add3': 0.0, 'rev_add4': 0.0}
ad_bi step 25 loss 2.6209 exact 0.0 token 10.38 {'add0': 0.0, 'add1': 0.0, 'add2': 0.0, 'add3': 0.0, 'add4': 0.0, 'rev_add0': 0.0, 'rev_add1': 0.0, 'rev_add2': 0.0, 'rev_add3': 0.0, 'rev_add4': 0.0} 3s
ad_bi step 50 loss 2.1276 exact 0.0 token 11.77 {'add0': 0.0, 'add1': 0.0, 'add2': 0.0, 'add3': 0.0, 'add4': 0.0, 'rev_add0': 0.0, 'rev_add1': 0.0, 'rev_add2': 0.0, 'rev_add3': 0.0, 'rev_add4': 0.0} 5s
ad_bi step 75 loss 2.1104 exact 0.0 token 14.02 {'add0': 0.0, 'add1': 0.0, 'add2': 0.0, 'add3': 0.0, 'add4': 0.0, 'rev_add0': 0.0, 'rev_add1': 0.0, 'rev_add2': 0.0, 'rev_add3': 0.0, 'rev_add4': 0.0} 7s
ad_bi step 100 loss 2.0708 exact 0.0 token 15.28 {'add0': 0.0, 'add1': 0.0, 'add2': 0.0, 'add3': 0.0, 'add4': 0.0, 'rev_add0': 0.0, 'rev_add1': 0.0, 'rev_add2': 0.0, 'rev_add3': 0.0, 'rev_add4': 0.0} 9s
ad_bi step 125 loss 2.04 exact 0.0 token 14.09 {'add0': 0.0, 'add1': 0.0, 'add2': 0.0, 'add3': 0.0, 'add4': 0.0, 'rev_add0': 0.0, 'rev_add1': 0.0, 'rev_add2': 0.0, 'rev_add3': 0.0, 'rev_add4': 0.0} 11s
ad_bi step 150 loss 1.9714 exact 0.0 token 17.25 {'add0': 0.0, 'add1': 0.0, 'add2': 0.0, 'add3': 0.0, 'add4': 0.0, 'rev_add0': 0.0, 'rev_add1': 0.0, 'rev_add2': 0.0, 'rev_add3': 0.0, 'rev_add4': 0.0} 13s
ad_bi step 175 loss 1.8749 exact 0.0 token 20.2 {'add0': 0.0, 'add1': 0.0, 'add2': 0.0, 'add3': 0.0, 'add4': 0.0, 'rev_add0': 0.0, 'rev_add1': 0.0, 'rev_add2': 0.0, 'rev_add3': 0.0, 'rev_add4': 0.0} 15s
ad_bi step 200 loss 1.7375 exact 0.0 token 26.31 {'add0': 0.0, 'add1': 0.0, 'add2': 0.0, 'add3': 0.0, 'add4': 0.0, 'rev_add0': 0.0, 'rev_add1': 0.0, 'rev_add2': 0.0, 'rev_add3': 0.0, 'rev_add4': 0.0} 17s
ad_bi step 225 loss 1.4815 exact 0.0 token 32.17 {'add0': 0.0, 'add1': 0.0, 'add2': 0.0, 'add3': 0.0, 'add4': 0.0, 'rev_add0': 0.0, 'rev_add1': 0.0, 'rev_add2': 0.0, 'rev_add3': 0.0, 'rev_add4': 0.0} 19s
ad_bi step 250 loss 1.2504 exact 0.0 token 40.56 {'add0': 0.0, 'add1': 0.0, 'add2': 0.0, 'add3': 0.0, 'add4': 0.0, 'rev_add0': 0.0, 'rev_add1': 0.0, 'rev_add2': 0.0, 'rev_add3': 0.0, 'rev_add4': 0.0} 21s
ad_bi step 275 loss 0.9687 exact 0.0 token 45.61 {'add0': 0.0, 'add1': 0.0, 'add2': 0.0, 'add3': 0.0, 'add4': 0.0, 'rev_add0': 0.0, 'rev_add1': 0.0, 'rev_add2': 0.0, 'rev_add3': 0.0, 'rev_add4': 0.0} 23s
ad_bi step 300 loss 0.7399 exact 0.2 token 50.24 {'add0': 0.51, 'add1': 0.0, 'add2': 0.47, 'add3': 0.0, 'add4': 0.0, 'rev_add0': 0.0, 'rev_add1': 0.51, 'rev_add2': 0.0, 'rev_add3': 0.0, 'rev_add4': 0.48} 24s
ad_bi step 325 loss 0.5805 exact 1.0 token 59.54 {'add0': 1.02, 'add1': 2.46, 'add2': 1.4, 'add3': 1.01, 'add4': 1.44, 'rev_add0': 1.06, 'rev_add1': 1.02, 'rev_add2': 0.0, 'rev_add3': 0.0, 'rev_add4': 0.48} 26s
ad_bi step 350 loss 0.434 exact 2.85 token 66.23 {'add0': 6.12, 'add1': 3.94, 'add2': 4.67, 'add3': 5.03, 'add4': 5.29, 'rev_add0': 1.6, 'rev_add1': 0.0, 'rev_add2': 0.51, 'rev_add3': 0.53, 'rev_add4': 0.48} 28s
ad_bi step 375 loss 0.376 exact 5.6 token 71.98 {'add0': 9.18, 'add1': 6.4, 'add2': 6.54, 'add3': 6.53, 'add4': 7.69, 'rev_add0': 3.19, 'rev_add1': 2.55, 'rev_add2': 5.08, 'rev_add3': 3.68, 'rev_add4': 4.78} 30s
ad_bi step 400 loss 0.3222 exact 8.4 token 74.53 {'add0': 13.78, 'add1': 12.81, 'add2': 11.68, 'add3': 9.55, 'add4': 7.21, 'rev_add0': 5.85, 'rev_add1': 7.65, 'rev_add2': 5.58, 'rev_add3': 6.32, 'rev_add4': 3.35} 32s
ad_bi step 425 loss 0.2802 exact 15.0 token 79.66 {'add0': 17.35, 'add1': 13.3, 'add2': 18.22, 'add3': 20.1, 'add4': 13.94, 'rev_add0': 13.83, 'rev_add1': 11.73, 'rev_add2': 15.74, 'rev_add3': 12.11, 'rev_add4': 13.4} 34s
ad_bi step 450 loss 0.2339 exact 22.7 token 83.21 {'add0': 27.04, 'add1': 25.62, 'add2': 25.23, 'add3': 22.11, 'add4': 18.27, 'rev_add0': 21.81, 'rev_add1': 22.96, 'rev_add2': 29.44, 'rev_add3': 18.95, 'rev_add4': 15.79} 36s
ad_bi step 475 loss 0.1953 exact 31.3 token 86.26 {'add0': 31.12, 'add1': 30.54, 'add2': 35.05, 'add3': 31.16, 'add4': 29.81, 'rev_add0': 29.26, 'rev_add1': 27.04, 'rev_add2': 35.53, 'rev_add3': 34.21, 'rev_add4': 29.19} 38s
ad_bi step 500 loss 0.1759 exact 37.75 token 88.32 {'add0': 39.8, 'add1': 41.87, 'add2': 43.93, 'add3': 35.18, 'add4': 30.29, 'rev_add0': 28.19, 'rev_add1': 41.84, 'rev_add2': 47.21, 'rev_add3': 37.37, 'rev_add4': 31.58} 40s
ad_bi step 525 loss 0.1448 exact 40.05 token 90.22 {'add0': 30.61, 'add1': 49.75, 'add2': 43.46, 'add3': 46.73, 'add4': 47.12, 'rev_add0': 32.98, 'rev_add1': 32.14, 'rev_add2': 39.09, 'rev_add3': 32.63, 'rev_add4': 44.02} 42s
ad_bi step 550 loss 0.1554 exact 46.75 token 91.36 {'add0': 42.35, 'add1': 44.83, 'add2': 44.39, 'add3': 42.71, 'add4': 40.87, 'rev_add0': 54.79, 'rev_add1': 55.61, 'rev_add2': 53.81, 'rev_add3': 44.74, 'rev_add4': 44.5} 44s
ad_bi step 575 loss 0.1372 exact 34.65 token 89.22 {'add0': 27.55, 'add1': 35.96, 'add2': 38.79, 'add3': 44.72, 'add4': 46.15, 'rev_add0': 25.0, 'rev_add1': 20.41, 'rev_add2': 21.83, 'rev_add3': 35.79, 'rev_add4': 47.85} 46s
ad_bi step 600 loss 0.1043 exact 51.1 token 93.32 {'add0': 61.22, 'add1': 65.02, 'add2': 64.95, 'add3': 58.79, 'add4': 50.48, 'rev_add0': 51.6, 'rev_add1': 45.92, 'rev_add2': 34.01, 'rev_add3': 36.84, 'rev_add4': 40.67} 48s
ad_bi step 625 loss 0.0798 exact 83.4 token 97.71 {'add0': 80.61, 'add1': 81.77, 'add2': 89.25, 'add3': 86.43, 'add4': 82.69, 'rev_add0': 78.72, 'rev_add1': 80.61, 'rev_add2': 84.26, 'rev_add3': 87.89, 'rev_add4': 81.34} 50s
ad_bi step 650 loss 0.0556 exact 81.0 token 97.54 {'add0': 87.24, 'add1': 93.1, 'add2': 94.86, 'add3': 84.42, 'add4': 84.62, 'rev_add0': 68.62, 'rev_add1': 66.84, 'rev_add2': 65.99, 'rev_add3': 82.11, 'rev_add4': 79.9} 52s
ad_bi step 675 loss 0.0556 exact 75.3 token 97.16 {'add0': 86.22, 'add1': 95.07, 'add2': 89.25, 'add3': 82.91, 'add4': 70.19, 'rev_add0': 88.83, 'rev_add1': 69.39, 'rev_add2': 67.01, 'rev_add3': 37.89, 'rev_add4': 64.59} 54s
ad_bi step 700 loss 0.0546 exact 86.25 token 98.22 {'add0': 75.51, 'add1': 81.77, 'add2': 83.64, 'add3': 93.97, 'add4': 87.98, 'rev_add0': 78.72, 'rev_add1': 85.71, 'rev_add2': 92.89, 'rev_add3': 94.21, 'rev_add4': 88.04} 55s
ad_bi step 725 loss 0.0406 exact 86.45 token 98.44 {'add0': 78.06, 'add1': 88.18, 'add2': 87.85, 'add3': 91.96, 'add4': 86.06, 'rev_add0': 75.53, 'rev_add1': 88.27, 'rev_add2': 85.79, 'rev_add3': 93.68, 'rev_add4': 88.52} 57s
ad_bi step 750 loss 0.032 exact 92.15 token 99.13 {'add0': 85.71, 'add1': 79.31, 'add2': 92.52, 'add3': 97.99, 'add4': 92.79, 'rev_add0': 88.3, 'rev_add1': 99.49, 'rev_add2': 94.92, 'rev_add3': 96.84, 'rev_add4': 93.78} 59s
ad_bi step 775 loss 0.0284 exact 92.05 token 99.27 {'add0': 97.45, 'add1': 89.16, 'add2': 90.65, 'add3': 76.38, 'add4': 94.23, 'rev_add0': 94.68, 'rev_add1': 92.86, 'rev_add2': 92.89, 'rev_add3': 95.26, 'rev_add4': 97.13} 61s
ad_bi step 800 loss 0.0282 exact 83.3 token 98.37 {'add0': 81.12, 'add1': 87.19, 'add2': 83.64, 'add3': 87.44, 'add4': 84.62, 'rev_add0': 85.64, 'rev_add1': 75.0, 'rev_add2': 74.62, 'rev_add3': 83.68, 'rev_add4': 89.47} 63s
ad_bi step 825 loss 0.0297 exact 96.75 token 99.65 {'add0': 97.96, 'add1': 97.04, 'add2': 98.13, 'add3': 99.5, 'add4': 98.56, 'rev_add0': 89.36, 'rev_add1': 97.45, 'rev_add2': 94.42, 'rev_add3': 98.42, 'rev_add4': 96.17} 65s
ad_bi step 850 loss 0.0219 exact 96.95 token 99.7 {'add0': 91.84, 'add1': 97.04, 'add2': 98.13, 'add3': 98.99, 'add4': 93.75, 'rev_add0': 99.47, 'rev_add1': 98.98, 'rev_add2': 98.48, 'rev_add3': 97.89, 'rev_add4': 95.22} 68s
ad_bi step 875 loss 0.0167 exact 98.5 token 99.86 {'add0': 98.98, 'add1': 98.03, 'add2': 98.6, 'add3': 98.99, 'add4': 96.63, 'rev_add0': 99.47, 'rev_add1': 98.98, 'rev_add2': 97.97, 'rev_add3': 98.42, 'rev_add4': 99.04} 70s
ad_bi step 900 loss 0.0124 exact 98.05 token 99.83 {'add0': 96.43, 'add1': 98.52, 'add2': 98.6, 'add3': 98.49, 'add4': 97.6, 'rev_add0': 99.47, 'rev_add1': 97.45, 'rev_add2': 98.48, 'rev_add3': 98.42, 'rev_add4': 97.13} 72s
ad_bi step 925 loss 0.012 exact 98.75 token 99.89 {'add0': 98.98, 'add1': 99.01, 'add2': 99.07, 'add3': 98.99, 'add4': 98.08, 'rev_add0': 97.87, 'rev_add1': 100.0, 'rev_add2': 97.46, 'rev_add3': 98.95, 'rev_add4': 99.04} 74s
ad_bi step 950 loss 0.0102 exact 98.75 token 99.9 {'add0': 98.98, 'add1': 99.51, 'add2': 98.6, 'add3': 96.98, 'add4': 99.04, 'rev_add0': 98.4, 'rev_add1': 98.47, 'rev_add2': 99.49, 'rev_add3': 98.95, 'rev_add4': 99.04} 77s
ad_bi step 975 loss 0.0092 exact 99.05 token 99.91 {'add0': 98.98, 'add1': 99.01, 'add2': 98.6, 'add3': 100.0, 'add4': 98.08, 'rev_add0': 98.4, 'rev_add1': 98.98, 'rev_add2': 100.0, 'rev_add3': 98.95, 'rev_add4': 99.52} 79s
ad_bi step 1000 loss 0.0092 exact 98.95 token 99.9 {'add0': 100.0, 'add1': 100.0, 'add2': 100.0, 'add3': 99.5, 'add4': 97.12, 'rev_add0': 94.15, 'rev_add1': 99.49, 'rev_add2': 99.49, 'rev_add3': 99.47, 'rev_add4': 100.0} 81s
=== run ad_causal
ad_causal step 0 exact 0.0 token 9.56 {'add0': 0.0, 'add1': 0.0, 'add2': 0.0, 'add3': 0.0, 'add4': 0.0, 'rev_add0': 0.0, 'rev_add1': 0.0, 'rev_add2': 0.0, 'rev_add3': 0.0, 'rev_add4': 0.0}
ad_causal step 25 loss 2.6562 exact 0.0 token 10.32 {'add0': 0.0, 'add1': 0.0, 'add2': 0.0, 'add3': 0.0, 'add4': 0.0, 'rev_add0': 0.0, 'rev_add1': 0.0, 'rev_add2': 0.0, 'rev_add3': 0.0, 'rev_add4': 0.0} 3s
ad_causal step 50 loss 2.131 exact 0.0 token 10.39 {'add0': 0.0, 'add1': 0.0, 'add2': 0.0, 'add3': 0.0, 'add4': 0.0, 'rev_add0': 0.0, 'rev_add1': 0.0, 'rev_add2': 0.0, 'rev_add3': 0.0, 'rev_add4': 0.0} 5s
ad_causal step 75 loss 2.1261 exact 0.0 token 11.7 {'add0': 0.0, 'add1': 0.0, 'add2': 0.0, 'add3': 0.0, 'add4': 0.0, 'rev_add0': 0.0, 'rev_add1': 0.0, 'rev_add2': 0.0, 'rev_add3': 0.0, 'rev_add4': 0.0} 7s
ad_causal step 100 loss 2.1174 exact 0.0 token 12.36 {'add0': 0.0, 'add1': 0.0, 'add2': 0.0, 'add3': 0.0, 'add4': 0.0, 'rev_add0': 0.0, 'rev_add1': 0.0, 'rev_add2': 0.0, 'rev_add3': 0.0, 'rev_add4': 0.0} 9s
ad_causal step 125 loss 2.1036 exact 0.0 token 13.78 {'add0': 0.0, 'add1': 0.0, 'add2': 0.0, 'add3': 0.0, 'add4': 0.0, 'rev_add0': 0.0, 'rev_add1': 0.0, 'rev_add2': 0.0, 'rev_add3': 0.0, 'rev_add4': 0.0} 12s
ad_causal step 150 loss 2.0763 exact 0.0 token 15.19 {'add0': 0.0, 'add1': 0.0, 'add2': 0.0, 'add3': 0.0, 'add4': 0.0, 'rev_add0': 0.0, 'rev_add1': 0.0, 'rev_add2': 0.0, 'rev_add3': 0.0, 'rev_add4': 0.0} 14s
ad_causal step 175 loss 2.0495 exact 0.0 token 14.5 {'add0': 0.0, 'add1': 0.0, 'add2': 0.0, 'add3': 0.0, 'add4': 0.0, 'rev_add0': 0.0, 'rev_add1': 0.0, 'rev_add2': 0.0, 'rev_add3': 0.0, 'rev_add4': 0.0} 16s
ad_causal step 200 loss 2.0205 exact 0.0 token 13.75 {'add0': 0.0, 'add1': 0.0, 'add2': 0.0, 'add3': 0.0, 'add4': 0.0, 'rev_add0': 0.0, 'rev_add1': 0.0, 'rev_add2': 0.0, 'rev_add3': 0.0, 'rev_add4': 0.0} 18s
ad_causal step 225 loss 1.9892 exact 0.0 token 14.03 {'add0': 0.0, 'add1': 0.0, 'add2': 0.0, 'add3': 0.0, 'add4': 0.0, 'rev_add0': 0.0, 'rev_add1': 0.0, 'rev_add2': 0.0, 'rev_add3': 0.0, 'rev_add4': 0.0} 20s
ad_causal step 250 loss 1.9396 exact 0.0 token 14.3 {'add0': 0.0, 'add1': 0.0, 'add2': 0.0, 'add3': 0.0, 'add4': 0.0, 'rev_add0': 0.0, 'rev_add1': 0.0, 'rev_add2': 0.0, 'rev_add3': 0.0, 'rev_add4': 0.0} 22s
ad_causal step 275 loss 1.8991 exact 0.0 token 15.63 {'add0': 0.0, 'add1': 0.0, 'add2': 0.0, 'add3': 0.0, 'add4': 0.0, 'rev_add0': 0.0, 'rev_add1': 0.0, 'rev_add2': 0.0, 'rev_add3': 0.0, 'rev_add4': 0.0} 24s
ad_causal step 300 loss 1.8013 exact 0.0 token 22.06 {'add0': 0.0, 'add1': 0.0, 'add2': 0.0, 'add3': 0.0, 'add4': 0.0, 'rev_add0': 0.0, 'rev_add1': 0.0, 'rev_add2': 0.0, 'rev_add3': 0.0, 'rev_add4': 0.0} 26s
ad_causal step 325 loss 1.5267 exact 0.0 token 27.83 {'add0': 0.0, 'add1': 0.0, 'add2': 0.0, 'add3': 0.0, 'add4': 0.0, 'rev_add0': 0.0, 'rev_add1': 0.0, 'rev_add2': 0.0, 'rev_add3': 0.0, 'rev_add4': 0.0} 28s
ad_causal step 350 loss 1.1472 exact 0.05 token 30.99 {'add0': 0.0, 'add1': 0.0, 'add2': 0.47, 'add3': 0.0, 'add4': 0.0, 'rev_add0': 0.0, 'rev_add1': 0.0, 'rev_add2': 0.0, 'rev_add3': 0.0, 'rev_add4': 0.0} 30s
ad_causal step 375 loss 0.9518 exact 0.05 token 33.55 {'add0': 0.51, 'add1': 0.0, 'add2': 0.0, 'add3': 0.0, 'add4': 0.0, 'rev_add0': 0.0, 'rev_add1': 0.0, 'rev_add2': 0.0, 'rev_add3': 0.0, 'rev_add4': 0.0} 33s
ad_causal step 400 loss 0.8549 exact 0.3 token 37.85 {'add0': 0.51, 'add1': 0.99, 'add2': 0.47, 'add3': 1.01, 'add4': 0.0, 'rev_add0': 0.0, 'rev_add1': 0.0, 'rev_add2': 0.0, 'rev_add3': 0.0, 'rev_add4': 0.0} 35s
ad_causal step 425 loss 0.7696 exact 1.6 token 44.34 {'add0': 2.04, 'add1': 2.46, 'add2': 2.8, 'add3': 6.03, 'add4': 2.4, 'rev_add0': 0.0, 'rev_add1': 0.0, 'rev_add2': 0.0, 'rev_add3': 0.0, 'rev_add4': 0.0} 37s
ad_causal step 450 loss 0.6868 exact 7.45 token 50.68 {'add0': 12.76, 'add1': 19.7, 'add2': 11.68, 'add3': 21.11, 'add4': 8.17, 'rev_add0': 0.0, 'rev_add1': 0.0, 'rev_add2': 0.0, 'rev_add3': 0.0, 'rev_add4': 0.0} 38s
ad_causal step 475 loss 0.6338 exact 17.1 token 55.38 {'add0': 30.61, 'add1': 38.42, 'add2': 36.45, 'add3': 32.66, 'add4': 29.33, 'rev_add0': 0.0, 'rev_add1': 0.0, 'rev_add2': 0.0, 'rev_add3': 0.0, 'rev_add4': 0.0} 40s
ad_causal step 500 loss 0.5607 exact 22.35 token 57.71 {'add0': 41.33, 'add1': 42.86, 'add2': 46.26, 'add3': 53.77, 'add4': 35.1, 'rev_add0': 0.0, 'rev_add1': 0.0, 'rev_add2': 0.0, 'rev_add3': 0.0, 'rev_add4': 0.0} 42s
ad_causal step 525 loss 0.5462 exact 26.4 token 59.73 {'add0': 38.27, 'add1': 58.13, 'add2': 51.87, 'add3': 60.8, 'add4': 49.04, 'rev_add0': 0.0, 'rev_add1': 0.51, 'rev_add2': 0.0, 'rev_add3': 0.0, 'rev_add4': 0.0} 44s
ad_causal step 550 loss 0.5192 exact 28.5 token 61.9 {'add0': 52.55, 'add1': 59.61, 'add2': 60.75, 'add3': 59.3, 'add4': 47.12, 'rev_add0': 0.0, 'rev_add1': 0.0, 'rev_add2': 0.0, 'rev_add3': 0.0, 'rev_add4': 0.0} 46s
ad_causal step 575 loss 0.4819 exact 36.6 token 64.34 {'add0': 71.94, 'add1': 81.77, 'add2': 73.36, 'add3': 66.83, 'add4': 64.9, 'rev_add0': 0.0, 'rev_add1': 0.0, 'rev_add2': 0.0, 'rev_add3': 0.0, 'rev_add4': 0.0} 48s
ad_causal step 600 loss 0.4775 exact 40.65 token 65.27 {'add0': 83.16, 'add1': 84.73, 'add2': 89.72, 'add3': 74.87, 'add4': 65.87, 'rev_add0': 0.0, 'rev_add1': 0.0, 'rev_add2': 0.0, 'rev_add3': 0.0, 'rev_add4': 0.0} 50s
ad_causal step 625 loss 0.4428 exact 41.0 token 66.57 {'add0': 76.53, 'add1': 81.28, 'add2': 81.31, 'add3': 81.41, 'add4': 81.25, 'rev_add0': 0.0, 'rev_add1': 0.0, 'rev_add2': 0.0, 'rev_add3': 0.0, 'rev_add4': 0.0} 52s
ad_causal step 650 loss 0.4178 exact 39.75 token 66.33 {'add0': 78.57, 'add1': 81.77, 'add2': 83.64, 'add3': 74.37, 'add4': 71.15, 'rev_add0': 0.0, 'rev_add1': 0.0, 'rev_add2': 0.0, 'rev_add3': 0.0, 'rev_add4': 0.0} 54s
ad_causal step 675 loss 0.401 exact 45.25 token 69.95 {'add0': 87.24, 'add1': 91.13, 'add2': 87.38, 'add3': 89.45, 'add4': 87.98, 'rev_add0': 0.0, 'rev_add1': 0.51, 'rev_add2': 0.0, 'rev_add3': 0.0, 'rev_add4': 0.0} 56s
ad_causal step 700 loss 0.4085 exact 47.15 token 71.28 {'add0': 91.84, 'add1': 90.64, 'add2': 93.46, 'add3': 94.97, 'add4': 91.35, 'rev_add0': 0.0, 'rev_add1': 0.0, 'rev_add2': 0.0, 'rev_add3': 0.0, 'rev_add4': 0.0} 58s
ad_causal step 725 loss 0.3778 exact 47.15 token 72.52 {'add0': 87.24, 'add1': 96.55, 'add2': 96.73, 'add3': 90.45, 'add4': 90.87, 'rev_add0': 0.0, 'rev_add1': 0.0, 'rev_add2': 0.0, 'rev_add3': 0.0, 'rev_add4': 0.0} 60s
ad_causal step 750 loss 0.3335 exact 45.1 token 73.59 {'add0': 88.78, 'add1': 93.6, 'add2': 95.33, 'add3': 81.91, 'add4': 81.25, 'rev_add0': 0.0, 'rev_add1': 0.0, 'rev_add2': 0.0, 'rev_add3': 0.53, 'rev_add4': 0.48} 62s
ad_causal step 775 loss 0.3365 exact 47.2 token 75.68 {'add0': 89.29, 'add1': 91.13, 'add2': 95.79, 'add3': 92.96, 'add4': 90.87, 'rev_add0': 0.0, 'rev_add1': 1.02, 'rev_add2': 1.02, 'rev_add3': 0.0, 'rev_add4': 0.48} 64s
ad_causal step 800 loss 0.2974 exact 47.0 token 76.65 {'add0': 93.37, 'add1': 93.1, 'add2': 94.86, 'add3': 90.45, 'add4': 87.98, 'rev_add0': 0.0, 'rev_add1': 0.51, 'rev_add2': 0.0, 'rev_add3': 0.0, 'rev_add4': 0.48} 66s
ad_causal step 825 loss 0.2759 exact 48.0 token 78.04 {'add0': 92.86, 'add1': 95.07, 'add2': 95.33, 'add3': 91.96, 'add4': 89.9, 'rev_add0': 0.0, 'rev_add1': 3.06, 'rev_add2': 1.02, 'rev_add3': 1.05, 'rev_add4': 0.48} 68s
ad_causal step 850 loss 0.2594 exact 48.25 token 80.03 {'add0': 95.41, 'add1': 92.61, 'add2': 92.99, 'add3': 91.96, 'add4': 89.9, 'rev_add0': 2.13, 'rev_add1': 5.61, 'rev_add2': 1.02, 'rev_add3': 1.58, 'rev_add4': 0.48} 70s
ad_causal step 875 loss 0.2415 exact 47.4 token 82.15 {'add0': 90.82, 'add1': 91.63, 'add2': 94.39, 'add3': 90.95, 'add4': 83.65, 'rev_add0': 1.6, 'rev_add1': 4.59, 'rev_add2': 2.03, 'rev_add3': 2.63, 'rev_add4': 2.87} 72s
ad_causal step 900 loss 0.207 exact 50.0 token 85.37 {'add0': 87.24, 'add1': 93.1, 'add2': 93.46, 'add3': 88.94, 'add4': 87.02, 'rev_add0': 3.72, 'rev_add1': 13.27, 'rev_add2': 6.6, 'rev_add3': 12.63, 'rev_add4': 5.74} 74s
ad_causal step 925 loss 0.1762 exact 52.6 token 87.41 {'add0': 90.82, 'add1': 97.04, 'add2': 97.66, 'add3': 90.95, 'add4': 83.17, 'rev_add0': 11.7, 'rev_add1': 11.22, 'rev_add2': 13.71, 'rev_add3': 12.63, 'rev_add4': 9.09} 76s
ad_causal step 950 loss 0.1632 exact 52.3 token 88.88 {'add0': 83.67, 'add1': 85.22, 'add2': 88.79, 'add3': 89.95, 'add4': 84.62, 'rev_add0': 18.62, 'rev_add1': 16.33, 'rev_add2': 19.29, 'rev_add3': 17.89, 'rev_add4': 11.96} 78s
ad_causal step 975 loss 0.1377 exact 58.45 token 90.54 {'add0': 87.24, 'add1': 94.58, 'add2': 93.46, 'add3': 94.47, 'add4': 87.5, 'rev_add0': 18.62, 'rev_add1': 28.57, 'rev_add2': 27.92, 'rev_add3': 26.32, 'rev_add4': 19.14} 80s
ad_causal step 1000 loss 0.1263 exact 57.95 token 91.0 {'add0': 90.82, 'add1': 89.66, 'add2': 91.59, 'add3': 90.95, 'add4': 87.02, 'rev_add0': 20.21, 'rev_add1': 30.61, 'rev_add2': 28.43, 'rev_add3': 25.26, 'rev_add4': 18.66} 82s
=== run scratch
scratch step 0 exact 0.0 token 3.07 {'add0': 0.0, 'add1': 0.0, 'add2': 0.0, 'add3': 0.0, 'add4': 0.0, 'rev_add0': 0.0, 'rev_add1': 0.0, 'rev_add2': 0.0, 'rev_add3': 0.0, 'rev_add4': 0.0}
scratch step 25 loss 3.033 exact 0.0 token 9.96 {'add0': 0.0, 'add1': 0.0, 'add2': 0.0, 'add3': 0.0, 'add4': 0.0, 'rev_add0': 0.0, 'rev_add1': 0.0, 'rev_add2': 0.0, 'rev_add3': 0.0, 'rev_add4': 0.0} 3s
scratch step 50 loss 2.3822 exact 0.0 token 10.73 {'add0': 0.0, 'add1': 0.0, 'add2': 0.0, 'add3': 0.0, 'add4': 0.0, 'rev_add0': 0.0, 'rev_add1': 0.0, 'rev_add2': 0.0, 'rev_add3': 0.0, 'rev_add4': 0.0} 5s
scratch step 75 loss 2.1645 exact 0.0 token 11.16 {'add0': 0.0, 'add1': 0.0, 'add2': 0.0, 'add3': 0.0, 'add4': 0.0, 'rev_add0': 0.0, 'rev_add1': 0.0, 'rev_add2': 0.0, 'rev_add3': 0.0, 'rev_add4': 0.0} 7s
scratch step 100 loss 2.1191 exact 0.0 token 12.45 {'add0': 0.0, 'add1': 0.0, 'add2': 0.0, 'add3': 0.0, 'add4': 0.0, 'rev_add0': 0.0, 'rev_add1': 0.0, 'rev_add2': 0.0, 'rev_add3': 0.0, 'rev_add4': 0.0} 9s
scratch step 125 loss 2.0882 exact 0.0 token 17.07 {'add0': 0.0, 'add1': 0.0, 'add2': 0.0, 'add3': 0.0, 'add4': 0.0, 'rev_add0': 0.0, 'rev_add1': 0.0, 'rev_add2': 0.0, 'rev_add3': 0.0, 'rev_add4': 0.0} 11s
scratch step 150 loss 1.8123 exact 0.0 token 26.22 {'add0': 0.0, 'add1': 0.0, 'add2': 0.0, 'add3': 0.0, 'add4': 0.0, 'rev_add0': 0.0, 'rev_add1': 0.0, 'rev_add2': 0.0, 'rev_add3': 0.0, 'rev_add4': 0.0} 13s
scratch step 175 loss 1.3466 exact 0.1 token 45.75 {'add0': 0.0, 'add1': 0.0, 'add2': 0.0, 'add3': 0.0, 'add4': 0.0, 'rev_add0': 0.0, 'rev_add1': 1.02, 'rev_add2': 0.0, 'rev_add3': 0.0, 'rev_add4': 0.0} 15s
scratch step 200 loss 0.6334 exact 64.85 token 96.24 {'add0': 65.31, 'add1': 55.67, 'add2': 43.46, 'add3': 56.78, 'add4': 65.87, 'rev_add0': 79.79, 'rev_add1': 65.82, 'rev_add2': 76.14, 'rev_add3': 70.0, 'rev_add4': 72.25} 17s
scratch step 225 loss 0.1283 exact 99.55 token 99.96 {'add0': 100.0, 'add1': 99.51, 'add2': 98.6, 'add3': 100.0, 'add4': 99.52, 'rev_add0': 100.0, 'rev_add1': 98.47, 'rev_add2': 99.49, 'rev_add3': 100.0, 'rev_add4': 100.0} 19s
scratch step 250 loss 0.0209 exact 99.95 token 100.0 {'add0': 100.0, 'add1': 100.0, 'add2': 100.0, 'add3': 100.0, 'add4': 100.0, 'rev_add0': 99.47, 'rev_add1': 100.0, 'rev_add2': 100.0, 'rev_add3': 100.0, 'rev_add4': 100.0} 21s
scratch step 275 loss 0.0095 exact 99.4 token 99.95 {'add0': 100.0, 'add1': 100.0, 'add2': 100.0, 'add3': 99.5, 'add4': 100.0, 'rev_add0': 100.0, 'rev_add1': 98.47, 'rev_add2': 99.49, 'rev_add3': 99.47, 'rev_add4': 97.13} 23s
scratch step 300 loss 0.0104 exact 99.55 token 99.96 {'add0': 100.0, 'add1': 99.51, 'add2': 99.53, 'add3': 98.99, 'add4': 98.56, 'rev_add0': 100.0, 'rev_add1': 100.0, 'rev_add2': 100.0, 'rev_add3': 99.47, 'rev_add4': 99.52} 25s
scratch step 325 loss 0.0062 exact 99.7 token 99.98 {'add0': 99.49, 'add1': 99.51, 'add2': 100.0, 'add3': 100.0, 'add4': 100.0, 'rev_add0': 98.94, 'rev_add1': 99.49, 'rev_add2': 100.0, 'rev_add3': 99.47, 'rev_add4': 100.0} 27s
scratch step 350 loss 0.0041 exact 99.95 token 100.0 {'add0': 100.0, 'add1': 99.51, 'add2': 100.0, 'add3': 100.0, 'add4': 100.0, 'rev_add0': 100.0, 'rev_add1': 100.0, 'rev_add2': 100.0, 'rev_add3': 100.0, 'rev_add4': 100.0} 29s
scratch step 375 loss 0.0028 exact 100.0 token 100.0 {'add0': 100.0, 'add1': 100.0, 'add2': 100.0, 'add3': 100.0, 'add4': 100.0, 'rev_add0': 100.0, 'rev_add1': 100.0, 'rev_add2': 100.0, 'rev_add3': 100.0, 'rev_add4': 100.0} 31s
scratch step 400 loss 0.0023 exact 100.0 token 100.0 {'add0': 100.0, 'add1': 100.0, 'add2': 100.0, 'add3': 100.0, 'add4': 100.0, 'rev_add0': 100.0, 'rev_add1': 100.0, 'rev_add2': 100.0, 'rev_add3': 100.0, 'rev_add4': 100.0} 33s
scratch step 425 loss 0.002 exact 100.0 token 100.0 {'add0': 100.0, 'add1': 100.0, 'add2': 100.0, 'add3': 100.0, 'add4': 100.0, 'rev_add0': 100.0, 'rev_add1': 100.0, 'rev_add2': 100.0, 'rev_add3': 100.0, 'rev_add4': 100.0} 35s
scratch step 450 loss 0.0018 exact 100.0 token 100.0 {'add0': 100.0, 'add1': 100.0, 'add2': 100.0, 'add3': 100.0, 'add4': 100.0, 'rev_add0': 100.0, 'rev_add1': 100.0, 'rev_add2': 100.0, 'rev_add3': 100.0, 'rev_add4': 100.0} 37s
scratch step 475 loss 0.0016 exact 100.0 token 100.0 {'add0': 100.0, 'add1': 100.0, 'add2': 100.0, 'add3': 100.0, 'add4': 100.0, 'rev_add0': 100.0, 'rev_add1': 100.0, 'rev_add2': 100.0, 'rev_add3': 100.0, 'rev_add4': 100.0} 39s
scratch step 500 loss 0.0015 exact 100.0 token 100.0 {'add0': 100.0, 'add1': 100.0, 'add2': 100.0, 'add3': 100.0, 'add4': 100.0, 'rev_add0': 100.0, 'rev_add1': 100.0, 'rev_add2': 100.0, 'rev_add3': 100.0, 'rev_add4': 100.0} 41s
scratch step 525 loss 0.0014 exact 100.0 token 100.0 {'add0': 100.0, 'add1': 100.0, 'add2': 100.0, 'add3': 100.0, 'add4': 100.0, 'rev_add0': 100.0, 'rev_add1': 100.0, 'rev_add2': 100.0, 'rev_add3': 100.0, 'rev_add4': 100.0} 43s
scratch step 550 loss 0.0012 exact 100.0 token 100.0 {'add0': 100.0, 'add1': 100.0, 'add2': 100.0, 'add3': 100.0, 'add4': 100.0, 'rev_add0': 100.0, 'rev_add1': 100.0, 'rev_add2': 100.0, 'rev_add3': 100.0, 'rev_add4': 100.0} 45s
scratch step 575 loss 0.0012 exact 100.0 token 100.0 {'add0': 100.0, 'add1': 100.0, 'add2': 100.0, 'add3': 100.0, 'add4': 100.0, 'rev_add0': 100.0, 'rev_add1': 100.0, 'rev_add2': 100.0, 'rev_add3': 100.0, 'rev_add4': 100.0} 48s
scratch step 600 loss 0.0011 exact 100.0 token 100.0 {'add0': 100.0, 'add1': 100.0, 'add2': 100.0, 'add3': 100.0, 'add4': 100.0, 'rev_add0': 100.0, 'rev_add1': 100.0, 'rev_add2': 100.0, 'rev_add3': 100.0, 'rev_add4': 100.0} 50s
scratch step 625 loss 0.0011 exact 100.0 token 100.0 {'add0': 100.0, 'add1': 100.0, 'add2': 100.0, 'add3': 100.0, 'add4': 100.0, 'rev_add0': 100.0, 'rev_add1': 100.0, 'rev_add2': 100.0, 'rev_add3': 100.0, 'rev_add4': 100.0} 52s
scratch step 650 loss 0.001 exact 100.0 token 100.0 {'add0': 100.0, 'add1': 100.0, 'add2': 100.0, 'add3': 100.0, 'add4': 100.0, 'rev_add0': 100.0, 'rev_add1': 100.0, 'rev_add2': 100.0, 'rev_add3': 100.0, 'rev_add4': 100.0} 55s
scratch step 675 loss 0.001 exact 100.0 token 100.0 {'add0': 100.0, 'add1': 100.0, 'add2': 100.0, 'add3': 100.0, 'add4': 100.0, 'rev_add0': 100.0, 'rev_add1': 100.0, 'rev_add2': 100.0, 'rev_add3': 100.0, 'rev_add4': 100.0} 57s
scratch step 700 loss 0.0009 exact 100.0 token 100.0 {'add0': 100.0, 'add1': 100.0, 'add2': 100.0, 'add3': 100.0, 'add4': 100.0, 'rev_add0': 100.0, 'rev_add1': 100.0, 'rev_add2': 100.0, 'rev_add3': 100.0, 'rev_add4': 100.0} 60s
scratch step 725 loss 0.0009 exact 100.0 token 100.0 {'add0': 100.0, 'add1': 100.0, 'add2': 100.0, 'add3': 100.0, 'add4': 100.0, 'rev_add0': 100.0, 'rev_add1': 100.0, 'rev_add2': 100.0, 'rev_add3': 100.0, 'rev_add4': 100.0} 62s
scratch step 750 loss 0.0009 exact 100.0 token 100.0 {'add0': 100.0, 'add1': 100.0, 'add2': 100.0, 'add3': 100.0, 'add4': 100.0, 'rev_add0': 100.0, 'rev_add1': 100.0, 'rev_add2': 100.0, 'rev_add3': 100.0, 'rev_add4': 100.0} 64s
scratch step 775 loss 0.0009 exact 100.0 token 100.0 {'add0': 100.0, 'add1': 100.0, 'add2': 100.0, 'add3': 100.0, 'add4': 100.0, 'rev_add0': 100.0, 'rev_add1': 100.0, 'rev_add2': 100.0, 'rev_add3': 100.0, 'rev_add4': 100.0} 66s
scratch step 800 loss 0.0008 exact 100.0 token 100.0 {'add0': 100.0, 'add1': 100.0, 'add2': 100.0, 'add3': 100.0, 'add4': 100.0, 'rev_add0': 100.0, 'rev_add1': 100.0, 'rev_add2': 100.0, 'rev_add3': 100.0, 'rev_add4': 100.0} 68s
scratch step 825 loss 0.0008 exact 100.0 token 100.0 {'add0': 100.0, 'add1': 100.0, 'add2': 100.0, 'add3': 100.0, 'add4': 100.0, 'rev_add0': 100.0, 'rev_add1': 100.0, 'rev_add2': 100.0, 'rev_add3': 100.0, 'rev_add4': 100.0} 70s
scratch step 850 loss 0.0008 exact 100.0 token 100.0 {'add0': 100.0, 'add1': 100.0, 'add2': 100.0, 'add3': 100.0, 'add4': 100.0, 'rev_add0': 100.0, 'rev_add1': 100.0, 'rev_add2': 100.0, 'rev_add3': 100.0, 'rev_add4': 100.0} 72s
scratch step 875 loss 0.0008 exact 100.0 token 100.0 {'add0': 100.0, 'add1': 100.0, 'add2': 100.0, 'add3': 100.0, 'add4': 100.0, 'rev_add0': 100.0, 'rev_add1': 100.0, 'rev_add2': 100.0, 'rev_add3': 100.0, 'rev_add4': 100.0} 75s
scratch step 900 loss 0.0008 exact 100.0 token 100.0 {'add0': 100.0, 'add1': 100.0, 'add2': 100.0, 'add3': 100.0, 'add4': 100.0, 'rev_add0': 100.0, 'rev_add1': 100.0, 'rev_add2': 100.0, 'rev_add3': 100.0, 'rev_add4': 100.0} 77s
scratch step 925 loss 0.0008 exact 100.0 token 100.0 {'add0': 100.0, 'add1': 100.0, 'add2': 100.0, 'add3': 100.0, 'add4': 100.0, 'rev_add0': 100.0, 'rev_add1': 100.0, 'rev_add2': 100.0, 'rev_add3': 100.0, 'rev_add4': 100.0} 80s
scratch step 950 loss 0.0008 exact 100.0 token 100.0 {'add0': 100.0, 'add1': 100.0, 'add2': 100.0, 'add3': 100.0, 'add4': 100.0, 'rev_add0': 100.0, 'rev_add1': 100.0, 'rev_add2': 100.0, 'rev_add3': 100.0, 'rev_add4': 100.0} 83s
scratch step 975 loss 0.0007 exact 100.0 token 100.0 {'add0': 100.0, 'add1': 100.0, 'add2': 100.0, 'add3': 100.0, 'add4': 100.0, 'rev_add0': 100.0, 'rev_add1': 100.0, 'rev_add2': 100.0, 'rev_add3': 100.0, 'rev_add4': 100.0} 85s
scratch step 1000 loss 0.0007 exact 100.0 token 100.0 {'add0': 100.0, 'add1': 100.0, 'add2': 100.0, 'add3': 100.0, 'add4': 100.0, 'rev_add0': 100.0, 'rev_add1': 100.0, 'rev_add2': 100.0, 'rev_add3': 100.0, 'rev_add4': 100.0} 89s
=== run scratch2x
scratch2x step 0 exact 0.0 token 3.07 {'add0': 0.0, 'add1': 0.0, 'add2': 0.0, 'add3': 0.0, 'add4': 0.0, 'rev_add0': 0.0, 'rev_add1': 0.0, 'rev_add2': 0.0, 'rev_add3': 0.0, 'rev_add4': 0.0}
scratch2x step 25 loss 3.033 exact 0.0 token 9.97 {'add0': 0.0, 'add1': 0.0, 'add2': 0.0, 'add3': 0.0, 'add4': 0.0, 'rev_add0': 0.0, 'rev_add1': 0.0, 'rev_add2': 0.0, 'rev_add3': 0.0, 'rev_add4': 0.0} 3s
scratch2x step 50 loss 2.3818 exact 0.0 token 10.71 {'add0': 0.0, 'add1': 0.0, 'add2': 0.0, 'add3': 0.0, 'add4': 0.0, 'rev_add0': 0.0, 'rev_add1': 0.0, 'rev_add2': 0.0, 'rev_add3': 0.0, 'rev_add4': 0.0} 6s
scratch2x step 75 loss 2.1642 exact 0.0 token 11.22 {'add0': 0.0, 'add1': 0.0, 'add2': 0.0, 'add3': 0.0, 'add4': 0.0, 'rev_add0': 0.0, 'rev_add1': 0.0, 'rev_add2': 0.0, 'rev_add3': 0.0, 'rev_add4': 0.0} 8s
scratch2x step 100 loss 2.1188 exact 0.0 token 12.43 {'add0': 0.0, 'add1': 0.0, 'add2': 0.0, 'add3': 0.0, 'add4': 0.0, 'rev_add0': 0.0, 'rev_add1': 0.0, 'rev_add2': 0.0, 'rev_add3': 0.0, 'rev_add4': 0.0} 10s
scratch2x step 125 loss 2.0862 exact 0.0 token 17.34 {'add0': 0.0, 'add1': 0.0, 'add2': 0.0, 'add3': 0.0, 'add4': 0.0, 'rev_add0': 0.0, 'rev_add1': 0.0, 'rev_add2': 0.0, 'rev_add3': 0.0, 'rev_add4': 0.0} 12s
scratch2x step 150 loss 1.7966 exact 0.0 token 26.45 {'add0': 0.0, 'add1': 0.0, 'add2': 0.0, 'add3': 0.0, 'add4': 0.0, 'rev_add0': 0.0, 'rev_add1': 0.0, 'rev_add2': 0.0, 'rev_add3': 0.0, 'rev_add4': 0.0} 14s
scratch2x step 175 loss 1.3158 exact 0.25 token 52.84 {'add0': 0.0, 'add1': 0.0, 'add2': 0.0, 'add3': 0.0, 'add4': 1.44, 'rev_add0': 0.53, 'rev_add1': 0.51, 'rev_add2': 0.0, 'rev_add3': 0.0, 'rev_add4': 0.0} 16s
scratch2x step 200 loss 0.538 exact 81.75 token 98.32 {'add0': 71.43, 'add1': 73.89, 'add2': 77.1, 'add3': 76.38, 'add4': 81.25, 'rev_add0': 90.43, 'rev_add1': 93.37, 'rev_add2': 79.7, 'rev_add3': 91.58, 'rev_add4': 83.73} 18s
scratch2x step 225 loss 0.0902 exact 99.95 token 100.0 {'add0': 100.0, 'add1': 100.0, 'add2': 100.0, 'add3': 99.5, 'add4': 100.0, 'rev_add0': 100.0, 'rev_add1': 100.0, 'rev_add2': 100.0, 'rev_add3': 100.0, 'rev_add4': 100.0} 20s
scratch2x step 250 loss 0.0159 exact 100.0 token 100.0 {'add0': 100.0, 'add1': 100.0, 'add2': 100.0, 'add3': 100.0, 'add4': 100.0, 'rev_add0': 100.0, 'rev_add1': 100.0, 'rev_add2': 100.0, 'rev_add3': 100.0, 'rev_add4': 100.0} 22s
scratch2x step 275 loss 0.007 exact 99.95 token 100.0 {'add0': 100.0, 'add1': 100.0, 'add2': 99.53, 'add3': 100.0, 'add4': 100.0, 'rev_add0': 100.0, 'rev_add1': 100.0, 'rev_add2': 100.0, 'rev_add3': 100.0, 'rev_add4': 100.0} 24s
scratch2x step 300 loss 0.0047 exact 100.0 token 100.0 {'add0': 100.0, 'add1': 100.0, 'add2': 100.0, 'add3': 100.0, 'add4': 100.0, 'rev_add0': 100.0, 'rev_add1': 100.0, 'rev_add2': 100.0, 'rev_add3': 100.0, 'rev_add4': 100.0} 26s
scratch2x step 325 loss 0.0035 exact 100.0 token 100.0 {'add0': 100.0, 'add1': 100.0, 'add2': 100.0, 'add3': 100.0, 'add4': 100.0, 'rev_add0': 100.0, 'rev_add1': 100.0, 'rev_add2': 100.0, 'rev_add3': 100.0, 'rev_add4': 100.0} 28s
scratch2x step 350 loss 0.0028 exact 100.0 token 100.0 {'add0': 100.0, 'add1': 100.0, 'add2': 100.0, 'add3': 100.0, 'add4': 100.0, 'rev_add0': 100.0, 'rev_add1': 100.0, 'rev_add2': 100.0, 'rev_add3': 100.0, 'rev_add4': 100.0} 30s
scratch2x step 375 loss 0.0023 exact 100.0 token 100.0 {'add0': 100.0, 'add1': 100.0, 'add2': 100.0, 'add3': 100.0, 'add4': 100.0, 'rev_add0': 100.0, 'rev_add1': 100.0, 'rev_add2': 100.0, 'rev_add3': 100.0, 'rev_add4': 100.0} 32s
scratch2x step 400 loss 0.0019 exact 100.0 token 100.0 {'add0': 100.0, 'add1': 100.0, 'add2': 100.0, 'add3': 100.0, 'add4': 100.0, 'rev_add0': 100.0, 'rev_add1': 100.0, 'rev_add2': 100.0, 'rev_add3': 100.0, 'rev_add4': 100.0} 34s
scratch2x step 425 loss 0.0017 exact 100.0 token 100.0 {'add0': 100.0, 'add1': 100.0, 'add2': 100.0, 'add3': 100.0, 'add4': 100.0, 'rev_add0': 100.0, 'rev_add1': 100.0, 'rev_add2': 100.0, 'rev_add3': 100.0, 'rev_add4': 100.0} 36s
scratch2x step 450 loss 0.0015 exact 100.0 token 100.0 {'add0': 100.0, 'add1': 100.0, 'add2': 100.0, 'add3': 100.0, 'add4': 100.0, 'rev_add0': 100.0, 'rev_add1': 100.0, 'rev_add2': 100.0, 'rev_add3': 100.0, 'rev_add4': 100.0} 38s
scratch2x step 475 loss 0.0013 exact 100.0 token 100.0 {'add0': 100.0, 'add1': 100.0, 'add2': 100.0, 'add3': 100.0, 'add4': 100.0, 'rev_add0': 100.0, 'rev_add1': 100.0, 'rev_add2': 100.0, 'rev_add3': 100.0, 'rev_add4': 100.0} 40s
