widths  4-byte accesses                          3.221 ms (3.129-3.268) load 9.4 {'bytes_per_access': 4, 'threads': 67108864, 'bytes': 536870912, 'gbps': 166.69515298702655}
widths  8-byte accesses                          3.170 ms (3.143-3.351) load 9.4 {'bytes_per_access': 8, 'threads': 33554432, 'bytes': 536870912, 'gbps': 169.3741641260271}
widths  16-byte accesses                         3.414 ms (3.248-4.832) load 9.4 {'bytes_per_access': 16, 'threads': 16777216, 'bytes': 536870912, 'gbps': 157.25185362424384}
aos     AoS, read field x                        3.659 ms (3.556-3.745) load 9.4 {'useful_bytes': 67108864, 'footprint_bytes': 536870912, 'moved_bytes': 603979776, 'gbps_moved': 165.07554067593355, 'gbps_useful': 18.341726741770398, 'gbps_footprint': 146.73381393416318}
aos     SoA, read array x                        1.028 ms (1.006-1.088) load 9.4 {'useful_bytes': 67108864, 'footprint_bytes': 67108864, 'moved_bytes': 134217728, 'gbps_moved': 130.50803679251064, 'gbps_useful': 65.25401839625532, 'gbps_footprint': 65.25401839625532}
aos     AoS, read all 8 fields                   3.663 ms (3.554-4.138) load 9.4 {'useful_bytes': 536870912, 'footprint_bytes': 536870912, 'moved_bytes': 603979776, 'gbps_moved': 164.86751513339794, 'gbps_useful': 146.54890234079818, 'gbps_footprint': 146.54890234079818}
tgwide  4-byte elements, lane stride 1           0.427 ms (0.418-0.436) load 9.4 {'bytes_per_access': 4, 'stride': 1, 'reads': 134217728, 'gbytes_per_s': 1258.2176849044681, 'greads_per_s': 314.55442122611703}
tgwide  4-byte elements, lane stride 2           0.434 ms (0.425-0.449) load 9.4 {'bytes_per_access': 4, 'stride': 2, 'reads': 134217728, 'gbytes_per_s': 1237.3861315759398, 'greads_per_s': 309.34653289398494}
tgwide  4-byte elements, lane stride 4           0.457 ms (0.447-0.529) load 9.4 {'bytes_per_access': 4, 'stride': 4, 'reads': 134217728, 'gbytes_per_s': 1174.707991428273, 'greads_per_s': 293.6769978570683}
tgwide  4-byte elements, lane stride 8           0.818 ms (0.556-1.276) load 9.4 {'bytes_per_access': 4, 'stride': 8, 'reads': 134217728, 'gbytes_per_s': 656.4082400538753, 'greads_per_s': 164.10206001346882}
tgwide  4-byte elements, lane stride 32          1.302 ms (1.275-2.111) load 9.4 {'bytes_per_access': 4, 'stride': 32, 'reads': 134217728, 'gbytes_per_s': 412.1849614523966, 'greads_per_s': 103.04624036309914}
tgwide  4-byte elements, lane stride 33          0.452 ms (0.440-0.465) load 9.4 {'bytes_per_access': 4, 'stride': 33, 'reads': 134217728, 'gbytes_per_s': 1187.1980798073816, 'greads_per_s': 296.7995199518454}
tgwide  8-byte elements, lane stride 1           0.678 ms (0.660-0.691) load 9.4 {'bytes_per_access': 8, 'stride': 1, 'reads': 134217728, 'gbytes_per_s': 1584.2545222612835, 'greads_per_s': 198.03181528266043}
tgwide  8-byte elements, lane stride 2           0.682 ms (0.668-0.747) load 9.4 {'bytes_per_access': 8, 'stride': 2, 'reads': 134217728, 'gbytes_per_s': 1575.1327190651368, 'greads_per_s': 196.8915898831421}
tgwide  8-byte elements, lane stride 4           0.739 ms (0.721-0.766) load 9.4 {'bytes_per_access': 8, 'stride': 4, 'reads': 134217728, 'gbytes_per_s': 1453.0481219562764, 'greads_per_s': 181.63101524453455}
tgwide  8-byte elements, lane stride 8           1.146 ms (1.129-1.184) load 9.4 {'bytes_per_access': 8, 'stride': 8, 'reads': 134217728, 'gbytes_per_s': 937.1110308490113, 'greads_per_s': 117.13887885612641}
tgwide  8-byte elements, lane stride 16          2.011 ms (1.995-2.114) load 9.4 {'bytes_per_access': 8, 'stride': 16, 'reads': 134217728, 'gbytes_per_s': 533.8479975045176, 'greads_per_s': 66.7309996880647}
tgwide  8-byte elements, lane stride 17          0.677 ms (0.663-0.690) load 9.4 {'bytes_per_access': 8, 'stride': 17, 'reads': 134217728, 'gbytes_per_s': 1585.6390795829734, 'greads_per_s': 198.20488494787168}
tgwide  16-byte elements, lane stride 1          1.135 ms (1.113-1.155) load 9.4 {'bytes_per_access': 16, 'stride': 1, 'reads': 134217728, 'gbytes_per_s': 1892.695091220412, 'greads_per_s': 118.29344320127575}
tgwide  16-byte elements, lane stride 2          1.381 ms (1.370-1.403) load 9.4 {'bytes_per_access': 16, 'stride': 2, 'reads': 134217728, 'gbytes_per_s': 1555.1801955655521, 'greads_per_s': 97.19876222284701}
tgwide  16-byte elements, lane stride 4          2.047 ms (2.007-2.122) load 9.4 {'bytes_per_access': 16, 'stride': 4, 'reads': 134217728, 'gbytes_per_s': 1049.3359519583908, 'greads_per_s': 65.58349699739942}
tgwide  16-byte elements, lane stride 8          3.801 ms (3.775-3.808) load 9.4 {'bytes_per_access': 16, 'stride': 8, 'reads': 134217728, 'gbytes_per_s': 564.9575198302413, 'greads_per_s': 35.30984498939008}
tgwide  16-byte elements, lane stride 9          1.131 ms (1.130-1.146) load 9.4 {'bytes_per_access': 16, 'stride': 9, 'reads': 134217728, 'gbytes_per_s': 1899.4614672167781, 'greads_per_s': 118.71634170104863}
local   run-time index h[b] += 1                 7.082 ms (7.013-9.113) load 9.4 {'dynamic': 1, 'updates': 268435456, 'gupdates_per_s': 37.90292459651811}
local   constant indices only (16 selects)       4.479 ms (4.450-4.513) load 9.4 {'dynamic': 0, 'updates': 268435456, 'gupdates_per_s': 59.92698886388202}
roof    F = 1                                    2.126 ms (2.062-2.305) load 9.4 {'F': 1, 'flops': 452984832, 'bytes': 335544320, 'ai': 1.35, 'gflops': 213.0640544556007, 'gbps': 157.82522552266718}
roof    F = 2                                    2.122 ms (2.050-2.200) load 9.4 {'F': 2, 'flops': 721420288, 'bytes': 335544320, 'ai': 2.15, 'gflops': 340.01726936816993, 'gbps': 158.14756714798602}
roof    F = 4                                    2.064 ms (2.041-2.089) load 9.4 {'F': 4, 'flops': 1258291200, 'bytes': 335544320, 'ai': 3.75, 'gflops': 609.7603400894704, 'gbps': 162.60275735719213}
roof    F = 8                                    2.102 ms (2.098-2.250) load 9.4 {'F': 8, 'flops': 2332033024, 'bytes': 335544320, 'ai': 6.95, 'gflops': 1109.3297611596945, 'gbps': 159.61579297261792}
roof    F = 16                                   2.099 ms (2.069-2.220) load 9.4 {'F': 16, 'flops': 4479516672, 'bytes': 335544320, 'ai': 13.35, 'gflops': 2134.356758127007, 'gbps': 159.87691072112415}
roof    F = 32                                   2.134 ms (2.120-4.063) load 9.4 {'F': 32, 'flops': 8774483968, 'bytes': 335544320, 'ai': 26.15, 'gflops': 4111.015840977736, 'gbps': 157.20901877543923}
roof    F = 64                                   3.761 ms (3.708-3.815) load 9.4 {'F': 64, 'flops': 17364418560, 'bytes': 335544320, 'ai': 51.75, 'gflops': 4616.712941703005, 'gbps': 89.21184428411603}
roof    F = 128                                  7.274 ms (7.240-7.389) load 9.4 {'F': 128, 'flops': 34544287744, 'bytes': 335544320, 'ai': 102.95, 'gflops': 4748.796309882192, 'gbps': 46.12721039225053}
roof    F = 256                                 14.297 ms (14.068-15.438) load 9.4 {'F': 256, 'flops': 68904026112, 'bytes': 335544320, 'ai': 205.35, 'gflops': 4819.418261557784, 'gbps': 23.46928785759817}
roof    F = 512                                 27.743 ms (27.713-28.097) load 9.4 {'F': 512, 'flops': 137623502848, 'bytes': 335544320, 'ai': 410.15, 'gflops': 4960.6841427697445, 'gbps': 12.094804687967192}
roof    F = 1024                                54.952 ms (54.900-55.178) load 9.2 {'F': 1024, 'flops': 275062456320, 'bytes': 335544320, 'ai': 819.75, 'gflops': 5005.507805942544, 'gbps': 6.106139440003103}
wrote run_3.json
