widths  4-byte accesses                          3.395 ms (3.320-3.459) load 9.6 {'bytes_per_access': 4, 'threads': 67108864, 'bytes': 536870912, 'gbps': 158.15245772457268}
widths  8-byte accesses                          3.699 ms (3.517-4.089) load 9.6 {'bytes_per_access': 8, 'threads': 33554432, 'bytes': 536870912, 'gbps': 145.13064588907812}
widths  16-byte accesses                         3.491 ms (3.251-3.610) load 9.6 {'bytes_per_access': 16, 'threads': 16777216, 'bytes': 536870912, 'gbps': 153.80696790558392}
aos     AoS, read field x                        3.957 ms (3.797-4.041) load 9.6 {'useful_bytes': 67108864, 'footprint_bytes': 536870912, 'moved_bytes': 603979776, 'gbps_moved': 152.65410311265833, 'gbps_useful': 16.96156701251759, 'gbps_footprint': 135.69253610014073}
aos     SoA, read array x                        1.108 ms (0.997-1.184) load 9.6 {'useful_bytes': 67108864, 'footprint_bytes': 67108864, 'moved_bytes': 134217728, 'gbps_moved': 121.15792157697182, 'gbps_useful': 60.57896078848591, 'gbps_footprint': 60.57896078848591}
aos     AoS, read all 8 fields                   3.925 ms (3.681-4.199) load 9.6 {'useful_bytes': 536870912, 'footprint_bytes': 536870912, 'moved_bytes': 603979776, 'gbps_moved': 153.87464649666796, 'gbps_useful': 136.77746355259376, 'gbps_footprint': 136.77746355259376}
tgwide  4-byte elements, lane stride 1           0.747 ms (0.689-0.819) load 9.9 {'bytes_per_access': 4, 'stride': 1, 'reads': 134217728, 'gbytes_per_s': 718.3180534864991, 'greads_per_s': 179.57951337162478}
tgwide  4-byte elements, lane stride 2           0.782 ms (0.695-0.803) load 9.9 {'bytes_per_access': 4, 'stride': 2, 'reads': 134217728, 'gbytes_per_s': 686.7552406592304, 'greads_per_s': 171.6888101648076}
tgwide  4-byte elements, lane stride 4           0.881 ms (0.866-0.917) load 9.9 {'bytes_per_access': 4, 'stride': 4, 'reads': 134217728, 'gbytes_per_s': 609.1344822790804, 'greads_per_s': 152.2836205697701}
tgwide  4-byte elements, lane stride 8           1.430 ms (1.158-6.491) load 9.9 {'bytes_per_access': 4, 'stride': 8, 'reads': 134217728, 'gbytes_per_s': 375.55679808502083, 'greads_per_s': 93.88919952125521}
tgwide  4-byte elements, lane stride 32          1.521 ms (1.430-2.090) load 9.9 {'bytes_per_access': 4, 'stride': 32, 'reads': 134217728, 'gbytes_per_s': 352.86792953021506, 'greads_per_s': 88.21698238255377}
tgwide  4-byte elements, lane stride 33          0.466 ms (0.432-0.497) load 9.9 {'bytes_per_access': 4, 'stride': 33, 'reads': 134217728, 'gbytes_per_s': 1152.7845538018553, 'greads_per_s': 288.1961384504638}
tgwide  8-byte elements, lane stride 1           0.729 ms (0.655-0.756) load 9.9 {'bytes_per_access': 8, 'stride': 1, 'reads': 134217728, 'gbytes_per_s': 1472.5433763884866, 'greads_per_s': 184.06792204856083}
tgwide  8-byte elements, lane stride 2           0.773 ms (0.671-1.063) load 9.9 {'bytes_per_access': 8, 'stride': 2, 'reads': 134217728, 'gbytes_per_s': 1389.5372378103423, 'greads_per_s': 173.69215472629278}
tgwide  8-byte elements, lane stride 4           0.845 ms (0.771-0.873) load 9.9 {'bytes_per_access': 8, 'stride': 4, 'reads': 134217728, 'gbytes_per_s': 1271.2392712732237, 'greads_per_s': 158.90490890915297}
tgwide  8-byte elements, lane stride 8           1.124 ms (1.117-1.385) load 9.9 {'bytes_per_access': 8, 'stride': 8, 'reads': 134217728, 'gbytes_per_s': 955.6194213296029, 'greads_per_s': 119.45242766620036}
tgwide  8-byte elements, lane stride 16          2.024 ms (1.976-2.105) load 9.9 {'bytes_per_access': 8, 'stride': 16, 'reads': 134217728, 'gbytes_per_s': 530.5463738163508, 'greads_per_s': 66.31829672704384}
tgwide  8-byte elements, lane stride 17          0.674 ms (0.656-0.680) load 9.9 {'bytes_per_access': 8, 'stride': 17, 'reads': 134217728, 'gbytes_per_s': 1594.153117433959, 'greads_per_s': 199.2691396792449}
tgwide  16-byte elements, lane stride 1          1.142 ms (1.112-1.249) load 9.9 {'bytes_per_access': 16, 'stride': 1, 'reads': 134217728, 'gbytes_per_s': 1879.7727918285896, 'greads_per_s': 117.48579948928685}
tgwide  16-byte elements, lane stride 2          1.360 ms (1.341-1.443) load 9.9 {'bytes_per_access': 16, 'stride': 2, 'reads': 134217728, 'gbytes_per_s': 1578.7321328797188, 'greads_per_s': 98.67075830498243}
tgwide  16-byte elements, lane stride 4          2.142 ms (2.033-2.323) load 9.9 {'bytes_per_access': 16, 'stride': 4, 'reads': 134217728, 'gbytes_per_s': 1002.6185722000123, 'greads_per_s': 62.66366076250077}
tgwide  16-byte elements, lane stride 8          3.852 ms (3.781-3.948) load 9.9 {'bytes_per_access': 16, 'stride': 8, 'reads': 134217728, 'gbytes_per_s': 557.4718078742286, 'greads_per_s': 34.84198799213929}
tgwide  16-byte elements, lane stride 9          1.127 ms (1.091-3.322) load 9.9 {'bytes_per_access': 16, 'stride': 9, 'reads': 134217728, 'gbytes_per_s': 1904.923617276726, 'greads_per_s': 119.05772607979537}
local   run-time index h[b] += 1                 7.105 ms (7.005-7.221) load 9.9 {'dynamic': 1, 'updates': 268435456, 'gupdates_per_s': 37.77885613212707}
local   constant indices only (16 selects)       4.488 ms (4.448-4.660) load 9.9 {'dynamic': 0, 'updates': 268435456, 'gupdates_per_s': 59.81026790738348}
roof    F = 1                                    2.148 ms (2.043-2.290) load 9.9 {'F': 1, 'flops': 452984832, 'bytes': 335544320, 'ai': 1.35, 'gflops': 210.92033610048227, 'gbps': 156.23728600035724}
roof    F = 2                                    2.405 ms (2.163-2.768) load 9.9 {'F': 2, 'flops': 721420288, 'bytes': 335544320, 'ai': 2.15, 'gflops': 299.99180170765527, 'gbps': 139.5310705617001}
roof    F = 4                                    2.368 ms (2.290-2.756) load 9.9 {'F': 4, 'flops': 1258291200, 'bytes': 335544320, 'ai': 3.75, 'gflops': 531.4140841277965, 'gbps': 141.71042243407908}
roof    F = 8                                    2.200 ms (2.078-2.274) load 9.9 {'F': 8, 'flops': 2332033024, 'bytes': 335544320, 'ai': 6.95, 'gflops': 1059.8906196104822, 'gbps': 152.50224742596865}
roof    F = 16                                   2.235 ms (2.116-2.809) load 9.9 {'F': 16, 'flops': 4479516672, 'bytes': 335544320, 'ai': 13.35, 'gflops': 2004.4076107367378, 'gbps': 150.14289219001782}
roof    F = 32                                   2.658 ms (2.593-4.593) load 9.9 {'F': 32, 'flops': 8774483968, 'bytes': 335544320, 'ai': 26.15, 'gflops': 3301.7813582825725, 'gbps': 126.26314945631252}
roof    F = 64                                   3.826 ms (3.725-4.093) load 9.9 {'F': 64, 'flops': 17364418560, 'bytes': 335544320, 'ai': 51.75, 'gflops': 4538.629667358082, 'gbps': 87.70298874121897}
roof    F = 128                                  7.320 ms (7.297-7.431) load 9.9 {'F': 128, 'flops': 34544287744, 'bytes': 335544320, 'ai': 102.95, 'gflops': 4718.912410730484, 'gbps': 45.83693453842141}
roof    F = 256                                 14.072 ms (14.042-14.189) load 9.8 {'F': 256, 'flops': 68904026112, 'bytes': 335544320, 'ai': 205.35, 'gflops': 4896.543600027308, 'gbps': 23.844867786838606}
roof    F = 512                                 27.830 ms (27.739-28.234) load 9.8 {'F': 512, 'flops': 137623502848, 'bytes': 335544320, 'ai': 410.15, 'gflops': 4945.176352410655, 'gbps': 12.056994641986236}
roof    F = 1024                                55.126 ms (54.925-56.486) load 9.8 {'F': 1024, 'flops': 275062456320, 'bytes': 335544320, 'ai': 819.75, 'gflops': 4989.732247328576, 'gbps': 6.086895086707626}
wrote run_1.json
