widths  4-byte accesses                          3.304 ms (3.279-3.414) load 9.8 {'bytes_per_access': 4, 'threads': 67108864, 'bytes': 536870912, 'gbps': 162.487507911011}
widths  8-byte accesses                          3.681 ms (3.264-4.666) load 9.8 {'bytes_per_access': 8, 'threads': 33554432, 'bytes': 536870912, 'gbps': 145.8587752144041}
widths  16-byte accesses                         3.344 ms (3.264-3.534) load 9.8 {'bytes_per_access': 16, 'threads': 16777216, 'bytes': 536870912, 'gbps': 160.54512144038847}
aos     AoS, read field x                        3.633 ms (3.596-3.708) load 9.8 {'useful_bytes': 67108864, 'footprint_bytes': 536870912, 'moved_bytes': 603979776, 'gbps_moved': 166.22534106912516, 'gbps_useful': 18.469482341013908, 'gbps_footprint': 147.75585872811126}
aos     SoA, read array x                        0.959 ms (0.950-0.971) load 9.8 {'useful_bytes': 67108864, 'footprint_bytes': 67108864, 'moved_bytes': 134217728, 'gbps_moved': 139.97171390714107, 'gbps_useful': 69.98585695357053, 'gbps_footprint': 69.98585695357053}
aos     AoS, read all 8 fields                   3.579 ms (3.526-3.602) load 9.8 {'useful_bytes': 536870912, 'footprint_bytes': 536870912, 'moved_bytes': 603979776, 'gbps_moved': 168.76089238465642, 'gbps_useful': 150.0096821196946, 'gbps_footprint': 150.0096821196946}
tgwide  4-byte elements, lane stride 1           0.484 ms (0.437-0.511) load 9.5 {'bytes_per_access': 4, 'stride': 1, 'reads': 134217728, 'gbytes_per_s': 1108.3406893505812, 'greads_per_s': 277.0851723376453}
tgwide  4-byte elements, lane stride 2           0.583 ms (0.545-0.605) load 9.5 {'bytes_per_access': 4, 'stride': 2, 'reads': 134217728, 'gbytes_per_s': 920.5210892181375, 'greads_per_s': 230.13027230453437}
tgwide  4-byte elements, lane stride 4           0.703 ms (0.647-0.728) load 9.5 {'bytes_per_access': 4, 'stride': 4, 'reads': 134217728, 'gbytes_per_s': 763.196973487507, 'greads_per_s': 190.79924337187674}
tgwide  4-byte elements, lane stride 8           1.143 ms (0.930-1.479) load 9.5 {'bytes_per_access': 4, 'stride': 8, 'reads': 134217728, 'gbytes_per_s': 469.72043064434007, 'greads_per_s': 117.43010766108502}
tgwide  4-byte elements, lane stride 32          1.500 ms (1.302-3.358) load 9.5 {'bytes_per_access': 4, 'stride': 32, 'reads': 134217728, 'gbytes_per_s': 357.89800282091164, 'greads_per_s': 89.47450070522791}
tgwide  4-byte elements, lane stride 33          0.528 ms (0.454-2.923) load 9.5 {'bytes_per_access': 4, 'stride': 33, 'reads': 134217728, 'gbytes_per_s': 1017.5236290671282, 'greads_per_s': 254.38090726678206}
tgwide  8-byte elements, lane stride 1           1.105 ms (0.907-1.157) load 9.5 {'bytes_per_access': 8, 'stride': 1, 'reads': 134217728, 'gbytes_per_s': 971.9759370316067, 'greads_per_s': 121.49699212895084}
tgwide  8-byte elements, lane stride 2           1.466 ms (1.027-2.710) load 9.5 {'bytes_per_access': 8, 'stride': 2, 'reads': 134217728, 'gbytes_per_s': 732.3671778177538, 'greads_per_s': 91.54589722721923}
tgwide  8-byte elements, lane stride 4           1.206 ms (1.095-1.694) load 9.5 {'bytes_per_access': 8, 'stride': 4, 'reads': 134217728, 'gbytes_per_s': 890.0317909711414, 'greads_per_s': 111.25397387139267}
tgwide  8-byte elements, lane stride 8           1.642 ms (1.224-3.612) load 9.5 {'bytes_per_access': 8, 'stride': 8, 'reads': 134217728, 'gbytes_per_s': 653.8999815035779, 'greads_per_s': 81.73749768794724}
tgwide  8-byte elements, lane stride 16          2.038 ms (2.004-2.160) load 9.5 {'bytes_per_access': 8, 'stride': 16, 'reads': 134217728, 'gbytes_per_s': 526.8368832092226, 'greads_per_s': 65.85461040115283}
tgwide  8-byte elements, lane stride 17          0.712 ms (0.676-0.817) load 9.5 {'bytes_per_access': 8, 'stride': 17, 'reads': 134217728, 'gbytes_per_s': 1507.2527319271094, 'greads_per_s': 188.40659149088867}
tgwide  16-byte elements, lane stride 1          1.124 ms (1.116-1.193) load 9.5 {'bytes_per_access': 16, 'stride': 1, 'reads': 134217728, 'gbytes_per_s': 1909.737383987647, 'greads_per_s': 119.35858649922794}
tgwide  16-byte elements, lane stride 2          1.357 ms (1.348-1.563) load 9.5 {'bytes_per_access': 16, 'stride': 2, 'reads': 134217728, 'gbytes_per_s': 1582.1440277681022, 'greads_per_s': 98.88400173550639}
tgwide  16-byte elements, lane stride 4          2.031 ms (2.022-2.108) load 9.5 {'bytes_per_access': 16, 'stride': 4, 'reads': 134217728, 'gbytes_per_s': 1057.374513360491, 'greads_per_s': 66.08590708503068}
tgwide  16-byte elements, lane stride 8          3.796 ms (3.779-3.827) load 9.5 {'bytes_per_access': 16, 'stride': 8, 'reads': 134217728, 'gbytes_per_s': 565.7575581079687, 'greads_per_s': 35.35984738174805}
tgwide  16-byte elements, lane stride 9          1.108 ms (1.089-1.127) load 9.5 {'bytes_per_access': 16, 'stride': 9, 'reads': 134217728, 'gbytes_per_s': 1938.0893651052388, 'greads_per_s': 121.13058531907743}
local   run-time index h[b] += 1                 7.056 ms (7.021-7.161) load 9.5 {'dynamic': 1, 'updates': 268435456, 'gupdates_per_s': 38.041551934149645}
local   constant indices only (16 selects)       4.503 ms (4.462-4.507) load 9.5 {'dynamic': 0, 'updates': 268435456, 'gupdates_per_s': 59.614347999845606}
roof    F = 1                                    2.146 ms (2.109-2.198) load 9.5 {'F': 1, 'flops': 452984832, 'bytes': 335544320, 'ai': 1.35, 'gflops': 211.06940531904309, 'gbps': 156.34770764373562}
roof    F = 2                                    2.130 ms (2.094-2.158) load 9.5 {'F': 2, 'flops': 721420288, 'bytes': 335544320, 'ai': 2.15, 'gflops': 338.7227991637524, 'gbps': 157.54548798314065}
roof    F = 4                                    2.179 ms (2.102-2.290) load 9.5 {'F': 4, 'flops': 1258291200, 'bytes': 335544320, 'ai': 3.75, 'gflops': 577.4295651676739, 'gbps': 153.9812173780464}
roof    F = 8                                    2.130 ms (2.087-3.641) load 9.5 {'F': 8, 'flops': 2332033024, 'bytes': 335544320, 'ai': 6.95, 'gflops': 1094.7055307175838, 'gbps': 157.51158715360916}
roof    F = 16                                   2.151 ms (2.112-2.166) load 9.5 {'F': 16, 'flops': 4479516672, 'bytes': 335544320, 'ai': 13.35, 'gflops': 2082.785657894762, 'gbps': 156.01390695840914}
roof    F = 32                                   2.181 ms (2.126-4.101) load 9.5 {'F': 32, 'flops': 8774483968, 'bytes': 335544320, 'ai': 26.15, 'gflops': 4023.9161475040905, 'gbps': 153.87824655847382}
roof    F = 64                                   3.720 ms (3.704-4.171) load 9.5 {'F': 64, 'flops': 17364418560, 'bytes': 335544320, 'ai': 51.75, 'gflops': 4668.189254355826, 'gbps': 90.2065556397261}
roof    F = 128                                  7.311 ms (7.258-9.418) load 9.5 {'F': 128, 'flops': 34544287744, 'bytes': 335544320, 'ai': 102.95, 'gflops': 4724.855861482522, 'gbps': 45.89466596874718}
roof    F = 256                                 14.125 ms (14.079-14.619) load 9.5 {'F': 256, 'flops': 68904026112, 'bytes': 335544320, 'ai': 205.35, 'gflops': 4878.094024197266, 'gbps': 23.755023249073613}
roof    F = 512                                 27.841 ms (27.714-32.161) load 9.5 {'F': 512, 'flops': 137623502848, 'bytes': 335544320, 'ai': 410.15, 'gflops': 4943.200363822446, 'gbps': 12.052176920205891}
roof    F = 1024                                55.103 ms (54.893-56.678) load 9.4 {'F': 1024, 'flops': 275062456320, 'bytes': 335544320, 'ai': 819.75, 'gflops': 4991.758383622706, 'gbps': 6.089366738179574}
wrote run_2.json
