widths  4-byte accesses                          3.271 ms (3.195-3.514) load 6.3 {'bytes_per_access': 4, 'threads': 67108864, 'bytes': 536870912, 'gbps': 164.12089074013824}
widths  8-byte accesses                          3.218 ms (3.192-3.391) load 6.3 {'bytes_per_access': 8, 'threads': 33554432, 'bytes': 536870912, 'gbps': 166.8138457216578}
widths  16-byte accesses                         3.279 ms (3.213-3.335) load 6.3 {'bytes_per_access': 16, 'threads': 16777216, 'bytes': 536870912, 'gbps': 163.74172919002862}
aos     AoS, read field x                        3.707 ms (3.616-3.795) load 6.4 {'useful_bytes': 67108864, 'footprint_bytes': 536870912, 'gbps_useful': 18.100879932011903, 'gbps_footprint': 144.80703945609523}
aos     SoA, read array x                        1.049 ms (0.999-1.138) load 6.4 {'useful_bytes': 67108864, 'footprint_bytes': 67108864, 'gbps_useful': 63.9659969675527, 'gbps_footprint': 63.9659969675527}
aos     AoS, read all 8 fields                   3.582 ms (3.551-3.786) load 6.4 {'useful_bytes': 536870912, 'footprint_bytes': 536870912, 'gbps_useful': 149.88299631280563, 'gbps_footprint': 149.88299631280563}
tgwide  4-byte elements, lane stride 1           0.478 ms (0.443-0.532) load 6.4 {'bytes_per_access': 4, 'stride': 1, 'reads': 134217728, 'gbytes_per_s': 1123.74862508143, 'greads_per_s': 280.9371562703575}
tgwide  4-byte elements, lane stride 2           0.957 ms (0.422-0.960) load 6.4 {'bytes_per_access': 4, 'stride': 2, 'reads': 134217728, 'gbytes_per_s': 561.2428830424176, 'greads_per_s': 140.3107207606044}
tgwide  4-byte elements, lane stride 4           0.707 ms (0.467-1.054) load 6.4 {'bytes_per_access': 4, 'stride': 4, 'reads': 134217728, 'gbytes_per_s': 759.3557771878353, 'greads_per_s': 189.83894429695883}
tgwide  4-byte elements, lane stride 8           0.561 ms (0.550-1.379) load 6.4 {'bytes_per_access': 4, 'stride': 8, 'reads': 134217728, 'gbytes_per_s': 956.7619780362095, 'greads_per_s': 239.19049450905237}
tgwide  4-byte elements, lane stride 32          1.316 ms (1.306-1.782) load 6.4 {'bytes_per_access': 4, 'stride': 32, 'reads': 134217728, 'gbytes_per_s': 407.9462673796223, 'greads_per_s': 101.98656684490558}
tgwide  4-byte elements, lane stride 33          0.471 ms (0.462-0.547) load 6.4 {'bytes_per_access': 4, 'stride': 33, 'reads': 134217728, 'gbytes_per_s': 1139.1475869947687, 'greads_per_s': 284.7868967486922}
tgwide  8-byte elements, lane stride 1           0.827 ms (0.667-1.404) load 6.4 {'bytes_per_access': 8, 'stride': 1, 'reads': 134217728, 'gbytes_per_s': 1298.1875379635255, 'greads_per_s': 162.2734422454407}
tgwide  8-byte elements, lane stride 2           0.869 ms (0.676-0.986) load 6.4 {'bytes_per_access': 8, 'stride': 2, 'reads': 134217728, 'gbytes_per_s': 1235.985724365125, 'greads_per_s': 154.49821554564062}
tgwide  8-byte elements, lane stride 4           0.742 ms (0.724-1.738) load 6.4 {'bytes_per_access': 8, 'stride': 4, 'reads': 134217728, 'gbytes_per_s': 1447.2700793373876, 'greads_per_s': 180.90875991717346}
tgwide  8-byte elements, lane stride 8           1.330 ms (1.148-1.961) load 6.4 {'bytes_per_access': 8, 'stride': 8, 'reads': 134217728, 'gbytes_per_s': 807.4814394097414, 'greads_per_s': 100.93517992621767}
tgwide  8-byte elements, lane stride 16          1.989 ms (1.977-2.107) load 6.4 {'bytes_per_access': 8, 'stride': 16, 'reads': 134217728, 'gbytes_per_s': 539.8423135718402, 'greads_per_s': 67.48028919648003}
tgwide  8-byte elements, lane stride 17          0.757 ms (0.706-0.823) load 6.4 {'bytes_per_access': 8, 'stride': 17, 'reads': 134217728, 'gbytes_per_s': 1419.1513538500587, 'greads_per_s': 177.39391923125734}
tgwide  16-byte elements, lane stride 1          1.139 ms (1.122-1.611) load 6.4 {'bytes_per_access': 16, 'stride': 1, 'reads': 134217728, 'gbytes_per_s': 1885.6458909987052, 'greads_per_s': 117.85286818741908}
tgwide  16-byte elements, lane stride 2          1.354 ms (1.334-1.478) load 6.4 {'bytes_per_access': 16, 'stride': 2, 'reads': 134217728, 'gbytes_per_s': 1586.1951652569712, 'greads_per_s': 99.1371978285607}
tgwide  16-byte elements, lane stride 4          2.016 ms (1.987-2.198) load 6.4 {'bytes_per_access': 16, 'stride': 4, 'reads': 134217728, 'gbytes_per_s': 1065.2993235916424, 'greads_per_s': 66.58120772447765}
tgwide  16-byte elements, lane stride 8          3.806 ms (3.762-6.865) load 6.4 {'bytes_per_access': 16, 'stride': 8, 'reads': 134217728, 'gbytes_per_s': 564.2833155642309, 'greads_per_s': 35.26770722276443}
tgwide  16-byte elements, lane stride 8          3.824 ms (3.788-5.395) load 6.4 {'bytes_per_access': 16, 'stride': 8, 'reads': 134217728, 'gbytes_per_s': 561.6392008553242, 'greads_per_s': 35.102450053457765}
tgwide  16-byte elements, lane stride 9          1.397 ms (1.125-1.965) load 6.4 {'bytes_per_access': 16, 'stride': 9, 'reads': 134217728, 'gbytes_per_s': 1537.2844249909422, 'greads_per_s': 96.08027656193389}
const   constant table, uniform index            3.273 ms (3.244-3.339) load 6.4 {'constant': 1, 'perlane': 0, 'reads': 134217728, 'greads_per_s': 41.00912130587847}
const   constant table, per-lane index           8.245 ms (8.216-8.332) load 6.4 {'constant': 1, 'perlane': 1, 'reads': 134217728, 'greads_per_s': 16.278878826100687}
const   device table, uniform index              0.386 ms (0.384-0.398) load 6.4 {'constant': 0, 'perlane': 0, 'reads': 134217728, 'greads_per_s': 347.61670053678233}
const   device table, per-lane index             1.339 ms (1.049-1.952) load 6.4 {'constant': 0, 'perlane': 1, 'reads': 134217728, 'greads_per_s': 100.21670487751811}
local   run-time index h[b] += 1                 7.053 ms (7.011-7.091) load 6.2 {'dynamic': 1, 'updates': 268435456, 'gupdates_per_s': 38.0615094578288}
local   constant indices only (16 selects)       4.573 ms (4.491-5.712) load 6.2 {'dynamic': 0, 'updates': 268435456, 'gupdates_per_s': 58.698581145556716}
roof    F = 1                                    2.217 ms (2.150-3.645) load 6.2 {'F': 1, 'flops': 184549376, 'bytes': 335544320, 'ai': 0.55, 'gflops': 83.25003485721459, 'gbps': 151.36369974039016}
roof    F = 2                                    2.234 ms (2.205-2.360) load 6.2 {'F': 2, 'flops': 318767104, 'bytes': 335544320, 'ai': 0.95, 'gflops': 142.68096130566857, 'gbps': 150.1904855849143}
roof    F = 4                                    2.369 ms (2.170-4.553) load 6.2 {'F': 4, 'flops': 587202560, 'bytes': 335544320, 'ai': 1.75, 'gflops': 247.90165185041505, 'gbps': 141.65808677166575}
roof    F = 8                                    2.265 ms (2.190-2.501) load 6.2 {'F': 8, 'flops': 1124073472, 'bytes': 335544320, 'ai': 3.35, 'gflops': 496.336302861547, 'gbps': 148.16009040643195}
roof    F = 16                                   2.392 ms (2.365-2.799) load 6.2 {'F': 16, 'flops': 2197815296, 'bytes': 335544320, 'ai': 6.55, 'gflops': 918.7038782422512, 'gbps': 140.26013408278646}
roof    F = 32                                   2.491 ms (2.354-4.402) load 6.2 {'F': 32, 'flops': 4345298944, 'bytes': 335544320, 'ai': 12.95, 'gflops': 1744.6386680521696, 'gbps': 134.72113266812121}
roof    F = 64                                   2.288 ms (2.107-2.530) load 6.2 {'F': 64, 'flops': 8640266240, 'bytes': 335544320, 'ai': 25.75, 'gflops': 3775.624954003076, 'gbps': 146.6262118059447}
roof    F = 128                                 10.882 ms (10.831-11.572) load 6.2 {'F': 128, 'flops': 17230200832, 'bytes': 335544320, 'ai': 51.35, 'gflops': 1583.4277534513483, 'gbps': 30.835983514145052}
roof    F = 256                                 21.368 ms (21.264-21.451) load 6.2 {'F': 256, 'flops': 34410070016, 'bytes': 335544320, 'ai': 102.55, 'gflops': 1610.3813560492085, 'gbps': 15.703377435877215}
roof    F = 512                                 42.101 ms (42.066-42.645) load 6.2 {'F': 512, 'flops': 68769808384, 'bytes': 335544320, 'ai': 204.95, 'gflops': 1633.456418885384, 'gbps': 7.970024000416609}
roof    F = 1024                               100.593 ms (83.871-102.163) load 6.0 {'F': 1024, 'flops': 137489285120, 'bytes': 335544320, 'ai': 409.75, 'gflops': 1366.7862867129547, 'gbps': 3.3356590279754847}
wrote run_1.json
