0 loss 20.5422 fact_acc 0.4531 0s
500 loss 3.1438 fact_acc 0.5280 10s
1000 loss 2.6829 fact_acc 0.7285 20s
1500 loss 2.6515 fact_acc 0.6165 29s
2000 loss 2.5005 fact_acc 0.9206 38s
2500 loss 2.4409 fact_acc 0.9889 47s
3000 loss 2.4266 fact_acc 0.9967 57s
3500 loss 2.4168 fact_acc 1.0000 66s
4000 loss 2.4346 fact_acc 0.9993 77s
4500 loss 2.4037 fact_acc 0.9980 87s
5000 loss 2.4215 fact_acc 1.0000 96s
5500 loss 2.4074 fact_acc 1.0000 105s
6000 loss 2.4221 fact_acc 0.9987 115s
6500 loss 2.4067 fact_acc 0.9993 124s
7000 loss 2.3993 fact_acc 1.0000 134s
7500 loss 2.4130 fact_acc 1.0000 143s
8000 loss 2.4043 fact_acc 0.9980 153s
8500 loss 2.4147 fact_acc 0.9935 162s
9000 loss 2.3959 fact_acc 1.0000 172s
9500 loss 2.3953 fact_acc 1.0000 181s
10000 loss 2.4075 fact_acc 1.0000 190s
10500 loss 2.4053 fact_acc 1.0000 199s
11000 loss 2.4049 fact_acc 1.0000 208s
11500 loss 2.4110 fact_acc 1.0000 217s
12000 loss 2.3988 fact_acc 0.9993 226s
12500 loss 2.4033 fact_acc 1.0000 235s
13000 loss 2.3910 fact_acc 1.0000 244s
13500 loss 2.4082 fact_acc 1.0000 253s
14000 loss 2.3937 fact_acc 1.0000 262s
14500 loss 2.4008 fact_acc 1.0000 271s
15000 loss 2.4088 fact_acc 1.0000 280s
15500 loss 2.4124 fact_acc 1.0000 289s
16000 loss 2.3990 fact_acc 1.0000 298s
16500 loss 2.3932 fact_acc 1.0000 307s
17000 loss 2.4014 fact_acc 1.0000 315s
17500 loss 2.4051 fact_acc 0.9993 324s
18000 loss 2.4040 fact_acc 1.0000 333s
18500 loss 2.4057 fact_acc 1.0000 342s
19000 loss 2.3978 fact_acc 1.0000 351s
19500 loss 2.3949 fact_acc 1.0000 360s
20000 loss 2.3911 fact_acc 1.0000 369s
20500 loss 2.3937 fact_acc 1.0000 378s
21000 loss 2.3934 fact_acc 1.0000 387s
21500 loss 2.3982 fact_acc 1.0000 395s
22000 loss 2.3974 fact_acc 1.0000 404s
22500 loss 2.3871 fact_acc 1.0000 413s
23000 loss 2.4059 fact_acc 1.0000 422s
23500 loss 2.4044 fact_acc 1.0000 431s
24000 loss 2.4038 fact_acc 1.0000 440s
24500 loss 2.3999 fact_acc 1.0000 448s
25000 loss 2.4029 fact_acc 1.0000 457s
25500 loss 2.4037 fact_acc 1.0000 466s
26000 loss 2.3978 fact_acc 1.0000 475s
26500 loss 2.3919 fact_acc 1.0000 484s
27000 loss 2.3896 fact_acc 1.0000 493s
27500 loss 2.3966 fact_acc 1.0000 501s
28000 loss 2.4052 fact_acc 1.0000 510s
28500 loss 2.4083 fact_acc 1.0000 519s
29000 loss 2.4113 fact_acc 1.0000 528s
29500 loss 2.3945 fact_acc 1.0000 537s
29999 loss 2.4076 fact_acc 1.0000 545s
